01-01 01:07:40.564 D/usbservice(   67): <tid:387>(line:223)[GMUsbDevicePlayer.cpp/onPlaylistInfoChanged] --- leave 
01-01 01:07:40.564 D/usbservice(   67): <tid:387>(line:130)[GMUsbDevicePlayer.cpp/onPlayItemChanged] +++ enter 
01-01 01:07:40.564 D/usbservice(   67): <tid:387>(line:139)[GMUsbDevicePlayer.cpp/onPlayItemChanged] set item played
01-01 01:07:40.564 D/usbutils(   67): <tid:387>(line:160)[GMTagLibWrap.cpp/readTags] +++ enter 
01-01 01:07:40.568 D/usbutils(   67): <tid:387>(line:200)[GMTagLibWrap.cpp/readTags] start decode [title]
01-01 01:07:40.568 D/usbutils(   67): <tid:387>(line:107)[GMTagLibWrap.cpp/getId3TagInfoStringType] GetId3TagInfoStringType, stp = [0], ret = [1]
01-01 01:07:40.568 D/usbutils(   67): <tid:387>(line:200)[GMTagLibWrap.cpp/readTags] tag info string type = 0
01-01 01:07:40.568 D/usbutils(   67): <tid:387>(line:69)[GMMultiLang.cpp/toUTF8] srcCodec = 1
01-01 01:07:40.568 D/usbutils(   67): <tid:387>(line:288)[ICUUCWrap.cpp/convertWithTargetCnv] ucnv_open is ok
01-01 01:07:40.568 D/usbutils(   67): <tid:387>(line:81)[ICUUCWrap.cpp/convertToUTF8] languageType:0 formatHandleOfIOS88591 1,src len:4,targetRearSize:8
01-01 01:07:40.568 D/usbutils(   67): <tid:387>(line:100)[ICUUCWrap.cpp/convertToUTF8] NEW STRING8 BEGIN 
01-01 01:07:40.568 D/usbutils(   67): <tid:387>(line:102)[ICUUCWrap.cpp/convertToUTF8] NEW STRING8 END # dst string = 露脧碌茫
01-01 01:07:40.568 D/usbutils(   67): <tid:387>(line:86)[GMMultiLang.cpp/toUTF8] convert finished, string[露脧碌茫], size[4]
01-01 01:07:40.568 D/usbutils(   67): <tid:387>(line:208)[GMTagLibWrap.cpp/readTags] start decode [album]
01-01 01:07:40.568 D/usbutils(   67): <tid:387>(line:107)[GMTagLibWrap.cpp/getId3TagInfoStringType] GetId3TagInfoStringType, stp = [0], ret = [1]
01-01 01:07:40.568 D/usbutils(   67): <tid:387>(line:208)[GMTagLibWrap.cpp/readTags] tag info string type = 0
01-01 01:07:40.568 D/usbutils(   67): <tid:387>(line:69)[GMMultiLang.cpp/toUTF8] srcCodec = 1
01-01 01:07:40.568 D/usbutils(   67): <tid:387>(line:288)[ICUUCWrap.cpp/convertWithTargetCnv] ucnv_open is ok
01-01 01:07:40.568 D/usbutils(   67): <tid:387>(line:81)[ICUUCWrap.cpp/convertToUTF8] languageType:0 formatHandleOfIOS88591 1,src len:11,targetRearSize:11
01-01 01:07:40.568 D/usbutils(   67): <tid:387>(line:100)[ICUUCWrap.cpp/convertToUTF8] NEW STRING8 BEGIN 
01-01 01:07:40.568 D/usbutils(   67): <tid:387>(line:102)[ICUUCWrap.cpp/convertToUTF8] NEW STRING8 END # dst string = HINS My Way
01-01 01:07:40.568 D/usbutils(   67): <tid:387>(line:86)[GMMultiLang.cpp/toUTF8] convert finished, string[HINS My Way], size[11]
01-01 01:07:40.568 D/usbutils(   67): <tid:387>(line:216)[GMTagLibWrap.cpp/readTags] start decode [artist]
01-01 01:07:40.568 D/usbutils(   67): <tid:387>(line:107)[GMTagLibWrap.cpp/getId3TagInfoStringType] GetId3TagInfoStringType, stp = [0], ret = [1]
01-01 01:07:40.568 D/usbutils(   67): <tid:387>(line:216)[GMTagLibWrap.cpp/readTags] tag info string type = 0
01-01 01:07:40.568 D/usbutils(   67): <tid:387>(line:69)[GMMultiLang.cpp/toUTF8] srcCodec = 1
01-01 01:07:40.568 D/usbutils(   67): <tid:387>(line:288)[ICUUCWrap.cpp/convertWithTargetCnv] ucnv_open is ok
01-01 01:07:40.568 D/usbutils(   67): <tid:387>(line:81)[ICUUCWrap.cpp/convertToUTF8] languageType:0 formatHandleOfIOS88591 1,src len:6,targetRearSize:12
01-01 01:07:40.568 D/usbutils(   67): <tid:387>(line:100)[ICUUCWrap.cpp/convertToUTF8] NEW STRING8 BEGIN 
01-01 01:07:40.568 D/usbutils(   67): <tid:387>(line:102)[ICUUCWrap.cpp/convertToUTF8] NEW STRING8 END # dst string = 脮脜戮麓脨霉
01-01 01:07:40.568 D/usbutils(   67): <tid:387>(line:86)[GMMultiLang.cpp/toUTF8] convert finished, string[脮脜戮麓脨霉], size[6]
01-01 01:07:40.568 D/usbutils(   67): <tid:387>(line:221)[GMTagLibWrap.cpp/readTags] debug : composer is null
01-01 01:07:40.568 D/usbutils(   67): <tid:387>(line:232)[GMTagLibWrap.cpp/readTags] start decode [genre]
01-01 01:07:40.568 D/usbutils(   67): <tid:387>(line:107)[GMTagLibWrap.cpp/getId3TagInfoStringType] GetId3TagInfoStringType, stp = [0], ret = [1]
01-01 01:07:40.568 D/usbutils(   67): <tid:387>(line:232)[GMTagLibWrap.cpp/readTags] tag info string type = 0
01-01 01:07:40.568 D/usbutils(   67): <tid:387>(line:69)[GMMultiLang.cpp/toUTF8] srcCodec = 1
01-01 01:07:40.568 D/usbutils(   67): <tid:387>(line:288)[ICUUCWrap.cpp/convertWithTargetCnv] ucnv_open is ok
01-01 01:07:40.568 D/usbutils(   67): <tid:387>(line:81)[ICUUCWrap.cpp/convertToUTF8] languageType:0 formatHandleOfIOS88591 1,src len:5,targetRearSize:5
01-01 01:07:40.568 D/usbutils(   67): <tid:387>(line:100)[ICUUCWrap.cpp/convertToUTF8] NEW STRING8 BEGIN 
01-01 01:07:40.568 D/usbutils(   67): <tid:387>(line:102)[ICUUCWrap.cpp/convertToUTF8] NEW STRING8 END # dst string = Other
01-01 01:07:40.568 D/usbutils(   67): <tid:387>(line:86)[GMMultiLang.cpp/toUTF8] convert finished, string[Other], size[5]
01-01 01:07:40.568 D/usbutils(   67): <tid:387>(line:160)[GMTagLibWrap.cpp/readTags] --- leave 
01-01 01:07:40.568 D/usbbackup(   67): <tid:387>(line:195)[MediaBackup.cpp/updatePlayUid] +++ enter 
01-01 01:07:40.572 D/usbbackup(   67): <tid:387>(line:609)[MediaBackup.cpp/saveBackupData] +++ enter 
01-01 01:07:40.572 D/usbbackup(   67): <tid:387>(line:610)[MediaBackup.cpp/saveBackupData] key:[b_clear.USB_LASTINFO]
01-01 01:07:40.572 D/usbdatabase(   67): <tid:387>(line:291)[GMUsbDataManager.cpp/save] +++ enter 
01-01 01:07:40.572 D/usbdatabase(   67): <tid:387>(line:310)[GMUsbDataManager.cpp/save] key exist, update
01-01 01:07:40.576 D/usbdatabase(   67): <tid:387>(line:315)[GMUsbDataManager.cpp/save] save key, update key value succeed
01-01 01:07:40.576 D/usbdatabase(   67): <tid:387>(line:291)[GMUsbDataManager.cpp/save] --- leave 
01-01 01:07:40.576 D/usbbackup(   67): <tid:387>(line:609)[MediaBackup.cpp/saveBackupData] --- leave 
01-01 01:07:40.576 D/usbbackup(   67): <tid:387>(line:195)[MediaBackup.cpp/updatePlayUid] --- leave 
01-01 01:07:40.576 D/usbbackup(   67): <tid:387>(line:233)[MediaBackup.cpp/updatePlayIndex] +++ enter 
01-01 01:07:40.576 D/usbbackup(   67): <tid:387>(line:609)[MediaBackup.cpp/saveBackupData] +++ enter 
01-01 01:07:40.576 D/usbbackup(   67): <tid:387>(line:610)[MediaBackup.cpp/saveBackupData] key:[b_clear.USB_LASTINFO]
01-01 01:07:40.576 D/usbdatabase(   67): <tid:387>(line:291)[GMUsbDataManager.cpp/save] +++ enter 
01-01 01:07:40.576 D/usbdatabase(   67): <tid:387>(line:310)[GMUsbDataManager.cpp/save] key exist, update
01-01 01:07:40.580 D/usbdatabase(   67): <tid:387>(line:315)[GMUsbDataManager.cpp/save] save key, update key value succeed
01-01 01:07:40.580 D/usbdatabase(   67): <tid:387>(line:291)[GMUsbDataManager.cpp/save] --- leave 
01-01 01:07:40.580 D/usbbackup(   67): <tid:387>(line:609)[MediaBackup.cpp/saveBackupData] --- leave 
01-01 01:07:40.580 D/usbbackup(   67): <tid:387>(line:233)[MediaBackup.cpp/updatePlayIndex] --- leave 
01-01 01:07:40.580 D/usbbackup(   67): <tid:387>(line:264)[MediaBackup.cpp/updatePlayTime] +++ enter 
01-01 01:07:40.580 D/usbbackup(   67): <tid:387>(line:609)[MediaBackup.cpp/saveBackupData] +++ enter 
01-01 01:07:40.580 D/usbbackup(   67): <tid:387>(line:610)[MediaBackup.cpp/saveBackupData] key:[b_clear.USB_LASTINFO]
01-01 01:07:40.580 D/usbdatabase(   67): <tid:387>(line:291)[GMUsbDataManager.cpp/save] +++ enter 
01-01 01:07:40.584 D/usbdatabase(   67): <tid:387>(line:310)[GMUsbDataManager.cpp/save] key exist, update
01-01 01:07:40.588 D/usbdatabase(   67): <tid:387>(line:315)[GMUsbDataManager.cpp/save] save key, update key value succeed
01-01 01:07:40.588 D/usbdatabase(   67): <tid:387>(line:291)[GMUsbDataManager.cpp/save] --- leave 
01-01 01:07:40.588 D/usbbackup(   67): <tid:387>(line:609)[MediaBackup.cpp/saveBackupData] --- leave 
01-01 01:07:40.588 D/usbbackup(   67): <tid:387>(line:264)[MediaBackup.cpp/updatePlayTime] --- leave 
01-01 01:07:40.588 D/usbservice(   67): <tid:387>(line:2099)[GMUsbDevicePlayer.cpp/playItemUpdated] +++ enter 
01-01 01:07:40.588 D/usbservice(   67): <tid:387>(line:1833)[GMUsbServiceBase.cpp/playItemUpdated] +++ enter 
01-01 01:07:40.588 D/usbservice(   67): <tid:387>(line:1538)[GMUsbServiceBase.cpp/notifyPlayItemUpdated] +++ enter 
01-01 01:07:40.588 D/usbservice(   65): <tid:217>(line:607)[GMUsbProxy.cpp/onAsyncResponse] code offset = [36]
01-01 01:07:40.588 D/usbservice(   67): <tid:387>(line:1538)[GMUsbServiceBase.cpp/notifyPlayItemUpdated] --- leave 
01-01 01:07:40.588 D/usbservice(   67): <tid:387>(line:1833)[GMUsbServiceBase.cpp/playItemUpdated] --- leave 
01-01 01:07:40.588 D/usbservice(   67): <tid:387>(line:2099)[GMUsbDevicePlayer.cpp/playItemUpdated] --- leave 
01-01 01:07:40.588 D/usbservice(   67): <tid:387>(line:2045)[GMUsbDevicePlayer.cpp/metaDataUpdated] +++ enter 
01-01 01:07:40.588 D/usbservice(   67): <tid:387>(line:1794)[GMUsbServiceBase.cpp/metaDataUpdated] metaDataFlag = [31]
01-01 01:07:40.588 D/usbservice(   67): <tid:387>(line:1613)[GMUsbServiceBase.cpp/notifyMetaDataUpdated] +++ enter 
01-01 01:07:40.588 D/usbservice(   65): <tid:219>(line:607)[GMUsbProxy.cpp/onAsyncResponse] code offset = [42]
01-01 01:07:40.588 D/usbservice(   67): <tid:387>(line:1613)[GMUsbServiceBase.cpp/notifyMetaDataUpdated] --- leave 
01-01 01:07:40.588 D/usbservice(   67): <tid:387>(line:2045)[GMUsbDevicePlayer.cpp/metaDataUpdated] --- leave 
01-01 01:07:40.588 D/usbservice(   67): <tid:387>(line:197)[GMUsbDevicePlayer.cpp/onPlayItemChanged] onPlayItemChanged: start to play
01-01 01:07:40.588 D/usbservice(   67): <tid:387>(line:1323)[GMUsbDevicePlayer.cpp/setPrepare] +++ enter 
01-01 01:07:40.588 D/usbservice(   67): <tid:387>(line:1328)[GMUsbDevicePlayer.cpp/setPrepare] setPrepare >>> url = [file:///mnt/udisk/songs1/鏂偣.mp3], dataSourceKey = [5]
01-01 01:07:40.588 D/usbservice(   67): <tid:387>(line:1339)[GMUsbDevicePlayer.cpp/prepare] +++ enter 
01-01 01:07:40.596 D/usbservice(   67): <tid:387>(line:1339)[GMUsbDevicePlayer.cpp/prepare] --- leave 
01-01 01:07:40.596 D/usbservice(   67): <tid:387>(line:1323)[GMUsbDevicePlayer.cpp/setPrepare] --- leave 
01-01 01:07:40.604 D/usbservice(   67): <tid:387>(line:1357)[GMUsbDevicePlayer.cpp/setPlay] +++ enter 
01-01 01:07:40.604 D/usbservice(   67): <tid:387>(line:1392)[GMUsbDevicePlayer.cpp/setPlay] play current item from 0
01-01 01:07:40.604 D/usbservice(   67): <tid:387>(line:1357)[GMUsbDevicePlayer.cpp/setPlay] --- leave 
01-01 01:07:40.604 D/usbservice(   67): <tid:387>(line:130)[GMUsbDevicePlayer.cpp/onPlayItemChanged] --- leave 
01-01 01:07:40.604 D/usbservice(   67): <tid:387>(line:834)[GMUsbDevicePlayer.cpp/selectUID] --- leave
 
01-01 01:07:40.604 D/usbservice(   67): <tid:387>(line:1581)[GMUsbDevicePlayer.cpp/playStatusChanged] +++ enter 
01-01 01:07:40.604 D/usbservice(   67): <tid:387>(line:1582)[GMUsbDevicePlayer.cpp/playStatusChanged] mask:[3], status:[0]
01-01 01:07:40.604 D/usbservice(   67): <tid:387>(line:1584)[GMUsbDevicePlayer.cpp/playStatusChanged] playStatusChanged, status.dataSourceKey = [1]
01-01 01:07:40.604 D/usbservice(   67): <tid:387>(line:1586)[GMUsbDevicePlayer.cpp/playStatusChanged] datasourcekey not matched, ignor this msg
01-01 01:07:40.604 D/usbservice(   67): <tid:387>(line:1581)[GMUsbDevicePlayer.cpp/playStatusChanged] --- leave 
01-01 01:07:40.668 D/usbservice(   67): <tid:387>(line:1581)[GMUsbDevicePlayer.cpp/playStatusChanged] +++ enter 
01-01 01:07:40.668 D/usbservice(   67): <tid:387>(line:1582)[GMUsbDevicePlayer.cpp/playStatusChanged] mask:[41], status:[0]
01-01 01:07:40.668 D/usbservice(   67): <tid:387>(line:1584)[GMUsbDevicePlayer.cpp/playStatusChanged] playStatusChanged, status.dataSourceKey = [5]
01-01 01:07:40.668 D/usbservice(   67): <tid:387>(line:1581)[GMUsbDevicePlayer.cpp/playStatusChanged] --- leave 
01-01 01:07:40.728 D/usbservice(   67): <tid:387>(line:1581)[GMUsbDevicePlayer.cpp/playStatusChanged] +++ enter 
01-01 01:07:40.728 D/usbservice(   67): <tid:387>(line:1582)[GMUsbDevicePlayer.cpp/playStatusChanged] mask:[201], status:[0]
01-01 01:07:40.728 D/usbservice(   67): <tid:387>(line:1584)[GMUsbDevicePlayer.cpp/playStatusChanged] playStatusChanged, status.dataSourceKey = [5]
01-01 01:07:40.728 D/usbservice(   67): <tid:387>(line:1581)[GMUsbDevicePlayer.cpp/playStatusChanged] --- leave 
01-01 01:07:40.728 D/usbservice(   67): <tid:387>(line:1803)[GMUsbDevicePlayer.cpp/mediaInfoUpdated] +++ enter 
01-01 01:07:40.728 D/usbservice(   67): <tid:387>(line:1805)[GMUsbDevicePlayer.cpp/mediaInfoUpdated] media info update, datasourcekey is [5]
01-01 01:07:40.728 D/usbservice(   67): <tid:387>(line:1803)[GMUsbDevicePlayer.cpp/mediaInfoUpdated] --- leave 
01-01 01:07:40.784 D/usbservice(   67): <tid:387>(line:1803)[GMUsbDevicePlayer.cpp/mediaInfoUpdated] +++ enter 
01-01 01:07:40.784 D/usbservice(   67): <tid:387>(line:1805)[GMUsbDevicePlayer.cpp/mediaInfoUpdated] media info update, datasourcekey is [5]
01-01 01:07:40.784 D/usbservice(   67): <tid:387>(line:1809)[GMUsbDevicePlayer.cpp/mediaInfoUpdated] mediaInfoUpdated, duration is 269113
01-01 01:07:40.784 D/usbservice(   67): <tid:387>(line:2032)[GMUsbDevicePlayer.cpp/durationUpdated] +++ enter 
01-01 01:07:40.784 D/usbservice(   67): <tid:387>(line:1782)[GMUsbServiceBase.cpp/durationUpdated] msec = [269113]
01-01 01:07:40.784 D/usbservice(   67): <tid:387>(line:1486)[GMUsbServiceBase.cpp/notifyDurationUpdated] +++ enter 
01-01 01:07:40.784 D/usbservice(   67): <tid:387>(line:1486)[GMUsbServiceBase.cpp/notifyDurationUpdated] --- leave 
01-01 01:07:40.784 D/usbservice(   67): <tid:387>(line:2032)[GMUsbDevicePlayer.cpp/durationUpdated] --- leave 
01-01 01:07:40.784 D/usbservice(   67): <tid:387>(line:1803)[GMUsbDevicePlayer.cpp/mediaInfoUpdated] --- leave 
01-01 01:07:40.784 D/usbservice(   65): <tid:217>(line:607)[GMUsbProxy.cpp/onAsyncResponse] code offset = [32]
01-01 01:07:40.808 D/usbservice(   67): <tid:387>(line:1581)[GMUsbDevicePlayer.cpp/playStatusChanged] +++ enter 
01-01 01:07:40.808 D/usbservice(   67): <tid:387>(line:1582)[GMUsbDevicePlayer.cpp/playStatusChanged] mask:[41], status:[0]
01-01 01:07:40.808 D/usbservice(   67): <tid:387>(line:1584)[GMUsbDevicePlayer.cpp/playStatusChanged] playStatusChanged, status.dataSourceKey = [5]
01-01 01:07:40.808 D/usbservice(   67): <tid:387>(line:1581)[GMUsbDevicePlayer.cpp/playStatusChanged] --- leave 
01-01 01:07:40.808 D/usbservice(   67): <tid:387>(line:1581)[GMUsbDevicePlayer.cpp/playStatusChanged] +++ enter 
01-01 01:07:40.808 D/usbservice(   67): <tid:387>(line:1582)[GMUsbDevicePlayer.cpp/playStatusChanged] mask:[81], status:[0]
01-01 01:07:40.808 D/usbservice(   67): <tid:387>(line:1584)[GMUsbDevicePlayer.cpp/playStatusChanged] playStatusChanged, status.dataSourceKey = [5]
01-01 01:07:40.808 D/usbservice(   67): <tid:387>(line:1753)[GMUsbDevicePlayer.cpp/playStatusChanged] playStatusChanged isAudioMuted [1104187508]
01-01 01:07:40.808 D/usbservice(   67): <tid:387>(line:1581)[GMUsbDevicePlayer.cpp/playStatusChanged] --- leave 
01-01 01:07:40.808 D/usbservice(   67): <tid:387>(line:1581)[GMUsbDevicePlayer.cpp/playStatusChanged] +++ enter 
01-01 01:07:40.808 D/usbservice(   67): <tid:387>(line:1582)[GMUsbDevicePlayer.cpp/playStatusChanged] mask:[3], status:[1]
01-01 01:07:40.808 D/usbservice(   67): <tid:387>(line:1584)[GMUsbDevicePlayer.cpp/playStatusChanged] playStatusChanged, status.dataSourceKey = [5]
01-01 01:07:40.808 D/usbservice(   67): <tid:387>(line:1949)[GMUsbDevicePlayer.cpp/playStatusUpdated] +++ enter 
01-01 01:07:40.808 D/usbservice(   67): <tid:387>(line:1966)[GMUsbDevicePlayer.cpp/playStatusUpdated] playStatusChanged, state is prepared
01-01 01:07:40.808 D/usbservice(   67): <tid:387>(line:1756)[GMUsbServiceBase.cpp/playStatusUpdated] +++ enter 
01-01 01:07:40.808 D/usbservice(   67): <tid:387>(line:1550)[GMUsbServiceBase.cpp/notifyPlayStatusUpdated] +++ enter 
01-01 01:07:40.808 D/usbservice(   65): <tid:219>(line:607)[GMUsbProxy.cpp/onAsyncResponse] code offset = [37]
01-01 01:07:40.808 D/usbservice(   67): <tid:387>(line:1550)[GMUsbServiceBase.cpp/notifyPlayStatusUpdated] --- leave 
01-01 01:07:40.808 D/usbservice(   67): <tid:387>(line:1756)[GMUsbServiceBase.cpp/playStatusUpdated] --- leave 
01-01 01:07:40.808 D/usbservice(   67): <tid:387>(line:1949)[GMUsbDevicePlayer.cpp/playStatusUpdated] --- leave 
01-01 01:07:40.808 D/usbservice(   67): <tid:387>(line:1581)[GMUsbDevicePlayer.cpp/playStatusChanged] --- leave 
01-01 01:07:40.808 D/usbservice(   67): <tid:387>(line:1581)[GMUsbDevicePlayer.cpp/playStatusChanged] +++ enter 
01-01 01:07:40.808 D/usbservice(   67): <tid:387>(line:1582)[GMUsbDevicePlayer.cpp/playStatusChanged] mask:[21], status:[0]
01-01 01:07:40.808 D/usbservice(   67): <tid:387>(line:1584)[GMUsbDevicePlayer.cpp/playStatusChanged] playStatusChanged, status.dataSourceKey = [5]
01-01 01:07:40.808 D/usbservice(   67): <tid:387>(line:1739)[GMUsbDevicePlayer.cpp/playStatusChanged] playStatusChanged position is 0
01-01 01:07:40.808 D/usbservice(   67): <tid:387>(line:2016)[GMUsbDevicePlayer.cpp/positionUpdated] +++ enter 
01-01 01:07:40.808 D/usbbackup(   67): <tid:387>(line:264)[MediaBackup.cpp/updatePlayTime] +++ enter 
01-01 01:07:40.808 D/usbbackup(   67): <tid:387>(line:268)[MediaBackup.cpp/updatePlayTime] original info, nothing changes, skip update
01-01 01:07:40.808 D/usbbackup(   67): <tid:387>(line:264)[MediaBackup.cpp/updatePlayTime] --- leave 
01-01 01:07:40.808 D/usbservice(   67): <tid:387>(line:1769)[GMUsbServiceBase.cpp/positionUpdated] msec = [0]
01-01 01:07:40.808 D/usbservice(   67): <tid:387>(line:1499)[GMUsbServiceBase.cpp/notifyPositionUpdated] +++ enter 
01-01 01:07:40.808 D/usbservice(   65): <tid:217>(line:607)[GMUsbProxy.cpp/onAsyncResponse] code offset = [33]
01-01 01:07:40.808 D/usbservice(   67): <tid:387>(line:1499)[GMUsbServiceBase.cpp/notifyPositionUpdated] --- leave 
01-01 01:07:40.808 D/usbservice(   67): <tid:387>(line:2016)[GMUsbDevicePlayer.cpp/positionUpdated] --- leave 
01-01 01:07:40.808 D/usbservice(   67): <tid:387>(line:1581)[GMUsbDevicePlayer.cpp/playStatusChanged] --- leave 
01-01 01:07:40.812 D/usbservice(   67): <tid:387>(line:1581)[GMUsbDevicePlayer.cpp/playStatusChanged] +++ enter 
01-01 01:07:40.812 D/usbservice(   67): <tid:387>(line:1582)[GMUsbDevicePlayer.cpp/playStatusChanged] mask:[7], status:[3]
01-01 01:07:40.812 D/usbservice(   67): <tid:387>(line:1584)[GMUsbDevicePlayer.cpp/playStatusChanged] playStatusChanged, status.dataSourceKey = [5]
01-01 01:07:40.812 D/usbservice(   67): <tid:387>(line:1949)[GMUsbDevicePlayer.cpp/playStatusUpdated] +++ enter 
01-01 01:07:40.812 D/usbservice(   67): <tid:387>(line:1981)[GMUsbDevicePlayer.cpp/playStatusUpdated] playStatusChanged, state is playing
01-01 01:07:40.812 D/usbservice(   67): <tid:387>(line:1756)[GMUsbServiceBase.cpp/playStatusUpdated] +++ enter 
01-01 01:07:40.812 D/usbservice(   67): <tid:387>(line:1550)[GMUsbServiceBase.cpp/notifyPlayStatusUpdated] +++ enter 
01-01 01:07:40.812 D/usbservice(   65): <tid:219>(line:607)[GMUsbProxy.cpp/onAsyncResponse] code offset = [37]
01-01 01:07:40.812 D/usbservice(   67): <tid:387>(line:1550)[GMUsbServiceBase.cpp/notifyPlayStatusUpdated] --- leave 
01-01 01:07:40.812 D/usbservice(   67): <tid:387>(line:1756)[GMUsbServiceBase.cpp/playStatusUpdated] --- leave 
01-01 01:07:40.812 D/usbservice(   67): <tid:387>(line:1949)[GMUsbDevicePlayer.cpp/playStatusUpdated] --- leave 
01-01 01:07:40.812 D/usbservice(   67): <tid:387>(line:1727)[GMUsbDevicePlayer.cpp/playStatusChanged] playStatusChanged speed is 1000
01-01 01:07:40.812 D/usbservice(   67): <tid:387>(line:1581)[GMUsbDevicePlayer.cpp/playStatusChanged] --- leave 
01-01 01:07:40.812 D/usbservice(   67): <tid:387>(line:1915)[GMUsbDevicePlayer.cpp/ackSeekTo] +++ enter 
01-01 01:07:40.812 D/usbservice(   67): <tid:387>(line:1917)[GMUsbDevicePlayer.cpp/ackSeekTo] ackSeekTo:retCode = 0
01-01 01:07:40.812 D/usbservice(   67): <tid:387>(line:1915)[GMUsbDevicePlayer.cpp/ackSeekTo] --- leave 
01-01 01:07:42.184 D/usbservice(   67): <tid:387>(line:1581)[GMUsbDevicePlayer.cpp/playStatusChanged] +++ enter 
01-01 01:07:42.184 D/usbservice(   67): <tid:387>(line:1582)[GMUsbDevicePlayer.cpp/playStatusChanged] mask:[21], status:[0]
01-01 01:07:42.184 D/usbservice(   67): <tid:387>(line:1584)[GMUsbDevicePlayer.cpp/playStatusChanged] playStatusChanged, status.dataSourceKey = [5]
01-01 01:07:42.184 D/usbservice(   67): <tid:387>(line:1739)[GMUsbDevicePlayer.cpp/playStatusChanged] playStatusChanged position is 1297
01-01 01:07:42.184 D/usbservice(   67): <tid:387>(line:2016)[GMUsbDevicePlayer.cpp/positionUpdated] +++ enter 
01-01 01:07:42.184 D/usbbackup(   67): <tid:387>(line:264)[MediaBackup.cpp/updatePlayTime] +++ enter 
01-01 01:07:42.184 D/usbbackup(   67): <tid:387>(line:609)[MediaBackup.cpp/saveBackupData] +++ enter 
01-01 01:07:42.184 D/usbbackup(   67): <tid:387>(line:610)[MediaBackup.cpp/saveBackupData] key:[b_clear.USB_LASTINFO]
01-01 01:07:42.184 D/usbdatabase(   67): <tid:387>(line:291)[GMUsbDataManager.cpp/save] +++ enter 
01-01 01:07:42.184 D/usbdatabase(   67): <tid:387>(line:310)[GMUsbDataManager.cpp/save] key exist, update
01-01 01:07:42.192 D/usbdatabase(   67): <tid:387>(line:315)[GMUsbDataManager.cpp/save] save key, update key value succeed
01-01 01:07:42.192 D/usbdatabase(   67): <tid:387>(line:291)[GMUsbDataManager.cpp/save] --- leave 
01-01 01:07:42.192 D/usbbackup(   67): <tid:387>(line:609)[MediaBackup.cpp/saveBackupData] --- leave 
01-01 01:07:42.192 D/usbbackup(   67): <tid:387>(line:264)[MediaBackup.cpp/updatePlayTime] --- leave 
01-01 01:07:42.192 D/usbservice(   67): <tid:387>(line:1769)[GMUsbServiceBase.cpp/positionUpdated] msec = [1297]
01-01 01:07:42.192 D/usbservice(   67): <tid:387>(line:1499)[GMUsbServiceBase.cpp/notifyPositionUpdated] +++ enter 
01-01 01:07:42.192 D/usbservice(   65): <tid:217>(line:607)[GMUsbProxy.cpp/onAsyncResponse] code offset = [33]
01-01 01:07:42.192 D/usbservice(   67): <tid:387>(line:1499)[GMUsbServiceBase.cpp/notifyPositionUpdated] --- leave 
01-01 01:07:42.192 D/usbservice(   67): <tid:387>(line:2016)[GMUsbDevicePlayer.cpp/positionUpdated] --- leave 
01-01 01:07:42.192 D/usbservice(   67): <tid:387>(line:1581)[GMUsbDevicePlayer.cpp/playStatusChanged] --- leave 
01-01 01:07:43.388 D/usbservice(   67): <tid:387>(line:1581)[GMUsbDevicePlayer.cpp/playStatusChanged] +++ enter 
01-01 01:07:43.388 D/usbservice(   67): <tid:387>(line:1582)[GMUsbDevicePlayer.cpp/playStatusChanged] mask:[21], status:[0]
01-01 01:07:43.388 D/usbservice(   67): <tid:387>(line:1584)[GMUsbDevicePlayer.cpp/playStatusChanged] playStatusChanged, status.dataSourceKey = [5]
01-01 01:07:43.388 D/usbservice(   67): <tid:387>(line:1739)[GMUsbDevicePlayer.cpp/playStatusChanged] playStatusChanged position is 2497
01-01 01:07:43.388 D/usbservice(   67): <tid:387>(line:2016)[GMUsbDevicePlayer.cpp/positionUpdated] +++ enter 
01-01 01:07:43.388 D/usbbackup(   67): <tid:387>(line:264)[MediaBackup.cpp/updatePlayTime] +++ enter 
01-01 01:07:43.388 D/usbbackup(   67): <tid:387>(line:609)[MediaBackup.cpp/saveBackupData] +++ enter 
01-01 01:07:43.388 D/usbbackup(   67): <tid:387>(line:610)[MediaBackup.cpp/saveBackupData] key:[b_clear.USB_LASTINFO]
01-01 01:07:43.388 D/usbdatabase(   67): <tid:387>(line:291)[GMUsbDataManager.cpp/save] +++ enter 
01-01 01:07:43.392 D/usbdatabase(   67): <tid:387>(line:310)[GMUsbDataManager.cpp/save] key exist, update
01-01 01:07:43.396 D/usbdatabase(   67): <tid:387>(line:315)[GMUsbDataManager.cpp/save] save key, update key value succeed
01-01 01:07:43.396 D/usbdatabase(   67): <tid:387>(line:291)[GMUsbDataManager.cpp/save] --- leave 
01-01 01:07:43.396 D/usbbackup(   67): <tid:387>(line:609)[MediaBackup.cpp/saveBackupData] --- leave 
01-01 01:07:43.396 D/usbbackup(   67): <tid:387>(line:264)[MediaBackup.cpp/updatePlayTime] --- leave 
01-01 01:07:43.396 D/usbservice(   67): <tid:387>(line:1769)[GMUsbServiceBase.cpp/positionUpdated] msec = [2497]
01-01 01:07:43.396 D/usbservice(   67): <tid:387>(line:1499)[GMUsbServiceBase.cpp/notifyPositionUpdated] +++ enter 
01-01 01:07:43.396 D/usbservice(   65): <tid:219>(line:607)[GMUsbProxy.cpp/onAsyncResponse] code offset = [33]
01-01 01:07:43.396 D/usbservice(   67): <tid:387>(line:1499)[GMUsbServiceBase.cpp/notifyPositionUpdated] --- leave 
01-01 01:07:43.396 D/usbservice(   67): <tid:387>(line:2016)[GMUsbDevicePlayer.cpp/positionUpdated] --- leave 
01-01 01:07:43.396 D/usbservice(   67): <tid:387>(line:1581)[GMUsbDevicePlayer.cpp/playStatusChanged] --- leave 
01-01 01:07:44.388 D/usbservice(   67): <tid:387>(line:1581)[GMUsbDevicePlayer.cpp/playStatusChanged] +++ enter 
01-01 01:07:44.388 D/usbservice(   67): <tid:387>(line:1582)[GMUsbDevicePlayer.cpp/playStatusChanged] mask:[21], status:[0]
01-01 01:07:44.388 D/usbservice(   67): <tid:387>(line:1584)[GMUsbDevicePlayer.cpp/playStatusChanged] playStatusChanged, status.dataSourceKey = [5]
01-01 01:07:44.388 D/usbservice(   67): <tid:387>(line:1739)[GMUsbDevicePlayer.cpp/playStatusChanged] playStatusChanged position is 3494
01-01 01:07:44.388 D/usbservice(   67): <tid:387>(line:2016)[GMUsbDevicePlayer.cpp/positionUpdated] +++ enter 
01-01 01:07:44.388 D/usbbackup(   67): <tid:387>(line:264)[MediaBackup.cpp/updatePlayTime] +++ enter 
01-01 01:07:44.388 D/usbbackup(   67): <tid:387>(line:609)[MediaBackup.cpp/saveBackupData] +++ enter 
01-01 01:07:44.388 D/usbbackup(   67): <tid:387>(line:610)[MediaBackup.cpp/saveBackupData] key:[b_clear.USB_LASTINFO]
01-01 01:07:44.388 D/usbdatabase(   67): <tid:387>(line:291)[GMUsbDataManager.cpp/save] +++ enter 
01-01 01:07:44.388 D/usbdatabase(   67): <tid:387>(line:310)[GMUsbDataManager.cpp/save] key exist, update
01-01 01:07:44.396 D/usbdatabase(   67): <tid:387>(line:315)[GMUsbDataManager.cpp/save] save key, update key value succeed
01-01 01:07:44.396 D/usbdatabase(   67): <tid:387>(line:291)[GMUsbDataManager.cpp/save] --- leave 
01-01 01:07:44.396 D/usbbackup(   67): <tid:387>(line:609)[MediaBackup.cpp/saveBackupData] --- leave 
01-01 01:07:44.396 D/usbbackup(   67): <tid:387>(line:264)[MediaBackup.cpp/updatePlayTime] --- leave 
01-01 01:07:44.396 D/usbservice(   67): <tid:387>(line:1769)[GMUsbServiceBase.cpp/positionUpdated] msec = [3494]
01-01 01:07:44.396 D/usbservice(   67): <tid:387>(line:1499)[GMUsbServiceBase.cpp/notifyPositionUpdated] +++ enter 
01-01 01:07:44.396 D/usbservice(   65): <tid:217>(line:607)[GMUsbProxy.cpp/onAsyncResponse] code offset = [33]
01-01 01:07:44.396 D/usbservice(   67): <tid:387>(line:1499)[GMUsbServiceBase.cpp/notifyPositionUpdated] --- leave 
01-01 01:07:44.396 D/usbservice(   67): <tid:387>(line:2016)[GMUsbDevicePlayer.cpp/positionUpdated] --- leave 
01-01 01:07:44.396 D/usbservice(   67): <tid:387>(line:1581)[GMUsbDevicePlayer.cpp/playStatusChanged] --- leave 
01-01 01:07:45.384 D/usbservice(   67): <tid:387>(line:1581)[GMUsbDevicePlayer.cpp/playStatusChanged] +++ enter 
01-01 01:07:45.384 D/usbservice(   67): <tid:387>(line:1582)[GMUsbDevicePlayer.cpp/playStatusChanged] mask:[21], status:[0]
01-01 01:07:45.384 D/usbservice(   67): <tid:387>(line:1584)[GMUsbDevicePlayer.cpp/playStatusChanged] playStatusChanged, status.dataSourceKey = [5]
01-01 01:07:45.384 D/usbservice(   67): <tid:387>(line:1739)[GMUsbDevicePlayer.cpp/playStatusChanged] playStatusChanged position is 4495
01-01 01:07:45.384 D/usbservice(   67): <tid:387>(line:2016)[GMUsbDevicePlayer.cpp/positionUpdated] +++ enter 
01-01 01:07:45.384 D/usbbackup(   67): <tid:387>(line:264)[MediaBackup.cpp/updatePlayTime] +++ enter 
01-01 01:07:45.388 D/usbbackup(   67): <tid:387>(line:609)[MediaBackup.cpp/saveBackupData] +++ enter 
01-01 01:07:45.388 D/usbbackup(   67): <tid:387>(line:610)[MediaBackup.cpp/saveBackupData] key:[b_clear.USB_LASTINFO]
01-01 01:07:45.388 D/usbdatabase(   67): <tid:387>(line:291)[GMUsbDataManager.cpp/save] +++ enter 
01-01 01:07:45.388 D/usbdatabase(   67): <tid:387>(line:310)[GMUsbDataManager.cpp/save] key exist, update
01-01 01:07:45.392 D/usbdatabase(   67): <tid:387>(line:315)[GMUsbDataManager.cpp/save] save key, update key value succeed
01-01 01:07:45.392 D/usbdatabase(   67): <tid:387>(line:291)[GMUsbDataManager.cpp/save] --- leave 
01-01 01:07:45.392 D/usbbackup(   67): <tid:387>(line:609)[MediaBackup.cpp/saveBackupData] --- leave 
01-01 01:07:45.392 D/usbbackup(   67): <tid:387>(line:264)[MediaBackup.cpp/updatePlayTime] --- leave 
01-01 01:07:45.392 D/usbservice(   67): <tid:387>(line:1769)[GMUsbServiceBase.cpp/positionUpdated] msec = [4495]
01-01 01:07:45.392 D/usbservice(   67): <tid:387>(line:1499)[GMUsbServiceBase.cpp/notifyPositionUpdated] +++ enter 
01-01 01:07:45.392 D/usbservice(   65): <tid:219>(line:607)[GMUsbProxy.cpp/onAsyncResponse] code offset = [33]
01-01 01:07:45.392 D/usbservice(   67): <tid:387>(line:1499)[GMUsbServiceBase.cpp/notifyPositionUpdated] --- leave 
01-01 01:07:45.392 D/usbservice(   67): <tid:387>(line:2016)[GMUsbDevicePlayer.cpp/positionUpdated] --- leave 
01-01 01:07:45.392 D/usbservice(   67): <tid:387>(line:1581)[GMUsbDevicePlayer.cpp/playStatusChanged] --- leave 
01-01 01:07:46.384 D/usbservice(   67): <tid:387>(line:1581)[GMUsbDevicePlayer.cpp/playStatusChanged] +++ enter 
01-01 01:07:46.384 D/usbservice(   67): <tid:387>(line:1582)[GMUsbDevicePlayer.cpp/playStatusChanged] mask:[21], status:[0]
01-01 01:07:46.384 D/usbservice(   67): <tid:387>(line:1584)[GMUsbDevicePlayer.cpp/playStatusChanged] playStatusChanged, status.dataSourceKey = [5]
01-01 01:07:46.384 D/usbservice(   67): <tid:387>(line:1739)[GMUsbDevicePlayer.cpp/playStatusChanged] playStatusChanged position is 5496
01-01 01:07:46.384 D/usbservice(   67): <tid:387>(line:2016)[GMUsbDevicePlayer.cpp/positionUpdated] +++ enter 
01-01 01:07:46.384 D/usbbackup(   67): <tid:387>(line:264)[MediaBackup.cpp/updatePlayTime] +++ enter 
01-01 01:07:46.388 D/usbbackup(   67): <tid:387>(line:609)[MediaBackup.cpp/saveBackupData] +++ enter 
01-01 01:07:46.388 D/usbbackup(   67): <tid:387>(line:610)[MediaBackup.cpp/saveBackupData] key:[b_clear.USB_LASTINFO]
01-01 01:07:46.388 D/usbdatabase(   67): <tid:387>(line:291)[GMUsbDataManager.cpp/save] +++ enter 
01-01 01:07:46.388 D/usbdatabase(   67): <tid:387>(line:310)[GMUsbDataManager.cpp/save] key exist, update
01-01 01:07:46.392 D/usbdatabase(   67): <tid:387>(line:315)[GMUsbDataManager.cpp/save] save key, update key value succeed
01-01 01:07:46.392 D/usbdatabase(   67): <tid:387>(line:291)[GMUsbDataManager.cpp/save] --- leave 
01-01 01:07:46.392 D/usbbackup(   67): <tid:387>(line:609)[MediaBackup.cpp/saveBackupData] --- leave 
01-01 01:07:46.392 D/usbbackup(   67): <tid:387>(line:264)[MediaBackup.cpp/updatePlayTime] --- leave 
01-01 01:07:46.392 D/usbservice(   67): <tid:387>(line:1769)[GMUsbServiceBase.cpp/positionUpdated] msec = [5496]
01-01 01:07:46.392 D/usbservice(   67): <tid:387>(line:1499)[GMUsbServiceBase.cpp/notifyPositionUpdated] +++ enter 
01-01 01:07:46.392 D/usbservice(   65): <tid:217>(line:607)[GMUsbProxy.cpp/onAsyncResponse] code offset = [33]
01-01 01:07:46.396 D/usbservice(   67): <tid:387>(line:1499)[GMUsbServiceBase.cpp/notifyPositionUpdated] --- leave 
01-01 01:07:46.396 D/usbservice(   67): <tid:387>(line:2016)[GMUsbDevicePlayer.cpp/positionUpdated] --- leave 
01-01 01:07:46.396 D/usbservice(   67): <tid:387>(line:1581)[GMUsbDevicePlayer.cpp/playStatusChanged] --- leave 
01-01 01:07:46.868 D/usbservice(   65): <tid:234>(line:213)[GMUsbProxy.cpp/pause] +++ enter 
01-01 01:07:46.868 D/usbservice(   65): <tid:234>(line:213)[GMUsbProxy.cpp/pause] --- leave 
01-01 01:07:46.868 D/usbservice(   67): <tid:215>(line:131)[GMUsbServiceBase.cpp/onAsyncRequest] SenderId = [2], codeOffset = [9]
01-01 01:07:46.868 D/usbservice(   67): <tid:296>(line:1275)[GMUsbServiceBase.cpp/replyPause] +++ enter 
01-01 01:07:46.868 D/usbservice(   65): <tid:219>(line:607)[GMUsbProxy.cpp/onAsyncResponse] code offset = [9]
01-01 01:07:46.868 D/usbservice(   67): <tid:296>(line:1275)[GMUsbServiceBase.cpp/replyPause] --- leave 
01-01 01:07:46.868 D/usbservice(   67): <tid:296>(line:625)[GMUsbDevicePlayer.cpp/postPause] +++ enter 
01-01 01:07:46.868 D/usbservice(   67): <tid:296>(line:625)[GMUsbDevicePlayer.cpp/postPause] --- leave 
01-01 01:07:46.872 D/usbservice(   67): <tid:387>(line:1464)[GMUsbDevicePlayer.cpp/pause] +++ enter 
01-01 01:07:46.880 D/usbservice(   67): <tid:387>(line:1464)[GMUsbDevicePlayer.cpp/pause] --- leave 
01-01 01:07:46.880 D/usbservice(   67): <tid:387>(line:1581)[GMUsbDevicePlayer.cpp/playStatusChanged] +++ enter 
01-01 01:07:46.880 D/usbservice(   67): <tid:387>(line:1582)[GMUsbDevicePlayer.cpp/playStatusChanged] mask:[21], status:[0]
01-01 01:07:46.880 D/usbservice(   67): <tid:387>(line:1584)[GMUsbDevicePlayer.cpp/playStatusChanged] playStatusChanged, status.dataSourceKey = [5]
01-01 01:07:46.880 D/usbservice(   67): <tid:387>(line:1739)[GMUsbDevicePlayer.cpp/playStatusChanged] playStatusChanged position is 5992
01-01 01:07:46.880 D/usbservice(   67): <tid:387>(line:2016)[GMUsbDevicePlayer.cpp/positionUpdated] +++ enter 
01-01 01:07:46.880 D/usbbackup(   67): <tid:387>(line:264)[MediaBackup.cpp/updatePlayTime] +++ enter 
01-01 01:07:46.884 D/usbbackup(   67): <tid:387>(line:609)[MediaBackup.cpp/saveBackupData] +++ enter 
01-01 01:07:46.884 D/usbbackup(   67): <tid:387>(line:610)[MediaBackup.cpp/saveBackupData] key:[b_clear.USB_LASTINFO]
01-01 01:07:46.884 D/usbdatabase(   67): <tid:387>(line:291)[GMUsbDataManager.cpp/save] +++ enter 
01-01 01:07:46.884 D/usbdatabase(   67): <tid:387>(line:310)[GMUsbDataManager.cpp/save] key exist, update
01-01 01:07:46.888 D/usbdatabase(   67): <tid:387>(line:315)[GMUsbDataManager.cpp/save] save key, update key value succeed
01-01 01:07:46.888 D/usbdatabase(   67): <tid:387>(line:291)[GMUsbDataManager.cpp/save] --- leave 
01-01 01:07:46.888 D/usbbackup(   67): <tid:387>(line:609)[MediaBackup.cpp/saveBackupData] --- leave 
01-01 01:07:46.888 D/usbbackup(   67): <tid:387>(line:264)[MediaBackup.cpp/updatePlayTime] --- leave 
01-01 01:07:46.888 D/usbservice(   67): <tid:387>(line:1769)[GMUsbServiceBase.cpp/positionUpdated] msec = [5992]
01-01 01:07:46.888 D/usbservice(   67): <tid:387>(line:1499)[GMUsbServiceBase.cpp/notifyPositionUpdated] +++ enter 
01-01 01:07:46.888 D/usbservice(   65): <tid:217>(line:607)[GMUsbProxy.cpp/onAsyncResponse] code offset = [33]
01-01 01:07:46.888 D/usbservice(   67): <tid:387>(line:1499)[GMUsbServiceBase.cpp/notifyPositionUpdated] --- leave 
01-01 01:07:46.888 D/usbservice(   67): <tid:387>(line:2016)[GMUsbDevicePlayer.cpp/positionUpdated] --- leave 
01-01 01:07:46.888 D/usbservice(   67): <tid:387>(line:1581)[GMUsbDevicePlayer.cpp/playStatusChanged] --- leave 
01-01 01:07:46.932 D/usbservice(   67): <tid:387>(line:1581)[GMUsbDevicePlayer.cpp/playStatusChanged] +++ enter 
01-01 01:07:46.932 D/usbservice(   67): <tid:387>(line:1582)[GMUsbDevicePlayer.cpp/playStatusChanged] mask:[7], status:[2]
01-01 01:07:46.932 D/usbservice(   67): <tid:387>(line:1584)[GMUsbDevicePlayer.cpp/playStatusChanged] playStatusChanged, status.dataSourceKey = [5]
01-01 01:07:46.932 D/usbservice(   67): <tid:387>(line:1949)[GMUsbDevicePlayer.cpp/playStatusUpdated] +++ enter 
01-01 01:07:46.932 D/usbservice(   67): <tid:387>(line:1971)[GMUsbDevicePlayer.cpp/playStatusUpdated] playStatusChanged, state is paused
01-01 01:07:46.932 D/usbservice(   67): <tid:387>(line:1756)[GMUsbServiceBase.cpp/playStatusUpdated] +++ enter 
01-01 01:07:46.932 D/usbservice(   67): <tid:387>(line:1550)[GMUsbServiceBase.cpp/notifyPlayStatusUpdated] +++ enter 
01-01 01:07:46.932 D/usbservice(   65): <tid:219>(line:607)[GMUsbProxy.cpp/onAsyncResponse] code offset = [37]
01-01 01:07:46.936 D/usbservice(   67): <tid:387>(line:1550)[GMUsbServiceBase.cpp/notifyPlayStatusUpdated] --- leave 
01-01 01:07:46.936 D/usbservice(   67): <tid:387>(line:1756)[GMUsbServiceBase.cpp/playStatusUpdated] --- leave 
01-01 01:07:46.936 D/usbservice(   67): <tid:387>(line:1949)[GMUsbDevicePlayer.cpp/playStatusUpdated] --- leave 
01-01 01:07:46.936 D/usbservice(   67): <tid:387>(line:1727)[GMUsbDevicePlayer.cpp/playStatusChanged] playStatusChanged speed is 0
01-01 01:07:46.936 D/usbservice(   67): <tid:387>(line:1581)[GMUsbDevicePlayer.cpp/playStatusChanged] --- leave 
===========================end after chosing  one song , played from 0s to 5s,then click stop btuuon==============================





======================================切换到其他Source===============================
01-01 00:42:24.072 D/usbservice(   65): <tid:237>(line:507)[GMUsbProxy.cpp/reqSourceChange] +++ enter 
01-01 00:42:24.072 D/usbservice(   67): <tid:218>(line:131)[GMUsbServiceBase.cpp/onAsyncRequest] SenderId = [2], codeOffset = [25]
01-01 00:42:24.072 D/usbservice(   67): <tid:310>(line:901)[GMUsbService.cpp/trySourceOff] +++ enter 
01-01 00:42:24.072 D/usbservice(   67): <tid:310>(line:790)[GMUsbService.cpp/doUpdateSourceState] +++ enter 
01-01 00:42:24.072 D/usbservice(   67): <tid:310>(line:792)[GMUsbService.cpp/doUpdateSourceState] updateSourcePARM.state is [4], updateSourcePARM.isAdd [0], updateSourcePARM.isWait [0]
01-01 00:42:24.076 D/usbservice(   67): <tid:310>(line:813)[GMUsbService.cpp/doUpdateSourceState] current m_sourceState is [3]
01-01 00:42:24.076 D/usbservice(   67): <tid:310>(line:790)[GMUsbService.cpp/doUpdateSourceState] --- leave 
01-01 00:42:24.076 D/usbservice(   67): <tid:310>(line:441)[GMUsbDevicePlayer.cpp/deActiveDevice] +++ enter 
01-01 00:42:24.076 D/usbservice(   67): <tid:310>(line:448)[GMUsbDevicePlayer.cpp/deActiveDevice] stop mediaplayer callback thread
01-01 00:42:24.076 D/usbservice(   67): <tid:310>(line:1470)[GMUsbDevicePlayer.cpp/stop] +++ enter 
01-01 00:42:24.080 D/usbservice(   65): <tid:237>(line:507)[GMUsbProxy.cpp/reqSourceChange] --- leave 
01-01 00:42:24.204 D/usbservice(   67): <tid:310>(line:1470)[GMUsbDevicePlayer.cpp/stop] --- leave 
01-01 00:42:24.204 D/usbservice(   67): <tid:310>(line:2166)[GMUsbDevicePlayer.cpp/clearLocalStatus] +++ enter 
01-01 00:42:24.204 D/usbservice(   67): <tid:310>(line:2166)[GMUsbDevicePlayer.cpp/clearLocalStatus] --- leave 
01-01 00:42:24.204 D/usbservice(   67): <tid:310>(line:441)[GMUsbDevicePlayer.cpp/deActiveDevice] --- leave 
01-01 00:42:24.204 D/usbbackup(   67): <tid:310>(line:609)[MediaBackup.cpp/saveBackupData] +++ enter 
01-01 00:42:24.204 D/usbbackup(   67): <tid:310>(line:610)[MediaBackup.cpp/saveBackupData] key:[b_clear.USB_LASTINFO]
01-01 00:42:24.204 D/usbdatabase(   67): <tid:310>(line:291)[GMUsbDataManager.cpp/save] +++ enter 
01-01 00:42:24.204 D/usbdatabase(   67): <tid:310>(line:310)[GMUsbDataManager.cpp/save] key exist, update
01-01 00:42:24.208 D/usbdatabase(   67): <tid:310>(line:315)[GMUsbDataManager.cpp/save] save key, update key value succeed
01-01 00:42:24.208 D/usbdatabase(   67): <tid:310>(line:291)[GMUsbDataManager.cpp/save] --- leave 
01-01 00:42:24.208 D/usbbackup(   67): <tid:310>(line:609)[MediaBackup.cpp/saveBackupData] --- leave 
01-01 00:42:24.208 D/usbservice(   67): <tid:310>(line:1624)[GMUsbServiceBase.cpp/notifySourceChanged] +++ enter 
01-01 00:42:24.208 D/usbservice(   65): <tid:222>(line:607)[GMUsbProxy.cpp/onAsyncResponse] code offset = [43]
01-01 00:42:24.212 D/usbservice(   67): <tid:310>(line:1624)[GMUsbServiceBase.cpp/notifySourceChanged] --- leave 
01-01 00:42:24.212 D/usbservice(   67): <tid:310>(line:901)[GMUsbService.cpp/trySourceOff] --- leave 
=========================================切换到了BTA=====================================================================




==========================快进===================================
01-01 01:24:44.784 D/usbservice(   65): <tid:234>(line:326)[GMUsbProxy.cpp/setPlaySpeed] +++ enter 
01-01 01:24:44.784 D/usbservice(   65): <tid:234>(line:326)[GMUsbProxy.cpp/setPlaySpeed] --- leave 
01-01 01:24:44.784 D/usbservice(   67): <tid:213>(line:131)[GMUsbServiceBase.cpp/onAsyncRequest] SenderId = [2], codeOffset = [16]
01-01 01:24:44.784 D/usbservice(   67): <tid:295>(line:1345)[GMUsbServiceBase.cpp/replySetPlaySpeed] +++ enter 
01-01 01:24:44.784 D/usbservice(   67): <tid:295>(line:1345)[GMUsbServiceBase.cpp/replySetPlaySpeed] --- leave 
01-01 01:24:44.784 D/usbservice(   67): <tid:295>(line:692)[GMUsbDevicePlayer.cpp/postSetPlaySpeed] +++ enter 
01-01 01:24:44.784 D/usbservice(   67): <tid:295>(line:692)[GMUsbDevicePlayer.cpp/postSetPlaySpeed] --- leave 
01-01 01:24:44.784 D/usbservice(   67): <tid:391>(line:1545)[GMUsbDevicePlayer.cpp/setPlaySpeed] +++ enter 
01-01 01:24:44.784 D/usbservice(   67): <tid:391>(line:1546)[GMUsbDevicePlayer.cpp/setPlaySpeed] setPlaySpeed: current speed is 10000
01-01 01:24:44.784 D/usbservice(   67): <tid:391>(line:1464)[GMUsbDevicePlayer.cpp/pause] +++ enter 
01-01 01:24:44.784 D/usbservice(   65): <tid:219>(line:607)[GMUsbProxy.cpp/onAsyncResponse] code offset = [16]
01-01 01:24:44.792 D/usbservice(   67): <tid:391>(line:1464)[GMUsbDevicePlayer.cpp/pause] --- leave 
01-01 01:24:44.792 D/usbservice(   67): <tid:391>(line:1949)[GMUsbDevicePlayer.cpp/playStatusUpdated] +++ enter 
01-01 01:24:44.792 D/usbservice(   67): <tid:391>(line:1989)[GMUsbDevicePlayer.cpp/playStatusUpdated] playStatusChanged, state is FF
01-01 01:24:44.792 D/usbservice(   67): <tid:391>(line:1756)[GMUsbServiceBase.cpp/playStatusUpdated] +++ enter 
01-01 01:24:44.792 D/usbservice(   67): <tid:391>(line:1550)[GMUsbServiceBase.cpp/notifyPlayStatusUpdated] +++ enter 
01-01 01:24:44.792 D/usbservice(   65): <tid:216>(line:607)[GMUsbProxy.cpp/onAsyncResponse] code offset = [37]
01-01 01:24:44.792 D/usbservice(   67): <tid:391>(line:1550)[GMUsbServiceBase.cpp/notifyPlayStatusUpdated] --- leave 
01-01 01:24:44.792 D/usbservice(   67): <tid:391>(line:1756)[GMUsbServiceBase.cpp/playStatusUpdated] --- leave 
01-01 01:24:44.792 D/usbservice(   67): <tid:391>(line:1949)[GMUsbDevicePlayer.cpp/playStatusUpdated] --- leave 
01-01 01:24:44.792 D/usbservice(   67): <tid:391>(line:1545)[GMUsbDevicePlayer.cpp/setPlaySpeed] --- leave 
01-01 01:24:44.892 D/usbservice(   67): <tid:408>(line:142)[GMUsbDevicePlayer.h/onTimer] onTimer: current m_ForwardRewind is 10000
01-01 01:24:44.892 D/usbservice(   67): <tid:408>(line:143)[GMUsbDevicePlayer.h/onTimer] onTimer: position is 5970
01-01 01:24:44.892 D/usbservice(   67): <tid:408>(line:144)[GMUsbDevicePlayer.h/onTimer] onTimer: duration is 270445
01-01 01:24:44.892 D/usbservice(   67): <tid:408>(line:714)[GMUsbDevicePlayer.cpp/postPositionUpdated] +++ enter 
01-01 01:24:44.892 D/usbservice(   67): <tid:391>(line:2016)[GMUsbDevicePlayer.cpp/positionUpdated] +++ enter 
01-01 01:24:44.892 D/usbbackup(   67): <tid:391>(line:264)[MediaBackup.cpp/updatePlayTime] +++ enter 
01-01 01:24:44.892 D/usbservice(   67): <tid:408>(line:714)[GMUsbDevicePlayer.cpp/postPositionUpdated] --- leave 
01-01 01:24:44.896 D/usbbackup(   67): <tid:391>(line:609)[MediaBackup.cpp/saveBackupData] +++ enter 
01-01 01:24:44.896 D/usbbackup(   67): <tid:391>(line:610)[MediaBackup.cpp/saveBackupData] key:[b_clear.USB_LASTINFO]
01-01 01:24:44.896 D/usbdatabase(   67): <tid:391>(line:291)[GMUsbDataManager.cpp/save] +++ enter 
01-01 01:24:44.896 D/usbdatabase(   67): <tid:391>(line:310)[GMUsbDataManager.cpp/save] key exist, update
01-01 01:24:44.900 D/usbdatabase(   67): <tid:391>(line:315)[GMUsbDataManager.cpp/save] save key, update key value succeed
01-01 01:24:44.900 D/usbdatabase(   67): <tid:391>(line:291)[GMUsbDataManager.cpp/save] --- leave 
01-01 01:24:44.900 D/usbbackup(   67): <tid:391>(line:609)[MediaBackup.cpp/saveBackupData] --- leave 
01-01 01:24:44.900 D/usbbackup(   67): <tid:391>(line:264)[MediaBackup.cpp/updatePlayTime] --- leave 
01-01 01:24:44.900 D/usbservice(   67): <tid:391>(line:1769)[GMUsbServiceBase.cpp/positionUpdated] msec = [6970]
01-01 01:24:44.900 D/usbservice(   67): <tid:391>(line:1499)[GMUsbServiceBase.cpp/notifyPositionUpdated] +++ enter 
01-01 01:24:44.900 D/usbservice(   65): <tid:219>(line:607)[GMUsbProxy.cpp/onAsyncResponse] code offset = [33]
01-01 01:24:44.904 D/usbservice(   67): <tid:391>(line:1499)[GMUsbServiceBase.cpp/notifyPositionUpdated] --- leave 
01-01 01:24:44.904 D/usbservice(   67): <tid:391>(line:2016)[GMUsbDevicePlayer.cpp/positionUpdated] --- leave 
01-01 01:24:44.992 D/usbservice(   67): <tid:408>(line:142)[GMUsbDevicePlayer.h/onTimer] onTimer: current m_ForwardRewind is 10000
01-01 01:24:44.992 D/usbservice(   67): <tid:408>(line:143)[GMUsbDevicePlayer.h/onTimer] onTimer: position is 6970
01-01 01:24:44.992 D/usbservice(   67): <tid:408>(line:144)[GMUsbDevicePlayer.h/onTimer] onTimer: duration is 270445
01-01 01:24:44.996 D/usbservice(   67): <tid:408>(line:714)[GMUsbDevicePlayer.cpp/postPositionUpdated] +++ enter 
01-01 01:24:44.996 D/usbservice(   67): <tid:391>(line:2016)[GMUsbDevicePlayer.cpp/positionUpdated] +++ enter 
01-01 01:24:44.996 D/usbbackup(   67): <tid:391>(line:264)[MediaBackup.cpp/updatePlayTime] +++ enter 
01-01 01:24:44.996 D/usbservice(   67): <tid:408>(line:714)[GMUsbDevicePlayer.cpp/postPositionUpdated] --- leave 
01-01 01:24:44.996 D/usbbackup(   67): <tid:391>(line:609)[MediaBackup.cpp/saveBackupData] +++ enter 
01-01 01:24:44.996 D/usbbackup(   67): <tid:391>(line:610)[MediaBackup.cpp/saveBackupData] key:[b_clear.USB_LASTINFO]
01-01 01:24:44.996 D/usbdatabase(   67): <tid:391>(line:291)[GMUsbDataManager.cpp/save] +++ enter 
01-01 01:24:44.996 D/usbdatabase(   67): <tid:391>(line:310)[GMUsbDataManager.cpp/save] key exist, update
01-01 01:24:45.004 D/usbdatabase(   67): <tid:391>(line:315)[GMUsbDataManager.cpp/save] save key, update key value succeed
01-01 01:24:45.004 D/usbdatabase(   67): <tid:391>(line:291)[GMUsbDataManager.cpp/save] --- leave 
01-01 01:24:45.004 D/usbbackup(   67): <tid:391>(line:609)[MediaBackup.cpp/saveBackupData] --- leave 
01-01 01:24:45.004 D/usbbackup(   67): <tid:391>(line:264)[MediaBackup.cpp/updatePlayTime] --- leave 
01-01 01:24:45.004 D/usbservice(   67): <tid:391>(line:1769)[GMUsbServiceBase.cpp/positionUpdated] msec = [7970]
01-01 01:24:45.004 D/usbservice(   67): <tid:391>(line:1499)[GMUsbServiceBase.cpp/notifyPositionUpdated] +++ enter 
01-01 01:24:45.004 D/usbservice(   65): <tid:216>(line:607)[GMUsbProxy.cpp/onAsyncResponse] code offset = [33]
01-01 01:24:45.004 D/usbservice(   67): <tid:391>(line:1499)[GMUsbServiceBase.cpp/notifyPositionUpdated] --- leave 
01-01 01:24:45.004 D/usbservice(   67): <tid:391>(line:2016)[GMUsbDevicePlayer.cpp/positionUpdated] --- leave 
01-01 01:24:45.096 D/usbservice(   67): <tid:408>(line:142)[GMUsbDevicePlayer.h/onTimer] onTimer: current m_ForwardRewind is 10000
01-01 01:24:45.096 D/usbservice(   67): <tid:408>(line:143)[GMUsbDevicePlayer.h/onTimer] onTimer: position is 7970
01-01 01:24:45.096 D/usbservice(   67): <tid:408>(line:144)[GMUsbDevicePlayer.h/onTimer] onTimer: duration is 270445
01-01 01:24:45.096 D/usbservice(   67): <tid:408>(line:714)[GMUsbDevicePlayer.cpp/postPositionUpdated] +++ enter 
01-01 01:24:45.096 D/usbservice(   67): <tid:408>(line:714)[GMUsbDevicePlayer.cpp/postPositionUpdated] --- leave 
01-01 01:24:45.096 D/usbservice(   67): <tid:391>(line:2016)[GMUsbDevicePlayer.cpp/positionUpdated] +++ enter 
01-01 01:24:45.096 D/usbbackup(   67): <tid:391>(line:264)[MediaBackup.cpp/updatePlayTime] +++ enter 
01-01 01:24:45.096 D/usbbackup(   67): <tid:391>(line:609)[MediaBackup.cpp/saveBackupData] +++ enter 
01-01 01:24:45.096 D/usbbackup(   67): <tid:391>(line:610)[MediaBackup.cpp/saveBackupData] key:[b_clear.USB_LASTINFO]
01-01 01:24:45.096 D/usbdatabase(   67): <tid:391>(line:291)[GMUsbDataManager.cpp/save] +++ enter 
01-01 01:24:45.096 D/usbdatabase(   67): <tid:391>(line:310)[GMUsbDataManager.cpp/save] key exist, update
01-01 01:24:45.104 D/usbdatabase(   67): <tid:391>(line:315)[GMUsbDataManager.cpp/save] save key, update key value succeed
01-01 01:24:45.104 D/usbdatabase(   67): <tid:391>(line:291)[GMUsbDataManager.cpp/save] --- leave 
01-01 01:24:45.104 D/usbbackup(   67): <tid:391>(line:609)[MediaBackup.cpp/saveBackupData] --- leave 
01-01 01:24:45.104 D/usbbackup(   67): <tid:391>(line:264)[MediaBackup.cpp/updatePlayTime] --- leave 
01-01 01:24:45.104 D/usbservice(   67): <tid:391>(line:1769)[GMUsbServiceBase.cpp/positionUpdated] msec = [8970]
01-01 01:24:45.104 D/usbservice(   67): <tid:391>(line:1499)[GMUsbServiceBase.cpp/notifyPositionUpdated] +++ enter 
01-01 01:24:45.104 D/usbservice(   65): <tid:219>(line:607)[GMUsbProxy.cpp/onAsyncResponse] code offset = [33]
01-01 01:24:45.104 D/usbservice(   67): <tid:391>(line:1499)[GMUsbServiceBase.cpp/notifyPositionUpdated] --- leave 
01-01 01:24:45.104 D/usbservice(   67): <tid:391>(line:2016)[GMUsbDevicePlayer.cpp/positionUpdated] --- leave 
01-01 01:24:45.196 D/usbservice(   67): <tid:408>(line:142)[GMUsbDevicePlayer.h/onTimer] onTimer: current m_ForwardRewind is 10000
01-01 01:24:45.196 D/usbservice(   67): <tid:408>(line:143)[GMUsbDevicePlayer.h/onTimer] onTimer: position is 8970
01-01 01:24:45.196 D/usbservice(   67): <tid:408>(line:144)[GMUsbDevicePlayer.h/onTimer] onTimer: duration is 270445
01-01 01:24:45.196 D/usbservice(   67): <tid:408>(line:714)[GMUsbDevicePlayer.cpp/postPositionUpdated] +++ enter 
01-01 01:24:45.196 D/usbservice(   67): <tid:408>(line:714)[GMUsbDevicePlayer.cpp/postPositionUpdated] --- leave 
01-01 01:24:45.196 D/usbservice(   67): <tid:391>(line:2016)[GMUsbDevicePlayer.cpp/positionUpdated] +++ enter 
01-01 01:24:45.196 D/usbbackup(   67): <tid:391>(line:264)[MediaBackup.cpp/updatePlayTime] +++ enter 
01-01 01:24:45.200 D/usbbackup(   67): <tid:391>(line:609)[MediaBackup.cpp/saveBackupData] +++ enter 
01-01 01:24:45.200 D/usbbackup(   67): <tid:391>(line:610)[MediaBackup.cpp/saveBackupData] key:[b_clear.USB_LASTINFO]
01-01 01:24:45.200 D/usbdatabase(   67): <tid:391>(line:291)[GMUsbDataManager.cpp/save] +++ enter 
01-01 01:24:45.200 D/usbdatabase(   67): <tid:391>(line:310)[GMUsbDataManager.cpp/save] key exist, update
01-01 01:24:45.204 D/usbdatabase(   67): <tid:391>(line:315)[GMUsbDataManager.cpp/save] save key, update key value succeed
01-01 01:24:45.204 D/usbdatabase(   67): <tid:391>(line:291)[GMUsbDataManager.cpp/save] --- leave 
01-01 01:24:45.204 D/usbbackup(   67): <tid:391>(line:609)[MediaBackup.cpp/saveBackupData] --- leave 
