01-01 01:03:07.736 D/usbprovider(   61): <tid:161>(line:971)[GMMediaPr[  662.866906] [INFO ][CNM_VPU_DRV][F:vpu_open-L:783][VPUDRV] vpu_open
ovider.cpp/PrintParam] select columns count = [6]
01-01 01:03:07.736 D/usbprovider(   61): <tid:161>(line:973)[GMMediaProvider.cpp/PrintParam] select c[  662.886329] [INFO ][CNM_VPU_DRV][F:vpu_open-L:783][VPUDRV] vpu_open
olumns[0] is [TYPE]
01-01 01:03:07.736 D/usbprovider(   61): <tid:161>(line:973)[GMMediaProvider.cpp/PrintParam] select columns[1] is [FOLDER_ID]
01-01 01:03:07.736 D/usbprovider(   61): <tid:161>(line:973)[GMMediaProvider.cpp/PrintParam] select columns[2] is [GENRE_ID]
01-01 01:03:07.736 D/usbprovider(   61): <tid:161>(line:973)[GMMediaProvider.cpp/PrintParam] select columns[3] is [ARTIST_ID]
01-01 01:03:07.736 D/usbprovider(   61): <tid:161>(line:973)[GMMediaProvider.cpp/PrintParam] select columns[4] is [COMPOSER_ID]
01-01 01:03:07.736 D/usbprovider(   61): <tid:161>(line:973)[GMMediaProvider.cpp/PrintParam] select columns[5] is [ALBUM_ID]
01-01 01:03:07.736 D/usbprovider(   61): <tid:161>(line:976)[GMMediaProvider.cpp/PrintParam] where = [ID=?]
01-01 01:03:07.736 D/usbprovider(   61): <tid:161>(line:978)[GMMediaProvider.cpp/PrintParam] whereArgs count = [1]
01-01 01:03:07.736 D/usbprovider(   61): <tid:161>(line:980)[GMMediaProvider.cpp/PrintParam] whereArgs columns[0] is [2]
01-01 01:03:07.736 D/usbprovider(   61): <tid:161>(line:983)[GMMediaProvider.cpp/PrintParam] sort = []
01-01 01:03:07.736 D/usbprovider(   61): <tid:161>(line:806)[GMMediaProvider.cpp/getDeviceIndex] GMMediaProvider::getDeviceIndex, uri:[content://media/usbsd/audio/playlists?usb1]
01-01 01:03:07.736 D/usbprovider(   61): <tid:161>(line:116)[GMMediaProvider.cpp/query] uriID = [15] dvsIdx = [0]
01-01 01:03:07.736 D/usbprovider(   61): <tid:161>(line:245)[GMMediaProvider.cpp/query] query>>>MATCH_ID_AUDIO_PLAYLISTS
01-01 01:03:07.736 D/usbprovider(   61): <tid:161>(line:110)[GMMediaProvider.cpp/query] --- leave 
01-01 01:03:07.736 D/usbplaylist(   67): <tid:387>(line:2620)[GMMediaPlaylist.cpp/load] can not load playlist info
01-01 01:03:07.736 W/usbservice(   67): <tid:387>(line:2291)[GMUsbDevicePlayer.cpp/restorePlay] load video last info failed
01-01 01:03:07.736 D/usbservice(   67): <tid:387>(line:2217)[GMUsbDevicePlayer.cpp/restorePlay] --- leave 

01-01 01:03:07.736 D/usbservice(   67): <tid:387>(line:1167)[GMUsbDevicePlayer.cpp/switchPlayMode] restore failed, play first file if exist
01-01 01:03:07.736 D/usbservice(   67): <tid:387>(line:868)[GMUsbDevicePlayer.cpp/playFirstFolder] +++ enter 
01-01 01:03:07.736 D/usbservice(   67): <tid:387>(line:2494)[GMUsbDevicePlayer.cpp/getFirstFolderId] +++ enter 
01-01 01:03:07.736 D/usbprovider(   61): <tid:356>(line:110)[GMMediaProvider.cpp/query] +++ enter 
01-01 01:03:07.736 D/usbprovider(   61): <tid:356>(line:971)[GMMediaProvider.cpp/PrintParam] select columns count = [1]
01-01 01:03:07.736 D/usbprovider(   61): <tid:356>(line:973)[GMMediaProvider.cpp/PrintParam] select columns[0] is [ID]
01-01 01:03:07.736 D/usbprovider(   61): <tid:356>(line:976)[GMMediaProvider.cpp/PrintParam] where = [TYPE&?]
01-01 01:03:07.736 D/usbprovider(   61): <tid:356>(line:978)[GMMediaProvider.cpp/PrintParam] whereArgs count = [1]
01-01 01:03:07.736 D/usbprovider(   61): <tid:356>(line:980)[GMMediaProvider.cpp/PrintParam] whereArgs columns[0] is [4]
01-01 01:03:07.736 D/usbprovider(   61): <tid:356>(line:983)[GMMediaProvider.cpp/PrintParam] sort = [SORTKEY LIMIT 1]
01-01 01:03:07.740 D/usbprovider(   61): <tid:356>(line:806)[GMMediaProvider.cpp/getDeviceIndex] GMMediaProvider::getDeviceIndex, uri:[content://media/usbsd/fs/folders?usb1]
01-01 01:03:07.740 D/usbprovider(   61): <tid:356>(line:116)[GMMediaProvider.cpp/query] uriID = [0] dvsIdx = [0]
01-01 01:03:07.740 D/usbprovider(   61): <tid:356>(line:132)[GMMediaProvider.cpp/query] query>>>MATCH_ID_FS_FOLDERS
01-01 01:03:07.740 D/usbprovider(   61): <tid:356>(line:110)[GMMediaProvider.cpp/query] --- leave 
01-01 01:03:07.740 D/usbservice(   67): <tid:387>(line:2517)[GMUsbDevicePlayer.cpp/getFirstFolderId] get first id succeed, id = [3]
01-01 01:03:07.740 D/usbservice(   67): <tid:387>(line:2494)[GMUsbDevicePlayer.cpp/getFirstFolderId] --- leave 
01-01 01:03:07.740 D/usbservice(   67): <tid:387>(line:885)[GMUsbDevicePlayer.cpp/playFolder] +++ enter 
01-01 01:03:07.740 D/usbservice(   67): <tid:387>(line:1475)[GMUsbDevicePlayer.cpp/stop] +++ enter 
01-01 01:03:07.740 D/usbservice(   67): <tid:387>(line:1475)[GMUsbDevicePlayer.cpp/stop] --- leave 
01-01 01:03:07.740 D/usbservice(   67): <tid:387>(line:2056)[GMUsbDevicePlayer.cpp/playModeUpdated] +++ enter 
01-01 01:03:07.740 D/usbbackup(   67): <tid:387>(line:171)[MediaBackup.cpp/updateLastAvMode] +++ enter 
01-01 01:03:07.740 D/usbbackup(   67): <tid:387>(line:609)[MediaBackup.cpp/saveBackupData] +++ enter 
01-01 01:03:07.748 D/usbservice(   67): <tid:387>(line:1512)[GMUsbServiceBase.cpp/notifyPlayModeUpdated] --- leave 
01-01 01:03:07.748 D/usbservice(   67): <tid:387>(line:2056)[GMUsbDevicePlayer.cpp/playModeUpdated] --- leave 
01-01 01:03:07.748 D/usbplaylist(   67): <tid:387>(line:1663)[GMMediaPlaylist.cpp/playFolder] +++ enter 
01-01 01:03:07.748 D/usbplaylist(   67): <tid:387>(line:1665)[GMMediaPlaylist.cpp/playFolder] GMMediaPlaylist::playFolder mode = [1], folderId = [3], index = [0], load [1]
01-01 01:03:07.748 D/usbplaylist(   67): <tid:387>(line:2825)[GMMediaPlaylist.cpp/deviceDbInfo] +++ enter 
01-01 01:03:07.748 D/usbprovider(   61): <tid:164>(line:110)[GMMediaProvider.cpp/query] +++ enter 
01-01 01:03:07.748 D/usbprovider(   61): <tid:164>(line:971)[GMMediaProvider.cpp/PrintParam] select columns count = [1]
01-01 01:03:07.748 D/usbprovider(   61): <tid:164>(line:973)[GMMediaProvider.cpp/PrintParam] select columns[0] is [CONTENT_MASK]
01-01 01:03:07.748 D/usbprovider(   61): <tid:164>(line:976)[GMMediaProvider.cpp/PrintParam] where = [ID=?]
01-01 01:03:07.748 D/usbprovider(   61): <tid:164>(line:978)[GMMediaProvider.cpp/PrintParam] whereArgs count = [1]
01-01 01:03:07.748 D/usbprovider(   61): <tid:164>(line:980)[GMMediaProvider.cpp/PrintParam] whereArgs columns[0] is [1]
01-01 01:03:07.748 D/usbprovider(   61): <tid:164>(line:983)[GMMediaProvider.cpp/PrintParam] sort = []
01-01 01:03:07.748 D/usbprovider(   61): <tid:164>(line:806)[GMMediaProvider.cpp/getDeviceIndex] GMMediaProvider::getDeviceIndex, uri:[content://media/usbsd/device?usb1]
01-01 01:03:07.748 D/usbprovider(   61): <tid:164>(line:116)[GMMediaProvider.cpp/query] uriID = [19] dvsIdx = [0]
01-01 01:03:07.748 D/usbprovider(   61): <tid:164>(line:282)[GMMediaProvider.cpp/query] putString BE0DEE3A putInt64 2
01-01 01:03:07.748 D/usbprovider(   61): <tid:164>(line:110)[GMMediaProvider.cpp/query] --- leave 
01-01 01:03:07.748 D/usbplaylist(   67): <tid:387>(line:2865)[GMMediaPlaylist.cpp/deviceDbInfo] query device database info succeed, info[1] = [2]
01-01 01:03:07.748 D/usbplaylist(   67): <tid:387>(line:2825)[GMMediaPlaylist.cpp/deviceDbInfo] --- leave 
01-01 01:03:07.748 D/usbprovider(   61): <tid:161>(line:110)[GMMediaProvider.cpp/query] +++ enter 
01-01 01:03:07.748 D/usbprovider(   61): <tid:161>(line:971)[GMMediaProvider.cpp/PrintParam] select columns count = [4]
01-01 01:03:07.748 D/usbprovider(   61): <tid:161>(line:973)[GMMediaProvider.cpp/PrintParam] select columns[0] is [ID]
01-01 01:03:07.748 D/usbprovider(   61): <tid:161>(line:973)[GMMediaProvider.cpp/PrintParam] select columns[1] is [FOLDER_ID]
01-01 01:03:07.748 D/usbprovider(   61): <tid:161>(line:973)[GMMediaProvider.cpp/PrintParam] select columns[2] is [NAME]
01-01 01:03:07.748 D/usbprovider(   61): <tid:161>(line:973)[GMMediaProvider.cpp/PrintParam] select columns[3] is [PATH]
01-01 01:03:07.748 D/usbprovider(   61): <tid:161>(line:976)[GMMediaProvider.cpp/PrintParam] where = [TYPE=?]
01-01 01:03:07.748 D/usbprovider(   61): <tid:161>(line:978)[GMMediaProvider.cpp/PrintParam] whereArgs count = [1]
01-01 01:03:07.748 D/usbprovider(   61): <tid:161>(line:980)[GMMediaProvider.cpp/PrintParam] whereArgs columns[0] is [4]
01-01 01:03:07.748 D/usbprovider(   61): <tid:161>(line:983)[GMMediaProvider.cpp/PrintParam] sort = [FOLDER_SORTKEY, SORTKEY]
01-01 01:03:07.748 D/usbprovider(   61): <tid:161>(line:806)[GMMediaProvider.cpp/getDeviceIndex] GMMediaProvider::getDeviceIndex, uri:[content://media/usbsd/fs/files?usb1]
01-01 01:03:07.748 D/usbprovider(   61): <tid:161>(line:116)[GMMediaProvider.cpp/query] uriID = [2] dvsIdx = [0]
01-01 01:03:07.748 D/usbprovider(   61): <tid:161>(line:148)[GMMediaProvider.cpp/query] query>>>MATCH_ID_FS_FILES
01-01 01:03:07.752 D/usbprovider(   61): <tid:161>(line:110)[GMMediaProvider.cpp/query] --- leave 
01-01 01:03:07.752 D/usbplaylist(   67): <tid:387>(line:1734)[GMMediaPlaylist.cpp/playFolder] list Count = [9]
01-01 01:03:07.752 D/usbplaylist(   67): <tid:387>(line:2896)[GMMediaPlaylist.cpp/loadInfoList] +++ enter 
01-01 01:03:07.752 D/usbplaylist(   67): <tid:387>(line:2899)[GMMediaPlaylist.cpp/loadInfoList] m_playlistinfo : albumId[-1], artistId[-1], cmpId[-1], genreId[-1], folderId[3], filePlayMode[4]
01-01 01:03:07.752 D/usbplaylist(   67): <tid:387>(line:2896)[GMMediaPlaylist.cpp/loadInfoList] --- leave 
01-01 01:03:07.752 D/usbplaylist(   67): <tid:387>(line:90)[GMMediaPlaylist.cpp/selectPlaylist] +++ enter 
01-01 01:03:07.752 D/usbplaylist(   67): <tid:387>(line:1363)[GMMediaPlaylist.cpp/initCountInList] +++ enter 
01-01 01:03:07.752 D/usbplaylist(   67): <tid:387>(line:1449)[GMMediaPlaylist.cpp/initCountInList] debug : m_infoList[0].fileCount = [5] | m_infoList[0].baseCount = [0]
01-01 01:03:07.752 D/usbplaylist(   67): <tid:387>(line:1449)[GMMediaPlaylist.cpp/initCountInList] debug : m_infoList[1].fileCount = [4] | m_infoList[1].baseCount = [5]
01-01 01:03:07.752 D/usbplaylist(   67): <tid:387>(line:1363)[GMMediaPlaylist.cpp/initCountInList] --- leave 
01-01 01:03:07.752 D/usbplaylist(   67): <tid:387>(line:654)[GMMediaPlaylist.cpp/amendIndexAndCount] amend index filePlayMode = [4], m_repeatMode = [4], m_randomMode = [3]
01-01 01:03:07.752 D/usbplaylist(   67): <tid:387>(line:732)[GMMediaPlaylist.cpp/amendIndexAndCount] m_baseIndex = [0], m_totalCount = [9], m_countInList = [5]
01-01 01:03:07.752 D/usbplaylist(   67): <tid:387>(line:1126)[GMMediaPlaylist.cpp/updatePlaylistInfo] updatePlaylistInfo : m_randomMode = [3], m_repeatMode = [4]
01-01 01:03:07.752 D/usbplaylist(   67): <tid:387>(line:1127)[GMMediaPlaylist.cpp/updatePlaylistInfo] [debug]updatePlaylistInfo : m_listIndex = [0], currentIndex = [0]
01-01 01:03:07.752 D/usbservice(   67): <tid:387>(line:223)[GMUsbDevicePlayer.cpp/onPlaylistInfoChanged] +++ enter 
01-01 01:03:07.752 D/usbservice(   67): <tid:387>(line:224)[GMUsbDevicePlayer.cpp/onPlaylistInfoChanged] onPlaylistInfoChanged : index = [0], totalCount = [9]
01-01 01:03:07.752 D/usbservice(   67): <tid:387>(line:223)[GMUsbDevicePlayer.cpp/onPlaylistInfoChanged] --- leave 
01-01 01:03:07.752 D/usbservice(   67): <tid:387>(line:130)[GMUsbDevicePlayer.cpp/onPlayItemChanged] +++ enter 
01-01 01:03:07.752 D/usbservice(   67): <tid:387>(line:139)[GMUsbDevicePlayer.cpp/onPlayItemChanged] set item played
01-01 01:03:07.752 D/usbutils(   67): <tid:387>(line:160)[GMTagLibWrap.cpp/readTags] +++ enter 
01-01 01:03:07.784 D/usbutils(   67): <tid:387>(line:200)[GMTagLibWrap.cpp/readTags] start decode [title]
01-01 01:03:07.784 D/usbutils(   67): <tid:387>(line:205)[GMTagLibWrap.cpp/readTags] debug : album is null
01-01 01:03:07.784 D/usbutils(   67): <tid:387>(line:216)[GMTagLibWrap.cpp/readTags] start decode [artist]
01-01 01:03:07.784 D/usbutils(   67): <tid:387>(line:221)[GMTagLibWrap.cpp/readTags] debug : composer is null
01-01 01:03:07.784 D/usbutils(   67): <tid:387>(line:229)[GMTagLibWrap.cpp/readTags] debug : genre is null
01-01 01:03:07.784 D/usbutils(   67): <tid:387>(line:160)[GMTagLibWrap.cpp/readTags] --- leave 
01-01 01:03:07.784 D/usbbackup(   67): <tid:387>(line:195)[MediaBackup.cpp/updatePlayUid] +++ enter 
01-01 01:03:07.788 D/usbbackup(   67): <tid:387>(line:609)[MediaBackup.cpp/saveBackupData] +++ enter 
01-01 01:03:07.788 D/usbbackup(   67): <tid:387>(line:610)[MediaBackup.cpp/saveBackupData] key:[b_clear.USB_LASTINFO]
01-01 01:03:07.788 D/usbdatabase(   67): <tid:387>(line:291)[GMUsbDataManager.cpp/save] +++ enter 
01-01 01:03:07.788 D/usbdatabase(   67): <tid:387>(line:310)[GMUsbDataManager.cpp/save] key exist, update
01-01 01:03:07.792 D/usbdatabase(   67): <tid:387>(line:315)[GMUsbDataManager.cpp/save] save key, update key value succeed
01-01 01:03:07.792 D/usbdatabase(   67): <tid:387>(line:291)[GMUsbDataManager.cpp/save] --- leave 
01-01 01:03:07.792 D/usbbackup(   67): <tid:387>(line:609)[MediaBackup.cpp/saveBackupData] --- leave 
01-01 01:03:07.792 D/usbbackup(   67): <tid:387>(line:195)[MediaBackup.cpp/updatePlayUid] --- leave 
01-01 01:03:07.792 D/usbbackup(   67): <tid:387>(line:233)[MediaBackup.cpp/updatePlayIndex] +++ enter 
01-01 01:03:07.792 D/usbbackup(   67): <tid:387>(line:609)[MediaBackup.cpp/saveBackupData] +++ enter 
01-01 01:03:07.792 D/usbbackup(   67): <tid:387>(line:610)[MediaBackup.cpp/saveBackupData] key:[b_clear.USB_LASTINFO]
01-01 01:03:07.792 D/usbdatabase(   67): <tid:387>(line:291)[GMUsbDataManager.cpp/save] +++ enter 
01-01 01:03:07.792 D/usbdatabase(   67): <tid:387>(line:310)[GMUsbDataManager.cpp/save] key exist, update
01-01 01:03:07.796 D/usbdatabase(   67): <tid:387>(line:315)[GMUsbDataManager.cpp/save] save key, update key value succeed
01-01 01:03:07.796 D/usbdatabase(   67): <tid:387>(line:291)[GMUsbDataManager.cpp/save] --- leave 
01-01 01:03:07.796 D/usbbackup(   67): <tid:387>(line:609)[MediaBackup.cpp/saveBackupData] --- leave 
01-01 01:03:07.796 D/usbbackup(   67): <tid:387>(line:233)[MediaBackup.cpp/updatePlayIndex] --- leave 
01-01 01:03:07.796 D/usbbackup(   67): <tid:387>(line:264)[MediaBackup.cpp/updatePlayTime] +++ enter 
01-01 01:03:07.796 D/usbbackup(   67): <tid:387>(line:275)[MediaBackup.cpp/updatePlayTime] original info, nothing changes, skip update
01-01 01:03:07.796 D/usbbackup(   67): <tid:387>(line:264)[MediaBackup.cpp/updatePlayTime] --- leave 
01-01 01:03:07.796 D/usbservice(   67): <tid:387>(line:2099)[GMUsbDevicePlayer.cpp/playItemUpdated] +++ enter 
01-01 01:03:07.796 D/usbservice(   67): <tid:387>(line:1833)[GMUsbServiceBase.cpp/playItemUpdated] +++ enter 
01-01 01:03:07.796 D/usbservice(   67): <tid:387>(line:1538)[GMUsbServiceBase.cpp/notifyPlayItemUpdated] +++ enter 
01-01 01:03:07.796 D/usbservice(   67): <tid:387>(line:1538)[GMUsbServiceBase.cpp/notifyPlayItemUpdated] --- leave 
01-01 01:03:07.796 D/usbservice(   67): <tid:387>(line:1833)[GMUsbServiceBase.cpp/playItemUpdated] --- leave 
01-01 01:03:07.796 D/usbservice(   67): <tid:387>(line:2099)[GMUsbDevicePlayer.cpp/playItemUpdated] --- leave 
01-01 01:03:07.796 D/usbservice(   67): <tid:387>(line:2045)[GMUsbDevicePlayer.cpp/metaDataUpdated] +++ enter 
01-01 01:03:07.796 D/usbservice(   67): <tid:387>(line:1794)[GMUsbServiceBase.cpp/metaDataUpdated] metaDataFlag = [31]
01-01 01:03:07.796 D/usbservice(   67): <tid:387>(line:1613)[GMUsbServiceBase.cpp/notifyMetaDataUpdated] +++ enter 
01-01 01:03:07.796 D/usbservice(   67): <tid:387>(line:1613)[GMUsbServiceBase.cpp/notifyMetaDataUpdated] --- leave 
01-01 01:03:07.796 D/usbservice(   67): <tid:387>(line:2045)[GMUsbDevicePlayer.cpp/metaDataUpdated] --- leave 
01-01 01:03:07.796 D/usbservice(   67): <tid:387>(line:197)[GMUsbDevicePlayer.cpp/onPlayItemChanged] onPlayItemChanged: start to play
01-01 01:03:07.796 D/usbservice(   67): <tid:387>(line:1323)[GMUsbDevicePlayer.cpp/setPrepare] +++ enter 
01-01 01:03:07.796 D/usbservice(   67): <tid:387>(line:1328)[GMUsbDevicePlayer.cpp/setPrepare] setPrepare >>> url = [file:///mnt/udisk/movie1/PuTongRen 鏅€氫汉.mp4], dataSourceKey = [14]
01-01 01:03:07.796 D/usbservice(   67): <tid:387>(line:1339)[GMUsbDevicePlayer.cpp/prepare] +++ enter 
01-01 01:03:07.800 D/usbservice(   65): <tid:219>(line:607)[GMUsbProxy.cpp/onAsyncResponse] code offset = [36]
01-01 01:03:07.800 D/usbservice(   65): <tid:219>(line:607)[GMUsbProxy.cpp/onAsyncResponse] code offset = [42]
01-01 01:03:07.804 D/usbservice(   67): <tid:387>(line:1339)[GMUsbDevicePlayer.cpp/prepare] --- leave 
01-01 01:03:07.804 D/usbservice(   67): <tid:387>(line:1323)[GMUsbDevicePlayer.cpp/setPrepare] --- leave 
01-01 01:03:07.804 D/usbservice(   67): <tid:387>(line:1357)[GMUsbDevicePlayer.cpp/setPlay] +++ enter 
01-01 01:03:07.804 D/usbservice(   67): <tid:387>(line:1392)[GMUsbDevicePlayer.cpp/setPlay] play current item from 0
01-01 01:03:07.808 D/usbservice(   67): <tid:387>(line:1357)[GMUsbDevicePlayer.cpp/setPlay] --- leave 
01-01 01:03:07.808 D/usbservice(   67): <tid:387>(line:130)[GMUsbDevicePlayer.cpp/onPlayItemChanged] --- leave 
01-01 01:03:07.808 D/usbplaylist(   67): <tid:387>(line:90)[GMMediaPlaylist.cpp/selectPlaylist] --- leave 
01-01 01:03:07.808 D/usbplaylist(   67): <tid:387>(line:1663)[GMMediaPlaylist.cpp/playFolder] --- leave 
01-01 01:03:07.808 D/usbservice(   67): <tid:387>(line:2434)[GMUsbDevicePlayer.cpp/restoreSetting] +++ enter 
01-01 01:03:07.808 D/usbplaylist(   67): <tid:387>(line:163)[GMMediaPlaylist.cpp/setRepeatMode] setRepeatMode = [4]
01-01 01:03:07.808 D/usbplaylist(   67): <tid:387>(line:654)[GMMediaPlaylist.cpp/amendIndexAndCount] amend index filePlayMode = [4], m_repeatMode = [4], m_randomMode = [3]
01-01 01:03:07.808 D/usbplaylist(   67): <tid:387>(line:732)[GMMediaPlaylist.cpp/amendIndexAndCount] m_baseIndex = [0], m_totalCount = [9], m_countInList = [5]
01-01 01:03:07.808 D/usbplaylist(   67): <tid:387>(line:1126)[GMMediaPlaylist.cpp/updatePlaylistInfo] updatePlaylistInfo : m_randomMode = [3], m_repeatMode = [4]
01-01 01:03:07.808 D/usbplaylist(   67): <tid:387>(line:1127)[GMMediaPlaylist.cpp/updatePlaylistInfo] [debug]updatePlaylistInfo : m_listIndex = [0], currentIndex = [0]
01-01 01:03:07.808 D/usbservice(   67): <tid:387>(line:223)[GMUsbDevicePlayer.cpp/onPlaylistInfoChanged] +++ enter 
01-01 01:03:07.808 D/usbservice(   67): <tid:387>(line:224)[GMUsbDevicePlayer.cpp/onPlaylistInfoChanged] onPlaylistInfoChanged : index = [0], totalCount = [9]
01-01 01:03:07.808 D/usbservice(   67): <tid:387>(line:223)[GMUsbDevicePlayer.cpp/onPlaylistInfoChanged] --- leave 
01-01 01:03:07.808 D/usbplaylist(   67): <tid:387>(line:173)[GMMediaPlaylist.cpp/setRandomMode] setRandomMode = [1]
01-01 01:03:07.808 D/usbplaylist(   67): <tid:387>(line:654)[GMMediaPlaylist.cpp/amendIndexAndCount] amend index filePlayMode = [4], m_repeatMode = [4], m_randomMode = [1]
01-01 01:03:07.808 D/usbplaylist(   67): <tid:387>(line:732)[GMMediaPlaylist.cpp/amendIndexAndCount] m_baseIndex = [0], m_totalCount = [9], m_countInList = [5]
01-01 01:03:08.400 D/usbservice(   67): <tid:387>(line:1803)[GMUsbDevicePlayer.cpp/mediaInfoUpdated] +++ enter 
01-01 01:03:08.400 D/usbservice(   67): <tid:387>(line:1805)[GMUsbDevicePlayer.cpp/mediaInfoUpdated] media info update, datasourcekey is [14]
01-01 01:03:08.400 D/usbservice(   67): <tid:387>(line:1809)[GMUsbDevicePlayer.cpp/mediaInfoUpdated] mediaInfoUpdated, duration is 267032
01-01 01:03:08.400 D/usbservice(   67): <tid:387>(line:2032)[GMUsbDevicePlayer.cpp/durationUpdated] +++ enter 
01-01 01:03:08.400 D/usbservice(   67): <tid:387>(line:1782)[GMUsbServiceBase.cpp/durationUpdated] msec = [267032]
01-01 01:03:08.400 D/usbservice(   67): <tid:387>(line:1486)[GMUsbServiceBase.cpp/notifyDurationUpdated] +++ enter 
01-01 01:03:08.400 D/usbservice(   65): <tid:217>(line:607)[GMUsbProxy.cpp/onAsyncResponse] code offset = [32]
01-01 01:03:08.508 D/usbservice(   67): <tid:387>(line:1486)[GMUsbServiceBase.cpp/notifyDurationUpdated] --- leave 
01-01 01:03:08.508 D/usbservice(   67): <tid:387>(line:2032)[GMUsbDevicePlayer.cpp/durationUpdated] --- leave 
01-01 01:03:08.508 D/usbservice(   67): <tid:387>(line:1803)[GMUsbDevicePlayer.cpp/mediaInfoUpdated] --- leave 
01-01 01:03:08.508 D/usbservice(   67): <tid:387>(line:1581)[GMUsbDevicePlayer.cpp/playStatusChanged] +++ enter 
01-01 01:03:08.508 D/usbservice(   67): <tid:387>(line:1582)[GMUsbDevicePlayer.cpp/playStatusChanged] mask:[41], status:[0]
01-01 01:03:08.508 D/usbservice(   67): <tid:387>(line:1584)[GMUsbDevicePlayer.cpp/playStatusChanged] playStatusChanged, status.dataSourceKey = [14]
01-01 01:03:08.508 D/usbservice(   67): <tid:387>(line:1581)[GMUsbDevicePlayer.cpp/playStatusChanged] --- leave 
01-01 01:03:08.508 D/usbservice(   67): <tid:387>(line:1581)[GMUsbDevicePlayer.cpp/playStatusChanged] +++ enter 
01-01 01:03:08.508 D/usbservice(   67): <tid:387>(line:1582)[GMUsbDevicePlayer.cpp/playStatusChanged] mask:[81], status:[0]
01-01 01:03:08.508 D/usbservice(   67): <tid:387>(line:1584)[GMUsbDevicePlayer.cpp/playStatusChanged] playStatusChanged, status.dataSourceKey = [14]
01-01 01:03:08.508 D/usbservice(   67): <tid:387>(line:1753)[GMUsbDevicePlayer.cpp/playStatusChanged] playStatusChanged isAudioMuted [1093156052]
01-01 01:03:08.508 D/usbservice(   67): <tid:387>(line:1581)[GMUsbDevicePlayer.cpp/playStatusChanged] --- leave 
01-01 01:03:08.508 D/usbservice(   67): <tid:387>(line:1581)[GMUsbDevicePlayer.cpp/playStatusChanged] +++ enter 
01-01 01:03:08.508 D/usbservice(   67): <tid:387>(line:1582)[GMUsbDevicePlayer.cpp/playStatusChanged] mask:[3], status:[1]
01-01 01:03:08.508 D/usbservice(   67): <tid:387>(line:1584)[GMUsbDevicePlayer.cpp/playStatusChanged] playStatusChanged, status.dataSourceKey = [14]
01-01 01:03:08.508 D/usbservice(   67): <tid:387>(line:1949)[GMUsbDevicePlayer.cpp/playStatusUpdated] +++ enter 
01-01 01:03:08.508 D/usbservice(   67): <tid:387>(line:1966)[GMUsbDevicePlayer.cpp/playStatusUpdated] playStatusChanged, state is prepared
01-01 01:03:08.508 D/usbservice(   67): <tid:387>(line:1756)[GMUsbServiceBase.cpp/playStatusUpdated] +++ enter 
01-01 01:03:08.508 D/usbservice(   67): <tid:387>(line:1550)[GMUsbServiceBase.cpp/notifyPlayStatusUpdated] +++ enter 
01-01 01:03:08.508 D/usbservice(   65): <tid:219>(line:607)[GMUsbProxy.cpp/onAsyncResponse] code offset = [37]
01-01 01:03:08.552 D/usbservice(   67): <tid:387>(line:1550)[GMUsbServiceBase.cpp/notifyPlayStatusUpdated] --- leave 
01-01 01:03:08.580 D/usbservice(   67): <tid:387>(line:1756)[GMUsbServiceBase.cpp/playStatusUpdated] --- leave 
01-01 01:03:08.580 D/usbservice(   67): <tid:387>(line:1949)[GMUsbDevicePlayer.cpp/playStatusUpdated] --- leave 
01-01 01:03:08.580 D/usbservice(   67): <tid:387>(line:1581)[GMUsbDevicePlayer.cpp/playStatusChanged] --- leave 
01-01 01:03:08.604 D/usbservice(   67): <tid:387>(line:1581)[GMUsbDevicePlayer.cpp/playStatusChanged] +++ enter 
01-01 01:03:08.604 D/usbservice(   67): <tid:387>(line:1582)[GMUsbDevicePlayer.cpp/playStatusChanged] mask:[21], status:[0]
01-01 01:03:08.604 D/usbservice(   67): <tid:387>(line:1584)[GMUsbDevicePlayer.cpp/playStatusChanged] playStatusChanged, status.dataSourceKey = [14]
01-01 01:03:08.604 D/usbservice(   67): <tid:387>(line:1739)[GMUsbDevicePlayer.cpp/playStatusChanged] playStatusChanged position is 0
01-01 01:03:08.604 D/usbservice(   67): <tid:387>(line:2016)[GMUsbDevicePlayer.cpp/positionUpdated] +++ enter 
01-01 01:03:08.604 D/usbbackup(   67): <tid:387>(line:264)[MediaBackup.cpp/updatePlayTime] +++ enter 
01-01 01:03:08.604 D/usbbackup(   67): <tid:387>(line:275)[MediaBackup.cpp/updatePlayTime] original info, nothing changes, skip update
01-01 01:03:08.604 D/usbbackup(   67): <tid:387>(line:264)[MediaBackup.cpp/updatePlayTime] --- leave 
01-01 01:03:08.604 D/usbservice(   67): <tid:387>(line:1769)[GMUsbServiceBase.cpp/positionUpdated] msec = [0]
01-01 01:03:08.604 D/usbservice(   67): <tid:387>(line:1499)[GMUsbServiceBase.cpp/notifyPositionUpdated] +++ enter 
01-01 01:03:08.604 D/usbservice(   65): <tid:217>(line:607)[GMUsbProxy.cpp/onAsyncResponse] code offset = [33]
01-01 01:03:08.668 D/usbservice(   67): <tid:387>(line:1499)[GMUsbServiceBase.cpp/notifyPositionUpdated] --- leave 
01-01 01:03:08.668 D/usbservice(   67): <tid:387>(line:2016)[GMUsbDevicePlayer.cpp/positionUpdated] --- leave 
01-01 01:03:08.668 D/usbservice(   67): <tid:387>(line:1581)[GMUsbDevicePlayer.cpp/playStatusChanged] --- leave 
01-01 01:03:08.668 D/usbservice(   67): <tid:387>(line:1581)[GMUsbDevicePlayer.cpp/playStatusChanged] +++ enter 
01-01 01:03:08.668 D/usbservice(   67): <tid:387>(line:1582)[GMUsbDevicePlayer.cpp/playStatusChanged] mask:[7], status:[3]
01-01 01:03:08.668 D/usbservice(   67): <tid:387>(line:1584)[GMUsbDevicePlayer.cpp/playStatusChanged] playStatusChanged, status.dataSourceKey = [14]
01-01 01:03:08.668 D/usbservice(   67): <tid:387>(line:1949)[GMUsbDevicePlayer.cpp/playStatusUpdated] +++ enter 
01-01 01:03:08.668 D/usbservice(   67): <tid:387>(line:1981)[GMUsbDevicePlayer.cpp/playStatusUpdated] playStatusChanged, state is playing
01-01 01:03:08.668 D/usbservice(   67): <tid:387>(line:1756)[GMUsbServiceBase.cpp/playStatusUpdated] +++ enter 
01-01 01:03:08.668 D/usbservice(   67): <tid:387>(line:1550)[GMUsbServiceBase.cpp/notifyPlayStatusUpdated] +++ enter 
01-01 01:03:08.668 D/usbservice(   65): <tid:219>(line:607)[GMUsbProxy.cpp/onAsyncResponse] code offset = [37]
01-01 01:03:08.692 D/usbservice(   67): <tid:387>(line:1550)[GMUsbServiceBase.cpp/notifyPlayStatusUpdated] --- leave 
01-01 01:03:08.692 D/usbservice(   67): <tid:387>(line:1756)[GMUsbServiceBase.cpp/playStatusUpdated] --- leave 
01-01 01:03:08.692 D/usbservice(   67): <tid:387>(line:1949)[GMUsbDevicePlayer.cpp/playStatusUpdated] --- leave 
01-01 01:03:08.692 D/usbservice(   67): <tid:387>(line:1727)[GMUsbDevicePlayer.cpp/playStatusChanged] playStatusChanged speed is 1000
01-01 01:03:08.692 D/usbservice(   67): <tid:387>(line:1581)[GMUsbDevicePlayer.cpp/playStatusChanged] --- leave 
01-01 01:03:08.692 D/usbservice(   67): <tid:387>(line:1915)[GMUsbDevicePlayer.cpp/ackSeekTo] +++ enter 
01-01 01:03:08.692 D/usbservice(   67): <tid:387>(line:1917)[GMUsbDevicePlayer.cpp/ackSeekTo] ackSeekTo:retCode = 0
01-01 01:03:08.692 D/usbservice(   67): <tid:387>(line:1915)[GMUsbDevicePlayer.cpp/ackSeekTo] --- leave 
01-01 01:03:09.812 D/usbservice(   67): <tid:387>(line:1581)[GMUsbDevicePlayer.cpp/playStatusChanged] +++ enter 
01-01 01:03:09.812 D/usbservice(   67): <tid:387>(line:1582)[GMUsbDevicePlayer.cpp/playStatusChanged] mask:[21], status:[0]
01-01 01:03:09.812 D/usbservice(   67): <tid:387>(line:1584)[GMUsbDevicePlayer.cpp/playStatusChanged] playStatusChanged, status.dataSourceKey = [14]
01-01 01:03:09.812 D/usbservice(   67): <tid:387>(line:1739)[GMUsbDevicePlayer.cpp/playStatusChanged] playStatusChanged position is 1292
01-01 01:03:09.812 D/usbservice(   67): <tid:387>(line:2016)[GMUsbDevicePlayer.cpp/positionUpdated] +++ enter 
01-01 01:03:09.812 D/usbbackup(   67): <tid:387>(line:264)[MediaBackup.cpp/updatePlayTime] +++ enter 
01-01 01:03:09.812 D/usbbackup(   67): <tid:387>(line:609)[MediaBackup.cpp/saveBackupData] +++ enter 
01-01 01:03:09.812 D/usbbackup(   67): <tid:387>(line:610)[MediaBackup.cpp/saveBackupData] key:[b_clear.USB_LASTINFO]
01-01 01:03:09.812 D/usbdatabase(   67): <tid:387>(line:291)[GMUsbDataManager.cpp/save] +++ enter 
01-01 01:03:09.812 D/usbdatabase(   67): <tid:387>(line:310)[GMUsbDataManager.cpp/save] key exist, update
01-01 01:03:09.820 D/usbdatabase(   67): <tid:387>(line:315)[GMUsbDataManager.cpp/save] save key, update key value succeed
01-01 01:03:09.820 D/usbdatabase(   67): <tid:387>(line:291)[GMUsbDataManager.cpp/save] --- leave 
01-01 01:03:09.820 D/usbbackup(   67): <tid:387>(line:609)[MediaBackup.cpp/saveBackupData] --- leave 
01-01 01:03:09.820 D/usbbackup(   67): <tid:387>(line:264)[MediaBackup.cpp/updatePlayTime] --- leave 
01-01 01:03:09.820 D/usbservice(   67): <tid:387>(line:1769)[GMUsbServiceBase.cpp/positionUpdated] msec = [1292]
01-01 01:03:09.820 D/usbservice(   67): <tid:387>(line:1499)[GMUsbServiceBase.cpp/notifyPositionUpdated] +++ enter 
01-01 01:03:09.820 D/usbservice(   65): <tid:217>(line:607)[GMUsbProxy.cpp/onAsyncResponse] code offset = [33]
01-01 01:03:09.820 D/usbservice(   67): <tid:387>(line:1499)[GMUsbServiceBase.cpp/notifyPositionUpdated] --- leave 
01-01 01:03:09.820 D/usbservice(   67): <tid:387>(line:2016)[GMUsbDevicePlayer.cpp/positionUpdated] --- leave 
01-01 01:03:09.820 D/usbservice(   67): <tid:387>(line:1581)[GMUsbDevicePlayer.cpp/playStatusChanged] --- leave 
01-01 01:03:11.012 D/usbservice(   67): <tid:387>(line:1581)[GMUsbDevicePlayer.cpp/playStatusChanged] +++ enter 
01-01 01:03:11.012 D/usbservice(   67): <tid:387>(line:1582)[GMUsbDevicePlayer.cpp/playStatusChanged] mask:[21], status:[0]
01-01 01:03:11.012 D/usbservice(   67): <tid:387>(line:1584)[GMUsbDevicePlayer.cpp/playStatusChanged] playStatusChanged, status.dataSourceKey = [14]
01-01 01:03:11.012 D/usbservice(   67): <tid:387>(line:1739)[GMUsbDevicePlayer.cpp/playStatusChanged] playStatusChanged position is 2502
01-01 01:03:11.012 D/usbservice(   67): <tid:387>(line:2016)[GMUsbDevicePlayer.cpp/positionUpdated] +++ enter 
01-01 01:03:11.012 D/usbbackup(   67): <tid:387>(line:264)[MediaBackup.cpp/updatePlayTime] +++ enter 
01-01 01:03:11.012 D/usbbackup(   67): <tid:387>(line:609)[MediaBackup.cpp/saveBackupData] +++ enter 
01-01 01:03:11.012 D/usbbackup(   67): <tid:387>(line:610)[MediaBackup.cpp/saveBackupData] key:[b_clear.USB_LASTINFO]
01-01 01:03:11.012 D/usbdatabase(   67): <tid:387>(line:291)[GMUsbDataManager.cpp/save] +++ enter 
01-01 01:03:11.016 D/usbdatabase(   67): <tid:387>(line:310)[GMUsbDataManager.cpp/save] key exist, update
01-01 01:03:11.020 D/usbdatabase(   67): <tid:387>(line:315)[GMUsbDataManager.cpp/save] save key, update key value succeed
01-01 01:03:11.020 D/usbdatabase(   67): <tid:387>(line:291)[GMUsbDataManager.cpp/save] --- leave 
01-01 01:03:11.020 D/usbbackup(   67): <tid:387>(line:609)[MediaBackup.cpp/saveBackupData] --- leave 
01-01 01:03:11.020 D/usbbackup(   67): <tid:387>(line:264)[MediaBackup.cpp/updatePlayTime] --- leave 
01-01 01:03:11.020 D/usbservice(   67): <tid:387>(line:1769)[GMUsbServiceBase.cpp/positionUpdated] msec = [2502]
01-01 01:03:11.020 D/usbservice(   67): <tid:387>(line:1499)[GMUsbServiceBase.cpp/notifyPositionUpdated] +++ enter 
01-01 01:03:11.020 D/usbservice(   65): <tid:219>(line:607)[GMUsbProxy.cpp/onAsyncResponse] code offset = [33]
01-01 01:03:11.020 D/usbservice(   67): <tid:387>(line:1499)[GMUsbServiceBase.cpp/notifyPositionUpdated] --- leave 
01-01 01:03:11.020 D/usbservice(   67): <tid:387>(line:2016)[GMUsbDevicePlayer.cpp/positionUpdated] --- leave 
01-01 01:03:11.020 D/usbservice(   67): <tid:387>(line:1581)[GMUsbDevicePlayer.cpp/playStatusChanged] --- leave 
01-01 01:03:12.012 D/usbservice(   67): <tid:387>(line:1581)[GMUsbDevicePlayer.cpp/playStatusChanged] +++ enter 
01-01 01:03:12.012 D/usbservice(   67): <tid:387>(line:1582)[GMUsbDevicePlayer.cpp/playStatusChanged] mask:[21], status:[0]
01-01 01:03:12.012 D/usbservice(   67): <tid:387>(line:1584)[GMUsbDevicePlayer.cpp/playStatusChanged] playStatusChanged, status.dataSourceKey = [14]
01-01 01:03:12.012 D/usbservice(   67): <tid:387>(line:1739)[GMUsbDevicePlayer.cpp/playStatusChanged] playStatusChanged position is 3503
01-01 01:03:12.012 D/usbservice(   67): <tid:387>(line:2016)[GMUsbDevicePlayer.cpp/positionUpdated] +++ enter 
01-01 01:03:12.012 D/usbbackup(   67): <tid:387>(line:264)[MediaBackup.cpp/updatePlayTime] +++ enter 
01-01 01:03:12.012 D/usbbackup(   67): <tid:387>(line:609)[MediaBackup.cpp/saveBackupData] +++ enter 
01-01 01:03:12.012 D/usbbackup(   67): <tid:387>(line:610)[MediaBackup.cpp/saveBackupData] key:[b_clear.USB_LASTINFO]
01-01 01:03:12.012 D/usbdatabase(   67): <tid:387>(line:291)[GMUsbDataManager.cpp/save] +++ enter 
01-01 01:03:12.016 D/usbdatabase(   67): <tid:387>(line:310)[GMUsbDataManager.cpp/save] key exist, update
01-01 01:03:12.020 D/usbdatabase(   67): <tid:387>(line:315)[GMUsbDataManager.cpp/save] save key, update key value succeed
01-01 01:03:12.020 D/usbdatabase(   67): <tid:387>(line:291)[GMUsbDataManager.cpp/save] --- leave 
01-01 01:03:12.020 D/usbbackup(   67): <tid:387>(line:609)[MediaBackup.cpp/saveBackupData] --- leave 
01-01 01:03:12.020 D/usbbackup(   67): <tid:387>(line:264)[MediaBackup.cpp/updatePlayTime] --- leave 
01-01 01:03:12.020 D/usbservice(   67): <tid:387>(line:1769)[GMUsbServiceBase.cpp/positionUpdated] msec = [3503]
01-01 01:03:12.020 D/usbservice(   67): <tid:387>(line:1499)[GMUsbServiceBase.cpp/notifyPositionUpdated] +++ enter 
01-01 01:03:12.020 D/usbservice(   65): <tid:217>(line:607)[GMUsbProxy.cpp/onAsyncResponse] code offset = [33]
01-01 01:03:12.020 D/usbservice(   67): <tid:387>(line:1499)[GMUsbServiceBase.cpp/notifyPositionUpdated] --- leave 
01-01 01:03:12.020 D/usbservice(   67): <tid:387>(line:2016)[GMUsbDevicePlayer.cpp/positionUpdated] --- leave 
01-01 01:03:12.020 D/usbservice(   67): <tid:387>(line:1581)[GMUsbDevicePlayer.cpp/playStatusChanged] --- leave 
01-01 01:03:12.824 D/usbservice(   65): <tid:234>(line:213)[GMUsbProxy.cpp/pause] +++ enter 
01-01 01:03:12.824 D/usbservice(   65): <tid:234>(line:213)[GMUsbProxy.cpp/pause] --- leave 
01-01 01:03:12.824 D/usbservice(   67): <tid:213>(line:131)[GMUsbServiceBase.cpp/onAsyncRequest] SenderId = [2], codeOffset = [9]
01-01 01:03:12.824 D/usbservice(   67): <tid:296>(line:1275)[GMUsbServiceBase.cpp/replyPause] +++ enter 
01-01 01:03:12.824 D/usbservice(   65): <tid:219>(line:607)[GMUsbProxy.cpp/onAsyncResponse] code offset = [9]
01-01 01:03:12.824 D/usbservice(   67): <tid:296>(line:1275)[GMUsbServiceBase.cpp/replyPause] --- leave 
01-01 01:03:12.824 D/usbservice(   67): <tid:296>(line:625)[GMUsbDevicePlayer.cpp/postPause] +++ enter 
01-01 01:03:12.824 D/usbservice(   67): <tid:296>(line:625)[GMUsbDevicePlayer.cpp/postPause] --- leave 
01-01 01:03:12.824 D/usbservice(   67): <tid:387>(line:1464)[GMUsbDevicePlayer.cpp/pause] +++ enter 
01-01 01:03:12.828 D/usbservice(   67): <tid:387>(line:1464)[GMUsbDevicePlayer.cpp/pause] --- leave 
01-01 01:03:12.888 D/usbservice(   67): <tid:387>(line:1581)[GMUsbDevicePlayer.cpp/playStatusChanged] +++ enter 
01-01 01:03:12.888 D/usbservice(   67): <tid:387>(line:1582)[GMUsbDevicePlayer.cpp/playStatusChanged] mask:[7], status:[2]
01-01 01:03:12.888 D/usbservice(   67): <tid:387>(line:1584)[GMUsbDevicePlayer.cpp/playStatusChanged] playStatusChanged, status.dataSourceKey = [14]
01-01 01:03:12.888 D/usbservice(   67): <tid:387>(line:1949)[GMUsbDevicePlayer.cpp/playStatusUpdated] +++ enter 
01-01 01:03:12.888 D/usbservice(   67): <tid:387>(line:1971)[GMUsbDevicePlayer.cpp/playStatusUpdated] playStatusChanged, state is paused
01-01 01:03:12.888 D/usbservice(   67): <tid:387>(line:1756)[GMUsbServiceBase.cpp/playStatusUpdated] +++ enter 
01-01 01:03:12.888 D/usbservice(   67): <tid:387>(line:1550)[GMUsbServiceBase.cpp/notifyPlayStatusUpdated] +++ enter 
01-01 01:03:12.888 D/usbservice(   65): <tid:217>(line:607)[GMUsbProxy.cpp/onAsyncResponse] code offset = [37]
01-01 01:03:12.888 D/usbservice(   67): <tid:387>(line:1550)[GMUsbServiceBase.cpp/notifyPlayStatusUpdated] --- leave 
01-01 01:03:12.888 D/usbservice(   67): <tid:387>(line:1756)[GMUsbServiceBase.cpp/playStatusUpdated] --- leave 
01-01 01:03:12.888 D/usbservice(   67): <tid:387>(line:1949)[GMUsbDevicePlayer.cpp/playStatusUpdated] --- leave 
01-01 01:03:12.888 D/usbservice(   67): <tid:387>(line:1727)[GMUsbDevicePlayer.cpp/playStatusChanged] playStatusChanged speed is 0
01-01 01:03:12.888 D/usbservice(   67): <tid:387>(line:1581)[GMUsbDevicePlayer.cpp/playStatusChanged] --- leave 
============================end  auto play vedio source，then  click stop button =============================





============================click music av button ================================
01-01 01:04:50.348 D/usbservice(   65): <tid:234>(line:94)[GMUsbProxy.cpp/switchPlayMode] +++ enter 
01-01 01:04:50.352 D/usbservice(   67): <tid:387>(line:1581)[GMUsbDevicePlayer.cpp/playStatusChanged] +++ enter 
01-01 01:04:50.352 D/usbservice(   67): <tid:387>(line:1582)[GMUsbDevicePlayer.cpp/playStatusChanged] mask:[10], status:[0]
01-01 01:04:50.352 D/usbservice(   67): <tid:387>(line:1735)[GMUsbDevicePlayer.cpp/playStatusChanged] playStatusChanged warning id is 1
01-01 01:04:50.352 D/usbservice(   67): <tid:387>(line:1581)[GMUsbDevicePlayer.cpp/playStatusChanged] --- leave 
01-01 01:04:50.352 D/usbservice(   67): <tid:215>(line:131)[GMUsbServiceBase.cpp/onAsyncRequest] SenderId = [2], codeOffset = [3]
01-01 01:04:50.376 D/usbservice(   67): <tid:296>(line:1198)[GMUsbServiceBase.cpp/replySwitchPlayMode] +++ enter 
01-01 01:04:50.376 D/usbservice(   65): <tid:219>(line:607)[GMUsbProxy.cpp/onAsyncResponse] code offset = [3]
01-01 01:04:50.380 D/usbservice(   67): <tid:296>(line:1198)[GMUsbServiceBase.cpp/replySwitchPlayMode] --- leave 
01-01 01:04:50.380 D/usbservice(   67): <tid:296>(line:708)[GMUsbServiceBase.cpp/switchPlayMode] switchPlayMode, 0
01-01 01:04:50.380 D/usbservice(   67): <tid:296>(line:603)[GMUsbDevicePlayer.cpp/postSwitchPlayMode] +++ enter 
01-01 01:04:50.380 D/usbservice(   67): <tid:296>(line:603)[GMUsbDevicePlayer.cpp/postSwitchPlayMode] --- leave 
01-01 01:04:50.380 D/usbservice(   67): <tid:387>(line:1164)[GMUsbDevicePlayer.cpp/switchPlayMode] +++ enter 
01-01 01:04:50.380 D/usbservice(   67): <tid:387>(line:1165)[GMUsbDevicePlayer.cpp/switchPlayMode] mode = [0]
01-01 01:04:50.380 D/usbservice(   67): <tid:387>(line:2217)[GMUsbDevicePlayer.cpp/restorePlay] +++ enter 
01-01 01:04:50.380 D/usbbackup(   67): <tid:387>(line:628)[MediaBackup.cpp/printBackupData] +++ enter 
01-01 01:04:50.380 D/usbbackup(   67): <tid:387>(line:631)[MediaBackup.cpp/printBackupData] BACKUP DATA | check byte  | 0
01-01 01:04[  765.351657] [INFO ][CNM_VPU_DRV][F:vpu_release-L:1312][VPUDRV] vpu_release
:50.380 [  765.358819] [INFO ][CNM_VPU_DRV][F:vpu_release-L:1350]vpu_release open count: 1
D/usbbackup(   67): <tid:387>(line:633)[MediaBac[  765.370745] [INFO ][CNM_VPU_DRV][F:vpu_release-L:1312][VPUDRV] vpu_release
kup.cpp/[  765.377906] [INFO ][CNM_VPU_DRV][F:vpu_release-L:1331][VPUDRV] free instance pool
printBac[  765.386109] [INFO ][CNM_VPU_DRV][F:vpu_release-L:1345][VPUDRV] free common memory
kupData][  765.394496] [INFO ][CNM_VPU_DRV][F:vpu_release-L:1350]vpu_release open count: 0
 BACKUP DATA | pId         | 12341234BE0DEE3A
01-01 01:04:50.380 D/usbbackup(   67): <tid:387>(line:636)[MediaBackup.cpp/printBackupData] BACKUP DATA | vId         | 1234BE0DEE3A
01-01 01:04:50.380 D/usbbackup(   67): <tid:387>(line:639)[MediaBackup.cpp/printBackupData] BACKUP DATA | serial No.  | BE0DEE3A
01-01 01:04:50.380 D/usbbackup(   67): <tid:387>(line:642)[MediaBackup.cpp/printBackupData] BACKUP DATA | DB version  | 257
01-01 01:04:50.380 D/usbbackup(   67): <tid:387>(line:645)[MediaBackup.cpp/printBackupData] BACKUP DATA | av mode     | 1
01-01 01:04:50.380 D/usbbackup(   67): <tid:387>(line:648)[MediaBackup.cpp/printBackupData] BACKUP DATA | keep flag   | 0
01-01 01:04:50.380 D/usbbackup(   67): <tid:387>(line:651)[MediaBackup.cpp/printBackupData] BACKUP DATA | audio fid   | 1
01-01 01:04:50.380 D/usbbackup(   67): <tid:387>(line:654)[MediaBackup.cpp/printBackupData] BACKUP DATA | audio index | 1
01-01 01:04:50.380 D/usbbackup(   67): <tid:387>(line:657)[MediaBackup.cpp/printBackupData] BACKUP DATA | audio time  | 11947
01-01 01:04:50.380 D/usbbackup(   67): <tid:387>(line:660)[MediaBackup.cpp/printBackupData] BACKUP DATA | audio rptMd | 4
01-01 01:04:50.380 D/usbbackup(   67): <tid:387>(line:663)[MediaBackup.cpp/printBackupData] BACKUP DATA | audio rndMd | 3
01-01 01:04:50.380 D/usbbackup(   67): <tid:387>(line:666)[MediaBackup.cpp/printBackupData] BACKUP DATA | audio tpmMd | 3
01-01 01:04:50.380 D/usbbackup(   67): <tid:387>(line:669)[MediaBackup.cpp/printBackupData] BACKUP DATA | video fid   | 14
01-01 01:04:50.380 D/usbbackup(   67): <tid:387>(line:672)[MediaBackup.cpp/printBackupData] BACKUP DATA | video index | 1
01-01 01:04:50.380 D/usbbackup(   67): <tid:387>(line:675)[MediaBackup.cpp/printBackupData] BACKUP DATA | video time  | 3503
01-01 01:04:50.380 D/usbbackup(   67): <tid:387>(line:678)[MediaBackup.cpp/printBackupData] BACKUP DATA | video rptMd | 4
01-01 01:04:50.380 D/usbbackup(   67): <tid:387>(line:681)[MediaBackup.cpp/printBackupData] BACKUP DATA | video rntMd | 1
01-01 01:04:50.380 D/usbbackup(   67): <tid:387>(line:684)[MediaBackup.cpp/printBackupData] BACKUP DATA | video tpmMd | 0
01-01 01:04:50.380 D/usbbackup(   67): <tid:387>(line:687)[MediaBackup.cpp/printBackupData] BACKUP DATA | video widMd | 0
01-01 01:04:50.380 D/usbbackup(   67): <tid:387>(line:628)[MediaBackup.cpp/printBackupData] --- leave 
01-01 01:04:50.380 D/usbservice(   67): <tid:387>(line:1475)[GMUsbDevicePlayer.cpp/stop] +++ enter 
01-01 01:04:50.384 D/usbservice(   65): <tid:234>(line:94)[GMUsbProxy.cpp/switchPlayMode] --- leave 
01-01 01:04:50.588 D/usbservice(   67): <tid:387>(line:1475)[GMUsbDevicePlayer.cpp/stop] --- leave 
01-01 01:04:50.588 D/usbbackup(   67): <tid:387>(line:459)[MediaBackup.cpp/getPlayUid] +++ enter 
01-01 01:04:50.588 D/usbbackup(   67): <tid:387>(line:459)[MediaBackup.cpp/getPlayUid] --- leave 
01-01 01:04:50.588 D/usbbackup(   67): <tid:387>(line:501)[MediaBackup.cpp/getPlayTime] +++ enter 
01-01 01:04:50.588 D/usbbackup(   67): <tid:387>(line:501)[MediaBackup.cpp/getPlayTime] --- leave 
01-01 01:04:50.588 D/usbservice(   67): <tid:387>(line:2237)[GMUsbDevicePlayer.cpp/restorePlay] get last audio uid [1]
01-01 01:04:50.588 D/usbplaylist(   67): <tid:387>(line:2466)[GMMediaPlaylist.cpp/load] load audio playlist
01-01 01:04:50.588 D/usbprovider(   61): <tid:164>(line:110)[GMMediaProvider.cpp/query] +++ enter 
01-01 01:04:50.588 D/usbprovider(   61): <tid:164>(line:971)[GMMediaProvider.cpp/PrintParam] select columns count = [6]
01-01 01:04:50.588 D/usbprovider(   61): <tid:164>(line:973)[GMMediaProvider.cpp/PrintParam] select columns[0] is [TYPE]
01-01 01:04:50.588 D/usbprovider(   61): <tid:164>(line:973)[GMMediaProvider.cpp/PrintParam] select columns[1] is [FOLDER_ID]
01-01 01:04:50.588 D/usbprovider(   61): <tid:164>(line:973)[GMMediaProvider.cpp/PrintParam] select columns[2] is [GENRE_ID]
01-01 01:04:50.588 D/usbprovider(   61): <tid:164>(line:973)[GMMediaProvider.cpp/PrintParam] select columns[3] is [ARTIST_ID]
01-01 01:04:50.588 D/usbprovider(   61): <tid:164>(line:973)[GMMediaProvider.cpp/PrintParam] select columns[4] is [COMPOSER_ID]
01-01 01:04:50.588 D/usbprovider(   61): <tid:164>(line:973)[GMMediaProvider.cpp/PrintParam] select columns[5] is [ALBUM_ID]
01-01 01:04:50.588 D/usbprovider(   61): <tid:164>(line:976)[GMMediaProvider.cpp/PrintParam] where = [ID=?]
01-01 01:04:50.588 D/usbprovider(   61): <tid:164>(line:978)[GMMediaProvider.cpp/PrintParam] whereArgs count = [1]
01-01 01:04:50.588 D/usbprovider(   61): <tid:164>(line:980)[GMMediaProvider.cpp/PrintParam] whereArgs columns[0] is [1]
01-01 01:04:50.588 D/usbprovider(   61): <tid:164>(line:983)[GMMediaProvider.cpp/PrintParam] sort = []
01-01 01:04:50.588 D/usbprovider(   61): <tid:164>(line:806)[GMMediaProvider.cpp/getDeviceIndex] GMMediaProvider::getDeviceIndex, uri:[content://media/usbsd/audio/playlists?usb1]
01-01 01:04:50.588 D/usbprovider(   61): <tid:164>(line:116)[GMMediaProvider.cpp/query] uriID = [15] dvsIdx = [0]
01-01 01:04:50.588 D/usbprovider(   61): <tid:164>(line:245)[GMMediaProvider.cpp/query] query>>>MATCH_ID_AUDIO_PLAYLISTS
01-01 01:04:50.588 D/usbprovider(   61): <tid:164>(line:110)[GMMediaProvider.cpp/query] --- leave 
01-01 01:04:50.588 D/usbplaylist(   67): <tid:387>(line:2492)[GMMediaPlaylist.cpp/load] debug : type = [2], folderId = [1], genreId = [-1], artistId = [-1], cmpId = [-1], albumId = [-1]
01-01 01:04:50.592 D/usbprovider(   61): <tid:161>(line:110)[GMMediaProvider.cpp/query] +++ enter 
01-01 01:04:50.592 D/usbprovider(   61): <tid:161>(line:971)[GMMediaProvider.cpp/PrintParam] select columns count = [8]
01-01 01:04:50.592 D/usbprovider(   61): <tid:161>(line:973)[GMMediaProvider.cpp/PrintParam] select columns[0] is [FID]
01-01 01:04:50.592 D/usbprovider(   61): <tid:161>(line:973)[GMMediaProvider.cpp/PrintParam] select columns[1] is [FOLDER_ID]
01-01 01:04:50.592 D/usbprovider(   61): <tid:161>(line:973)[GMMediaProvider.cpp/PrintParam] select columns[2] is [NAME]
01-01 01:04:50.592 D/usbprovider(   61): <tid:161>(line:973)[GMMediaProvider.cpp/PrintParam] select columns[3] is [PATH]
01-01 01:04:50.592 D/usbprovider(   61): <tid:161>(line:973)[GMMediaProvider.cpp/PrintParam] select columns[4] is [COMPOSER_ID]
01-01 01:04:50.592 D/usbprovider(   61): <tid:161>(line:973)[GMMediaProvider.cpp/PrintParam] select columns[5] is [GENRE_ID]
01-01 01:04:50.592 D/usbprovider(   61): <tid:161>(line:973)[GMMediaProvider.cpp/PrintParam] select columns[6] is [ARTIST_ID]
01-01 01:04:50.592 D/usbprovider(   61): <tid:161>(line:973)[GMMediaProvider.cpp/PrintParam] select columns[7] is [ALBUM_ID]
01-01 01:04:50.592 D/usbprovider(   61): <tid:161>(line:976)[GMMediaProvider.cpp/PrintParam] where = [LIST_ID=? AND TYPE=?]
01-01 01:04:50.592 D/usbprovider(   61): <tid:161>(line:978)[GMMediaProvider.cpp/PrintParam] whereArgs count = [2]
01-01 01:04:50.592 D/usbprovider(   61): <tid:161>(line:980)[GMMediaProvider.cpp/PrintParam] whereArgs columns[0] is [1]
01-01 01:04:50.592 D/usbprovider(   61): <tid:161>(line:980)[GMMediaProvider.cpp/PrintParam] whereArgs columns[1] is [2]
01-01 01:04:50.592 D/usbprovider(   61): <tid:161>(line:983)[GMMediaProvider.cpp/PrintParam] sort = [ID]
01-01 01:04:50.592 D/usbprovider(   61): <tid:161>(line:806)[GMMediaProvider.cpp/getDeviceIndex] GMMediaProvider::getDeviceIndex, uri:[content://media/usbsd/audio/playlists/members?usb1]
01-01 01:04:50.592 D/usbprovider(   61): <tid:161>(line:116)[GMMediaProvider.cpp/query] uriID = [17] dvsIdx = [0]
01-01 01:04:50.592 D/usbprovider(   61): <tid:161>(line:261)[GMMediaProvider.cpp/query] query>>>MATCH_ID_AUDIO_PLAYLISTS_MEMBERS
01-01 01:04:50.600 D/usbprovider(   61): <tid:161>(line:110)[GMMediaProvider.cpp/query] --- leave 
01-01 01:04:50.600 D/usbservice(   67): <tid:387>(line:277)[GMUsbDevicePlayer.cpp/onPlayModeUpdated] +++ enter 
01-01 01:04:50.600 D/usbservice(   67): <tid:387>(line:2056)[GMUsbDevicePlayer.cpp/playModeUpdated] +++ enter 
01-01 01:04:50.600 D/usbbackup(   67): <tid:387>(line:171)[MediaBackup.cpp/updateLastAvMode] +++ enter 
01-01 01:04:50.604 D/usbbackup(   67): <tid:387>(line:609)[MediaBackup.cpp/saveBackupData] +++ enter 
01-01 01:04:50.604 D/usbbackup(   67): <tid:387>(line:610)[MediaBackup.cpp/saveBackupData] key:[b_clear.USB_LASTINFO]
01-01 01:04:50.604 D/usbdatabase(   67): <tid:387>(line:291)[GMUsbDataManager.cpp/save] +++ enter 
01-01 01:04:50.604 D/usbdatabase(   67): <tid:387>(line:310)[GMUsbDataManager.cpp/save] key exist, update
01-01 01:04:50.612 D/usbdatabase(   67): <tid:387>(line:315)[GMUsbDataManager.cpp/save] save key, update key value succeed
01-01 01:04:50.612 D/usbdatabase(   67): <tid:387>(line:291)[GMUsbDataManager.cpp/save] --- leave 
01-01 01:04:50.612 D/usbbackup(   67): <tid:387>(line:609)[MediaBackup.cpp/saveBackupData] --- leave 
01-01 01:04:50.612 D/usbbackup(   67): <tid:387>(line:171)[MediaBackup.cpp/updateLastAvMode] --- leave 
01-01 01:04:50.612 D/usbservice(   67): <tid:387>(line:1806)[GMUsbServiceBase.cpp/playModeUpdated] playMode = [0]
01-01 01:04:50.612 D/usbservice(   67): <tid:387>(line:1512)[GMUsbServiceBase.cpp/notifyPlayModeUpdated] +++ enter 
01-01 01:04:50.612 D/usbservice(   65): <tid:217>(line:607)[GMUsbProxy.cpp/onAsyncResponse] code offset = [34]
01-01 01:04:50.612 D/usbservice(   67): <tid:387>(line:1512)[GMUsbServiceBase.cpp/notifyPlayModeUpdated] --- leave 
01-01 01:04:50.612 D/usbservice(   67): <tid:387>(line:2056)[GMUsbDevicePlayer.cpp/playModeUpdated] --- leave 
01-01 01:04:50.612 D/usbservice(   67): <tid:387>(line:277)[GMUsbDevicePlayer.cpp/onPlayModeUpdated] --- leave 
01-01 01:04:50.612 D/usbplaylist(   67): <tid:387>(line:2538)[GMMediaPlaylist.cpp/load] list Count = [13]
01-01 01:04:50.616 D/usbplaylist(   67): <tid:387>(line:2896)[GMMediaPlaylist.cpp/loadInfoList] +++ enter 
01-01 01:04:50.616 D/usbplaylist(   67): <tid:387>(line:2899)[GMMediaPlaylist.cpp/loadInfoList] m_playlistinfo : albumId[-1], artistId[-1], cmpId[-1], genreId[-1], folderId[1], filePlayMode[2]
01-01 01:04:50.616 D/usbplaylist(   67): <tid:387>(line:2896)[GMMediaPlaylist.cpp/loadInfoList] --- leave 
01-01 01:04:50.616 D/usbplaylist(   67): <tid:387>(line:90)[GMMediaPlaylist.cpp/selectPlaylist] +++ enter 
01-01 01:04:50.616 D/usbplaylist(   67): <tid:387>(line:1363)[GMMediaPlaylist.cpp/initCountInList] +++ enter 
01-01 01:04:50.616 D/usbplaylist(   67): <tid:387>(line:1449)[GMMediaPlaylist.cpp/initCountInList] debug : m_infoList[0].fileCount = [8] | m_infoList[0].baseCount = [0]
01-01 01:04:50.616 D/usbplaylist(   67): <tid:387>(line:1449)[GMMediaPlaylist.cpp/initCountInList] debug : m_infoList[1].fileCount = [5] | m_infoList[1].baseCount = [8]
01-01 01:04:50.616 D/usbplaylist(   67): <tid:387>(line:1363)[GMMediaPlaylist.cpp/initCountInList] --- leave 
01-01 01:04:50.616 D/usbplaylist(   67): <tid:387>(line:654)[GMMediaPlaylist.cpp/amendIndexAndCount] amend index filePlayMode = [2], m_repeatMode = [4], m_randomMode = [1]
01-01 01:04:50.616 D/usbplaylist(   67): <tid:387>(line:732)[GMMediaPlaylist.cpp/amendIndexAndCount] m_baseIndex = [0], m_totalCount = [13], m_countInList = [8]
01-01 01:04:50.616 D/usbplaylist(   67): <tid:387>(line:148)[GMMediaPlaylist.cpp/selectPlaylist] start index is -1, wait for song select
01-01 01:04:50.616 D/usbplaylist(   67): <tid:387>(line:90)[GMMediaPlaylist.cpp/selectPlaylist] --- leave 
01-01 01:04:50.616 D/usbbackup(   67): <tid:387>(line:577)[MediaBackup.cpp/getTrickPlayMode] +++ enter 
01-01 01:04:50.616 D/usbbackup(   67): <tid:387>(line:577)[MediaBackup.cpp/getTrickPlayMode] --- leave 
01-01 01:04:50.616 D/usbservice(   67): <tid:387>(line:2434)[GMUsbDevicePlayer.cpp/restoreSetting] +++ enter 
01-01 01:04:50.616 D/usbplaylist(   67): <tid:387>(line:163)[GMMediaPlaylist.cpp/setRepeatMode] setRepeatMode = [4]
