01-01 01:24:45.204 D/usbbackup(   67): <tid:391>(line:264)[MediaBackup.cpp/updatePlayTime] --- leave 
01-01 01:24:45.204 D/usbservice(   67): <tid:391>(line:1769)[GMUsbServiceBase.cpp/positionUpdated] msec = [9970]
01-01 01:24:45.204 D/usbservice(   67): <tid:391>(line:1499)[GMUsbServiceBase.cpp/notifyPositionUpdated] +++ enter 
01-01 01:24:45.204 D/usbservice(   65): <tid:216>(line:607)[GMUsbProxy.cpp/onAsyncResponse] code offset = [33]
01-01 01:24:45.204 D/usbservice(   67): <tid:391>(line:1499)[GMUsbServiceBase.cpp/notifyPositionUpdated] --- leave 
01-01 01:24:45.204 D/usbservice(   67): <tid:391>(line:2016)[GMUsbDevicePlayer.cpp/positionUpdated] --- leave 
01-01 01:24:45.300 D/usbservice(   67): <tid:408>(line:142)[GMUsbDevicePlayer.h/onTimer] onTimer: current m_ForwardRewind is 10000
01-01 01:24:45.300 D/usbservice(   67): <tid:408>(line:143)[GMUsbDevicePlayer.h/onTimer] onTimer: position is 9970
01-01 01:24:45.300 D/usbservice(   67): <tid:408>(line:144)[GMUsbDevicePlayer.h/onTimer] onTimer: duration is 270445
01-01 01:24:45.300 D/usbservice(   67): <tid:408>(line:714)[GMUsbDevicePlayer.cpp/postPositionUpdated] +++ enter 
01-01 01:24:45.300 D/usbservice(   67): <tid:408>(line:714)[GMUsbDevicePlayer.cpp/postPositionUpdated] --- leave 
01-01 01:24:45.300 D/usbservice(   67): <tid:391>(line:2016)[GMUsbDevicePlayer.cpp/positionUpdated] +++ enter 
01-01 01:24:45.300 D/usbbackup(   67): <tid:391>(line:264)[MediaBackup.cpp/updatePlayTime] +++ enter 
01-01 01:24:45.300 D/usbbackup(   67): <tid:391>(line:609)[MediaBackup.cpp/saveBackupData] +++ enter 
01-01 01:24:45.300 D/usbbackup(   67): <tid:391>(line:610)[MediaBackup.cpp/saveBackupData] key:[b_clear.USB_LASTINFO]
01-01 01:24:45.300 D/usbdatabase(   67): <tid:391>(line:291)[GMUsbDataManager.cpp/save] +++ enter 
01-01 01:24:45.300 D/usbdatabase(   67): <tid:391>(line:310)[GMUsbDataManager.cpp/save] key exist, update
01-01 01:24:45.304 D/usbdatabase(   67): <tid:391>(line:315)[GMUsbDataManager.cpp/save] save key, update key value succeed
01-01 01:24:45.304 D/usbdatabase(   67): <tid:391>(line:291)[GMUsbDataManager.cpp/save] --- leave 
01-01 01:24:45.304 D/usbbackup(   67): <tid:391>(line:609)[MediaBackup.cpp/saveBackupData] --- leave 
01-01 01:24:45.304 D/usbbackup(   67): <tid:391>(line:264)[MediaBackup.cpp/updatePlayTime] --- leave 
01-01 01:24:45.304 D/usbservice(   67): <tid:391>(line:1769)[GMUsbServiceBase.cpp/positionUpdated] msec = [10970]
01-01 01:24:45.304 D/usbservice(   67): <tid:391>(line:1499)[GMUsbServiceBase.cpp/notifyPositionUpdated] +++ enter 
01-01 01:24:45.304 D/usbservice(   65): <tid:219>(line:607)[GMUsbProxy.cpp/onAsyncResponse] code offset = [33]
01-01 01:24:45.304 D/usbservice(   67): <tid:391>(line:1499)[GMUsbServiceBase.cpp/notifyPositionUpdated] --- leave 
01-01 01:24:45.304 D/usbservice(   67): <tid:391>(line:2016)[GMUsbDevicePlayer.cpp/positionUpdated] --- leave 
01-01 01:24:45.400 D/usbservice(   67): <tid:408>(line:142)[GMUsbDevicePlayer.h/onTimer] onTimer: current m_ForwardRewind is 10000
01-01 01:24:45.400 D/usbservice(   67): <tid:408>(line:143)[GMUsbDevicePlayer.h/onTimer] onTimer: position is 10970
01-01 01:24:45.400 D/usbservice(   67): <tid:408>(line:144)[GMUsbDevicePlayer.h/onTimer] onTimer: duration is 270445
01-01 01:24:45.400 D/usbservice(   67): <tid:408>(line:714)[GMUsbDevicePlayer.cpp/postPositionUpdated] +++ enter 
01-01 01:24:45.400 D/usbservice(   67): <tid:408>(line:714)[GMUsbDevicePlayer.cpp/postPositionUpdated] --- leave 
01-01 01:24:45.400 D/usbservice(   67): <tid:391>(line:2016)[GMUsbDevicePlayer.cpp/positionUpdated] +++ enter 
01-01 01:24:45.400 D/usbbackup(   67): <tid:391>(line:264)[MediaBackup.cpp/updatePlayTime] +++ enter 
01-01 01:24:45.400 D/usbbackup(   67): <tid:391>(line:609)[MediaBackup.cpp/saveBackupData] +++ enter 
01-01 01:24:45.400 D/usbbackup(   67): <tid:391>(line:610)[MediaBackup.cpp/saveBackupData] key:[b_clear.USB_LASTINFO]
01-01 01:24:45.400 D/usbdatabase(   67): <tid:391>(line:291)[GMUsbDataManager.cpp/save] +++ enter 
01-01 01:24:45.400 D/usbdatabase(   67): <tid:391>(line:310)[GMUsbDataManager.cpp/save] key exist, update
01-01 01:24:45.408 D/usbdatabase(   67): <tid:391>(line:315)[GMUsbDataManager.cpp/save] save key, update key value succeed
01-01 01:24:45.408 D/usbdatabase(   67): <tid:391>(line:291)[GMUsbDataManager.cpp/save] --- leave 
01-01 01:24:45.408 D/usbbackup(   67): <tid:391>(line:609)[MediaBackup.cpp/saveBackupData] --- leave 
01-01 01:24:45.408 D/usbbackup(   67): <tid:391>(line:264)[MediaBackup.cpp/updatePlayTime] --- leave 
01-01 01:24:45.408 D/usbservice(   67): <tid:391>(line:1769)[GMUsbServiceBase.cpp/positionUpdated] msec = [11970]
01-01 01:24:45.408 D/usbservice(   67): <tid:391>(line:1499)[GMUsbServiceBase.cpp/notifyPositionUpdated] +++ enter 
01-01 01:24:45.408 D/usbservice(   65): <tid:216>(line:607)[GMUsbProxy.cpp/onAsyncResponse] code offset = [33]
01-01 01:24:45.408 D/usbservice(   67): <tid:391>(line:1499)[GMUsbServiceBase.cpp/notifyPositionUpdated] --- leave 
01-01 01:24:45.408 D/usbservice(   67): <tid:391>(line:2016)[GMUsbDevicePlayer.cpp/positionUpdated] --- leave 
01-01 01:24:45.500 D/usbservice(   67): <tid:408>(line:142)[GMUsbDevicePlayer.h/onTimer] onTimer: current m_ForwardRewind is 10000
01-01 01:24:45.500 D/usbservice(   67): <tid:408>(line:143)[GMUsbDevicePlayer.h/onTimer] onTimer: position is 11970
01-01 01:24:45.500 D/usbservice(   67): <tid:408>(line:144)[GMUsbDevicePlayer.h/onTimer] onTimer: duration is 270445
01-01 01:24:45.500 D/usbservice(   67): <tid:408>(line:714)[GMUsbDevicePlayer.cpp/postPositionUpdated] +++ enter 
01-01 01:24:45.500 D/usbservice(   67): <tid:408>(line:714)[GMUsbDevicePlayer.cpp/postPositionUpdated] --- leave 
01-01 01:24:45.500 D/usbservice(   67): <tid:391>(line:2016)[GMUsbDevicePlayer.cpp/positionUpdated] +++ enter 
01-01 01:24:45.500 D/usbbackup(   67): <tid:391>(line:264)[MediaBackup.cpp/updatePlayTime] +++ enter 
01-01 01:24:45.504 D/usbbackup(   67): <tid:391>(line:609)[MediaBackup.cpp/saveBackupData] +++ enter 
01-01 01:24:45.504 D/usbbackup(   67): <tid:391>(line:610)[MediaBackup.cpp/saveBackupData] key:[b_clear.USB_LASTINFO]
01-01 01:24:45.504 D/usbdatabase(   67): <tid:391>(line:291)[GMUsbDataManager.cpp/save] +++ enter 
01-01 01:24:45.504 D/usbdatabase(   67): <tid:391>(line:310)[GMUsbDataManager.cpp/save] key exist, update
01-01 01:24:45.508 D/usbdatabase(   67): <tid:391>(line:315)[GMUsbDataManager.cpp/save] save key, update key value succeed
01-01 01:24:45.508 D/usbdatabase(   67): <tid:391>(line:291)[GMUsbDataManager.cpp/save] --- leave 
01-01 01:24:45.508 D/usbbackup(   67): <tid:391>(line:609)[MediaBackup.cpp/saveBackupData] --- leave 
01-01 01:24:45.508 D/usbbackup(   67): <tid:391>(line:264)[MediaBackup.cpp/updatePlayTime] --- leave 
01-01 01:24:45.508 D/usbservice(   67): <tid:391>(line:1769)[GMUsbServiceBase.cpp/positionUpdated] msec = [12970]
01-01 01:24:45.508 D/usbservice(   67): <tid:391>(line:1499)[GMUsbServiceBase.cpp/notifyPositionUpdated] +++ enter 
01-01 01:24:45.508 D/usbservice(   65): <tid:219>(line:607)[GMUsbProxy.cpp/onAsyncResponse] code offset = [33]
01-01 01:24:45.508 D/usbservice(   67): <tid:391>(line:1499)[GMUsbServiceBase.cpp/notifyPositionUpdated] --- leave 
01-01 01:24:45.508 D/usbservice(   67): <tid:391>(line:2016)[GMUsbDevicePlayer.cpp/positionUpdated] --- leave 
01-01 01:24:45.604 D/usbservice(   67): <tid:408>(line:142)[GMUsbDevicePlayer.h/onTimer] onTimer: current m_ForwardRewind is 10000
01-01 01:24:45.604 D/usbservice(   67): <tid:408>(line:143)[GMUsbDevicePlayer.h/onTimer] onTimer: position is 12970
01-01 01:24:45.604 D/usbservice(   67): <tid:408>(line:144)[GMUsbDevicePlayer.h/onTimer] onTimer: duration is 270445
01-01 01:24:45.604 D/usbservice(   67): <tid:408>(line:714)[GMUsbDevicePlayer.cpp/postPositionUpdated] +++ enter 
01-01 01:24:45.604 D/usbservice(   67): <tid:408>(line:714)[GMUsbDevicePlayer.cpp/postPositionUpdated] --- leave 
01-01 01:24:45.604 D/usbservice(   67): <tid:391>(line:2016)[GMUsbDevicePlayer.cpp/positionUpdated] +++ enter 
01-01 01:24:45.604 D/usbbackup(   67): <tid:391>(line:264)[MediaBackup.cpp/updatePlayTime] +++ enter 
01-01 01:24:45.604 D/usbbackup(   67): <tid:391>(line:609)[MediaBackup.cpp/saveBackupData] +++ enter 
01-01 01:24:45.604 D/usbbackup(   67): <tid:391>(line:610)[MediaBackup.cpp/saveBackupData] key:[b_clear.USB_LASTINFO]
01-01 01:24:45.604 D/usbdatabase(   67): <tid:391>(line:291)[GMUsbDataManager.cpp/save] +++ enter 
01-01 01:24:45.604 D/usbdatabase(   67): <tid:391>(line:310)[GMUsbDataManager.cpp/save] key exist, update
01-01 01:24:45.608 D/usbdatabase(   67): <tid:391>(line:315)[GMUsbDataManager.cpp/save] save key, update key value succeed
01-01 01:24:45.608 D/usbdatabase(   67): <tid:391>(line:291)[GMUsbDataManager.cpp/save] --- leave 
01-01 01:24:45.608 D/usbbackup(   67): <tid:391>(line:609)[MediaBackup.cpp/saveBackupData] --- leave 
01-01 01:24:45.608 D/usbbackup(   67): <tid:391>(line:264)[MediaBackup.cpp/updatePlayTime] --- leave 
01-01 01:24:45.608 D/usbservice(   67): <tid:391>(line:1769)[GMUsbServiceBase.cpp/positionUpdated] msec = [13970]
01-01 01:24:45.608 D/usbservice(   67): <tid:391>(line:1499)[GMUsbServiceBase.cpp/notifyPositionUpdated] +++ enter 
01-01 01:24:45.608 D/usbservice(   65): <tid:216>(line:607)[GMUsbProxy.cpp/onAsyncResponse] code offset = [33]
01-01 01:24:45.612 D/usbservice(   67): <tid:391>(line:1499)[GMUsbServiceBase.cpp/notifyPositionUpdated] --- leave 
01-01 01:24:45.612 D/usbservice(   67): <tid:391>(line:2016)[GMUsbDevicePlayer.cpp/positionUpdated] --- leave 
01-01 01:24:45.704 D/usbservice(   67): <tid:408>(line:142)[GMUsbDevicePlayer.h/onTimer] onTimer: current m_ForwardRewind is 10000
01-01 01:24:45.704 D/usbservice(   67): <tid:408>(line:143)[GMUsbDevicePlayer.h/onTimer] onTimer: position is 13970
01-01 01:24:45.704 D/usbservice(   67): <tid:408>(line:144)[GMUsbDevicePlayer.h/onTimer] onTimer: duration is 270445
01-01 01:24:45.704 D/usbservice(   67): <tid:408>(line:714)[GMUsbDevicePlayer.cpp/postPositionUpdated] +++ enter 
01-01 01:24:45.704 D/usbservice(   67): <tid:408>(line:714)[GMUsbDevicePlayer.cpp/postPositionUpdated] --- leave 
01-01 01:24:45.704 D/usbservice(   67): <tid:391>(line:2016)[GMUsbDevicePlayer.cpp/positionUpdated] +++ enter 
01-01 01:24:45.704 D/usbbackup(   67): <tid:391>(line:264)[MediaBackup.cpp/updatePlayTime] +++ enter 
01-01 01:24:45.704 D/usbbackup(   67): <tid:391>(line:609)[MediaBackup.cpp/saveBackupData] +++ enter 
01-01 01:24:45.704 D/usbbackup(   67): <tid:391>(line:610)[MediaBackup.cpp/saveBackupData] key:[b_clear.USB_LASTINFO]
01-01 01:24:45.704 D/usbdatabase(   67): <tid:391>(line:291)[GMUsbDataManager.cpp/save] +++ enter 
01-01 01:24:45.704 D/usbdatabase(   67): <tid:391>(line:310)[GMUsbDataManager.cpp/save] key exist, update
01-01 01:24:45.712 D/usbdatabase(   67): <tid:391>(line:315)[GMUsbDataManager.cpp/save] save key, update key value succeed
01-01 01:24:45.712 D/usbdatabase(   67): <tid:391>(line:291)[GMUsbDataManager.cpp/save] --- leave 
01-01 01:24:45.712 D/usbbackup(   67): <tid:391>(line:609)[MediaBackup.cpp/saveBackupData] --- leave 
01-01 01:24:45.712 D/usbbackup(   67): <tid:391>(line:264)[MediaBackup.cpp/updatePlayTime] --- leave 
01-01 01:24:45.712 D/usbservice(   67): <tid:391>(line:1769)[GMUsbServiceBase.cpp/positionUpdated] msec = [14970]
01-01 01:24:45.712 D/usbservice(   67): <tid:391>(line:1499)[GMUsbServiceBase.cpp/notifyPositionUpdated] +++ enter 
01-01 01:24:45.712 D/usbservice(   65): <tid:219>(line:607)[GMUsbProxy.cpp/onAsyncResponse] code offset = [33]
01-01 01:24:45.712 D/usbservice(   67): <tid:391>(line:1499)[GMUsbServiceBase.cpp/notifyPositionUpdated] --- leave 
01-01 01:24:45.712 D/usbservice(   67): <tid:391>(line:2016)[GMUsbDevicePlayer.cpp/positionUpdated] --- leave 
01-01 01:24:45.804 D/usbservice(   67): <tid:408>(line:142)[GMUsbDevicePlayer.h/onTimer] onTimer: current m_ForwardRewind is 10000
01-01 01:24:45.804 D/usbservice(   67): <tid:408>(line:143)[GMUsbDevicePlayer.h/onTimer] onTimer: position is 14970
01-01 01:24:45.804 D/usbservice(   67): <tid:408>(line:144)[GMUsbDevicePlayer.h/onTimer] onTimer: duration is 270445
01-01 01:24:45.804 D/usbservice(   67): <tid:408>(line:714)[GMUsbDevicePlayer.cpp/postPositionUpdated] +++ enter 
01-01 01:24:45.804 D/usbservice(   67): <tid:408>(line:714)[GMUsbDevicePlayer.cpp/postPositionUpdated] --- leave 
01-01 01:24:45.804 D/usbservice(   67): <tid:391>(line:2016)[GMUsbDevicePlayer.cpp/positionUpdated] +++ enter 
01-01 01:24:45.804 D/usbbackup(   67): <tid:391>(line:264)[MediaBackup.cpp/updatePlayTime] +++ enter 
01-01 01:24:45.808 D/usbbackup(   67): <tid:391>(line:609)[MediaBackup.cpp/saveBackupData] +++ enter 
01-01 01:24:45.808 D/usbbackup(   67): <tid:391>(line:610)[MediaBackup.cpp/saveBackupData] key:[b_clear.USB_LASTINFO]
01-01 01:24:45.808 D/usbdatabase(   67): <tid:391>(line:291)[GMUsbDataManager.cpp/save] +++ enter 
01-01 01:24:45.808 D/usbdatabase(   67): <tid:391>(line:310)[GMUsbDataManager.cpp/save] key exist, update
01-01 01:24:45.812 D/usbdatabase(   67): <tid:391>(line:315)[GMUsbDataManager.cpp/save] save key, update key value succeed
01-01 01:24:45.812 D/usbdatabase(   67): <tid:391>(line:291)[GMUsbDataManager.cpp/save] --- leave 
01-01 01:24:45.812 D/usbbackup(   67): <tid:391>(line:609)[MediaBackup.cpp/saveBackupData] --- leave 
01-01 01:24:45.812 D/usbbackup(   67): <tid:391>(line:264)[MediaBackup.cpp/updatePlayTime] --- leave 
01-01 01:24:45.812 D/usbservice(   67): <tid:391>(line:1769)[GMUsbServiceBase.cpp/positionUpdated] msec = [15970]
01-01 01:24:45.812 D/usbservice(   67): <tid:391>(line:1499)[GMUsbServiceBase.cpp/notifyPositionUpdated] +++ enter 
01-01 01:24:45.812 D/usbservice(   65): <tid:216>(line:607)[GMUsbProxy.cpp/onAsyncResponse] code offset = [33]
01-01 01:24:45.812 D/usbservice(   67): <tid:391>(line:1499)[GMUsbServiceBase.cpp/notifyPositionUpdated] --- leave 
01-01 01:24:45.812 D/usbservice(   67): <tid:391>(line:2016)[GMUsbDevicePlayer.cpp/positionUpdated] --- leave 
01-01 01:24:45.908 D/usbservice(   67): <tid:408>(line:142)[GMUsbDevicePlayer.h/onTimer] onTimer: current m_ForwardRewind is 10000
01-01 01:24:45.908 D/usbservice(   67): <tid:408>(line:143)[GMUsbDevicePlayer.h/onTimer] onTimer: position is 15970
01-01 01:24:45.908 D/usbservice(   67): <tid:408>(line:144)[GMUsbDevicePlayer.h/onTimer] onTimer: duration is 270445
01-01 01:24:45.908 D/usbservice(   67): <tid:408>(line:714)[GMUsbDevicePlayer.cpp/postPositionUpdated] +++ enter 
01-01 01:24:45.908 D/usbservice(   67): <tid:408>(line:714)[GMUsbDevicePlayer.cpp/postPositionUpdated] --- leave 
01-01 01:24:45.908 D/usbservice(   67): <tid:391>(line:2016)[GMUsbDevicePlayer.cpp/positionUpdated] +++ enter 
01-01 01:24:45.908 D/usbbackup(   67): <tid:391>(line:264)[MediaBackup.cpp/updatePlayTime] +++ enter 
01-01 01:24:45.908 D/usbbackup(   67): <tid:391>(line:609)[MediaBackup.cpp/saveBackupData] +++ enter 
01-01 01:24:45.908 D/usbbackup(   67): <tid:391>(line:610)[MediaBackup.cpp/saveBackupData] key:[b_clear.USB_LASTINFO]
01-01 01:24:45.908 D/usbdatabase(   67): <tid:391>(line:291)[GMUsbDataManager.cpp/save] +++ enter 
01-01 01:24:45.908 D/usbdatabase(   67): <tid:391>(line:310)[GMUsbDataManager.cpp/save] key exist, update
01-01 01:24:45.912 D/usbdatabase(   67): <tid:391>(line:315)[GMUsbDataManager.cpp/save] save key, update key value succeed
01-01 01:24:45.912 D/usbdatabase(   67): <tid:391>(line:291)[GMUsbDataManager.cpp/save] --- leave 
01-01 01:24:45.912 D/usbbackup(   67): <tid:391>(line:609)[MediaBackup.cpp/saveBackupData] --- leave 
01-01 01:24:45.912 D/usbbackup(   67): <tid:391>(line:264)[MediaBackup.cpp/updatePlayTime] --- leave 
01-01 01:24:45.912 D/usbservice(   67): <tid:391>(line:1769)[GMUsbServiceBase.cpp/positionUpdated] msec = [16970]
01-01 01:24:45.912 D/usbservice(   67): <tid:391>(line:1499)[GMUsbServiceBase.cpp/notifyPositionUpdated] +++ enter 
01-01 01:24:45.912 D/usbservice(   65): <tid:219>(line:607)[GMUsbProxy.cpp/onAsyncResponse] code offset = [33]
01-01 01:24:45.916 D/usbservice(   67): <tid:391>(line:1499)[GMUsbServiceBase.cpp/notifyPositionUpdated] --- leave 
01-01 01:24:45.916 D/usbservice(   67): <tid:391>(line:2016)[GMUsbDevicePlayer.cpp/positionUpdated] --- leave 
01-01 01:24:46.008 D/usbservice(   67): <tid:408>(line:142)[GMUsbDevicePlayer.h/onTimer] onTimer: current m_ForwardRewind is 10000
01-01 01:24:46.008 D/usbservice(   67): <tid:408>(line:143)[GMUsbDevicePlayer.h/onTimer] onTimer: position is 16970
01-01 01:24:46.008 D/usbservice(   67): <tid:408>(line:144)[GMUsbDevicePlayer.h/onTimer] onTimer: duration is 270445
01-01 01:24:46.008 D/usbservice(   67): <tid:408>(line:714)[GMUsbDevicePlayer.cpp/postPositionUpdated] +++ enter 
01-01 01:24:46.008 D/usbservice(   67): <tid:408>(line:714)[GMUsbDevicePlayer.cpp/postPositionUpdated] --- leave 
01-01 01:24:46.008 D/usbservice(   67): <tid:391>(line:2016)[GMUsbDevicePlayer.cpp/positionUpdated] +++ enter 
01-01 01:24:46.008 D/usbbackup(   67): <tid:391>(line:264)[MediaBackup.cpp/updatePlayTime] +++ enter 
01-01 01:24:46.008 D/usbbackup(   67): <tid:391>(line:609)[MediaBackup.cpp/saveBackupData] +++ enter 
01-01 01:24:46.008 D/usbbackup(   67): <tid:391>(line:610)[MediaBackup.cpp/saveBackupData] key:[b_clear.USB_LASTINFO]
01-01 01:24:46.008 D/usbdatabase(   67): <tid:391>(line:291)[GMUsbDataManager.cpp/save] +++ enter 
01-01 01:24:46.008 D/usbdatabase(   67): <tid:391>(line:310)[GMUsbDataManager.cpp/save] key exist, update
01-01 01:24:46.020 D/usbdatabase(   67): <tid:391>(line:315)[GMUsbDataManager.cpp/save] save key, update key value succeed
01-01 01:24:46.020 D/usbdatabase(   67): <tid:391>(line:291)[GMUsbDataManager.cpp/save] --- leave 
01-01 01:24:46.020 D/usbbackup(   67): <tid:391>(line:609)[MediaBackup.cpp/saveBackupData] --- leave 
01-01 01:24:46.020 D/usbbackup(   67): <tid:391>(line:264)[MediaBackup.cpp/updatePlayTime] --- leave 
01-01 01:24:46.020 D/usbservice(   67): <tid:391>(line:1769)[GMUsbServiceBase.cpp/positionUpdated] msec = [17970]
01-01 01:24:46.020 D/usbservice(   67): <tid:391>(line:1499)[GMUsbServiceBase.cpp/notifyPositionUpdated] +++ enter 
01-01 01:24:46.020 D/usbservice(   65): <tid:216>(line:607)[GMUsbProxy.cpp/onAsyncResponse] code offset = [33]
01-01 01:24:46.020 D/usbservice(   67): <tid:391>(line:1499)[GMUsbServiceBase.cpp/notifyPositionUpdated] --- leave 
01-01 01:24:46.020 D/usbservice(   67): <tid:391>(line:2016)[GMUsbDevicePlayer.cpp/positionUpdated] --- leave 
01-01 01:24:46.108 D/usbservice(   67): <tid:408>(line:142)[GMUsbDevicePlayer.h/onTimer] onTimer: current m_ForwardRewind is 10000
01-01 01:24:46.108 D/usbservice(   67): <tid:408>(line:143)[GMUsbDevicePlayer.h/onTimer] onTimer: position is 17970
01-01 01:24:46.108 D/usbservice(   67): <tid:408>(line:144)[GMUsbDevicePlayer.h/onTimer] onTimer: duration is 270445
01-01 01:24:46.108 D/usbservice(   67): <tid:408>(line:714)[GMUsbDevicePlayer.cpp/postPositionUpdated] +++ enter 
01-01 01:24:46.108 D/usbservice(   67): <tid:408>(line:714)[GMUsbDevicePlayer.cpp/postPositionUpdated] --- leave 
01-01 01:24:46.108 D/usbservice(   67): <tid:391>(line:2016)[GMUsbDevicePlayer.cpp/positionUpdated] +++ enter 
01-01 01:24:46.108 D/usbbackup(   67): <tid:391>(line:264)[MediaBackup.cpp/updatePlayTime] +++ enter 
01-01 01:24:46.108 D/usbbackup(   67): <tid:391>(line:609)[MediaBackup.cpp/saveBackupData] +++ enter 
01-01 01:24:46.108 D/usbbackup(   67): <tid:391>(line:610)[MediaBackup.cpp/saveBackupData] key:[b_clear.USB_LASTINFO]
01-01 01:24:46.108 D/usbdatabase(   67): <tid:391>(line:291)[GMUsbDataManager.cpp/save] +++ enter 
01-01 01:24:46.112 D/usbdatabase(   67): <tid:391>(line:310)[GMUsbDataManager.cpp/save] key exist, update
01-01 01:24:46.116 D/usbdatabase(   67): <tid:391>(line:315)[GMUsbDataManager.cpp/save] save key, update key value succeed
01-01 01:24:46.116 D/usbdatabase(   67): <tid:391>(line:291)[GMUsbDataManager.cpp/save] --- leave 
01-01 01:24:46.116 D/usbbackup(   67): <tid:391>(line:609)[MediaBackup.cpp/saveBackupData] --- leave 
01-01 01:24:46.116 D/usbbackup(   67): <tid:391>(line:264)[MediaBackup.cpp/updatePlayTime] --- leave 
01-01 01:24:46.116 D/usbservice(   67): <tid:391>(line:1769)[GMUsbServiceBase.cpp/positionUpdated] msec = [18970]
01-01 01:24:46.116 D/usbservice(   67): <tid:391>(line:1499)[GMUsbServiceBase.cpp/notifyPositionUpdated] +++ enter 
01-01 01:24:46.116 D/usbservice(   65): <tid:219>(line:607)[GMUsbProxy.cpp/onAsyncResponse] code offset = [33]
01-01 01:24:46.116 D/usbservice(   67): <tid:391>(line:1499)[GMUsbServiceBase.cpp/notifyPositionUpdated] --- leave 
01-01 01:24:46.116 D/usbservice(   67): <tid:391>(line:2016)[GMUsbDevicePlayer.cpp/positionUpdated] --- leave 
01-01 01:24:46.208 D/usbservice(   67): <tid:408>(line:142)[GMUsbDevicePlayer.h/onTimer] onTimer: current m_ForwardRewind is 10000
01-01 01:24:46.208 D/usbservice(   67): <tid:408>(line:143)[GMUsbDevicePlayer.h/onTimer] onTimer: position is 18970
01-01 01:24:46.208 D/usbservice(   67): <tid:408>(line:144)[GMUsbDevicePlayer.h/onTimer] onTimer: duration is 270445
01-01 01:24:46.208 D/usbservice(   67): <tid:408>(line:714)[GMUsbDevicePlayer.cpp/postPositionUpdated] +++ enter 
01-01 01:24:46.208 D/usbservice(   67): <tid:408>(line:714)[GMUsbDevicePlayer.cpp/postPositionUpdated] --- leave 
01-01 01:24:46.212 D/usbservice(   67): <tid:391>(line:2016)[GMUsbDevicePlayer.cpp/positionUpdated] +++ enter 
01-01 01:24:46.212 D/usbbackup(   67): <tid:391>(line:264)[MediaBackup.cpp/updatePlayTime] +++ enter 
01-01 01:24:46.212 D/usbbackup(   67): <tid:391>(line:609)[MediaBackup.cpp/saveBackupData] +++ enter 
01-01 01:24:46.212 D/usbbackup(   67): <tid:391>(line:610)[MediaBackup.cpp/saveBackupData] key:[b_clear.USB_LASTINFO]
01-01 01:24:46.212 D/usbdatabase(   67): <tid:391>(line:291)[GMUsbDataManager.cpp/save] +++ enter 
01-01 01:24:46.212 D/usbdatabase(   67): <tid:391>(line:310)[GMUsbDataManager.cpp/save] key exist, update
01-01 01:24:46.216 D/usbdatabase(   67): <tid:391>(line:315)[GMUsbDataManager.cpp/save] save key, update key value succeed
01-01 01:24:46.216 D/usbdatabase(   67): <tid:391>(line:291)[GMUsbDataManager.cpp/save] --- leave 
01-01 01:24:46.216 D/usbbackup(   67): <tid:391>(line:609)[MediaBackup.cpp/saveBackupData] --- leave 
01-01 01:24:46.216 D/usbbackup(   67): <tid:391>(line:264)[MediaBackup.cpp/updatePlayTime] --- leave 
01-01 01:24:46.216 D/usbservice(   67): <tid:391>(line:1769)[GMUsbServiceBase.cpp/positionUpdated] msec = [19970]
01-01 01:24:46.216 D/usbservice(   67): <tid:391>(line:1499)[GMUsbServiceBase.cpp/notifyPositionUpdated] +++ enter 
01-01 01:24:46.216 D/usbservice(   65): <tid:216>(line:607)[GMUsbProxy.cpp/onAsyncResponse] code offset = [33]
01-01 01:24:46.216 D/usbservice(   67): <tid:391>(line:1499)[GMUsbServiceBase.cpp/notifyPositionUpdated] --- leave 
01-01 01:24:46.216 D/usbservice(   67): <tid:391>(line:2016)[GMUsbDevicePlayer.cpp/positionUpdated] --- leave 
01-01 01:24:46.312 D/usbservice(   67): <tid:408>(line:142)[GMUsbDevicePlayer.h/onTimer] onTimer: current m_ForwardRewind is 10000
01-01 01:24:46.312 D/usbservice(   67): <tid:408>(line:143)[GMUsbDevicePlayer.h/onTimer] onTimer: position is 19970
01-01 01:24:46.312 D/usbservice(   67): <tid:408>(line:144)[GMUsbDevicePlayer.h/onTimer] onTimer: duration is 270445
01-01 01:24:46.312 D/usbservice(   67): <tid:408>(line:714)[GMUsbDevicePlayer.cpp/postPositionUpdated] +++ enter 
01-01 01:24:46.312 D/usbservice(   67): <tid:408>(line:714)[GMUsbDevicePlayer.cpp/postPositionUpdated] --- leave 
01-01 01:24:46.312 D/usbservice(   67): <tid:391>(line:2016)[GMUsbDevicePlayer.cpp/positionUpdated] +++ enter 
01-01 01:24:46.312 D/usbbackup(   67): <tid:391>(line:264)[MediaBackup.cpp/updatePlayTime] +++ enter 
01-01 01:24:46.312 D/usbbackup(   67): <tid:391>(line:609)[MediaBackup.cpp/saveBackupData] +++ enter 
01-01 01:24:46.312 D/usbbackup(   67): <tid:391>(line:610)[MediaBackup.cpp/saveBackupData] key:[b_clear.USB_LASTINFO]
01-01 01:24:46.312 D/usbdatabase(   67): <tid:391>(line:291)[GMUsbDataManager.cpp/save] +++ enter 
01-01 01:24:46.312 D/usbdatabase(   67): <tid:391>(line:310)[GMUsbDataManager.cpp/save] key exist, update
01-01 01:24:46.316 D/usbdatabase(   67): <tid:391>(line:315)[GMUsbDataManager.cpp/save] save key, update key value succeed
01-01 01:24:46.316 D/usbdatabase(   67): <tid:391>(line:291)[GMUsbDataManager.cpp/save] --- leave 
01-01 01:24:46.316 D/usbbackup(   67): <tid:391>(line:609)[MediaBackup.cpp/saveBackupData] --- leave 
01-01 01:24:46.316 D/usbbackup(   67): <tid:391>(line:264)[MediaBackup.cpp/updatePlayTime] --- leave 
01-01 01:24:46.316 D/usbservice(   67): <tid:391>(line:1769)[GMUsbServiceBase.cpp/positionUpdated] msec = [20970]
01-01 01:24:46.316 D/usbservice(   67): <tid:391>(line:1499)[GMUsbServiceBase.cpp/notifyPositionUpdated] +++ enter 
01-01 01:24:46.316 D/usbservice(   65): <tid:219>(line:607)[GMUsbProxy.cpp/onAsyncResponse] code offset = [33]
01-01 01:24:46.316 D/usbservice(   67): <tid:391>(line:1499)[GMUsbServiceBase.cpp/notifyPositionUpdated] --- leave 
01-01 01:24:46.316 D/usbservice(   67): <tid:391>(line:2016)[GMUsbDevicePlayer.cpp/positionUpdated] --- leave 
01-01 01:24:46.412 D/usbservice(   67): <tid:408>(line:142)[GMUsbDevicePlayer.h/onTimer] onTimer: current m_ForwardRewind is 10000
01-01 01:24:46.412 D/usbservice(   67): <tid:408>(line:143)[GMUsbDevicePlayer.h/onTimer] onTimer: position is 20970
01-01 01:24:46.412 D/usbservice(   67): <tid:408>(line:144)[GMUsbDevicePlayer.h/onTimer] onTimer: duration is 270445
01-01 01:24:46.412 D/usbservice(   67): <tid:408>(line:714)[GMUsbDevicePlayer.cpp/postPositionUpdated] +++ enter 
01-01 01:24:46.412 D/usbservice(   67): <tid:408>(line:714)[GMUsbDevicePlayer.cpp/postPositionUpdated] --- leave 
01-01 01:24:46.412 D/usbservice(   67): <tid:391>(line:2016)[GMUsbDevicePlayer.cpp/positionUpdated] +++ enter 
01-01 01:24:46.412 D/usbbackup(   67): <tid:391>(line:264)[MediaBackup.cpp/updatePlayTime] +++ enter 
01-01 01:24:46.412 D/usbbackup(   67): <tid:391>(line:609)[MediaBackup.cpp/saveBackupData] +++ enter 
01-01 01:24:46.412 D/usbbackup(   67): <tid:391>(line:610)[MediaBackup.cpp/saveBackupData] key:[b_clear.USB_LASTINFO]
01-01 01:24:46.412 D/usbdatabase(   67): <tid:391>(line:291)[GMUsbDataManager.cpp/save] +++ enter 
01-01 01:24:46.412 D/usbdatabase(   67): <tid:391>(line:310)[GMUsbDataManager.cpp/save] key exist, update
01-01 01:24:46.420 D/usbdatabase(   67): <tid:391>(line:315)[GMUsbDataManager.cpp/save] save key, update key value succeed
01-01 01:24:46.420 D/usbdatabase(   67): <tid:391>(line:291)[GMUsbDataManager.cpp/save] --- leave 
01-01 01:24:46.420 D/usbbackup(   67): <tid:391>(line:609)[MediaBackup.cpp/saveBackupData] --- leave 
01-01 01:24:46.420 D/usbbackup(   67): <tid:391>(line:264)[MediaBackup.cpp/updatePlayTime] --- leave 
01-01 01:24:46.420 D/usbservice(   67): <tid:391>(line:1769)[GMUsbServiceBase.cpp/positionUpdated] msec = [21970]
01-01 01:24:46.420 D/usbservice(   67): <tid:391>(line:1499)[GMUsbServiceBase.cpp/notifyPositionUpdated] +++ enter 
01-01 01:24:46.420 D/usbservice(   65): <tid:216>(line:607)[GMUsbProxy.cpp/onAsyncResponse] code offset = [33]
01-01 01:24:46.420 D/usbservice(   67): <tid:391>(line:1499)[GMUsbServiceBase.cpp/notifyPositionUpdated] --- leave 
01-01 01:24:46.420 D/usbservice(   67): <tid:391>(line:2016)[GMUsbDevicePlayer.cpp/positionUpdated] --- leave 
01-01 01:24:46.512 D/usbservice(   67): <tid:408>(line:142)[GMUsbDevicePlayer.h/onTimer] onTimer: current m_ForwardRewind is 10000
01-01 01:24:46.512 D/usbservice(   67): <tid:408>(line:143)[GMUsbDevicePlayer.h/onTimer] onTimer: position is 21970
01-01 01:24:46.512 D/usbservice(   67): <tid:408>(line:144)[GMUsbDevicePlayer.h/onTimer] onTimer: duration is 270445
01-01 01:24:46.512 D/usbservice(   67): <tid:408>(line:714)[GMUsbDevicePlayer.cpp/postPositionUpdated] +++ enter 
01-01 01:24:46.512 D/usbservice(   67): <tid:408>(line:714)[GMUsbDevicePlayer.cpp/postPositionUpdated] --- leave 
01-01 01:24:46.512 D/usbservice(   67): <tid:391>(line:2016)[GMUsbDevicePlayer.cpp/positionUpdated] +++ enter 
01-01 01:24:46.512 D/usbbackup(   67): <tid:391>(line:264)[MediaBackup.cpp/updatePlayTime] +++ enter 
01-01 01:24:46.516 D/usbbackup(   67): <tid:391>(line:609)[MediaBackup.cpp/saveBackupData] +++ enter 
01-01 01:24:46.516 D/usbbackup(   67): <tid:391>(line:610)[MediaBackup.cpp/saveBackupData] key:[b_clear.USB_LASTINFO]
01-01 01:24:46.516 D/usbdatabase(   67): <tid:391>(line:291)[GMUsbDataManager.cpp/save] +++ enter 
01-01 01:24:46.516 D/usbdatabase(   67): <tid:391>(line:310)[GMUsbDataManager.cpp/save] key exist, update
01-01 01:24:46.520 D/usbdatabase(   67): <tid:391>(line:315)[GMUsbDataManager.cpp/save] save key, update key value succeed
01-01 01:24:46.520 D/usbdatabase(   67): <tid:391>(line:291)[GMUsbDataManager.cpp/save] --- leave 
01-01 01:24:46.520 D/usbbackup(   67): <tid:391>(line:609)[MediaBackup.cpp/saveBackupData] --- leave 
01-01 01:24:46.520 D/usbbackup(   67): <tid:391>(line:264)[MediaBackup.cpp/updatePlayTime] --- leave 
01-01 01:24:46.520 D/usbservice(   67): <tid:391>(line:1769)[GMUsbServiceBase.cpp/positionUpdated] msec = [22970]
01-01 01:24:46.520 D/usbservice(   67): <tid:391>(line:1499)[GMUsbServiceBase.cpp/notifyPositionUpdated] +++ enter 
01-01 01:24:46.520 D/usbservice(   65): <tid:219>(line:607)[GMUsbProxy.cpp/onAsyncResponse] code offset = [33]
01-01 01:24:46.520 D/usbservice(   67): <tid:391>(line:1499)[GMUsbServiceBase.cpp/notifyPositionUpdated] --- leave 
01-01 01:24:46.520 D/usbservice(   67): <tid:391>(line:2016)[GMUsbDevicePlayer.cpp/positionUpdated] --- leave 
01-01 01:24:46.612 D/usbservice(   67): <tid:408>(line:142)[GMUsbDevicePlayer.h/onTimer] onTimer: current m_ForwardRewind is 10000
01-01 01:24:46.612 D/usbservice(   67): <tid:408>(line:143)[GMUsbDevicePlayer.h/onTimer] onTimer: position is 22970
01-01 01:24:46.612 D/usbservice(   67): <tid:408>(line:144)[GMUsbDevicePlayer.h/onTimer] onTimer: duration is 270445
01-01 01:24:46.612 D/usbservice(   67): <tid:408>(line:714)[GMUsbDevicePlayer.cpp/postPositionUpdated] +++ enter 
01-01 01:24:46.612 D/usbservice(   67): <tid:408>(line:714)[GMUsbDevicePlayer.cpp/postPositionUpdated] --- leave 
01-01 01:24:46.612 D/usbservice(   67): <tid:391>(line:2016)[GMUsbDevicePlayer.cpp/positionUpdated] +++ enter 
01-01 01:24:46.612 D/usbbackup(   67): <tid:391>(line:264)[MediaBackup.cpp/updatePlayTime] +++ enter 
01-01 01:24:46.616 D/usbbackup(   67): <tid:391>(line:609)[MediaBackup.cpp/saveBackupData] +++ enter 
01-01 01:24:46.616 D/usbbackup(   67): <tid:391>(line:610)[MediaBackup.cpp/saveBackupData] key:[b_clear.USB_LASTINFO]
01-01 01:24:46.616 D/usbdatabase(   67): <tid:391>(line:291)[GMUsbDataManager.cpp/save] +++ enter 
01-01 01:24:46.616 D/usbdatabase(   67): <tid:391>(line:310)[GMUsbDataManager.cpp/save] key exist, update
01-01 01:24:46.620 D/usbdatabase(   67): <tid:391>(line:315)[GMUsbDataManager.cpp/save] save key, update key value succeed
01-01 01:24:46.620 D/usbdatabase(   67): <tid:391>(line:291)[GMUsbDataManager.cpp/save] --- leave 
01-01 01:24:46.620 D/usbbackup(   67): <tid:391>(line:609)[MediaBackup.cpp/saveBackupData] --- leave 
01-01 01:24:46.620 D/usbbackup(   67): <tid:391>(line:264)[MediaBackup.cpp/updatePlayTime] --- leave 
01-01 01:24:46.620 D/usbservice(   67): <tid:391>(line:1769)[GMUsbServiceBase.cpp/positionUpdated] msec = [23970]
01-01 01:24:46.620 D/usbservice(   67): <tid:391>(line:1499)[GMUsbServiceBase.cpp/notifyPositionUpdated] +++ enter 
01-01 01:24:46.620 D/usbservice(   65): <tid:216>(line:607)[GMUsbProxy.cpp/onAsyncResponse] code offset = [33]
01-01 01:24:46.620 D/usbservice(   67): <tid:391>(line:1499)[GMUsbServiceBase.cpp/notifyPositionUpdated] --- leave 
01-01 01:24:46.620 D/usbservice(   67): <tid:391>(line:2016)[GMUsbDevicePlayer.cpp/positionUpdated] --- leave 
01-01 01:24:46.716 D/usbservice(   67): <tid:408>(line:142)[GMUsbDevicePlayer.h/onTimer] onTimer: current m_ForwardRewind is 10000
01-01 01:24:46.716 D/usbservice(   67): <tid:408>(line:143)[GMUsbDevicePlayer.h/onTimer] onTimer: position is 23970
01-01 01:24:46.716 D/usbservice(   67): <tid:408>(line:144)[GMUsbDevicePlayer.h/onTimer] onTimer: duration is 270445
01-01 01:24:46.716 D/usbservice(   67): <tid:408>(line:714)[GMUsbDevicePlayer.cpp/postPositionUpdated] +++ enter 
01-01 01:24:46.716 D/usbservice(   67): <tid:408>(line:714)[GMUsbDevicePlayer.cpp/postPositionUpdated] --- leave 
01-01 01:24:46.716 D/usbservice(   67): <tid:391>(line:2016)[GMUsbDevicePlayer.cpp/positionUpdated] +++ enter 
01-01 01:24:46.716 D/usbbackup(   67): <tid:391>(line:264)[MediaBackup.cpp/updatePlayTime] +++ enter 
01-01 01:24:46.716 D/usbbackup(   67): <tid:391>(line:609)[MediaBackup.cpp/saveBackupData] +++ enter 
01-01 01:24:46.716 D/usbbackup(   67): <tid:391>(line:610)[MediaBackup.cpp/saveBackupData] key:[b_clear.USB_LASTINFO]
01-01 01:24:46.716 D/usbdatabase(   67): <tid:391>(line:291)[GMUsbDataManager.cpp/save] +++ enter 
01-01 01:24:46.716 D/usbdatabase(   67): <tid:391>(line:310)[GMUsbDataManager.cpp/save] key exist, update
01-01 01:24:46.720 D/usbdatabase(   67): <tid:391>(line:315)[GMUsbDataManager.cpp/save] save key, update key value succeed
01-01 01:24:46.720 D/usbdatabase(   67): <tid:391>(line:291)[GMUsbDataManager.cpp/save] --- leave 
01-01 01:24:46.720 D/usbbackup(   67): <tid:391>(line:609)[MediaBackup.cpp/saveBackupData] --- leave 
01-01 01:24:46.720 D/usbbackup(   67): <tid:391>(line:264)[MediaBackup.cpp/updatePlayTime] --- leave 
01-01 01:24:46.720 D/usbservice(   67): <tid:391>(line:1769)[GMUsbServiceBase.cpp/positionUpdated] msec = [24970]
01-01 01:24:46.720 D/usbservice(   67): <tid:391>(line:1499)[GMUsbServiceBase.cpp/notifyPositionUpdated] +++ enter 
01-01 01:24:46.720 D/usbservice(   65): <tid:219>(line:607)[GMUsbProxy.cpp/onAsyncResponse] code offset = [33]
01-01 01:24:46.720 D/usbservice(   67): <tid:391>(line:1499)[GMUsbServiceBase.cpp/notifyPositionUpdated] --- leave 
01-01 01:24:46.720 D/usbservice(   67): <tid:391>(line:2016)[GMUsbDevicePlayer.cpp/positionUpdated] --- leave 
01-01 01:24:46.816 D/usbservice(   67): <tid:408>(line:142)[GMUsbDevicePlayer.h/onTimer] onTimer: current m_ForwardRewind is 10000
01-01 01:24:46.816 D/usbservice(   67): <tid:408>(line:143)[GMUsbDevicePlayer.h/onTimer] onTimer: position is 24970
01-01 01:24:46.816 D/usbservice(   67): <tid:408>(line:144)[GMUsbDevicePlayer.h/onTimer] onTimer: duration is 270445
01-01 01:24:46.816 D/usbservice(   67): <tid:408>(line:714)[GMUsbDevicePlayer.cpp/postPositionUpdated] +++ enter 
01-01 01:24:46.816 D/usbservice(   67): <tid:408>(line:714)[GMUsbDevicePlayer.cpp/postPositionUpdated] --- leave 
01-01 01:24:46.816 D/usbservice(   67): <tid:391>(line:2016)[GMUsbDevicePlayer.cpp/positionUpdated] +++ enter 
01-01 01:24:47.460 D/usbservice(   67): <tid:391>(line:1581)[GMUsbDevicePlayer.cpp/playStatusChanged] +++ enter 
01-01 01:24:47.460 D/usbservice(   67): <tid:391>(line:1582)[GMUsbDevicePlayer.cpp/playStatusChanged] mask:[21], status:[0]
01-01 01:24:47.460 D/usbservice(   67): <tid:391>(line:1584)[GMUsbDevicePlayer.cpp/playStatusChanged] playStatusChanged, status.dataSourceKey = [1]
01-01 01:24:47.460 D/usbservice(   67): <tid:391>(line:1739)[GMUsbDevicePlayer.cpp/playStatusChanged] playStatusChanged position is 30970
01-01 01:24:47.460 D/usbservice(   67): <tid:391>(line:2016)[GMUsbDevicePlayer.cpp/positionUpdated] +++ enter 
01-01 01:24:47.460 D/usbbackup(   67): <tid:391>(line:264)[MediaBackup.cpp/updatePlayTime] +++ enter 
01-01 01:24:47.460 D/usbbackup(   67): <tid:391>(line:268)[MediaBackup.cpp/updatePlayTime] original info, nothing changes, skip update
01-01 01:24:47.460 D/usbbackup(   67): <tid:391>(line:264)[MediaBackup.cpp/updatePlayTime] --- leave 
01-01 01:24:47.460 D/usbservice(   67): <tid:391>(line:1769)[GMUsbServiceBase.cpp/positionUpdated] msec = [30970]
01-01 01:24:47.460 D/usbservice(   67): <tid:391>(line:1499)[GMUsbServiceBase.cpp/notifyPositionUpdated] +++ enter 
01-01 01:24:47.460 D/usbservice(   67): <tid:391>(line:1499)[GMUsbServiceBase.cpp/notifyPositionUpdated] --- leave 
01-01 01:24:47.460 D/usbservice(   67): <tid:391>(line:2016)[GMUsbDevicePlayer.cpp/positionUpdated] --- leave 
01-01 01:24:47.460 D/usbservice(   67): <tid:391>(line:1581)[GMUsbDevicePlayer.cpp/playStatusChanged] --- leave 
01-01 01:24:47.460 D/usbservice(   65): <tid:219>(line:607)[GMUsbProxy.cpp/onAsyncResponse] code offset = [33]
01-01 01:24:47.460 D/usbservice(   67): <tid:391>(line:1581)[GMUsbDevicePlayer.cpp/playStatusChanged] +++ enter 
01-01 01:24:47.460 D/usbservice(   67): <tid:391>(line:1582)[GMUsbDevicePlayer.cpp/playStatusChanged] mask:[7], status:[3]
01-01 01:24:47.460 D/usbservice(   67): <tid:391>(line:1584)[GMUsbDevicePlayer.cpp/playStatusChanged] playStatusChanged, status.dataSourceKey = [1]
01-01 01:24:47.460 D/usbservice(   67): <tid:391>(line:1949)[GMUsbDevicePlayer.cpp/playStatusUpdated] +++ enter 
01-01 01:24:47.460 D/usbservice(   67): <tid:391>(line:1981)[GMUsbDevicePlayer.cpp/playStatusUpdated] playStatusChanged, state is playing
01-01 01:24:47.460 D/usbservice(   67): <tid:391>(line:1756)[GMUsbServiceBase.cpp/playStatusUpdated] +++ enter 
01-01 01:24:47.460 D/usbservice(   67): <tid:391>(line:1550)[GMUsbServiceBase.cpp/notifyPlayStatusUpdated] +++ enter 
01-01 01:24:47.460 D/usbservice(   65): <tid:216>(line:607)[GMUsbProxy.cpp/onAsyncResponse] code offset = [37]
01-01 01:24:47.460 D/usbservice(   67): <tid:391>(line:1550)[GMUsbServiceBase.cpp/notifyPlayStatusUpdated] --- leave 
01-01 01:24:47.460 D/usbservice(   67): <tid:391>(line:1756)[GMUsbServiceBase.cpp/playStatusUpdated] --- leave 
01-01 01:24:47.460 D/usbservice(   67): <tid:391>(line:1949)[GMUsbDevicePlayer.cpp/playStatusUpdated] --- leave 
01-01 01:24:47.460 D/usbservice(   67): <tid:391>(line:1727)[GMUsbDevicePlayer.cpp/playStatusChanged] playStatusChanged speed is 1000
01-01 01:24:47.460 D/usbservice(   67): <tid:391>(line:1581)[GMUsbDevicePlayer.cpp/playStatusChanged] --- leave 
01-01 01:24:47.460 D/usbservice(   67): <tid:391>(line:1915)[GMUsbDevicePlayer.cpp/ackSeekTo] +++ enter 
01-01 01:24:47.460 D/usbservice(   67): <tid:391>(line:1917)[GMUsbDevicePlayer.cpp/ackSeekTo] ackSeekTo:retCode = 0
01-01 01:24:47.460 D/usbservice(   67): <tid:391>(line:1915)[GMUsbDevicePlayer.cpp/ackSeekTo] --- leave 
01-01 01:24:48.664 D/usbservice(   67): <tid:391>(line:1581)[GMUsbDevicePlayer.cpp/playStatusChanged] +++ enter 
01-01 01:24:48.664 D/usbservice(   67): <tid:391>(line:1582)[GMUsbDevicePlayer.cpp/playStatusChanged] mask:[21], status:[0]
01-01 01:24:48.664 D/usbservice(   67): <tid:391>(line:1584)[GMUsbDevicePlayer.cpp/playStatusChanged] playStatusChanged, status.dataSourceKey = [1]
01-01 01:24:48.664 D/usbservice(   67): <tid:391>(line:1739)[GMUsbDevicePlayer.cpp/playStatusChanged] playStatusChanged position is 32280
01-01 01:24:48.664 D/usbservice(   67): <tid:391>(line:2016)[GMUsbDevicePlayer.cpp/positionUpdated] +++ enter 
01-01 01:24:48.664 D/usbbackup(   67): <tid:391>(line:264)[MediaBackup.cpp/updatePlayTime] +++ enter 
01-01 01:24:48.664 D/usbbackup(   67): <tid:391>(line:609)[MediaBackup.cpp/saveBackupData] +++ enter 
01-01 01:24:48.664 D/usbbackup(   67): <tid:391>(line:610)[MediaBackup.cpp/saveBackupData] key:[b_clear.USB_LASTINFO]
01-01 01:24:48.664 D/usbdatabase(   67): <tid:391>(line:291)[GMUsbDataManager.cpp/save] +++ enter 
01-01 01:24:48.664 D/usbdatabase(   67): <tid:391>(line:310)[GMUsbDataManager.cpp/save] key exist, update
01-01 01:24:48.668 D/usbdatabase(   67): <tid:391>(line:315)[GMUsbDataManager.cpp/save] save key, update key value succeed
01-01 01:24:48.668 D/usbdatabase(   67): <tid:391>(line:291)[GMUsbDataManager.cpp/save] --- leave 
01-01 01:24:48.668 D/usbbackup(   67): <tid:391>(line:609)[MediaBackup.cpp/saveBackupData] --- leave 
01-01 01:24:48.668 D/usbbackup(   67): <tid:391>(line:264)[MediaBackup.cpp/updatePlayTime] --- leave 
01-01 01:24:48.668 D/usbservice(   67): <tid:391>(line:1769)[GMUsbServiceBase.cpp/positionUpdated] msec = [32280]
01-01 01:24:48.668 D/usbservice(   67): <tid:391>(line:1499)[GMUsbServiceBase.cpp/notifyPositionUpdated] +++ enter 
01-01 01:24:48.668 D/usbservice(   65): <tid:219>(line:607)[GMUsbProxy.cpp/onAsyncResponse] code offset = [33]
01-01 01:24:48.672 D/usbservice(   67): <tid:391>(line:1499)[GMUsbServiceBase.cpp/notifyPositionUpdated] --- leave 
01-01 01:24:48.672 D/usbservice(   67): <tid:391>(line:2016)[GMUsbDevicePlayer.cpp/positionUpdated] --- leave 
01-01 01:24:48.672 D/usbservice(   67): <tid:391>(line:1581)[GMUsbDevicePlayer.cpp/playStatusChanged] --- leave 
01-01 01:24:49.864 D/usbservice(   67): <tid:391>(line:1581)[GMUsbDevicePlayer.cpp/playStatusChanged] +++ enter 
01-01 01:24:49.864 D/usbservice(   67): <tid:391>(line:1582)[GMUsbDevicePlayer.cpp/playStatusChanged] mask:[21], status:[0]
01-01 01:24:49.864 D/usbservice(   67): <tid:391>(line:1584)[GMUsbDevicePlayer.cpp/playStatusChanged] playStatusChanged, status.dataSourceKey = [1]
01-01 01:24:49.864 D/usbservice(   67): <tid:391>(line:1739)[GMUsbDevicePlayer.cpp/playStatusChanged] playStatusChanged position is 33496
01-01 01:24:49.864 D/usbservice(   67): <tid:391>(line:2016)[GMUsbDevicePlayer.cpp/positionUpdated] +++ enter 
01-01 01:24:49.864 D/usbbackup(   67): <tid:391>(line:264)[MediaBackup.cpp/updatePlayTime] +++ enter 
01-01 01:24:49.864 D/usbbackup(   67): <tid:391>(line:609)[MediaBackup.cpp/saveBackupData] +++ enter 
01-01 01:24:49.864 D/usbbackup(   67): <tid:391>(line:610)[MediaBackup.cpp/saveBackupData] key:[b_clear.USB_LASTINFO]
01-01 01:24:49.864 D/usbdatabase(   67): <tid:391>(line:291)[GMUsbDataManager.cpp/save] +++ enter 
01-01 01:24:49.864 D/usbdatabase(   67): <tid:391>(line:310)[GMUsbDataManager.cpp/save] key exist, update
01-01 01:24:49.880 D/usbdatabase(   67): <tid:391>(line:315)[GMUsbDataManager.cpp/save] save key, update key value succeed
01-01 01:24:49.880 D/usbdatabase(   67): <tid:391>(line:291)[GMUsbDataManager.cpp/save] --- leave 
01-01 01:24:49.880 D/usbbackup(   67): <tid:391>(line:609)[MediaBackup.cpp/saveBackupData] --- leave 
01-01 01:24:49.880 D/usbbackup(   67): <tid:391>(line:264)[MediaBackup.cpp/updatePlayTime] --- leave 
01-01 01:24:49.880 D/usbservice(   67): <tid:391>(line:1769)[GMUsbServiceBase.cpp/positionUpdated] msec = [33496]
01-01 01:24:49.880 D/usbservice(   67): <tid:391>(line:1499)[GMUsbServiceBase.cpp/notifyPositionUpdated] +++ enter 
01-01 01:24:49.880 D/usbservice(   65): <tid:216>(line:607)[GMUsbProxy.cpp/onAsyncResponse] code offset = [33]
01-01 01:24:49.880 D/usbservice(   67): <tid:391>(line:1499)[GMUsbServiceBase.cpp/notifyPositionUpdated] --- leave 
01-01 01:24:49.880 D/usbservice(   67): <tid:391>(line:2016)[GMUsbDevicePlayer.cpp/positionUpdated] --- leave 
01-01 01:24:49.880 D/usbservice(   67): <tid:391>(line:1581)[GMUsbDevicePlayer.cpp/playStatusChanged] --- leave 
01-01 01:24:50.864 D/usbservice(   67): <tid:391>(line:1581)[GMUsbDevicePlayer.cpp/playStatusChanged] +++ enter 
01-01 01:24:50.864 D/usbservice(   67): <tid:391>(line:1582)[GMUsbDevicePlayer.cpp/playStatusChanged] mask:[21], status:[0]
01-01 01:24:50.864 D/usbservice(   67): <tid:391>(line:1584)[GMUsbDevicePlayer.cpp/playStatusChanged] playStatusChanged, status.dataSourceKey = [1]
01-01 01:24:50.864 D/usbservice(   67): <tid:391>(line:1739)[GMUsbDevicePlayer.cpp/playStatusChanged] playStatusChanged position is 34487
01-01 01:24:50.864 D/usbservice(   67): <tid:391>(line:2016)[GMUsbDevicePlayer.cpp/positionUpdated] +++ enter 
01-01 01:24:50.864 D/usbbackup(   67): <tid:391>(line:264)[MediaBackup.cpp/updatePlayTime] +++ enter 
01-01 01:24:50.864 D/usbbackup(   67): <tid:391>(line:609)[MediaBackup.cpp/saveBackupData] +++ enter 
01-01 01:24:50.864 D/usbbackup(   67): <tid:391>(line:610)[MediaBackup.cpp/saveBackupData] key:[b_clear.USB_LASTINFO]
01-01 01:24:50.864 D/usbdatabase(   67): <tid:391>(line:291)[GMUsbDataManager.cpp/save] +++ enter 
01-01 01:24:50.864 D/usbdatabase(   67): <tid:391>(line:310)[GMUsbDataManager.cpp/save] key exist, update
01-01 01:24:50.872 D/usbdatabase(   67): <tid:391>(line:315)[GMUsbDataManager.cpp/save] save key, update key value succeed
01-01 01:24:50.872 D/usbdatabase(   67): <tid:391>(line:291)[GMUsbDataManager.cpp/save] --- leave 
01-01 01:24:50.872 D/usbbackup(   67): <tid:391>(line:609)[MediaBackup.cpp/saveBackupData] --- leave 
01-01 01:24:50.872 D/usbbackup(   67): <tid:391>(line:264)[MediaBackup.cpp/updatePlayTime] --- leave 
01-01 01:24:50.872 D/usbservice(   67): <tid:391>(line:1769)[GMUsbServiceBase.cpp/positionUpdated] msec = [34487]
01-01 01:24:50.872 D/usbservice(   67): <tid:391>(line:1499)[GMUsbServiceBase.cpp/notifyPositionUpdated] +++ enter 
01-01 01:24:50.872 D/usbservice(   65): <tid:219>(line:607)[GMUsbProxy.cpp/onAsyncResponse] code offset = [33]
01-01 01:24:50.872 D/usbservice(   67): <tid:391>(line:1499)[GMUsbServiceBase.cpp/notifyPositionUpdated] --- leave 
01-01 01:24:50.872 D/usbservice(   67): <tid:391>(line:2016)[GMUsbDevicePlayer.cpp/positionUpdated] --- leave 
01-01 01:24:50.872 D/usbservice(   67): <tid:391>(line:1581)[GMUsbDevicePlayer.cpp/playStatusChanged] --- leave 
=01-01 01:24:51.864 D/usbservice(   67): <tid:391>(line:1581)[GMUsbDevicePlayer.cpp/playStatusChanged] +++ enter 
01-01 01:24:51.864 D/usbservice(   67): <tid:391>(line:1582)[GMUsbDevicePlayer.cpp/playStatusChanged] mask:[21], status:[0]
01-01 01:24:51.864 D/usbservice(   67): <tid:391>(line:1584)[GMUsbDevicePlayer.cpp/playStatusChanged] playStatusChanged, status.dataSourceKey = [1]
01-01 01:24:51.864 D/usbservice(   67): <tid:391>(line:1739)[GMUsbDevicePlayer.cpp/playStatusChanged] playStatusChanged position is 35492
01-01 01:24:51.864 D/usbservice(   67): <tid:391>(line:2016)[GMUsbDevicePlayer.cpp/positionUpdated] +++ enter 
01-01 01:24:51.864 D/usbbackup(   67): <tid:391>(line:264)[MediaBackup.cpp/updatePlayTime] +++ enter 
=01-01 01:24:51.864 D/usbbackup(   67): <tid:391>(line:609)[MediaBackup.cpp/saveBackupData] +++ enter 
01-01 01:24:51.864 D/usbbackup(   67): <tid:391>(line:610)[MediaBackup.cpp/saveBackupData] key:[b_clear.USB_LASTINFO]
01-01 01:24:51.864 D/usbdatabase(   67): <tid:391>(line:291)[GMUsbDataManager.cpp/save] +++ enter 
01-01 01:24:51.864 D/usbdatabase(   67): <tid:391>(line:310)[GMUsbDataManager.cpp/save] key exist, update
01-01 01:24:51.872 D/usbdatabase(   67): <tid:391>(line:315)[GMUsbDataManager.cpp/save] save key, update key value succeed
01-01 01:24:51.872 D/usbdatabase(   67): <tid:391>(line:291)[GMUsbDataManager.cpp/save] --- leave 
01-01 01:24:51.872 D/usbbackup(   67): <tid:391>(line:609)[MediaBackup.cpp/saveBackupData] --- leave 
01-01 01:24:51.872 D/usbbackup(   67): <tid:391>(line:264)[MediaBackup.cpp/updatePlayTime] --- leave 
01-01 01:24:51.872 D/usbservice(   67): <tid:391>(line:1769)[GMUsbServiceBase.cpp/positionUpdated] msec = [35492]
01-01 01:24:51.872 D/usbservice(   67): <tid:391>(line:1499)[GMUsbServiceBase.cpp/notifyPositionUpdated] +++ enter 
01-01 01:24:51.872 D/usbservice(   65): <tid:216>(line:607)[GMUsbProxy.cpp/onAsyncResponse] code offset = [33]
01-01 01:24:51.872 D/usbservice(   67): <tid:391>(line:1499)[GMUsbServiceBase.cpp/notifyPositionUpdated] --- leave 
01-01 01:24:51.872 D/usbservice(   67): <tid:391>(line:2016)[GMUsbDevicePlayer.cpp/positionUpdated] --- leave 
01-01 01:24:51.872 D/usbservice(   67): <tid:391>(line:1581)[GMUsbDevicePlayer.cpp/playStatusChanged] --- leave 
=====================01-01 01:24:52.864 D/usbservice(   67): <tid:391>(line:1581)[GMUsbDevicePlayer.cpp/playStatusChanged] +++ enter 
01-01 01:24:52.864 D/usbservice(   67): <tid:391>(line:1582)[GMUsbDevicePlayer.cpp/playStatusChanged] mask:[21], status:[0]
01-01 01:24:52.864 D/usbservice(   67): <tid:391>(line:1584)[GMUsbDevicePlayer.cpp/playStatusChanged] playStatusChanged, status.dataSourceKey = [1]
01-01 01:24:52.864 D/usbservice(   67): <tid:391>(line:1739)[GMUsbDevicePlayer.cpp/playStatusChanged] playStatusChanged position is 36477
01-01 01:24:52.864 D/usbservice(   67): <tid:391>(line:2016)[GMUsbDevicePlayer.cpp/positionUpdated] +++ enter 
01-01 01:24:52.864 D/usbbackup(   67): <tid:391>(line:264)[MediaBackup.cpp/updatePlayTime] +++ enter 
01-01 01:24:52.864 D/usbbackup(   67): <tid:391>(line:609)[MediaBackup.cpp/saveBackupData] +++ enter 
01-01 01:24:52.864 D/usbbackup(   67): <tid:391>(line:610)[MediaBackup.cpp/saveBackupData] key:[b_clear.USB_LASTINFO]
01-01 01:24:52.864 D/usbdatabase(   67): <tid:391>(line:291)[GMUsbDataManager.cpp/save] +++ enter 
01-01 01:24:52.864 D/usbdatabase(   67): <tid:391>(line:310)[GMUsbDataManager.cpp/save] key exist, update
01-01 01:24:52.872 D/usbdatabase(   67): <tid:391>(line:315)[GMUsbDataManager.cpp/save] save key, update key value succeed
01-01 01:24:52.872 D/usbdatabase(   67): <tid:391>(line:291)[GMUsbDataManager.cpp/save] --- leave 
01-01 01:24:52.872 D/usbbackup(   67): <tid:391>(line:609)[MediaBackup.cpp/saveBackupData] --- leave 
01-01 01:24:52.872 D/usbbackup(   67): <tid:391>(line:264)[MediaBackup.cpp/updatePlayTime] --- leave 
01-01 01:24:52.872 D/usbservice(   67): <tid:391>(line:1769)[GMUsbServiceBase.cpp/positionUpdated] msec = [36477]
01-01 01:24:52.872 D/usbservice(   67): <tid:391>(line:1499)[GMUsbServiceBase.cpp/notifyPositionUpdated] +++ enter 
01-01 01:24:52.872 D/usbservice(   65): <tid:219>(line:607)[GMUsbProxy.cpp/onAsyncResponse] code offset = [33]
01-01 01:24:52.872 D/usbservice(   67): <tid:391>(line:1499)[GMUsbServiceBase.cpp/notifyPositionUpdated] --- leave 
01-01 01:24:52.872 D/usbservice(   67): <tid:391>(line:2016)[GMUsbDevicePlayer.cpp/positionUpdated] --- leave 
01-01 01:24:52.872 D/usbservice(   67): <tid:391>(line:1581)[GMUsbDevicePlayer.cpp/playStatusChanged] --- leave 
01-01 01:24:53.864 D/usbservice(   67): <tid:391>(line:1581)[GMUsbDevicePlayer.cpp/playStatusChanged] +++ enter 
01-01 01:24:53.864 D/usbservice(   67): <tid:391>(line:1582)[GMUsbDevicePlayer.cpp/playStatusChanged] mask:[21], status:[0]
