01-01 00:38:08.528 D/usbservice(   67): <tid:404>(line:1016)[GMUsbDevicePlayer.cpp/next] +++ enter 
01-01 00:38:08.528 D/usbservice(   67): <tid:404>(line:1036)[GMUsbDevicePlayer.cpp/next] stop next and start to play, autoPlay = 0
01-01 00:38:08.528 D/usbservice(   67): <tid:404>(line:1318)[GMUsbDevicePlayer.cpp/setPrepare] +++ enter 
01-01 00:38:08.528 D/usbservice(   67): <tid:404>(line:1323)[GMUsbDevicePlayer.cpp/setPrepare] setPrepare >>> url = [file:///mnt/udisk/songs1/甯︿綘鍘绘梾琛?[mqms2].mp3], dataSourceKey = [3]
01-01 00:38:08.528 D/usbservice(   67): <tid:404>(line:1334)[GMUsbDevicePlayer.cpp/prepare] +++ enter 
01-01 00:38:08.544 D/usbservice(   67): <tid:404>(line:1334)[GMUsbDevicePlayer.cpp/prepare] --- leave 
01-01 00:38:08.544 D/usbservice(   67): <tid:404>(line:1318)[GMUsbDevicePlayer.cpp/setPrepare] --- leave 
01-01 00:38:08.544 D/usbservice(   67): <tid:404>(line:1352)[GMUsbDevicePlayer.cpp/setPlay] +++ enter 
01-01 00:38:08.544 D/usbservice(   67): <tid:404>(line:1387)[GMUsbDevicePlayer.cpp/setPlay] play current item from 0
01-01 00:38:08.552 D/usbservice(   67): <tid:404>(line:1352)[GMUsbDevicePlayer.cpp/setPlay] --- leave 
01-01 00:38:08.552 D/usbservice(   67): <tid:404>(line:1016)[GMUsbDevicePlayer.cpp/next] --- leave
 
01-01 00:38:08.604 D/usbservice(   67): <tid:404>(line:1576)[GMUsbDevicePlayer.cpp/playStatusChanged] +++ enter 
01-01 00:38:08.604 D/usbservice(   67): <tid:404>(line:1577)[GMUsbDevicePlayer.cpp/playStatusChanged] mask:[41], status:[0]
01-01 00:38:08.604 D/usbservice(   67): <tid:404>(line:1579)[GMUsbDevicePlayer.cpp/playStatusChanged] playStatusChanged, status.dataSourceKey = [3]
01-01 00:38:08.604 D/usbservice(   67): <tid:404>(line:1576)[GMUsbDevicePlayer.cpp/playStatusChanged] --- leave 
01-01 00:38:08.668 D/usbservice(   67): <tid:404>(line:1576)[GMUsbDevicePlayer.cpp/playStatusChanged] +++ enter 
01-01 00:38:08.668 D/usbservice(   67): <tid:404>(line:1577)[GMUsbDevicePlayer.cpp/playStatusChanged] mask:[201], status:[0]
01-01 00:38:08.668 D/usbservice(   67): <tid:404>(line:1579)[GMUsbDevicePlayer.cpp/playStatusChanged] playStatusChanged, status.dataSourceKey = [3]
01-01 00:38:08.668 D/usbservice(   67): <tid:404>(line:1576)[GMUsbDevicePlayer.cpp/playStatusChanged] --- leave 
01-01 00:38:08.668 D/usbservice(   67): <tid:404>(line:1798)[GMUsbDevicePlayer.cpp/mediaInfoUpdated] +++ enter 
01-01 00:38:08.668 D/usbservice(   67): <tid:404>(line:1800)[GMUsbDevicePlayer.cpp/mediaInfoUpdated] media info update, datasourcekey is [3]
01-01 00:38:08.668 D/usbservice(   67): <tid:404>(line:1798)[GMUsbDevicePlayer.cpp/mediaInfoUpdated] --- leave 
01-01 00:38:08.732 D/usbservice(   67): <tid:404>(line:1798)[GMUsbDevicePlayer.cpp/mediaInfoUpdated] +++ enter 
01-01 00:38:08.732 D/usbservice(   67): <tid:404>(line:1800)[GMUsbDevicePlayer.cpp/mediaInfoUpdated] media info update, datasourcekey is [3]
01-01 00:38:08.732 D/usbservice(   67): <tid:404>(line:1804)[GMUsbDevicePlayer.cpp/mediaInfoUpdated] mediaInfoUpdated, duration is 226089
01-01 00:38:08.732 D/usbservice(   67): <tid:404>(line:2027)[GMUsbDevicePlayer.cpp/durationUpdated] +++ enter 
01-01 00:38:08.732 D/usbservice(   67): <tid:404>(line:1782)[GMUsbServiceBase.cpp/durationUpdated] msec = [226089]
01-01 00:38:08.732 D/usbservice(   67): <tid:404>(line:1486)[GMUsbServiceBase.cpp/notifyDurationUpdated] +++ enter 
01-01 00:38:08.732 D/usbservice(   65): <tid:222>(line:607)[GMUsbProxy.cpp/onAsyncResponse] code offset = [32]
01-01 00:38:08.732 D/usbservice(   67): <tid:404>(line:1486)[GMUsbServiceBase.cpp/notifyDurationUpdated] --- leave 
01-01 00:38:08.732 D/usbservice(   67): <tid:404>(line:2027)[GMUsbDevicePlayer.cpp/durationUpdated] --- leave 
01-01 00:38:08.732 D/usbservice(   67): <tid:404>(line:1798)[GMUsbDevicePlayer.cpp/mediaInfoUpdated] --- leave 
01-01 00:38:08.732 D/usbservice(   67): <tid:404>(line:1576)[GMUsbDevicePlayer.cpp/playStatusChanged] +++ enter 
01-01 00:38:08.732 D/usbservice(   67): <tid:404>(line:1577)[GMUsbDevicePlayer.cpp/playStatusChanged] mask:[41], status:[0]
01-01 00:38:08.732 D/usbservice(   67): <tid:404>(line:1579)[GMUsbDevicePlayer.cpp/playStatusChanged] playStatusChanged, status.dataSourceKey = [3]
01-01 00:38:08.732 D/usbservice(   67): <tid:404>(line:1576)[GMUsbDevicePlayer.cpp/playStatusChanged] --- leave 
01-01 00:38:08.732 D/usbservice(   67): <tid:404>(line:1576)[GMUsbDevicePlayer.cpp/playStatusChanged] +++ enter 
01-01 00:38:08.732 D/usbservice(   67): <tid:404>(line:1577)[GMUsbDevicePlayer.cpp/playStatusChanged] mask:[81], status:[0]
01-01 00:38:08.732 D/usbservice(   67): <tid:404>(line:1579)[GMUsbDevicePlayer.cpp/playStatusChanged] playStatusChanged, status.dataSourceKey = [3]
01-01 00:38:08.732 D/usbservice(   67): <tid:404>(line:1748)[GMUsbDevicePlayer.cpp/playStatusChanged] playStatusChanged isAudioMuted [1105297364]
01-01 00:38:08.732 D/usbservice(   67): <tid:404>(line:1576)[GMUsbDevicePlayer.cpp/playStatusChanged] --- leave 
01-01 00:38:08.736 D/usbservice(   67): <tid:404>(line:1576)[GMUsbDevicePlayer.cpp/playStatusChanged] +++ enter 
01-01 00:38:08.736 D/usbservice(   67): <tid:404>(line:1577)[GMUsbDevicePlayer.cpp/playStatusChanged] mask:[3], status:[1]
01-01 00:38:08.736 D/usbservice(   67): <tid:404>(line:1579)[GMUsbDevicePlayer.cpp/playStatusChanged] playStatusChanged, status.dataSourceKey = [3]
01-01 00:38:08.736 D/usbservice(   67): <tid:404>(line:1944)[GMUsbDevicePlayer.cpp/playStatusUpdated] +++ enter 
01-01 00:38:08.736 D/usbservice(   67): <tid:404>(line:1961)[GMUsbDevicePlayer.cpp/playStatusUpdated] playStatusChanged, state is prepared
01-01 00:38:08.736 D/usbservice(   67): <tid:404>(line:1756)[GMUsbServiceBase.cpp/playStatusUpdated] +++ enter 
01-01 00:38:08.736 D/usbservice(   67): <tid:404>(line:1550)[GMUsbServiceBase.cpp/notifyPlayStatusUpdated] +++ enter 
01-01 00:38:08.736 D/usbservice(   65): <tid:224>(line:607)[GMUsbProxy.cpp/onAsyncResponse] code offset = [37]
01-01 00:38:08.736 D/usbservice(   67): <tid:404>(line:1550)[GMUsbServiceBase.cpp/notifyPlayStatusUpdated] --- leave 
01-01 00:38:08.736 D/usbservice(   67): <tid:404>(line:1756)[GMUsbServiceBase.cpp/playStatusUpdated] --- leave 
01-01 00:38:08.736 D/usbservice(   67): <tid:404>(line:1944)[GMUsbDevicePlayer.cpp/playStatusUpdated] --- leave 
01-01 00:38:08.736 D/usbservice(   67): <tid:404>(line:1576)[GMUsbDevicePlayer.cpp/playStatusChanged] --- leave 
01-01 00:38:08.736 D/usbservice(   67): <tid:404>(line:1576)[GMUsbDevicePlayer.cpp/playStatusChanged] +++ enter 
01-01 00:38:08.736 D/usbservice(   67): <tid:404>(line:1577)[GMUsbDevicePlayer.cpp/playStatusChanged] mask:[21], status:[0]
01-01 00:38:08.736 D/usbservice(   67): <tid:404>(line:1579)[GMUsbDevicePlayer.cpp/playStatusChanged] playStatusChanged, status.dataSourceKey = [3]
01-01 00:38:08.736 D/usbservice(   67): <tid:404>(line:1734)[GMUsbDevicePlayer.cpp/playStatusChanged] playStatusChanged position is 0
01-01 00:38:08.736 D/usbservice(   67): <tid:404>(line:2011)[GMUsbDevicePlayer.cpp/positionUpdated] +++ enter 
01-01 00:38:08.736 D/usbbackup(   67): <tid:404>(line:264)[MediaBackup.cpp/updatePlayTime] +++ enter 
01-01 00:38:08.736 D/usbbackup(   67): <tid:404>(line:268)[MediaBackup.cpp/updatePlayTime] original info, nothing changes, skip update
01-01 00:38:08.736 D/usbbackup(   67): <tid:404>(line:264)[MediaBackup.cpp/updatePlayTime] --- leave 
01-01 00:38:08.736 D/usbservice(   67): <tid:404>(line:1769)[GMUsbServiceBase.cpp/positionUpdated] msec = [0]
01-01 00:38:08.736 D/usbservice(   67): <tid:404>(line:1499)[GMUsbServiceBase.cpp/notifyPositionUpdated] +++ enter 
01-01 00:38:08.736 D/usbservice(   65): <tid:222>(line:607)[GMUsbProxy.cpp/onAsyncResponse] code offset = [33]
01-01 00:38:08.736 D/usbservice(   67): <tid:404>(line:1499)[GMUsbServiceBase.cpp/notifyPositionUpdated] --- leave 
01-01 00:38:08.736 D/usbservice(   67): <tid:404>(line:2011)[GMUsbDevicePlayer.cpp/positionUpdated] --- leave 
01-01 00:38:08.736 D/usbservice(   67): <tid:404>(line:1576)[GMUsbDevicePlayer.cpp/playStatusChanged] --- leave 
01-01 00:38:08.736 D/usbservice(   67): <tid:404>(line:1576)[GMUsbDevicePlayer.cpp/playStatusChanged] +++ enter 
01-01 00:38:08.736 D/usbservice(   67): <tid:404>(line:1577)[GMUsbDevicePlayer.cpp/playStatusChanged] mask:[7], status:[3]
01-01 00:38:08.736 D/usbservice(   67): <tid:404>(line:1579)[GMUsbDevicePlayer.cpp/playStatusChanged] playStatusChanged, status.dataSourceKey = [3]
01-01 00:38:08.736 D/usbservice(   67): <tid:404>(line:1944)[GMUsbDevicePlayer.cpp/playStatusUpdated] +++ enter 
01-01 00:38:08.736 D/usbservice(   67): <tid:404>(line:1976)[GMUsbDevicePlayer.cpp/playStatusUpdated] playStatusChanged, state is playing
01-01 00:38:08.736 D/usbservice(   67): <tid:404>(line:1756)[GMUsbServiceBase.cpp/playStatusUpdated] +++ enter 
01-01 00:38:08.736 D/usbservice(   67): <tid:404>(line:1550)[GMUsbServiceBase.cpp/notifyPlayStatusUpdated] +++ enter 
01-01 00:38:08.736 D/usbservice(   65): <tid:224>(line:607)[GMUsbProxy.cpp/onAsyncResponse] code offset = [37]
01-01 00:38:08.736 D/usbservice(   67): <tid:404>(line:1550)[GMUsbServiceBase.cpp/notifyPlayStatusUpdated] --- leave 
01-01 00:38:08.736 D/usbservice(   67): <tid:404>(line:1756)[GMUsbServiceBase.cpp/playStatusUpdated] --- leave 
01-01 00:38:08.736 D/usbservice(   67): <tid:404>(line:1944)[GMUsbDevicePlayer.cpp/playStatusUpdated] --- leave 
01-01 00:38:08.736 D/usbservice(   67): <tid:404>(line:1722)[GMUsbDevicePlayer.cpp/playStatusChanged] playStatusChanged speed is 1000
01-01 00:38:08.736 D/usbservice(   67): <tid:404>(line:1576)[GMUsbDevicePlayer.cpp/playStatusChanged] --- leave 
01-01 00:38:08.736 D/usbservice(   67): <tid:404>(line:1910)[GMUsbDevicePlayer.cpp/ackSeekTo] +++ enter 
01-01 00:38:08.736 D/usbservice(   67): <tid:404>(line:1912)[GMUsbDevicePlayer.cpp/ackSeekTo] ackSeekTo:retCode = 0
01-01 00:38:08.736 D/usbservice(   67): <tid:404>(line:1910)[GMUsbDevicePlayer.cpp/ackSeekTo] --- leave 
01-01 00:38:10.108 D/usbservice(   67): <tid:404>(line:1576)[GMUsbDevicePlayer.cpp/playStatusChanged] +++ enter 
01-01 00:38:10.108 D/usbservice(   67): <tid:404>(line:1577)[GMUsbDevicePlayer.cpp/playStatusChanged] mask:[21], status:[0]
01-01 00:38:10.108 D/usbservice(   67): <tid:404>(line:1579)[GMUsbDevicePlayer.cpp/playStatusChanged] playStatusChanged, status.dataSourceKey = [3]
01-01 00:38:10.108 D/usbservice(   67): <tid:404>(line:1734)[GMUsbDevicePlayer.cpp/playStatusChanged] playStatusChanged position is 1296
01-01 00:38:10.108 D/usbservice(   67): <tid:404>(line:2011)[GMUsbDevicePlayer.cpp/positionUpdated] +++ enter 
01-01 00:38:10.108 D/usbbackup(   67): <tid:404>(line:264)[MediaBackup.cpp/updatePlayTime] +++ enter 
01-01 00:38:10.112 D/usbbackup(   67): <tid:404>(line:609)[MediaBackup.cpp/saveBackupData] +++ enter 
01-01 00:38:10.112 D/usbbackup(   67): <tid:404>(line:610)[MediaBackup.cpp/saveBackupData] key:[b_clear.USB_LASTINFO]
01-01 00:38:10.112 D/usbdatabase(   67): <tid:404>(line:291)[GMUsbDataManager.cpp/save] +++ enter 
01-01 00:38:10.112 D/usbdatabase(   67): <tid:404>(line:310)[GMUsbDataManager.cpp/save] key exist, update
01-01 00:38:10.116 D/usbdatabase(   67): <tid:404>(line:315)[GMUsbDataManager.cpp/save] save key, update key value succeed
01-01 00:38:10.116 D/usbdatabase(   67): <tid:404>(line:291)[GMUsbDataManager.cpp/save] --- leave 
01-01 00:38:10.116 D/usbbackup(   67): <tid:404>(line:609)[MediaBackup.cpp/saveBackupData] --- leave 
01-01 00:38:10.116 D/usbbackup(   67): <tid:404>(line:264)[MediaBackup.cpp/updatePlayTime] --- leave 
01-01 00:38:10.116 D/usbservice(   67): <tid:404>(line:1769)[GMUsbServiceBase.cpp/positionUpdated] msec = [1296]
01-01 00:38:10.116 D/usbservice(   67): <tid:404>(line:1499)[GMUsbServiceBase.cpp/notifyPositionUpdated] +++ enter 
01-01 00:38:10.116 D/usbservice(   65): <tid:222>(line:607)[GMUsbProxy.cpp/onAsyncResponse] code offset = [33]
01-01 00:38:10.116 D/usbservice(   67): <tid:404>(line:1499)[GMUsbServiceBase.cpp/notifyPositionUpdated] --- leave 
01-01 00:38:10.116 D/usbservice(   67): <tid:404>(line:2011)[GMUsbDevicePlayer.cpp/positionUpdated] --- leave 
01-01 00:38:10.116 D/usbservice(   67): <tid:404>(line:1576)[GMUsbDevicePlayer.cpp/playStatusChanged] --- leave 
01-01 00:38:11.312 D/usbservice(   67): <tid:404>(line:1576)[GMUsbDevicePlayer.cpp/playStatusChanged] +++ enter 
01-01 00:38:11.312 D/usbservice(   67): <tid:404>(line:1577)[GMUsbDevicePlayer.cpp/playStatusChanged] mask:[21], status:[0]
01-01 00:38:11.312 D/usbservice(   67): <tid:404>(line:1579)[GMUsbDevicePlayer.cpp/playStatusChanged] playStatusChanged, status.dataSourceKey = [3]
01-01 00:38:11.312 D/usbservice(   67): <tid:404>(line:1734)[GMUsbDevicePlayer.cpp/playStatusChanged] playStatusChanged position is 2495
01-01 00:38:11.312 D/usbservice(   67): <tid:404>(line:2011)[GMUsbDevicePlayer.cpp/positionUpdated] +++ enter 
01-01 00:38:11.312 D/usbbackup(   67): <tid:404>(line:264)[MediaBackup.cpp/updatePlayTime] +++ enter 
01-01 00:38:11.316 D/usbbackup(   67): <tid:404>(line:609)[MediaBackup.cpp/saveBackupData] +++ enter 
01-01 00:38:11.316 D/usbbackup(   67): <tid:404>(line:610)[MediaBackup.cpp/saveBackupData] key:[b_clear.USB_LASTINFO]
01-01 00:38:11.316 D/usbdatabase(   67): <tid:404>(line:291)[GMUsbDataManager.cpp/save] +++ enter 
01-01 00:38:11.316 D/usbdatabase(   67): <tid:404>(line:310)[GMUsbDataManager.cpp/save] key exist, update
01-01 00:38:11.320 D/usbdatabase(   67): <tid:404>(line:315)[GMUsbDataManager.cpp/save] save key, update key value succeed
01-01 00:38:11.320 D/usbdatabase(   67): <tid:404>(line:291)[GMUsbDataManager.cpp/save] --- leave 
01-01 00:38:11.320 D/usbbackup(   67): <tid:404>(line:609)[MediaBackup.cpp/saveBackupData] --- leave 
01-01 00:38:11.320 D/usbbackup(   67): <tid:404>(line:264)[MediaBackup.cpp/updatePlayTime] --- leave 
01-01 00:38:11.320 D/usbservice(   67): <tid:404>(line:1769)[GMUsbServiceBase.cpp/positionUpdated] msec = [2495]
01-01 00:38:11.320 D/usbservice(   67): <tid:404>(line:1499)[GMUsbServiceBase.cpp/notifyPositionUpdated] +++ enter 
01-01 00:38:11.320 D/usbservice(   65): <tid:224>(line:607)[GMUsbProxy.cpp/onAsyncResponse] code offset = [33]
01-01 00:38:11.320 D/usbservice(   67): <tid:404>(line:1499)[GMUsbServiceBase.cpp/notifyPositionUpdated] --- leave 
01-01 00:38:11.320 D/usbservice(   67): <tid:404>(line:2011)[GMUsbDevicePlayer.cpp/positionUpdated] --- leave 
01-01 00:38:11.320 D/usbservice(   67): <tid:404>(line:1576)[GMUsbDevicePlayer.cpp/playStatusChanged] --- leave 
01-01 00:38:12.312 D/usbservice(   67): <tid:404>(line:1576)[GMUsbDevicePlayer.cpp/playStatusChanged] +++ enter 
01-01 00:38:12.312 D/usbservice(   67): <tid:404>(line:1577)[GMUsbDevicePlayer.cpp/playStatusChanged] mask:[21], status:[0]
01-01 00:38:12.312 D/usbservice(   67): <tid:404>(line:1579)[GMUsbDevicePlayer.cpp/playStatusChanged] playStatusChanged, status.dataSourceKey = [3]
01-01 00:38:12.312 D/usbservice(   67): <tid:404>(line:1734)[GMUsbDevicePlayer.cpp/playStatusChanged] playStatusChanged position is 3495
01-01 00:38:12.312 D/usbservice(   67): <tid:404>(line:2011)[GMUsbDevicePlayer.cpp/positionUpdated] +++ enter 
01-01 00:38:12.312 D/usbbackup(   67): <tid:404>(line:264)[MediaBackup.cpp/updatePlayTime] +++ enter 
01-01 00:38:12.312 D/usbbackup(   67): <tid:404>(line:609)[MediaBackup.cpp/saveBackupData] +++ enter 
01-01 00:38:12.312 D/usbbackup(   67): <tid:404>(line:610)[MediaBackup.cpp/saveBackupData] key:[b_clear.USB_LASTINFO]
01-01 00:38:12.312 D/usbdatabase(   67): <tid:404>(line:291)[GMUsbDataManager.cpp/save] +++ enter 
01-01 00:38:12.312 D/usbdatabase(   67): <tid:404>(line:310)[GMUsbDataManager.cpp/save] key exist, update
01-01 00:38:12.320 D/usbdatabase(   67): <tid:404>(line:315)[GMUsbDataManager.cpp/save] save key, update key value succeed
01-01 00:38:12.320 D/usbdatabase(   67): <tid:404>(line:291)[GMUsbDataManager.cpp/save] --- leave 
01-01 00:38:12.320 D/usbbackup(   67): <tid:404>(line:609)[MediaBackup.cpp/saveBackupData] --- leave 
01-01 00:38:12.320 D/usbbackup(   67): <tid:404>(line:264)[MediaBackup.cpp/updatePlayTime] --- leave 
01-01 00:38:12.320 D/usbservice(   67): <tid:404>(line:1769)[GMUsbServiceBase.cpp/positionUpdated] msec = [3495]
01-01 00:38:12.320 D/usbservice(   67): <tid:404>(line:1499)[GMUsbServiceBase.cpp/notifyPositionUpdated] +++ enter 
01-01 00:38:12.320 D/usbservice(   65): <tid:222>(line:607)[GMUsbProxy.cpp/onAsyncResponse] code offset = [33]
01-01 00:38:12.320 D/usbservice(   67): <tid:404>(line:1499)[GMUsbServiceBase.cpp/notifyPositionUpdated] --- leave 
01-01 00:38:12.320 D/usbservice(   67): <tid:404>(line:2011)[GMUsbDevicePlayer.cpp/positionUpdated] --- leave 
01-01 00:38:12.320 D/usbservice(   67): <tid:404>(line:1576)[GMUsbDevicePlayer.cpp/playStatusChanged] --- leave 
01-01 00:38:13.308 D/usbservice(   67): <tid:404>(line:1576)[GMUsbDevicePlayer.cpp/playStatusChanged] +++ enter 
01-01 00:38:13.308 D/usbservice(   67): <tid:404>(line:1577)[GMUsbDevicePlayer.cpp/playStatusChanged] mask:[21], status:[0]
01-01 00:38:13.308 D/usbservice(   67): <tid:404>(line:1579)[GMUsbDevicePlayer.cpp/playStatusChanged] playStatusChanged, status.dataSourceKey = [3]
01-01 00:38:13.308 D/usbservice(   67): <tid:404>(line:1734)[GMUsbDevicePlayer.cpp/playStatusChanged] playStatusChanged position is 4494
01-01 00:38:13.308 D/usbservice(   67): <tid:404>(line:2011)[GMUsbDevicePlayer.cpp/positionUpdated] +++ enter 
01-01 00:38:13.308 D/usbbackup(   67): <tid:404>(line:264)[MediaBackup.cpp/updatePlayTime] +++ enter 
01-01 00:38:13.312 D/usbbackup(   67): <tid:404>(line:609)[MediaBackup.cpp/saveBackupData] +++ enter 
01-01 00:38:13.312 D/usbbackup(   67): <tid:404>(line:610)[MediaBackup.cpp/saveBackupData] key:[b_clear.USB_LASTINFO]
01-01 00:38:13.312 D/usbdatabase(   67): <tid:404>(line:291)[GMUsbDataManager.cpp/save] +++ enter 
01-01 00:38:13.312 D/usbdatabase(   67): <tid:404>(line:310)[GMUsbDataManager.cpp/save] key exist, update
01-01 00:38:13.316 D/usbdatabase(   67): <tid:404>(line:315)[GMUsbDataManager.cpp/save] save key, update key value succeed
01-01 00:38:13.316 D/usbdatabase(   67): <tid:404>(line:291)[GMUsbDataManager.cpp/save] --- leave 
01-01 00:38:13.316 D/usbbackup(   67): <tid:404>(line:609)[MediaBackup.cpp/saveBackupData] --- leave 
01-01 00:38:13.316 D/usbbackup(   67): <tid:404>(line:264)[MediaBackup.cpp/updatePlayTime] --- leave 
01-01 00:38:13.316 D/usbservice(   67): <tid:404>(line:1769)[GMUsbServiceBase.cpp/positionUpdated] msec = [4494]
01-01 00:38:13.316 D/usbservice(   67): <tid:404>(line:1499)[GMUsbServiceBase.cpp/notifyPositionUpdated] +++ enter 
01-01 00:38:13.316 D/usbservice(   65): <tid:224>(line:607)[GMUsbProxy.cpp/onAsyncResponse] code offset = [33]
01-01 00:38:13.320 D/usbservice(   67): <tid:404>(line:1499)[GMUsbServiceBase.cpp/notifyPositionUpdated] --- leave 
01-01 00:38:13.320 D/usbservice(   67): <tid:404>(line:2011)[GMUsbDevicePlayer.cpp/positionUpdated] --- leave 
01-01 00:38:13.320 D/usbservice(   67): <tid:404>(line:1576)[GMUsbDevicePlayer.cpp/playStatusChanged] --- leave 
01-01 00:38:14.308 D/usbservice(   67): <tid:404>(line:1576)[GMUsbDevicePlayer.cpp/playStatusChanged] +++ enter 
01-01 00:38:14.308 D/usbservice(   67): <tid:404>(line:1577)[GMUsbDevicePlayer.cpp/playStatusChanged] mask:[21], status:[0]
01-01 00:38:14.308 D/usbservice(   67): <tid:404>(line:1579)[GMUsbDevicePlayer.cpp/playStatusChanged] playStatusChanged, status.dataSourceKey = [3]
01-01 00:38:14.308 D/usbservice(   67): <tid:404>(line:1734)[GMUsbDevicePlayer.cpp/playStatusChanged] playStatusChanged position is 5495
01-01 00:38:14.308 D/usbservice(   67): <tid:404>(line:2011)[GMUsbDevicePlayer.cpp/positionUpdated] +++ enter 
01-01 00:38:14.308 D/usbbackup(   67): <tid:404>(line:264)[MediaBackup.cpp/updatePlayTime] +++ enter 
01-01 00:38:14.312 D/usbbackup(   67): <tid:404>(line:609)[MediaBackup.cpp/saveBackupData] +++ enter 
01-01 00:38:14.312 D/usbbackup(   67): <tid:404>(line:610)[MediaBackup.cpp/saveBackupData] key:[b_clear.USB_LASTINFO]
01-01 00:38:14.312 D/usbdatabase(   67): <tid:404>(line:291)[GMUsbDataManager.cpp/save] +++ enter 
01-01 00:38:14.312 D/usbdatabase(   67): <tid:404>(line:310)[GMUsbDataManager.cpp/save] key exist, update
01-01 00:38:14.316 D/usbdatabase(   67): <tid:404>(line:315)[GMUsbDataManager.cpp/save] save key, update key value succeed
01-01 00:38:14.316 D/usbdatabase(   67): <tid:404>(line:291)[GMUsbDataManager.cpp/save] --- leave 
01-01 00:38:14.316 D/usbbackup(   67): <tid:404>(line:609)[MediaBackup.cpp/saveBackupData] --- leave 
01-01 00:38:14.316 D/usbbackup(   67): <tid:404>(line:264)[MediaBackup.cpp/updatePlayTime] --- leave 
01-01 00:38:14.316 D/usbservice(   67): <tid:404>(line:1769)[GMUsbServiceBase.cpp/positionUpdated] msec = [5495]
01-01 00:38:14.316 D/usbservice(   67): <tid:404>(line:1499)[GMUsbServiceBase.cpp/notifyPositionUpdated] +++ enter 
01-01 00:38:14.316 D/usbservice(   65): <tid:224>(line:607)[GMUsbProxy.cpp/onAsyncResponse] code offset = [33]
01-01 00:38:14.320 D/usbservice(   67): <tid:404>(line:1499)[GMUsbServiceBase.cpp/notifyPositionUpdated] --- leave 
01-01 00:38:14.320 D/usbservice(   67): <tid:404>(line:2011)[GMUsbDevicePlayer.cpp/positionUpdated] --- leave 
01-01 00:38:14.320 D/usbservice(   67): <tid:404>(line:1576)[GMUsbDevicePlayer.cpp/playStatusChanged] --- leave 
01-01 00:38:15.308 D/usbservice(   67): <tid:404>(line:1576)[GMUsbDevicePlayer.cpp/playStatusChanged] +++ enter 
01-01 00:38:15.308 D/usbservice(   67): <tid:404>(line:1577)[GMUsbDevicePlayer.cpp/playStatusChanged] mask:[21], status:[0]
01-01 00:38:15.308 D/usbservice(   67): <tid:404>(line:1579)[GMUsbDevicePlayer.cpp/playStatusChanged] playStatusChanged, status.dataSourceKey = [3]
01-01 00:38:15.308 D/usbservice(   67): <tid:404>(line:1734)[GMUsbDevicePlayer.cpp/playStatusChanged] playStatusChanged position is 6495
01-01 00:38:15.308 D/usbservice(   67): <tid:404>(line:2011)[GMUsbDevicePlayer.cpp/positionUpdated] +++ enter 
01-01 00:38:15.308 D/usbbackup(   67): <tid:404>(line:264)[MediaBackup.cpp/updatePlayTime] +++ enter 
01-01 00:38:15.312 D/usbbackup(   67): <tid:404>(line:609)[MediaBackup.cpp/saveBackupData] +++ enter 
01-01 00:38:15.312 D/usbbackup(   67): <tid:404>(line:610)[MediaBackup.cpp/saveBackupData] key:[b_clear.USB_LASTINFO]
01-01 00:38:15.312 D/usbdatabase(   67): <tid:404>(line:291)[GMUsbDataManager.cpp/save] +++ enter 
01-01 00:38:15.312 D/usbdatabase(   67): <tid:404>(line:310)[GMUsbDataManager.cpp/save] key exist, update
01-01 00:38:15.316 D/usbdatabase(   67): <tid:404>(line:315)[GMUsbDataManager.cpp/save] save key, update key value succeed
01-01 00:38:15.316 D/usbdatabase(   67): <tid:404>(line:291)[GMUsbDataManager.cpp/save] --- leave 
01-01 00:38:15.316 D/usbbackup(   67): <tid:404>(line:609)[MediaBackup.cpp/saveBackupData] --- leave 
01-01 00:38:15.316 D/usbbackup(   67): <tid:404>(line:264)[MediaBackup.cpp/updatePlayTime] --- leave 
01-01 00:38:15.316 D/usbservice(   67): <tid:404>(line:1769)[GMUsbServiceBase.cpp/positionUpdated] msec = [6495]
01-01 00:38:15.316 D/usbservice(   67): <tid:404>(line:1499)[GMUsbServiceBase.cpp/notifyPositionUpdated] +++ enter 
01-01 00:38:15.316 D/usbservice(   65): <tid:222>(line:607)[GMUsbProxy.cpp/onAsyncResponse] code offset = [33]
01-01 00:38:15.320 D/usbservice(   67): <tid:404>(line:1499)[GMUsbServiceBase.cpp/notifyPositionUpdated] --- leave 
01-01 00:38:15.320 D/usbservice(   67): <tid:404>(line:2011)[GMUsbDevicePlayer.cpp/positionUpdated] --- leave 
01-01 00:38:15.320 D/usbservice(   67): <tid:404>(line:1576)[GMUsbDevicePlayer.cpp/playStatusChanged] --- leave 
01-01 00:38:15.952 D/usbservice(   65): <tid:238>(line:213)[GMUsbProxy.cpp/pause] +++ enter 
01-01 00:38:15.952 D/usbservice(   65): <tid:238>(line:213)[GMUsbProxy.cpp/pause] --- leave 
01-01 00:38:15.956 D/usbservice(   67): <tid:213>(line:131)[GMUsbServiceBase.cpp/onAsyncRequest] SenderId = [2], codeOffset = [9]
01-01 00:38:15.956 D/usbservice(   67): <tid:310>(line:1275)[GMUsbServiceBase.cpp/replyPause] +++ enter 
01-01 00:38:15.956 D/usbservice(   67): <tid:310>(line:1275)[GMUsbServiceBase.cpp/replyPause] --- leave 
01-01 00:38:15.956 D/usbservice(   67): <tid:310>(line:625)[GMUsbDevicePlayer.cpp/postPause] +++ enter 
01-01 00:38:15.956 D/usbservice(   67): <tid:310>(line:625)[GMUsbDevicePlayer.cpp/postPause] --- leave 
01-01 00:38:15.956 D/usbservice(   67): <tid:404>(line:1459)[GMUsbDevicePlayer.cpp/pause] +++ enter 
01-01 00:38:15.956 D/usbservice(   65): <tid:224>(line:607)[GMUsbProxy.cpp/onAsyncResponse] code offset = [9]
01-01 00:38:15.964 D/usbservice(   67): <tid:404>(line:1459)[GMUsbDevicePlayer.cpp/pause] --- leave 
01-01 00:38:15.964 D/usbservice(   67): <tid:404>(line:1576)[GMUsbDevicePlayer.cpp/playStatusChanged] +++ enter 
01-01 00:38:15.964 D/usbservice(   67): <tid:404>(line:1577)[GMUsbDevicePlayer.cpp/playStatusChanged] mask:[21], status:[0]
01-01 00:38:15.964 D/usbservice(   67): <tid:404>(line:1579)[GMUsbDevicePlayer.cpp/playStatusChanged] playStatusChanged, status.dataSourceKey = [3]
01-01 00:38:15.964 D/usbservice(   67): <tid:404>(line:1734)[GMUsbDevicePlayer.cpp/playStatusChanged] playStatusChanged position is 7147
01-01 00:38:15.964 D/usbservice(   67): <tid:404>(line:2011)[GMUsbDevicePlayer.cpp/positionUpdated] +++ enter 
01-01 00:38:15.964 D/usbbackup(   67): <tid:404>(line:264)[MediaBackup.cpp/updatePlayTime] +++ enter 
01-01 00:38:15.964 D/usbbackup(   67): <tid:404>(line:609)[MediaBackup.cpp/saveBackupData] +++ enter 
01-01 00:38:15.964 D/usbbackup(   67): <tid:404>(line:610)[MediaBackup.cpp/saveBackupData] key:[b_clear.USB_LASTINFO]
01-01 00:38:15.964 D/usbdatabase(   67): <tid:404>(line:291)[GMUsbDataManager.cpp/save] +++ enter 
01-01 00:38:15.964 D/usbdatabase(   67): <tid:404>(line:310)[GMUsbDataManager.cpp/save] key exist, update
01-01 00:38:15.968 D/usbdatabase(   67): <tid:404>(line:315)[GMUsbDataManager.cpp/save] save key, update key value succeed
01-01 00:38:15.968 D/usbdatabase(   67): <tid:404>(line:291)[GMUsbDataManager.cpp/save] --- leave 
01-01 00:38:15.968 D/usbbackup(   67): <tid:404>(line:609)[MediaBackup.cpp/saveBackupData] --- leave 
01-01 00:38:15.968 D/usbbackup(   67): <tid:404>(line:264)[MediaBackup.cpp/updatePlayTime] --- leave 
01-01 00:38:15.968 D/usbservice(   67): <tid:404>(line:1769)[GMUsbServiceBase.cpp/positionUpdated] msec = [7147]
01-01 00:38:15.968 D/usbservice(   67): <tid:404>(line:1499)[GMUsbServiceBase.cpp/notifyPositionUpdated] +++ enter 
01-01 00:38:15.968 D/usbservice(   65): <tid:222>(line:607)[GMUsbProxy.cpp/onAsyncResponse] code offset = [33]
01-01 00:38:15.972 D/usbservice(   67): <tid:404>(line:1499)[GMUsbServiceBase.cpp/notifyPositionUpdated] --- leave 
01-01 00:38:15.972 D/usbservice(   67): <tid:404>(line:2011)[GMUsbDevicePlayer.cpp/positionUpdated] --- leave 
01-01 00:38:15.972 D/usbservice(   67): <tid:404>(line:1576)[GMUsbDevicePlayer.cpp/playStatusChanged] --- leave 
01-01 00:38:16.004 D/usbservice(   67): <tid:404>(line:1576)[GMUsbDevicePlayer.cpp/playStatusChanged] +++ enter 
01-01 00:38:16.004 D/usbservice(   67): <tid:404>(line:1577)[GMUsbDevicePlayer.cpp/playStatusChanged] mask:[7], status:[2]
01-01 00:38:16.004 D/usbservice(   67): <tid:404>(line:1579)[GMUsbDevicePlayer.cpp/playStatusChanged] playStatusChanged, status.dataSourceKey = [3]
01-01 00:38:16.004 D/usbservice(   67): <tid:404>(line:1944)[GMUsbDevicePlayer.cpp/playStatusUpdated] +++ enter 
01-01 00:38:16.004 D/usbservice(   67): <tid:404>(line:1966)[GMUsbDevicePlayer.cpp/playStatusUpdated] playStatusChanged, state is paused
01-01 00:38:16.004 D/usbservice(   67): <tid:404>(line:1756)[GMUsbServiceBase.cpp/playStatusUpdated] +++ enter 
01-01 00:38:16.004 D/usbservice(   67): <tid:404>(line:1550)[GMUsbServiceBase.cpp/notifyPlayStatusUpdated] +++ enter 
01-01 00:38:16.004 D/usbservice(   65): <tid:224>(line:607)[GMUsbProxy.cpp/onAsyncResponse] code offset = [37]
01-01 00:38:16.004 D/usbservice(   67): <tid:404>(line:1550)[GMUsbServiceBase.cpp/notifyPlayStatusUpdated] --- leave 
01-01 00:38:16.004 D/usbservice(   67): <tid:404>(line:1756)[GMUsbServiceBase.cpp/playStatusUpdated] --- leave 
01-01 00:38:16.004 D/usbservice(   67): <tid:404>(line:1944)[GMUsbDevicePlayer.cpp/playStatusUpdated] --- leave 
01-01 00:38:16.004 D/usbservice(   67): <tid:404>(line:1722)[GMUsbDevicePlayer.cpp/playStatusChanged] playStatusChanged speed is 0
01-01 00:38:16.004 D/usbservice(   67): <tid:404>(line:1576)[GMUsbDevicePlayer.cpp/playStatusChanged] --- leave 
================================鐐瑰嚮涓嬩竴鏇插悗锛屽垏鎹㈠埌涓嬩竴鏇诧紝鐒跺悗鑷姩鎾斁姝屾洸锛岀偣鍑?  鍑绘挱鏀?   瀹変涵     鏆傚仠鎸夐挳==========================================




==================================鐐瑰嚮涓婁竴鏇叉寜閽?======================================================
01-01 00:39:25.252 D/usbservice(   65): <tid:238>(line:243)[GMUsbProxy.cpp/seekTo] +++ enter 
01-01 00:39:25.256 D/usbservice(   65): <tid:238>(line:243)[GMUsbProxy.cpp/seekTo] --- leave 
01-01 00:39:25.256 D/usbservice(   67): <tid:218>(line:131)[GMUsbServiceBase.cpp/onAsyncRequest] SenderId = [2], codeOffset = [11]
01-01 00:39:25.256 D/usbservice(   67): <tid:310>(line:1295)[GMUsbServiceBase.cpp/replySeekTo] +++ enter 
01-01 00:39:25.256 D/usbservice(   67): <tid:310>(line:1295)[GMUsbServiceBase.cpp/replySeekTo] --- leave 
01-01 00:39:25.256 D/usbservice(   67): <tid:310>(line:647)[GMUsbDevicePlayer.cpp/postSeekTo] +++ enter 
01-01 00:39:25.256 D/usbservice(   67): <tid:310>(line:647)[GMUsbDevicePlayer.cpp/postSeekTo] --- leave 
01-01 00:39:25.256 D/usbservice(   67): <tid:404>(line:1486)[GMUsbDevicePlayer.cpp/seekTo] +++ enter 
01-01 00:39:25.256 D/usbservice(   67): <tid:404>(line:1493)[GMUsbDevicePlayer.cpp/seekTo] the position need to seekto is 0
01-01 00:39:25.256 D/usbservice(   67): <tid:404>(line:1494)[GMUsbDevicePlayer.cpp/seekTo] the duration is 226089
01-01 00:39:25.256 D/usbbackup(   67): <tid:404>(line:264)[MediaBackup.cpp/updatePlayTime] +++ enter 
01-01 00:39:25.256 D/usbservice(   65): <tid:224>(line:607)[GMUsbProxy.cpp/onAsyncResponse] code offset = [11]
01-01 00:39:25.256 D/usbbackup(   67): <tid:404>(line:609)[MediaBackup.cpp/saveBackupData] +++ enter 
01-01 00:39:25.256 D/usbbackup(   67): <tid:404>(line:610)[MediaBackup.cpp/saveBackupData] key:[b_clear.USB_LASTINFO]
01-01 00:39:25.256 D/usbdatabase(   67): <tid:404>(line:291)[GMUsbDataManager.cpp/save] +++ enter 
01-01 00:39:25.256 D/usbdatabase(   67): <tid:404>(line:310)[GMUsbDataManager.cpp/save] key exist, update
01-01 00:39:25.264 D/usbdatabase(   67): <tid:404>(line:315)[GMUsbDataManager.cpp/save] save key, update key value succeed
01-01 00:39:25.264 D/usbdatabase(   67): <tid:404>(line:291)[GMUsbDataManager.cpp/save] --- leave 
01-01 00:39:25.264 D/usbbackup(   67): <tid:404>(line:609)[MediaBackup.cpp/saveBackupData] --- leave 
01-01 00:39:25.264 D/usbbackup(   67): <tid:404>(line:264)[MediaBackup.cpp/updatePlayTime] --- leave 
01-01 00:39:25.292 D/usbservice(   67): <tid:404>(line:1486)[GMUsbDevicePlayer.cpp/seekTo] --- leave 
01-01 00:39:25.292 D/usbservice(   67): <tid:404>(line:1576)[GMUsbDevicePlayer.cpp/playStatusChanged] +++ enter 
01-01 00:39:25.292 D/usbservice(   67): <tid:404>(line:1577)[GMUsbDevicePlayer.cpp/playStatusChanged] mask:[21], status:[0]
01-01 00:39:25.292 D/usbservice(   67): <tid:404>(line:1579)[GMUsbDevicePlayer.cpp/playStatusChanged] playStatusChanged, status.dataSourceKey = [3]
01-01 00:39:25.292 D/usbservice(   67): <tid:404>(line:1734)[GMUsbDevicePlayer.cpp/playStatusChanged] playStatusChanged position is 0
01-01 00:39:25.292 D/usbservice(   67): <tid:404>(line:2011)[GMUsbDevicePlayer.cpp/positionUpdated] +++ enter 
01-01 00:39:25.292 D/usbbackup(   67): <tid:404>(line:264)[MediaBackup.cpp/updatePlayTime] +++ enter 
01-01 00:39:25.292 D/usbbackup(   67): <tid:404>(line:268)[MediaBackup.cpp/updatePlayTime] original info, nothing changes, skip update
01-01 00:39:25.292 D/usbbackup(   67): <tid:404>(line:264)[MediaBackup.cpp/updatePlayTime] --- leave 
01-01 00:39:25.292 D/usbservice(   67): <tid:404>(line:1769)[GMUsbServiceBase.cpp/positionUpdated] msec = [0]
01-01 00:39:25.292 D/usbservice(   67): <tid:404>(line:1499)[GMUsbServiceBase.cpp/notifyPositionUpdated] +++ enter 
01-01 00:39:25.292 D/usbservice(   65): <tid:222>(line:607)[GMUsbProxy.cpp/onAsyncResponse] code offset = [33]
01-01 00:39:25.292 D/usbservice(   67): <tid:404>(line:1499)[GMUsbServiceBase.cpp/notifyPositionUpdated] --- leave 
01-01 00:39:25.292 D/usbservice(   67): <tid:404>(line:2011)[GMUsbDevicePlayer.cpp/positionUpdated] --- leave 
01-01 00:39:25.292 D/usbservice(   67): <tid:404>(line:1576)[GMUsbDevicePlayer.cpp/playStatusChanged] --- leave 
01-01 00:39:25.292 D/usbservice(   67): <tid:404>(line:1576)[GMUsbDevicePlayer.cpp/playStatusChanged] +++ enter 
01-01 00:39:25.292 D/usbservice(   67): <tid:404>(line:1577)[GMUsbDevicePlayer.cpp/playStatusChanged] mask:[7], status:[3]
01-01 00:39:25.292 D/usbservice(   67): <tid:404>(line:1579)[GMUsbDevicePlayer.cpp/playStatusChanged] playStatusChanged, status.dataSourceKey = [3]
01-01 00:39:25.292 D/usbservice(   67): <tid:404>(line:1944)[GMUsbDevicePlayer.cpp/playStatusUpdated] +++ enter 
01-01 00:39:25.292 D/usbservice(   67): <tid:404>(line:1976)[GMUsbDevicePlayer.cpp/playStatusUpdated] playStatusChanged, state is playing
01-01 00:39:25.292 D/usbservice(   67): <tid:404>(line:1756)[GMUsbServiceBase.cpp/playStatusUpdated] +++ enter 
01-01 00:39:25.292 D/usbservice(   67): <tid:404>(line:1550)[GMUsbServiceBase.cpp/notifyPlayStatusUpdated] +++ enter 
01-01 00:39:25.292 D/usbservice(   65): <tid:224>(line:607)[GMUsbProxy.cpp/onAsyncResponse] code offset = [37]
01-01 00:39:25.296 D/usbservice(   67): <tid:404>(line:1550)[GMUsbServiceBase.cpp/notifyPlayStatusUpdated] --- leave 
01-01 00:39:25.296 D/usbservice(   67): <tid:404>(line:1756)[GMUsbServiceBase.cpp/playStatusUpdated] --- leave 
01-01 00:39:25.296 D/usbservice(   67): <tid:404>(line:1944)[GMUsbDevicePlayer.cpp/playStatusUpdated] --- leave 
01-01 00:39:25.296 D/usbservice(   67): <tid:404>(line:1722)[GMUsbDevicePlayer.cpp/playStatusChanged] playStatusChanged speed is 1000
01-01 00:39:25.296 D/usbservice(   67): <tid:404>(line:1576)[GMUsbDevicePlayer.cpp/playStatusChanged] --- leave 
01-01 00:39:25.296 D/usbservice(   67): <tid:404>(line:1910)[GMUsbDevicePlayer.cpp/ackSeekTo] +++ enter 
01-01 00:39:25.296 D/usbservice(   67): <tid:404>(line:1912)[GMUsbDevicePlayer.cpp/ackSeekTo] ackSeekTo:retCode = 0
01-01 00:39:25.296 D/usbservice(   67): <tid:404>(line:1910)[GMUsbDevicePlayer.cpp/ackSeekTo] --- leave 
01-01 00:39:26.464 D/usbservice(   67): <tid:404>(line:1576)[GMUsbDevicePlayer.cpp/playStatusChanged] +++ enter 
01-01 00:39:26.464 D/usbservice(   67): <tid:404>(line:1577)[GMUsbDevicePlayer.cpp/playStatusChanged] mask:[21], status:[0]
01-01 00:39:26.464 D/usbservice(   67): <tid:404>(line:1579)[GMUsbDevicePlayer.cpp/playStatusChanged] playStatusChanged, status.dataSourceKey = [3]
01-01 00:39:26.464 D/usbservice(   67): <tid:404>(line:1734)[GMUsbDevicePlayer.cpp/playStatusChanged] playStatusChanged position is 1189
01-01 00:39:26.464 D/usbservice(   67): <tid:404>(line:2011)[GMUsbDevicePlayer.cpp/positionUpdated] +++ enter 
01-01 00:39:26.464 D/usbbackup(   67): <tid:404>(line:264)[MediaBackup.cpp/updatePlayTime] +++ enter 
01-01 00:39:26.468 D/usbbackup(   67): <tid:404>(line:609)[MediaBackup.cpp/saveBackupData] +++ enter 
01-01 00:39:26.468 D/usbbackup(   67): <tid:404>(line:610)[MediaBackup.cpp/saveBackupData] key:[b_clear.USB_LASTINFO]
01-01 00:39:26.468 D/usbdatabase(   67): <tid:404>(line:291)[GMUsbDataManager.cpp/save] +++ enter 
01-01 00:39:26.468 D/usbdatabase(   67): <tid:404>(line:310)[GMUsbDataManager.cpp/save] key exist, update
01-01 00:39:26.476 D/usbdatabase(   67): <tid:404>(line:315)[GMUsbDataManager.cpp/save] save key, update key value succeed
01-01 00:39:26.476 D/usbdatabase(   67): <tid:404>(line:291)[GMUsbDataManager.cpp/save] --- leave 
01-01 00:39:26.476 D/usbbackup(   67): <tid:404>(line:609)[MediaBackup.cpp/saveBackupData] --- leave 
01-01 00:39:26.476 D/usbbackup(   67): <tid:404>(line:264)[MediaBackup.cpp/updatePlayTime] --- leave 
01-01 00:39:26.476 D/usbservice(   67): <tid:404>(line:1769)[GMUsbServiceBase.cpp/positionUpdated] msec = [1189]
01-01 00:39:26.476 D/usbservice(   67): <tid:404>(line:1499)[GMUsbServiceBase.cpp/notifyPositionUpdated] +++ enter 
01-01 00:39:26.476 D/usbservice(   65): <tid:222>(line:607)[GMUsbProxy.cpp/onAsyncResponse] code offset = [33]
01-01 00:39:26.476 D/usbservice(   67): <tid:404>(line:1499)[GMUsbServiceBase.cpp/notifyPositionUpdated] --- leave 
01-01 00:39:26.480 D/usbservice(   67): <tid:404>(line:2011)[GMUsbDevicePlayer.cpp/positionUpdated] --- leave 
01-01 00:39:26.480 D/usbservice(   67): <tid:404>(line:1576)[GMUsbDevicePlayer.cpp/playStatusChanged] --- leave 
01-01 00:39:27.664 D/usbservice(   67): <tid:404>(line:1576)[GMUsbDevicePlayer.cpp/playStatusChanged] +++ enter 
01-01 00:39:27.664 D/usbservice(   67): <tid:404>(line:1577)[GMUsbDevicePlayer.cpp/playStatusChanged] mask:[21], status:[0]
01-01 00:39:27.664 D/usbservice(   67): <tid:404>(line:1579)[GMUsbDevicePlayer.cpp/playStatusChanged] playStatusChanged, status.dataSourceKey = [3]
01-01 00:39:27.664 D/usbservice(   67): <tid:404>(line:1734)[GMUsbDevicePlayer.cpp/playStatusChanged] playStatusChanged position is 2409
01-01 00:39:27.664 D/usbservice(   67): <tid:404>(line:2011)[GMUsbDevicePlayer.cpp/positionUpdated] +++ enter 
01-01 00:39:27.664 D/usbbackup(   67): <tid:404>(line:264)[MediaBackup.cpp/updatePlayTime] +++ enter 
01-01 00:39:27.668 D/usbbackup(   67): <tid:404>(line:609)[MediaBackup.cpp/saveBackupData] +++ enter 
01-01 00:39:27.668 D/usbbackup(   67): <tid:404>(line:610)[MediaBackup.cpp/saveBackupData] key:[b_clear.USB_LASTINFO]
01-01 00:39:27.668 D/usbdatabase(   67): <tid:404>(line:291)[GMUsbDataManager.cpp/save] +++ enter 
01-01 00:39:27.668 D/usbdatabase(   67): <tid:404>(line:310)[GMUsbDataManager.cpp/save] key exist, update
01-01 00:39:27.672 D/usbdatabase(   67): <tid:404>(line:315)[GMUsbDataManager.cpp/save] save key, update key value succeed
01-01 00:39:27.672 D/usbdatabase(   67): <tid:404>(line:291)[GMUsbDataManager.cpp/save] --- leave 
01-01 00:39:27.672 D/usbbackup(   67): <tid:404>(line:609)[MediaBackup.cpp/saveBackupData] --- leave 
01-01 00:39:27.672 D/usbbackup(   67): <tid:404>(line:264)[MediaBackup.cpp/updatePlayTime] --- leave 
01-01 00:39:27.672 D/usbservice(   67): <tid:404>(line:1769)[GMUsbServiceBase.cpp/positionUpdated] msec = [2409]
01-01 00:39:27.672 D/usbservice(   67): <tid:404>(line:1499)[GMUsbServiceBase.cpp/notifyPositionUpdated] +++ enter 
01-01 00:39:27.672 D/usbservice(   65): <tid:224>(line:607)[GMUsbProxy.cpp/onAsyncResponse] code offset = [33]
01-01 00:39:27.672 D/usbservice(   67): <tid:404>(line:1499)[GMUsbServiceBase.cpp/notifyPositionUpdated] --- leave 
01-01 00:39:27.672 D/usbservice(   67): <tid:404>(line:2011)[GMUsbDevicePlayer.cpp/positionUpdated] --- leave 
01-01 00:39:27.672 D/usbservice(   67): <tid:404>(line:1576)[GMUsbDevicePlayer.cpp/playStatusChanged] --- leave 
01-01 00:39:27.944 D/usbservice(   65): <tid:238>(line:213)[GMUsbProxy.cpp/pause] +++ enter 
01-01 00:39:27.944 D/usbservice(   65): <tid:238>(line:213)[GMUsbProxy.cpp/pause] --- leave 
01-01 00:39:27.944 D/usbservice(   67): <tid:218>(line:131)[GMUsbServiceBase.cpp/onAsyncRequest] SenderId = [2], codeOffset = [9]
01-01 00:39:27.944 D/usbservice(   67): <tid:310>(line:1275)[GMUsbServiceBase.cpp/replyPause] +++ enter 
01-01 00:39:27.944 D/usbservice(   67): <tid:310>(line:1275)[GMUsbServiceBase.cpp/replyPause] --- leave 
01-01 00:39:27.944 D/usbservice(   67): <tid:310>(line:625)[GMUsbDevicePlayer.cpp/postPause] +++ enter 
01-01 00:39:27.944 D/usbservice(   67): <tid:310>(line:625)[GMUsbDevicePlayer.cpp/postPause] --- leave 
01-01 00:39:27.944 D/usbservice(   67): <tid:404>(line:1459)[GMUsbDevicePlayer.cpp/pause] +++ enter 
01-01 00:39:27.948 D/usbservice(   65): <tid:222>(line:607)[GMUsbProxy.cpp/onAsyncResponse] code offset = [9]
01-01 00:39:27.952 D/usbservice(   67): <tid:404>(line:1459)[GMUsbDevicePlayer.cpp/pause] --- leave 
01-01 00:39:27.952 D/usbservice(   67): <tid:404>(line:1576)[GMUsbDevicePlayer.cpp/playStatusChanged] +++ enter 
01-01 00:39:27.952 D/usbservice(   67): <tid:404>(line:1577)[GMUsbDevicePlayer.cpp/playStatusChanged] mask:[21], status:[0]
01-01 00:39:27.952 D/usbservice(   67): <tid:404>(line:1579)[GMUsbDevicePlayer.cpp/playStatusChanged] playStatusChanged, status.dataSourceKey = [3]
01-01 00:39:27.952 D/usbservice(   67): <tid:404>(line:1734)[GMUsbDevicePlayer.cpp/playStatusChanged] playStatusChanged position is 2704
01-01 00:39:27.952 D/usbservice(   67): <tid:404>(line:2011)[GMUsbDevicePlayer.cpp/positionUpdated] +++ enter 
01-01 00:39:27.952 D/usbbackup(   67): <tid:404>(line:264)[MediaBackup.cpp/updatePlayTime] +++ enter 
01-01 00:39:27.956 D/usbbackup(   67): <tid:404>(line:609)[MediaBackup.cpp/saveBackupData] +++ enter 
01-01 00:39:27.956 D/usbbackup(   67): <tid:404>(line:610)[MediaBackup.cpp/saveBackupData] key:[b_clear.USB_LASTINFO]
01-01 00:39:27.956 D/usbdatabase(   67): <tid:404>(line:291)[GMUsbDataManager.cpp/save] +++ enter 
01-01 00:39:27.956 D/usbdatabase(   67): <tid:404>(line:310)[GMUsbDataManager.cpp/save] key exist, update
01-01 00:39:27.960 D/usbdatabase(   67): <tid:404>(line:315)[GMUsbDataManager.cpp/save] save key, update key value succeed
01-01 00:39:27.960 D/usbdatabase(   67): <tid:404>(line:291)[GMUsbDataManager.cpp/save] --- leave 
01-01 00:39:27.960 D/usbbackup(   67): <tid:404>(line:609)[MediaBackup.cpp/saveBackupData] --- leave 
01-01 00:39:27.960 D/usbbackup(   67): <tid:404>(line:264)[MediaBackup.cpp/updatePlayTime] --- leave 
01-01 00:39:27.960 D/usbservice(   67): <tid:404>(line:1769)[GMUsbServiceBase.cpp/positionUpdated] msec = [2704]
01-01 00:39:27.960 D/usbservice(   67): <tid:404>(line:1499)[GMUsbServiceBase.cpp/notifyPositionUpdated] +++ enter 
01-01 00:39:27.960 D/usbservice(   65): <tid:224>(line:607)[GMUsbProxy.cpp/onAsyncResponse] code offset = [33]
01-01 00:39:27.960 D/usbservice(   67): <tid:404>(line:1499)[GMUsbServiceBase.cpp/notifyPositionUpdated] --- leave 
01-01 00:39:27.960 D/usbservice(   67): <tid:404>(line:2011)[GMUsbDevicePlayer.cpp/positionUpdated] --- leave 
01-01 00:39:27.960 D/usbservice(   67): <tid:404>(line:1576)[GMUsbDevicePlayer.cpp/playStatusChanged] --- leave 
01-01 00:39:28.008 D/usbservice(   67): <tid:404>(line:1576)[GMUsbDevicePlayer.cpp/playStatusChanged] +++ enter 
01-01 00:39:28.008 D/usbservice(   67): <tid:404>(line:1577)[GMUsbDevicePlayer.cpp/playStatusChanged] mask:[7], status:[2]
01-01 00:39:28.008 D/usbservice(   67): <tid:404>(line:1579)[GMUsbDevicePlayer.cpp/playStatusChanged] playStatusChanged, status.dataSourceKey = [3]
01-01 00:39:28.008 D/usbservice(   67): <tid:404>(line:1944)[GMUsbDevicePlayer.cpp/playStatusUpdated] +++ enter 
01-01 00:39:28.008 D/usbservice(   67): <tid:404>(line:1966)[GMUsbDevicePlayer.cpp/playStatusUpdated] playStatusChanged, state is paused
01-01 00:39:28.008 D/usbservice(   67): <tid:404>(line:1756)[GMUsbServiceBase.cpp/playStatusUpdated] +++ enter 
01-01 00:39:28.008 D/usbservice(   67): <tid:404>(line:1550)[GMUsbServiceBase.cpp/notifyPlayStatusUpdated] +++ enter 
01-01 00:39:28.008 D/usbservice(   65): <tid:222>(line:607)[GMUsbProxy.cpp/onAsyncResponse] code offset = [37]
01-01 00:39:28.008 D/usbservice(   67): <tid:404>(line:1550)[GMUsbServiceBase.cpp/notifyPlayStatusUpdated] --- leave 
01-01 00:39:28.008 D/usbservice(   67): <tid:404>(line:1756)[GMUsbServiceBase.cpp/playStatusUpdated] --- leave 
01-01 00:39:28.008 D/usbservice(   67): <tid:404>(line:1944)[GMUsbDevicePlayer.cpp/playStatusUpdated] --- leave 
01-01 00:39:28.008 D/usbservice(   67): <tid:404>(line:1722)[GMUsbDevicePlayer.cpp/playStatusChanged] playStatusChanged speed is 0
01-01 00:39:28.008 D/usbservice(   67): <tid:404>(line:1576)[GMUsbDevicePlayer.cpp/playStatusChanged] --- leave 
============================================鐐瑰嚮涓€娆″悗灏憋紝    锛屽洖鍒板綋鍓嶆瓕鏇茬殑棣栦綅鑷姩鎾斁锛岀偣鍑绘殏鍋?===============================================




=========================================鐐瑰嚮涓ゆ涓婁竴鏇叉寜閽?=================================
01-01 00:40:29.916 D/usbservice(   65): <tid:238>(line:243)[GMUsbProxy.cpp/seekTo] +++ enter 
01-01 00:40:29.916 D/usbservice(   65): <tid:238>(line:243)[GMUsbProxy.cpp/seekTo] --- leave 
01-01 00:40:29.916 D/usbservice(   67): <tid:213>(line:131)[GMUsbServiceBase.cpp/onAsyncRequest] SenderId = [2], codeOffset = [11]
01-01 00:40:29.916 D/usbservice(   67): <tid:310>(line:1295)[GMUsbServiceBase.cpp/replySeekTo] +++ enter 
01-01 00:40:29.916 D/usbservice(   67): <tid:310>(line:1295)[GMUsbServiceBase.cpp/replySeekTo] --- leave 
01-01 00:40:29.916 D/usbservice(   67): <tid:310>(line:647)[GMUsbDevicePlayer.cpp/postSeekTo] +++ enter 
01-01 00:40:29.916 D/usbservice(   67): <tid:310>(line:647)[GMUsbDevicePlayer.cpp/postSeekTo] --- leave 
01-01 00:40:29.916 D/usbservice(   67): <tid:404>(line:1486)[GMUsbDevicePlayer.cpp/seekTo] +++ enter 
01-01 00:40:29.916 D/usbservice(   67): <tid:404>(line:1493)[GMUsbDevicePlayer.cpp/seekTo] the position need to seekto is 0
01-01 00:40:29.916 D/usbservice(   67): <tid:404>(line:1494)[GMUsbDevicePlayer.cpp/seekTo] the duration is 226089
01-01 00:40:29.916 D/usbbackup(   67): <tid:404>(line:264)[MediaBackup.cpp/updatePlayTime] +++ enter 
01-01 00:40:29.916 D/usbservice(   65): <tid:224>(line:607)[GMUsbProxy.cpp/onAsyncResponse] code offset = [11]
01-01 00:40:29.920 D/usbbackup(   67): <tid:404>(line:609)[MediaBackup.cpp/saveBackupData] +++ enter 
01-01 00:40:29.920 D/usbbackup(   67): <tid:404>(line:610)[MediaBackup.cpp/saveBackupData] key:[b_clear.USB_LASTINFO]
01-01 00:40:29.920 D/usbdatabase(   67): <tid:404>(line:291)[GMUsbDataManager.cpp/save] +++ enter 
01-01 00:40:29.920 D/usbdatabase(   67): <tid:404>(line:310)[GMUsbDataManager.cpp/save] key exist, update
01-01 00:40:29.928 D/usbdatabase(   67): <tid:404>(line:315)[GMUsbDataManager.cpp/save] save key, update key value succeed
01-01 00:40:29.928 D/usbdatabase(   67): <tid:404>(line:291)[GMUsbDataManager.cpp/save] --- leave 
01-01 00:40:29.928 D/usbbackup(   67): <tid:404>(line:609)[MediaBackup.cpp/saveBackupData] --- leave 
01-01 00:40:29.928 D/usbbackup(   67): <tid:404>(line:264)[MediaBackup.cpp/updatePlayTime] --- leave 
01-01 00:40:29.956 D/usbservice(   67): <tid:404>(line:1486)[GMUsbDevicePlayer.cpp/seekTo] --- leave 
01-01 00:40:29.956 D/usbservice(   67): <tid:404>(line:1576)[GMUsbDevicePlayer.cpp/playStatusChanged] +++ enter 
01-01 00:40:29.956 D/usbservice(   67): <tid:404>(line:1577)[GMUsbDevicePlayer.cpp/playStatusChanged] mask:[21], status:[0]
01-01 00:40:29.956 D/usbservice(   67): <tid:404>(line:1579)[GMUsbDevicePlayer.cpp/playStatusChanged] playStatusChanged, status.dataSourceKey = [3]
01-01 00:40:29.956 D/usbservice(   67): <tid:404>(line:1734)[GMUsbDevicePlayer.cpp/playStatusChanged] playStatusChanged position is 0
01-01 00:40:29.956 D/usbservice(   67): <tid:404>(line:2011)[GMUsbDevicePlayer.cpp/positionUpdated] +++ enter 
01-01 00:40:29.956 D/usbbackup(   67): <tid:404>(line:264)[MediaBackup.cpp/updatePlayTime] +++ enter 
01-01 00:40:29.956 D/usbbackup(   67): <tid:404>(line:268)[MediaBackup.cpp/updatePlayTime] original info, nothing changes, skip update
01-01 00:40:29.956 D/usbbackup(   67): <tid:404>(line:264)[MediaBackup.cpp/updatePlayTime] --- leave 
01-01 00:40:29.956 D/usbservice(   67): <tid:404>(line:1769)[GMUsbServiceBase.cpp/positionUpdated] msec = [0]
01-01 00:40:29.956 D/usbservice(   67): <tid:404>(line:1499)[GMUsbServiceBase.cpp/notifyPositionUpdated] +++ enter 
01-01 00:40:29.956 D/usbservice(   65): <tid:222>(line:607)[GMUsbProxy.cpp/onAsyncResponse] code offset = [33]
01-01 00:40:29.956 D/usbservice(   67): <tid:404>(line:1499)[GMUsbServiceBase.cpp/notifyPositionUpdated] --- leave 
01-01 00:40:29.956 D/usbservice(   67): <tid:404>(line:2011)[GMUsbDevicePlayer.cpp/positionUpdated] --- leave 
01-01 00:40:29.956 D/usbservice(   67): <tid:404>(line:1576)[GMUsbDevicePlayer.cpp/playStatusChanged] --- leave 
01-01 00:40:29.956 D/usbservice(   67): <tid:404>(line:1576)[GMUsbDevicePlayer.cpp/playStatusChanged] +++ enter 
01-01 00:40:29.956 D/usbservice(   67): <tid:404>(line:1577)[GMUsbDevicePlayer.cpp/playStatusChanged] mask:[7], status:[3]
01-01 00:40:29.956 D/usbservice(   67): <tid:404>(line:1579)[GMUsbDevicePlayer.cpp/playStatusChanged] playStatusChanged, status.dataSourceKey = [3]
01-01 00:40:29.956 D/usbservice(   67): <tid:404>(line:1944)[GMUsbDevicePlayer.cpp/playStatusUpdated] +++ enter 
01-01 00:40:29.956 D/usbservice(   67): <tid:404>(line:1976)[GMUsbDevicePlayer.cpp/playStatusUpdated] playStatusChanged, state is playing
01-01 00:40:29.956 D/usbservice(   67): <tid:404>(line:1756)[GMUsbServiceBase.cpp/playStatusUpdated] +++ enter 
01-01 00:40:29.956 D/usbservice(   67): <tid:404>(line:1550)[GMUsbServiceBase.cpp/notifyPlayStatusUpdated] +++ enter 
01-01 00:40:29.956 D/usbservice(   65): <tid:224>(line:607)[GMUsbProxy.cpp/onAsyncResponse] code offset = [37]
01-01 00:40:29.956 D/usbservice(   67): <tid:404>(line:1550)[GMUsbServiceBase.cpp/notifyPlayStatusUpdated] --- leave 
01-01 00:40:29.956 D/usbservice(   67): <tid:404>(line:1756)[GMUsbServiceBase.cpp/playStatusUpdated] --- leave 
01-01 00:40:29.956 D/usbservice(   67): <tid:404>(line:1944)[GMUsbDevicePlayer.cpp/playStatusUpdated] --- leave 
01-01 00:40:29.956 D/usbservice(   67): <tid:404>(line:1722)[GMUsbDevicePlayer.cpp/playStatusChanged] playStatusChanged speed is 1000
01-01 00:40:29.956 D/usbservice(   67): <tid:404>(line:1576)[GMUsbDevicePlayer.cpp/playStatusChanged] --- leave 
01-01 00:40:29.956 D/usbservice(   67): <tid:404>(line:1910)[GMUsbDevicePlayer.cpp/ackSeekTo] +++ enter 
01-01 00:40:29.956 D/usbservice(   67): <tid:404>(line:1912)[GMUsbDevicePlayer.cpp/ackSeekTo] ackSeekTo:retCode = 0
01-01 00:40:29.956 D/usbservice(   67): <tid:404>(line:1910)[GMUsbDevicePlayer.cpp/ackSeekTo] --- leave 
01-01 00:40:31.128 D/usbservice(   67): <tid:404>(line:1576)[GMUsbDevicePlayer.cpp/playStatusChanged] +++ enter 
