01-01 00:40:31.128 D/usbservice(   67): <tid:404>(line:1577)[GMUsbDevicePlayer.cpp/playStatusChanged] mask:[21], status:[0]
01-01 00:40:31.128 D/usbservice(   67): <tid:404>(line:1579)[GMUsbDevicePlayer.cpp/playStatusChanged] playStatusChanged, status.dataSourceKey = [3]
01-01 00:40:31.128 D/usbservice(   67): <tid:404>(line:1734)[GMUsbDevicePlayer.cpp/playStatusChanged] playStatusChanged position is 1173
01-01 00:40:31.128 D/usbservice(   67): <tid:404>(line:2011)[GMUsbDevicePlayer.cpp/positionUpdated] +++ enter 
01-01 00:40:31.128 D/usbbackup(   67): <tid:404>(line:264)[MediaBackup.cpp/updatePlayTime] +++ enter 
01-01 00:40:31.132 D/usbbackup(   67): <tid:404>(line:609)[MediaBackup.cpp/saveBackupData] +++ enter 
01-01 00:40:31.132 D/usbbackup(   67): <tid:404>(line:610)[MediaBackup.cpp/saveBackupData] key:[b_clear.USB_LASTINFO]
01-01 00:40:31.132 D/usbdatabase(   67): <tid:404>(line:291)[GMUsbDataManager.cpp/save] +++ enter 
01-01 00:40:31.132 D/usbdatabase(   67): <tid:404>(line:310)[GMUsbDataManager.cpp/save] key exist, update
01-01 00:40:31.136 D/usbdatabase(   67): <tid:404>(line:315)[GMUsbDataManager.cpp/save] save key, update key value succeed
01-01 00:40:31.136 D/usbdatabase(   67): <tid:404>(line:291)[GMUsbDataManager.cpp/save] --- leave 
01-01 00:40:31.136 D/usbbackup(   67): <tid:404>(line:609)[MediaBackup.cpp/saveBackupData] --- leave 
01-01 00:40:31.136 D/usbbackup(   67): <tid:404>(line:264)[MediaBackup.cpp/updatePlayTime] --- leave 
01-01 00:40:31.136 D/usbservice(   67): <tid:404>(line:1769)[GMUsbServiceBase.cpp/positionUpdated] msec = [1173]
01-01 00:40:31.136 D/usbservice(   67): <tid:404>(line:1499)[GMUsbServiceBase.cpp/notifyPositionUpdated] +++ enter 
01-01 00:40:31.136 D/usbservice(   65): <tid:222>(line:607)[GMUsbProxy.cpp/onAsyncResponse] code offset = [33]
01-01 00:40:31.136 D/usbservice(   67): <tid:404>(line:1499)[GMUsbServiceBase.cpp/notifyPositionUpdated] --- leave 
01-01 00:40:31.136 D/usbservice(   67): <tid:404>(line:2011)[GMUsbDevicePlayer.cpp/positionUpdated] --- leave 
01-01 00:40:31.136 D/usbservice(   67): <tid:404>(line:1576)[GMUsbDevicePlayer.cpp/playStatusChanged] --- leave 
01-01 00:40:31.884 D/usbservice(   65): <tid:238>(line:276)[GMUsbProxy.cpp/previous] +++ enter 
01-01 00:40:31.884 D/usbservice(   65): <tid:238>(line:276)[GMUsbProxy.cpp/previous] --- leave 
01-01 00:40:31.884 D/usbservice(   67): <tid:218>(line:131)[GMUsbServiceBase.cpp/onAsyncRequest] SenderId = [2], codeOffset = [13]
01-01 00:40:31.884 D/usbservice(   67): <tid:310>(line:1315)[GMUsbServiceBase.cpp/replyPrevious] +++ enter 
01-01 00:40:31.884 D/usbservice(   67): <tid:310>(line:1315)[GMUsbServiceBase.cpp/replyPrevious] --- leave 
01-01 00:40:31.884 D/usbservice(   67): <tid:310>(line:675)[GMUsbDevicePlayer.cpp/postPrevious] +++ enter 
01-01 00:40:31.884 D/usbservice(   67): <tid:310>(line:678)[GMUsbDevicePlayer.cpp/postPrevious] postprevious:stop timer
01-01 00:40:31.884 D/usbservice(   67): <tid:310>(line:675)[GMUsbDevicePlayer.cpp/postPrevious] --- leave 
01-01 00:40:31.884 D/usbservice(   67): <tid:404>(line:1056)[GMUsbDevicePlayer.cpp/previous] +++ enter 
01-01 00:40:31.884 D/usbservice(   67): <tid:404>(line:1068)[GMUsbDevicePlayer.cpp/previous] continue to previous
01-01 00:40:31.884 D/usbservice(   67): <tid:404>(line:1470)[GMUsbDevicePlayer.cpp/stop] +++ enter 
01-01 00:40:31.888 D/usbservice(   65): <tid:224>(line:607)[GMUsbProxy.cpp/onAsyncResponse] code offset = [13]
01-01 00:40:32.032 D/usbservice(   65): <tid:238>(line:260)[GMUsbProxy.cpp/next] +++ enter 
01-01 00:40:32.032 D/usbservice(   65): <tid:238>(line:260)[GMUsbProxy.cpp/next] --- leave 
01-01 00:40:32.032 D/usbservice(   67): <tid:213>(line:131)[GMUsbServiceBase.cpp/onAsyncRequest] SenderId = [2], codeOffset = [12]
01-01 00:40:32.036 D/usbservice(   67): <tid:310>(line:1305)[GMUsbServiceBase.cpp/replyNext] +++ enter 
01-01 00:40:32.036 D/usbservice(   67): <tid:310>(line:1305)[GMUsbServiceBase.cpp/replyNext] --- leave 
01-01 00:40:32.036 D/usbservice(   67): <tid:310>(line:658)[GMUsbDevicePlayer.cpp/postNext] +++ enter 
01-01 00:40:32.036 D/usbservice(   67): <tid:310>(line:661)[GMUsbDevicePlayer.cpp/postNext] postnext:stop timer
01-01 00:40:32.036 D/usbservice(   67): <tid:310>(line:658)[GMUsbDevicePlayer.cpp/postNext] --- leave 
01-01 00:40:32.036 D/usbservice(   65): <tid:222>(line:607)[GMUsbProxy.cpp/onAsyncResponse] code offset = [12]
01-01 00:40:32.060 D/usbservice(   67): <tid:404>(line:1470)[GMUsbDevicePlayer.cpp/stop] --- leave 
01-01 00:40:32.060 D/usbplaylist(   67): <tid:404>(line:504)[GMMediaPlaylist.cpp/previous] +++ enter 
01-01 00:40:32.060 D/usbplaylist(   67): <tid:404>(line:937)[GMMediaPlaylist.cpp/itemFilter] item filter randmode[1], repeatmode[4], filePlayMode[2], m_randomIndex[1], m_originIndex[1]
01-01 00:40:32.060 D/usbplaylist(   67): <tid:404>(line:814)[GMMediaPlaylist.cpp/amendListInfoIndex] Current list info is folderId[1], composerId[-1], artistId[-1], genreId[-1], albumId[-1], type[2]
01-01 00:40:32.060 I/usbplaylist(   67): <tid:404>(line:614)[GMMediaPlaylist.cpp/currentPlayItem] currentPlayItem, m_originIndex = [1]
01-01 00:40:32.060 I/usbplaylist(   67): <tid:404>(line:614)[GMMediaPlaylist.cpp/currentPlayItem] currentPlayItem, m_originIndex = [1]
01-01 00:40:32.060 I/usbplaylist(   67): <tid:404>(line:614)[GMMediaPlaylist.cpp/currentPlayItem] currentPlayItem, m_originIndex = [1]
01-01 00:40:32.060 I/usbplaylist(   67): <tid:404>(line:614)[GMMediaPlaylist.cpp/currentPlayItem] currentPlayItem, m_originIndex = [1]
01-01 00:40:32.060 I/usbplaylist(   67): <tid:404>(line:614)[GMMediaPlaylist.cpp/currentPlayItem] currentPlayItem, m_originIndex = [1]
01-01 00:40:32.060 D/usbplaylist(   67): <tid:404>(line:817)[GMMediaPlaylist.cpp/amendListInfoIndex] Current playItem info is folderId[1], composerId[0], artistId[0], genreId[0], albumId[0]
01-01 00:40:32.060 I/usbplaylist(   67): <tid:404>(line:614)[GMMediaPlaylist.cpp/currentPlayItem] currentPlayItem, m_originIndex = [1]
01-01 00:40:32.060 D/usbplaylist(   67): <tid:404>(line:832)[GMMediaPlaylist.cpp/amendListInfoIndex] [debug no need to amend list index]
01-01 00:40:32.060 D/usbplaylist(   67): <tid:404>(line:1126)[GMMediaPlaylist.cpp/updatePlaylistInfo] updatePlaylistInfo : m_randomMode = [1], m_repeatMode = [4]
01-01 00:40:32.060 D/usbplaylist(   67): <tid:404>(line:1127)[GMMediaPlaylist.cpp/updatePlaylistInfo] [debug]updatePlaylistInfo : m_listIndex = [0], currentIndex = [1]
01-01 00:40:32.060 D/usbservice(   67): <tid:404>(line:223)[GMUsbDevicePlayer.cpp/onPlaylistInfoChanged] +++ enter 
01-01 00:40:32.064 D/usbservice(   67): <tid:404>(line:224)[GMUsbDevicePlayer.cpp/onPlaylistInfoChanged] onPlaylistInfoChanged : index = [1], totalCount = [12]
01-01 00:40:32.064 D/usbservice(   67): <tid:404>(line:223)[GMUsbDevicePlayer.cpp/onPlaylistInfoChanged] --- leave 
01-01 00:40:32.064 D/usbservice(   67): <tid:404>(line:130)[GMUsbDevicePlayer.cpp/onPlayItemChanged] +++ enter 
01-01 00:40:32.064 D/usbservice(   67): <tid:404>(line:139)[GMUsbDevicePlayer.cpp/onPlayItemChanged] set item played
01-01 00:40:32.064 D/usbutils(   67): <tid:404>(line:160)[GMTagLibWrap.cpp/readTags] +++ enter 
01-01 00:40:32.064 D/usbutils(   67): <tid:404>(line:200)[GMTagLibWrap.cpp/readTags] start decode [title]
01-01 00:40:32.064 D/usbutils(   67): <tid:404>(line:107)[GMTagLibWrap.cpp/getId3TagInfoStringType] GetId3TagInfoStringType, stp = [1], ret = [1]
01-01 00:40:32.064 D/usbutils(   67): <tid:404>(line:200)[GMTagLibWrap.cpp/readTags] tag info string type = 1
01-01 00:40:32.064 D/usbutils(   67): <tid:404>(line:208)[GMTagLibWrap.cpp/readTags] start decode [album]
01-01 00:40:32.064 D/usbutils(   67): <tid:404>(line:107)[GMTagLibWrap.cpp/getId3TagInfoStringType] GetId3TagInfoStringType, stp = [1], ret = [1]
01-01 00:40:32.064 D/usbutils(   67): <tid:404>(line:208)[GMTagLibWrap.cpp/readTags] tag info string type = 1
01-01 00:40:32.064 D/usbutils(   67): <tid:404>(line:216)[GMTagLibWrap.cpp/readTags] start decode [artist]
01-01 00:40:32.064 D/usbutils(   67): <tid:404>(line:107)[GMTagLibWrap.cpp/getId3TagInfoStringType] GetId3TagInfoStringType, stp = [1], ret = [1]
01-01 00:40:32.064 D/usbutils(   67): <tid:404>(line:216)[GMTagLibWrap.cpp/readTags] tag info string type = 1
01-01 00:40:32.064 D/usbutils(   67): <tid:404>(line:221)[GMTagLibWrap.cpp/readTags] debug : composer is null
01-01 00:40:32.064 D/usbutils(   67): <tid:404>(line:232)[GMTagLibWrap.cpp/readTags] start decode [genre]
01-01 00:40:32.064 D/usbutils(   67): <tid:404>(line:107)[GMTagLibWrap.cpp/getId3TagInfoStringType] GetId3TagInfoStringType, stp = [0], ret = [1]
01-01 00:40:32.064 D/usbutils(   67): <tid:404>(line:232)[GMTagLibWrap.cpp/readTags] tag info string type = 0
01-01 00:40:32.064 D/usbutils(   67): <tid:404>(line:69)[GMMultiLang.cpp/toUTF8] srcCodec = 1
01-01 00:40:32.064 D/usbutils(   67): <tid:404>(line:288)[ICUUCWrap.cpp/convertWithTargetCnv] ucnv_open is ok
01-01 00:40:32.064 D/usbutils(   67): <tid:404>(line:81)[ICUUCWrap.cpp/convertToUTF8] languageType:0 formatHandleOfIOS88591 1,src len:5,targetRearSize:5
01-01 00:40:32.064 D/usbutils(   67): <tid:404>(line:100)[ICUUCWrap.cpp/convertToUTF8] NEW STRING8 BEGIN 
01-01 00:40:32.064 D/usbutils(   67): <tid:404>(line:102)[ICUUCWrap.cpp/convertToUTF8] NEW STRING8 END # dst string = Blues
01-01 00:40:32.064 D/usbutils(   67): <tid:404>(line:86)[GMMultiLang.cpp/toUTF8] convert finished, string[Blues], size[5]
01-01 00:40:32.064 D/usbutils(   67): <tid:404>(line:160)[GMTagLibWrap.cpp/readTags] --- leave 
01-01 00:40:32.064 D/usbbackup(   67): <tid:404>(line:195)[MediaBackup.cpp/updatePlayUid] +++ enter 
01-01 00:40:32.068 D/usbbackup(   67): <tid:404>(line:609)[MediaBackup.cpp/saveBackupData] +++ enter 
01-01 00:40:32.068 D/usbbackup(   67): <tid:404>(line:610)[MediaBackup.cpp/saveBackupData] key:[b_clear.USB_LASTINFO]
01-01 00:40:32.068 D/usbdatabase(   67): <tid:404>(line:291)[GMUsbDataManager.cpp/save] +++ enter 
01-01 00:40:32.068 D/usbdatabase(   67): <tid:404>(line:310)[GMUsbDataManager.cpp/save] key exist, update
01-01 00:40:32.072 D/usbdatabase(   67): <tid:404>(line:315)[GMUsbDataManager.cpp/save] save key, update key value succeed
01-01 00:40:32.072 D/usbdatabase(   67): <tid:404>(line:291)[GMUsbDataManager.cpp/save] --- leave 
01-01 00:40:32.072 D/usbbackup(   67): <tid:404>(line:609)[MediaBackup.cpp/saveBackupData] --- leave 
01-01 00:40:32.072 D/usbbackup(   67): <tid:404>(line:195)[MediaBackup.cpp/updatePlayUid] --- leave 
01-01 00:40:32.072 D/usbbackup(   67): <tid:404>(line:233)[MediaBackup.cpp/updatePlayIndex] +++ enter 
01-01 00:40:32.072 D/usbbackup(   67): <tid:404>(line:609)[MediaBackup.cpp/saveBackupData] +++ enter 
01-01 00:40:32.072 D/usbbackup(   67): <tid:404>(line:610)[MediaBackup.cpp/saveBackupData] key:[b_clear.USB_LASTINFO]
01-01 00:40:32.072 D/usbdatabase(   67): <tid:404>(line:291)[GMUsbDataManager.cpp/save] +++ enter 
01-01 00:40:32.072 D/usbdatabase(   67): <tid:404>(line:310)[GMUsbDataManager.cpp/save] key exist, update
01-01 00:40:32.076 D/usbdatabase(   67): <tid:404>(line:315)[GMUsbDataManager.cpp/save] save key, update key value succeed
01-01 00:40:32.076 D/usbdatabase(   67): <tid:404>(line:291)[GMUsbDataManager.cpp/save] --- leave 
01-01 00:40:32.076 D/usbbackup(   67): <tid:404>(line:609)[MediaBackup.cpp/saveBackupData] --- leave 
01-01 00:40:32.076 D/usbbackup(   67): <tid:404>(line:233)[MediaBackup.cpp/updatePlayIndex] --- leave 
01-01 00:40:32.076 D/usbbackup(   67): <tid:404>(line:264)[MediaBackup.cpp/updatePlayTime] +++ enter 
01-01 00:40:32.076 D/usbbackup(   67): <tid:404>(line:609)[MediaBackup.cpp/saveBackupData] +++ enter 
01-01 00:40:32.076 D/usbbackup(   67): <tid:404>(line:610)[MediaBackup.cpp/saveBackupData] key:[b_clear.USB_LASTINFO]
01-01 00:40:32.076 D/usbdatabase(   67): <tid:404>(line:291)[GMUsbDataManager.cpp/save] +++ enter 
01-01 00:40:32.080 D/usbdatabase(   67): <tid:404>(line:310)[GMUsbDataManager.cpp/save] key exist, update
01-01 00:40:32.084 D/usbdatabase(   67): <tid:404>(line:315)[GMUsbDataManager.cpp/save] save key, update key value succeed
01-01 00:40:32.084 D/usbdatabase(   67): <tid:404>(line:291)[GMUsbDataManager.cpp/save] --- leave 
01-01 00:40:32.084 D/usbbackup(   67): <tid:404>(line:609)[MediaBackup.cpp/saveBackupData] --- leave 
01-01 00:40:32.084 D/usbbackup(   67): <tid:404>(line:264)[MediaBackup.cpp/updatePlayTime] --- leave 
01-01 00:40:32.084 D/usbservice(   67): <tid:404>(line:2094)[GMUsbDevicePlayer.cpp/playItemUpdated] +++ enter 
01-01 00:40:32.084 D/usbservice(   67): <tid:404>(line:1833)[GMUsbServiceBase.cpp/playItemUpdated] +++ enter 
01-01 00:40:32.084 D/usbservice(   67): <tid:404>(line:1538)[GMUsbServiceBase.cpp/notifyPlayItemUpdated] +++ enter 
01-01 00:40:32.084 D/usbservice(   65): <tid:224>(line:607)[GMUsbProxy.cpp/onAsyncResponse] code offset = [36]
01-01 00:40:32.084 D/usbservice(   67): <tid:404>(line:1538)[GMUsbServiceBase.cpp/notifyPlayItemUpdated] --- leave 
01-01 00:40:32.084 D/usbservice(   67): <tid:404>(line:1833)[GMUsbServiceBase.cpp/playItemUpdated] --- leave 
01-01 00:40:32.084 D/usbservice(   67): <tid:404>(line:2094)[GMUsbDevicePlayer.cpp/playItemUpdated] --- leave 
01-01 00:40:32.084 D/usbservice(   67): <tid:404>(line:2040)[GMUsbDevicePlayer.cpp/metaDataUpdated] +++ enter 
01-01 00:40:32.084 D/usbservice(   67): <tid:404>(line:1794)[GMUsbServiceBase.cpp/metaDataUpdated] metaDataFlag = [31]
01-01 00:40:32.084 D/usbservice(   67): <tid:404>(line:1613)[GMUsbServiceBase.cpp/notifyMetaDataUpdated] +++ enter 
01-01 00:40:32.084 D/usbservice(   65): <tid:222>(line:607)[GMUsbProxy.cpp/onAsyncResponse] code offset = [42]
01-01 00:40:32.084 D/usbservice(   67): <tid:404>(line:1613)[GMUsbServiceBase.cpp/notifyMetaDataUpdated] --- leave 
01-01 00:40:32.084 D/usbservice(   67): <tid:404>(line:2040)[GMUsbDevicePlayer.cpp/metaDataUpdated] --- leave 
01-01 00:40:32.084 D/usbservice(   67): <tid:404>(line:130)[GMUsbDevicePlayer.cpp/onPlayItemChanged] --- leave 
01-01 00:40:32.084 D/usbplaylist(   67): <tid:404>(line:595)[GMMediaPlaylist.cpp/previous] operation previous succeed
01-01 00:40:32.084 D/usbplaylist(   67): <tid:404>(line:504)[GMMediaPlaylist.cpp/previous] --- leave 
01-01 00:40:32.084 D/usbservice(   67): <tid:404>(line:1088)[GMUsbDevicePlayer.cpp/previous] the step is invalid
01-01 00:40:32.084 D/usbservice(   67): <tid:404>(line:1056)[GMUsbDevicePlayer.cpp/previous] --- leave 
01-01 00:40:32.084 D/usbservice(   67): <tid:404>(line:1016)[GMUsbDevicePlayer.cpp/next] +++ enter 
01-01 00:40:32.084 D/usbservice(   67): <tid:404>(line:1036)[GMUsbDevicePlayer.cpp/next] stop next and start to play, autoPlay = 0
01-01 00:40:32.084 D/usbservice(   67): <tid:404>(line:1318)[GMUsbDevicePlayer.cpp/setPrepare] +++ enter 
01-01 00:40:32.084 D/usbservice(   67): <tid:404>(line:1323)[GMUsbDevicePlayer.cpp/setPrepare] setPrepare >>> url = [file:///mnt/udisk/songs1/褰╄壊鐨勯粦 [mqms2].mp3], dataSourceKey = [2]
01-01 00:40:32.084 D/usbservice(   67): <tid:404>(line:1334)[GMUsbDevicePlayer.cpp/prepare] +++ enter 
01-01 00:40:32.100 D/usbservice(   67): <tid:404>(line:1334)[GMUsbDevicePlayer.cpp/prepare] --- leave 
01-01 00:40:32.100 D/usbservice(   67): <tid:404>(line:1318)[GMUsbDevicePlayer.cpp/setPrepare] --- leave 
01-01 00:40:32.100 D/usbservice(   67): <tid:404>(line:1352)[GMUsbDevicePlayer.cpp/setPlay] +++ enter 
01-01 00:40:32.100 D/usbservice(   67): <tid:404>(line:1387)[GMUsbDevicePlayer.cpp/setPlay] play current item from 0
01-01 00:40:32.128 D/usbservice(   67): <tid:404>(line:1352)[GMUsbDevicePlayer.cpp/setPlay] --- leave 
01-01 00:40:32.128 D/usbservice(   67): <tid:404>(line:1016)[GMUsbDevicePlayer.cpp/next] --- leave 
01-01 00:40:32.128 D/usbservice(   67): <tid:404>(line:1576)[GMUsbDevicePlayer.cpp/playStatusChanged] +++ enter 
01-01 00:40:32.128 D/usbservice(   67): <tid:404>(line:1577)[GMUsbDevicePlayer.cpp/playStatusChanged] mask:[3], status:[0]
01-01 00:40:32.128 D/usbservice(   67): <tid:404>(line:1579)[GMUsbDevicePlayer.cpp/playStatusChanged] playStatusChanged, status.dataSourceKey = [3]
01-01 00:40:32.128 D/usbservice(   67): <tid:404>(line:1581)[GMUsbDevicePlayer.cpp/playStatusChanged] datasourcekey not matched, ignor this msg
01-01 00:40:32.128 D/usbservice(   67): <tid:404>(line:1576)[GMUsbDevicePlayer.cpp/playStatusChanged] --- leave 
01-01 00:40:32.128 D/usbservice(   67): <tid:404>(line:1576)[GMUsbDevicePlayer.cpp/playStatusChanged] +++ enter 
01-01 00:40:32.128 D/usbservice(   67): <tid:404>(line:1577)[GMUsbDevicePlayer.cpp/playStatusChanged] mask:[41], status:[0]
01-01 00:40:32.128 D/usbservice(   67): <tid:404>(line:1579)[GMUsbDevicePlayer.cpp/playStatusChanged] playStatusChanged, status.dataSourceKey = [2]
01-01 00:40:32.128 D/usbservice(   67): <tid:404>(line:1576)[GMUsbDevicePlayer.cpp/playStatusChanged] --- leave 
01-01 00:40:32.232 D/usbservice(   67): <tid:404>(line:1798)[GMUsbDevicePlayer.cpp/mediaInfoUpdated] +++ enter 
01-01 00:40:32.232 D/usbservice(   67): <tid:404>(line:1800)[GMUsbDevicePlayer.cpp/mediaInfoUpdated] media info update, datasourcekey is [2]
01-01 00:40:32.232 D/usbservice(   67): <tid:404>(line:1804)[GMUsbDevicePlayer.cpp/mediaInfoUpdated] mediaInfoUpdated, duration is 246961
01-01 00:40:32.232 D/usbservice(   67): <tid:404>(line:2027)[GMUsbDevicePlayer.cpp/durationUpdated] +++ enter 
01-01 00:40:32.232 D/usbservice(   67): <tid:404>(line:1782)[GMUsbServiceBase.cpp/durationUpdated] msec = [246961]
01-01 00:40:32.232 D/usbservice(   67): <tid:404>(line:1486)[GMUsbServiceBase.cpp/notifyDurationUpdated] +++ enter 
01-01 00:40:32.232 D/usbservice(   65): <tid:224>(line:607)[GMUsbProxy.cpp/onAsyncResponse] code offset = [32]
01-01 00:40:32.232 D/usbservice(   67): <tid:404>(line:1486)[GMUsbServiceBase.cpp/notifyDurationUpdated] --- leave 
01-01 00:40:32.232 D/usbservice(   67): <tid:404>(line:2027)[GMUsbDevicePlayer.cpp/durationUpdated] --- leave 
01-01 00:40:32.232 D/usbservice(   67): <tid:404>(line:1798)[GMUsbDevicePlayer.cpp/mediaInfoUpdated] --- leave 
01-01 00:40:32.268 D/usbservice(   67): <tid:404>(line:1576)[GMUsbDevicePlayer.cpp/playStatusChanged] +++ enter 
01-01 00:40:32.268 D/usbservice(   67): <tid:404>(line:1577)[GMUsbDevicePlayer.cpp/playStatusChanged] mask:[201], status:[0]
01-01 00:40:32.268 D/usbservice(   67): <tid:404>(line:1579)[GMUsbDevicePlayer.cpp/playStatusChanged] playStatusChanged, status.dataSourceKey = [2]
01-01 00:40:32.268 D/usbservice(   67): <tid:404>(line:1576)[GMUsbDevicePlayer.cpp/playStatusChanged] --- leave 
01-01 00:40:32.268 D/usbservice(   67): <tid:404>(line:1798)[GMUsbDevicePlayer.cpp/mediaInfoUpdated] +++ enter 
01-01 00:40:32.268 D/usbservice(   67): <tid:404>(line:1800)[GMUsbDevicePlayer.cpp/mediaInfoUpdated] media info update, datasourcekey is [2]
01-01 00:40:32.268 D/usbservice(   67): <tid:404>(line:1798)[GMUsbDevicePlayer.cpp/mediaInfoUpdated] --- leave 
01-01 00:40:32.268 D/usbservice(   67): <tid:404>(line:1576)[GMUsbDevicePlayer.cpp/playStatusChanged] +++ enter 
01-01 00:40:32.268 D/usbservice(   67): <tid:404>(line:1577)[GMUsbDevicePlayer.cpp/playStatusChanged] mask:[41], status:[0]
01-01 00:40:32.268 D/usbservice(   67): <tid:404>(line:1579)[GMUsbDevicePlayer.cpp/playStatusChanged] playStatusChanged, status.dataSourceKey = [2]
01-01 00:40:32.268 D/usbservice(   67): <tid:404>(line:1576)[GMUsbDevicePlayer.cpp/playStatusChanged] --- leave 
01-01 00:40:32.268 D/usbservice(   67): <tid:404>(line:1576)[GMUsbDevicePlayer.cpp/playStatusChanged] +++ enter 
01-01 00:40:32.268 D/usbservice(   67): <tid:404>(line:1577)[GMUsbDevicePlayer.cpp/playStatusChanged] mask:[81], status:[0]
01-01 00:40:32.268 D/usbservice(   67): <tid:404>(line:1579)[GMUsbDevicePlayer.cpp/playStatusChanged] playStatusChanged, status.dataSourceKey = [2]
01-01 00:40:32.268 D/usbservice(   67): <tid:404>(line:1748)[GMUsbDevicePlayer.cpp/playStatusChanged] playStatusChanged isAudioMuted [1105297364]
01-01 00:40:32.268 D/usbservice(   67): <tid:404>(line:1576)[GMUsbDevicePlayer.cpp/playStatusChanged] --- leave 
01-01 00:40:32.268 D/usbservice(   67): <tid:404>(line:1576)[GMUsbDevicePlayer.cpp/playStatusChanged] +++ enter 
01-01 00:40:32.268 D/usbservice(   67): <tid:404>(line:1577)[GMUsbDevicePlayer.cpp/playStatusChanged] mask:[3], status:[1]
01-01 00:40:32.268 D/usbservice(   67): <tid:404>(line:1579)[GMUsbDevicePlayer.cpp/playStatusChanged] playStatusChanged, status.dataSourceKey = [2]
01-01 00:40:32.268 D/usbservice(   67): <tid:404>(line:1944)[GMUsbDevicePlayer.cpp/playStatusUpdated] +++ enter 
01-01 00:40:32.268 D/usbservice(   67): <tid:404>(line:1961)[GMUsbDevicePlayer.cpp/playStatusUpdated] playStatusChanged, state is prepared
01-01 00:40:32.268 D/usbservice(   67): <tid:404>(line:1756)[GMUsbServiceBase.cpp/playStatusUpdated] +++ enter 
01-01 00:40:32.268 D/usbservice(   67): <tid:404>(line:1550)[GMUsbServiceBase.cpp/notifyPlayStatusUpdated] +++ enter 
01-01 00:40:32.268 D/usbservice(   65): <tid:222>(line:607)[GMUsbProxy.cpp/onAsyncResponse] code offset = [37]
01-01 00:40:32.268 D/usbservice(   67): <tid:404>(line:1550)[GMUsbServiceBase.cpp/notifyPlayStatusUpdated] --- leave 
01-01 00:40:32.268 D/usbservice(   67): <tid:404>(line:1756)[GMUsbServiceBase.cpp/playStatusUpdated] --- leave 
01-01 00:40:32.268 D/usbservice(   67): <tid:404>(line:1944)[GMUsbDevicePlayer.cpp/playStatusUpdated] --- leave 
01-01 00:40:32.268 D/usbservice(   67): <tid:404>(line:1576)[GMUsbDevicePlayer.cpp/playStatusChanged] --- leave 
01-01 00:40:32.268 D/usbservice(   67): <tid:404>(line:1576)[GMUsbDevicePlayer.cpp/playStatusChanged] +++ enter 
01-01 00:40:32.268 D/usbservice(   67): <tid:404>(line:1577)[GMUsbDevicePlayer.cpp/playStatusChanged] mask:[21], status:[0]
01-01 00:40:32.268 D/usbservice(   67): <tid:404>(line:1579)[GMUsbDevicePlayer.cpp/playStatusChanged] playStatusChanged, status.dataSourceKey = [2]
01-01 00:40:32.268 D/usbservice(   67): <tid:404>(line:1734)[GMUsbDevicePlayer.cpp/playStatusChanged] playStatusChanged position is 0
01-01 00:40:32.268 D/usbservice(   67): <tid:404>(line:2011)[GMUsbDevicePlayer.cpp/positionUpdated] +++ enter 
01-01 00:40:32.268 D/usbbackup(   67): <tid:404>(line:264)[MediaBackup.cpp/updatePlayTime] +++ enter 
01-01 00:40:32.268 D/usbbackup(   67): <tid:404>(line:268)[MediaBackup.cpp/updatePlayTime] original info, nothing changes, skip update
01-01 00:40:32.268 D/usbbackup(   67): <tid:404>(line:264)[MediaBackup.cpp/updatePlayTime] --- leave 
01-01 00:40:32.268 D/usbservice(   67): <tid:404>(line:1769)[GMUsbServiceBase.cpp/positionUpdated] msec = [0]
01-01 00:40:32.268 D/usbservice(   67): <tid:404>(line:1499)[GMUsbServiceBase.cpp/notifyPositionUpdated] +++ enter 
01-01 00:40:32.268 D/usbservice(   65): <tid:224>(line:607)[GMUsbProxy.cpp/onAsyncResponse] code offset = [33]
01-01 00:40:32.268 D/usbservice(   67): <tid:404>(line:1499)[GMUsbServiceBase.cpp/notifyPositionUpdated] --- leave 
01-01 00:40:32.268 D/usbservice(   67): <tid:404>(line:2011)[GMUsbDevicePlayer.cpp/positionUpdated] --- leave 
01-01 00:40:32.268 D/usbservice(   67): <tid:404>(line:1576)[GMUsbDevicePlayer.cpp/playStatusChanged] --- leave 
01-01 00:40:32.268 D/usbservice(   67): <tid:404>(line:1576)[GMUsbDevicePlayer.cpp/playStatusChanged] +++ enter 
01-01 00:40:32.268 D/usbservice(   67): <tid:404>(line:1577)[GMUsbDevicePlayer.cpp/playStatusChanged] mask:[7], status:[3]
01-01 00:40:32.268 D/usbservice(   67): <tid:404>(line:1579)[GMUsbDevicePlayer.cpp/playStatusChanged] playStatusChanged, status.dataSourceKey = [2]
01-01 00:40:32.268 D/usbservice(   67): <tid:404>(line:1944)[GMUsbDevicePlayer.cpp/playStatusUpdated] +++ enter 
01-01 00:40:32.268 D/usbservice(   67): <tid:404>(line:1976)[GMUsbDevicePlayer.cpp/playStatusUpdated] playStatusChanged, state is playing
01-01 00:40:32.268 D/usbservice(   67): <tid:404>(line:1756)[GMUsbServiceBase.cpp/playStatusUpdated] +++ enter 
01-01 00:40:32.268 D/usbservice(   67): <tid:404>(line:1550)[GMUsbServiceBase.cpp/notifyPlayStatusUpdated] +++ enter 
01-01 00:40:32.268 D/usbservice(   65): <tid:222>(line:607)[GMUsbProxy.cpp/onAsyncResponse] code offset = [37]
01-01 00:40:32.268 D/usbservice(   67): <tid:404>(line:1550)[GMUsbServiceBase.cpp/notifyPlayStatusUpdated] --- leave 
01-01 00:40:32.268 D/usbservice(   67): <tid:404>(line:1756)[GMUsbServiceBase.cpp/playStatusUpdated] --- leave 
01-01 00:40:32.268 D/usbservice(   67): <tid:404>(line:1944)[GMUsbDevicePlayer.cpp/playStatusUpdated] --- leave 
01-01 00:40:32.268 D/usbservice(   67): <tid:404>(line:1722)[GMUsbDevicePlayer.cpp/playStatusChanged] playStatusChanged speed is 1000
01-01 00:40:32.268 D/usbservice(   67): <tid:404>(line:1576)[GMUsbDevicePlayer.cpp/playStatusChanged] --- leave 
01-01 00:40:32.268 D/usbservice(   67): <tid:404>(line:1910)[GMUsbDevicePlayer.cpp/ackSeekTo] +++ enter 
01-01 00:40:32.268 D/usbservice(   67): <tid:404>(line:1912)[GMUsbDevicePlayer.cpp/ackSeekTo] ackSeekTo:retCode = 0
01-01 00:40:32.268 D/usbservice(   67): <tid:404>(line:1910)[GMUsbDevicePlayer.cpp/ackSeekTo] --- leave 
01-01 00:40:33.444 D/usbservice(   67): <tid:404>(line:1576)[GMUsbDevicePlayer.cpp/playStatusChanged] +++ enter 
01-01 00:40:33.444 D/usbservice(   67): <tid:404>(line:1577)[GMUsbDevicePlayer.cpp/playStatusChanged] mask:[21], status:[0]
01-01 00:40:33.444 D/usbservice(   67): <tid:404>(line:1579)[GMUsbDevicePlayer.cpp/playStatusChanged] playStatusChanged, status.dataSourceKey = [2]
01-01 00:40:33.444 D/usbservice(   67): <tid:404>(line:1734)[GMUsbDevicePlayer.cpp/playStatusChanged] playStatusChanged position is 1110
01-01 00:40:33.444 D/usbservice(   67): <tid:404>(line:2011)[GMUsbDevicePlayer.cpp/positionUpdated] +++ enter 
01-01 00:40:33.444 D/usbbackup(   67): <tid:404>(line:264)[MediaBackup.cpp/updatePlayTime] +++ enter 
01-01 00:40:33.444 D/usbbackup(   67): <tid:404>(line:609)[MediaBackup.cpp/saveBackupData] +++ enter 
01-01 00:40:33.444 D/usbbackup(   67): <tid:404>(line:610)[MediaBackup.cpp/saveBackupData] key:[b_clear.USB_LASTINFO]
01-01 00:40:33.444 D/usbdatabase(   67): <tid:404>(line:291)[GMUsbDataManager.cpp/save] +++ enter 
01-01 00:40:33.444 D/usbdatabase(   67): <tid:404>(line:310)[GMUsbDataManager.cpp/save] key exist, update
01-01 00:40:33.452 D/usbdatabase(   67): <tid:404>(line:315)[GMUsbDataManager.cpp/save] save key, update key value succeed
01-01 00:40:33.452 D/usbdatabase(   67): <tid:404>(line:291)[GMUsbDataManager.cpp/save] --- leave 
01-01 00:40:33.452 D/usbbackup(   67): <tid:404>(line:609)[MediaBackup.cpp/saveBackupData] --- leave 
01-01 00:40:33.452 D/usbbackup(   67): <tid:404>(line:264)[MediaBackup.cpp/updatePlayTime] --- leave 
01-01 00:40:33.452 D/usbservice(   67): <tid:404>(line:1769)[GMUsbServiceBase.cpp/positionUpdated] msec = [1110]
01-01 00:40:33.452 D/usbservice(   67): <tid:404>(line:1499)[GMUsbServiceBase.cpp/notifyPositionUpdated] +++ enter 
01-01 00:40:33.452 D/usbservice(   65): <tid:224>(line:607)[GMUsbProxy.cpp/onAsyncResponse] code offset = [33]
01-01 00:40:33.452 D/usbservice(   67): <tid:404>(line:1499)[GMUsbServiceBase.cpp/notifyPositionUpdated] --- leave 
01-01 00:40:33.452 D/usbservice(   67): <tid:404>(line:2011)[GMUsbDevicePlayer.cpp/positionUpdated] --- leave 
01-01 00:40:33.452 D/usbservice(   67): <tid:404>(line:1576)[GMUsbDevicePlayer.cpp/playStatusChanged] --- leave 
01-01 00:40:34.644 D/usbservice(   67): <tid:404>(line:1576)[GMUsbDevicePlayer.cpp/playStatusChanged] +++ enter 
01-01 00:40:34.644 D/usbservice(   67): <tid:404>(line:1577)[GMUsbDevicePlayer.cpp/playStatusChanged] mask:[21], status:[0]
01-01 00:40:34.644 D/usbservice(   67): <tid:404>(line:1579)[GMUsbDevicePlayer.cpp/playStatusChanged] playStatusChanged, status.dataSourceKey = [2]
01-01 00:40:34.644 D/usbservice(   67): <tid:404>(line:1734)[GMUsbDevicePlayer.cpp/playStatusChanged] playStatusChanged position is 2310
01-01 00:40:34.644 D/usbservice(   67): <tid:404>(line:2011)[GMUsbDevicePlayer.cpp/positionUpdated] +++ enter 
01-01 00:40:34.644 D/usbbackup(   67): <tid:404>(line:264)[MediaBackup.cpp/updatePlayTime] +++ enter 
01-01 00:40:34.652 D/usbbackup(   67): <tid:404>(line:609)[MediaBackup.cpp/saveBackupData] +++ enter 
01-01 00:40:34.652 D/usbbackup(   67): <tid:404>(line:610)[MediaBackup.cpp/saveBackupData] key:[b_clear.USB_LASTINFO]
01-01 00:40:34.652 D/usbdatabase(   67): <tid:404>(line:291)[GMUsbDataManager.cpp/save] +++ enter 
01-01 00:40:34.652 D/usbdatabase(   67): <tid:404>(line:310)[GMUsbDataManager.cpp/save] key exist, update
01-01 00:40:34.660 D/usbdatabase(   67): <tid:404>(line:315)[GMUsbDataManager.cpp/save] save key, update key value succeed
01-01 00:40:34.660 D/usbdatabase(   67): <tid:404>(line:291)[GMUsbDataManager.cpp/save] --- leave 
01-01 00:40:34.660 D/usbbackup(   67): <tid:404>(line:609)[MediaBackup.cpp/saveBackupData] --- leave 
01-01 00:40:34.660 D/usbbackup(   67): <tid:404>(line:264)[MediaBackup.cpp/updatePlayTime] --- leave 
01-01 00:40:34.660 D/usbservice(   67): <tid:404>(line:1769)[GMUsbServiceBase.cpp/positionUpdated] msec = [2310]
01-01 00:40:34.660 D/usbservice(   67): <tid:404>(line:1499)[GMUsbServiceBase.cpp/notifyPositionUpdated] +++ enter 
01-01 00:40:34.660 D/usbservice(   67): <tid:404>(line:1499)[GMUsbServiceBase.cpp/notifyPositionUpdated] --- leave 
01-01 00:40:34.660 D/usbservice(   67): <tid:404>(line:2011)[GMUsbDevicePlayer.cpp/positionUpdated] --- leave 
01-01 00:40:34.660 D/usbservice(   67): <tid:404>(line:1576)[GMUsbDevicePlayer.cpp/playStatusChanged] --- leave 
01-01 00:40:34.660 D/usbservice(   65): <tid:222>(line:607)[GMUsbProxy.cpp/onAsyncResponse] code offset = [33]
01-01 00:40:35.020 D/usbservice(   65): <tid:238>(line:213)[GMUsbProxy.cpp/pause] +++ enter 
01-01 00:40:35.020 D/usbservice(   65): <tid:238>(line:213)[GMUsbProxy.cpp/pause] --- leave 
01-01 00:40:35.020 D/usbservice(   67): <tid:213>(line:131)[GMUsbServiceBase.cpp/onAsyncRequest] SenderId = [2], codeOffset = [9]
01-01 00:40:35.020 D/usbservice(   67): <tid:310>(line:1275)[GMUsbServiceBase.cpp/replyPause] +++ enter 
01-01 00:40:35.020 D/usbservice(   67): <tid:310>(line:1275)[GMUsbServiceBase.cpp/replyPause] --- leave 
01-01 00:40:35.020 D/usbservice(   67): <tid:310>(line:625)[GMUsbDevicePlayer.cpp/postPause] +++ enter 
01-01 00:40:35.020 D/usbservice(   67): <tid:310>(line:625)[GMUsbDevicePlayer.cpp/postPause] --- leave 
01-01 00:40:35.020 D/usbservice(   67): <tid:404>(line:1459)[GMUsbDevicePlayer.cpp/pause] +++ enter 
01-01 00:40:35.024 D/usbservice(   65): <tid:224>(line:607)[GMUsbProxy.cpp/onAsyncResponse] code offset = [9]
01-01 00:40:35.036 D/usbservice(   67): <tid:404>(line:1459)[GMUsbDevicePlayer.cpp/pause] --- leave 
01-01 00:40:35.036 D/usbservice(   67): <tid:404>(line:1576)[GMUsbDevicePlayer.cpp/playStatusChanged] +++ enter 
01-01 00:40:35.036 D/usbservice(   67): <tid:404>(line:1577)[GMUsbDevicePlayer.cpp/playStatusChanged] mask:[21], status:[0]
01-01 00:40:35.036 D/usbservice(   67): <tid:404>(line:1579)[GMUsbDevicePlayer.cpp/playStatusChanged] playStatusChanged, status.dataSourceKey = [2]
01-01 00:40:35.036 D/usbservice(   67): <tid:404>(line:1734)[GMUsbDevicePlayer.cpp/playStatusChanged] playStatusChanged position is 2694
01-01 00:40:35.036 D/usbservice(   67): <tid:404>(line:2011)[GMUsbDevicePlayer.cpp/positionUpdated] +++ enter 
01-01 00:40:35.036 D/usbbackup(   67): <tid:404>(line:264)[MediaBackup.cpp/updatePlayTime] +++ enter 
01-01 00:40:35.036 D/usbbackup(   67): <tid:404>(line:609)[MediaBackup.cpp/saveBackupData] +++ enter 
01-01 00:40:35.036 D/usbbackup(   67): <tid:404>(line:610)[MediaBackup.cpp/saveBackupData] key:[b_clear.USB_LASTINFO]
01-01 00:40:35.036 D/usbdatabase(   67): <tid:404>(line:291)[GMUsbDataManager.cpp/save] +++ enter 
01-01 00:40:35.036 D/usbdatabase(   67): <tid:404>(line:310)[GMUsbDataManager.cpp/save] key exist, update
01-01 00:40:35.044 D/usbdatabase(   67): <tid:404>(line:315)[GMUsbDataManager.cpp/save] save key, update key value succeed
01-01 00:40:35.044 D/usbdatabase(   67): <tid:404>(line:291)[GMUsbDataManager.cpp/save] --- leave 
01-01 00:40:35.044 D/usbbackup(   67): <tid:404>(line:609)[MediaBackup.cpp/saveBackupData] --- leave 
01-01 00:40:35.044 D/usbbackup(   67): <tid:404>(line:264)[MediaBackup.cpp/updatePlayTime] --- leave 
01-01 00:40:35.044 D/usbservice(   67): <tid:404>(line:1769)[GMUsbServiceBase.cpp/positionUpdated] msec = [2694]
01-01 00:40:35.044 D/usbservice(   67): <tid:404>(line:1499)[GMUsbServiceBase.cpp/notifyPositionUpdated] +++ enter 
01-01 00:40:35.044 D/usbservice(   65): <tid:222>(line:607)[GMUsbProxy.cpp/onAsyncResponse] code offset = [33]
01-01 00:40:35.044 D/usbservice(   67): <tid:404>(line:1499)[GMUsbServiceBase.cpp/notifyPositionUpdated] --- leave 
01-01 00:40:35.044 D/usbservice(   67): <tid:404>(line:2011)[GMUsbDevicePlayer.cpp/positionUpdated] --- leave 
01-01 00:40:35.044 D/usbservice(   67): <tid:404>(line:1576)[GMUsbDevicePlayer.cpp/playStatusChanged] --- leave 
01-01 00:40:35.084 D/usbservice(   67): <tid:404>(line:1576)[GMUsbDevicePlayer.cpp/playStatusChanged] +++ enter 
01-01 00:40:35.084 D/usbservice(   67): <tid:404>(line:1577)[GMUsbDevicePlayer.cpp/playStatusChanged] mask:[7], status:[2]
01-01 00:40:35.084 D/usbservice(   67): <tid:404>(line:1579)[GMUsbDevicePlayer.cpp/playStatusChanged] playStatusChanged, status.dataSourceKey = [2]
01-01 00:40:35.084 D/usbservice(   67): <tid:404>(line:1944)[GMUsbDevicePlayer.cpp/playStatusUpdated] +++ enter 
01-01 00:40:35.084 D/usbservice(   67): <tid:404>(line:1966)[GMUsbDevicePlayer.cpp/playStatusUpdated] playStatusChanged, state is paused
01-01 00:40:35.084 D/usbservice(   67): <tid:404>(line:1756)[GMUsbServiceBase.cpp/playStatusUpdated] +++ enter 
01-01 00:40:35.084 D/usbservice(   67): <tid:404>(line:1550)[GMUsbServiceBase.cpp/notifyPlayStatusUpdated] +++ enter 
01-01 00:40:35.084 D/usbservice(   65): <tid:224>(line:607)[GMUsbProxy.cpp/onAsyncResponse] code offset = [37]
01-01 00:40:35.084 D/usbservice(   67): <tid:404>(line:1550)[GMUsbServiceBase.cpp/notifyPlayStatusUpdated] --- leave 
01-01 00:40:35.084 D/usbservice(   67): <tid:404>(line:1756)[GMUsbServiceBase.cpp/playStatusUpdated] --- leave 
01-01 00:40:35.084 D/usbservice(   67): <tid:404>(line:1944)[GMUsbDevicePlayer.cpp/playStatusUpdated] --- leave 
01-01 00:40:35.084 D/usbservice(   67): <tid:404>(line:1722)[GMUsbDevicePlayer.cpp/playStatusChanged] playStatusChanged speed is 0
01-01 00:40:35.084 D/usbservice(   67): <tid:404>(line:1576)[GMUsbDevicePlayer.cpp/playStatusChanged] --- leave 
================================杩炵画鐐瑰嚮涓ゆ涓婁竴鏇叉寜閽紝鍚庢挱鏀句笂涓€鏇叉瓕鏇诧紝鐐瑰嚮^[[D      鍑?                        鍚庯紝鑷姩鎾斁涓婁竴鏇叉寜閽?    姝屾洸锛岀偣鍑绘殏鍋滃悗====================================================


======================================涓旂幆淇?     鍒囨崲鍒板叾浠?        澶? 鍑簎sbSource===============================
01-01 00:42:24.072 D/usbservice(   65): <tid:237>(line:507)[GMUsbProxy.cpp/reqSourceChange] +++ enter 
01-01 00:42:24.072 D/usbservice(   67): <tid:218>(line:131)[GMUsbServiceBase.cpp/onAsyncRequest] SenderId = [2], codeOffset = [25]
01-01 00:42:24.072 D/usbservice(   67): <tid:310>(line:901)[GMUsbService.cpp/trySourceOff] +++ enter 
01-01 00:42:24.072 D/usbservice(   67): <tid:310>(line:790)[GMUsbService.cpp/doUpdateSourceState] +++ enter 
01-01 00:42:24.072 D/usbservice(   67): <tid:310>(line:792)[GMUsbService.cpp/doUpdateSourceState] updateSourcePARM.state is [4], updateSourcePARM.isAdd [0], updateSourcePARM.isWait [0]
01-01 00:42:24.076 D/usbservice(   67): <tid:310>(line:813)[GMUsbService.cpp/doUpdateSourceState] current m_sourceState is [3]
01-01 00:42:24.076 D/usbservice(   67): <tid:310>(line:790)[GMUsbService.cpp/doUpdateSourceState] --- leave 
01-01 00:42:24.076 D/usbservice(   67): <tid:310>(line:441)[GMUsbDevicePlayer.cpp/deActiveDevice] +++ enter 
01-01 00:42:24.076 D/usbservice(   67): <tid:310>(line:448)[GMUsbDevicePlayer.cpp/deActiveDevice] stop mediaplayer callback thread
01-01 00:42:24.076 D/usbservice(   67): <tid:310>(line:1470)[GMUsbDevicePlayer.cpp/stop] +++ enter 
01-01 00:42:24.080 D/usbservice(   65): <tid:237>(line:507)[GMUsbProxy.cpp/reqSourceChange] --- leave 
01-01 00:42:24.204 D/usbservice(   67): <tid:310>(line:1470)[GMUsbDevicePlayer.cpp/stop] --- leave 
01-01 00:42:24.204 D/usbservice(   67): <tid:310>(line:2166)[GMUsbDevicePlayer.cpp/clearLocalStatus] +++ enter 
01-01 00:42:24.204 D/usbservice(   67): <tid:310>(line:2166)[GMUsbDevicePlayer.cpp/clearLocalStatus] --- leave 
01-01 00:42:24.204 D/usbservice(   67): <tid:310>(line:441)[GMUsbDevicePlayer.cpp/deActiveDevice] --- leave 
01-01 00:42:24.204 D/usbbackup(   67): <tid:310>(line:609)[MediaBackup.cpp/saveBackupData] +++ enter 
01-01 00:42:24.204 D/usbbackup(   67): <tid:310>(line:610)[MediaBackup.cpp/saveBackupData] key:[b_clear.USB_LASTINFO]
01-01 00:42:24.204 D/usbdatabase(   67): <tid:310>(line:291)[GMUsbDataManager.cpp/save] +++ enter 
01-01 00:42:24.204 D/usbdatabase(   67): <tid:310>(line:310)[GMUsbDataManager.cpp/save] key exist, update
01-01 00:42:24.208 D/usbdatabase(   67): <tid:310>(line:315)[GMUsbDataManager.cpp/save] save key, update key value succeed
01-01 00:42:24.208 D/usbdatabase(   67): <tid:310>(line:291)[GMUsbDataManager.cpp/save] --- leave 
01-01 00:42:24.208 D/usbbackup(   67): <tid:310>(line:609)[MediaBackup.cpp/saveBackupData] --- leave 
01-01 00:42:24.208 D/usbservice(   67): <tid:310>(line:1624)[GMUsbServiceBase.cpp/notifySourceChanged] +++ enter 
01-01 00:42:24.208 D/usbservice(   65): <tid:222>(line:607)[GMUsbProxy.cpp/onAsyncResponse] code offset = [43]
01-01 00:42:24.212 D/usbservice(   67): <tid:310>(line:1624)[GMUsbServiceBase.cpp/notifySourceChanged] --- leave 
01-01 00:42:24.212 D/usbservice(   67): <tid:310>(line:901)[GMUsbService.cpp/trySourceOff] --- leave 
=========================================qied    鍒囨崲鍒颁簡BTA=====================================================================


=========================================鎷斿嚭usb璁惧===============================================
[  552.697159] usb 1-1: USB disconnect, device number 3
01-01 00:42:59.976 D/usbservice(   67): <tid:218>(line:91)[GMUsbService.cpp/notify_usbBadRemoval] +++ enter 
01-01 00:42:59.976 D/usbservice(   67): <tid:218>(line:91)[GMUsbService.cpp/notify_usbBadRemoval] --- leave 
01-01 00:42:59.976 D/usbservice(   67): <tid:310>(line:226)[GMUsbService.cpp/doOnUnmount] +++ enter 
01-01 00:42:59.976 D/usbservice(   67): <tid:310>(line:238)[GMUsbService.cpp/doOnUnmount] usb mount path is [/mnt/udisk]
01-01 00:42:59.976 D/usbservice(   67): <tid:310>(line:243)[GMUsbService.cpp/doOnUnmount] is unsupportDevice ? [0]
01-01 00:42:59.976 D/usbservice(   67): <tid:310>(line:244)[GMUsbService.cpp/doOnUnmount] device port is [0]
01-01 00:42:59.976 D/usbservice(   67): <tid:310>(line:245)[GMUsbService.cpp/doOnUnmount] device id is [0]
01-01 00:42:59.976 D/usbservice(   67): <tid:310>(line:246)[GMUsbService.cpp/doOnUnmount] product id is [6387]
01-01 00:42:59.976 D/usbservice(   67): <tid:310>(line:247)[GMUsbService.cpp/doOnUnmount] vendor id is [058f]
01-01 00:42:59.976 D/usbservice(   67): <tid:310>(line:248)[GMUsbService.cpp/doOnUnmount] serial number is [BE0DEE3A]
01-01 00:42:59.976 D/usbservice(   67): <tid:310>(line:265)[GMUsbService.cpp/doOnUnmount] create uuid = [BE0DEE3A], dbpath = [/var/user/media/usb/BE0DEE3A.db                                 ]
01-01 00:42:59.976 D/usbservice(   67): <tid:310>(line:270)[GMUsbService.cpp/doOnUnmount] create uuid = [BE0DEE3A], dbpath = [/var/user/media/usb/BE0DEE3A_image.db                           ]
01-01 00:42:59.976 D/usbservice(   67): <tid:310>(line:1248)[GMUsbService.cpp/doUnMountImageMode] +++ enter 

01-01 00:42:59.976 D/usbdatabase(   67): <tid:310>(line:102)[GMMediaScanner.cpp/stopScan] +++ enter 
01-01 00:42:59.976 D/usbdatabase(   67): <tid:310>(line:330)[GMMediaLibrary.cpp/cancel] +++ enter 
01-01 00:42:59.980 D/usbdatabase(   67): <tid:310>(line:330)[GMMediaLibrary.cpp/cancel] --- leave 
01-01 00:42:59.980 D/usbdatabase(   67): <tid:310>(line:454)[GMMediaLibrary.cpp/reset] +++ enter 
01-01 00:42:59.980 D/usbdatabase(   67): <tid:310>(line:108)[GMFileSystemCrt.cpp/stop] +++ enter 
01-01 00:42:59.980 D/usbdatabase(   67): <tid:310>(line:139)[GMFileSystemCrt.cpp/finilize] +++ enter 
01-01 00:42:59.980 D/usbdatabase(   67): <tid:310>(line:1248)[GMFileSystemCrt.cpp/clearLocalValue] +++ enter 
01-01 00:42:59.980 D/usbdatabase(   67): <tid:310>(line:1248)[GMFileSystemCrt.cpp/clearLocalValue] --- leave 
01-01 00:42:59.980 D/usbdatabase(   67): <tid:310>(line:139)[GMFileSystemCrt.cpp/finilize] --- leave 
01-01 00:42:59.980 D/usbdatabase(   67): <tid:310>(line:108)[GMFileSystemCrt.cpp/stop] --- leave 
01-01 00:42:59.980 D/usbdatabase(   67): <tid:310>(line:86)[GMFileSystemCrt.cpp/~GMFileSystemCrt] +++ enter 
01-01 00:42:59.980 D/usbdatabase(   67): <tid:310>(line:86)[GMFileSystemCrt.cpp/~GMFileSystemCrt] --- leave 
01-01 00:42:59.980 W/usbdatabase(   67): <tid:310>(line:473)[GMMediaLibrary.cpp/reset] m_pMlCreater not exist
01-01 00:42:59.980 D/usbdatabase(   67): <tid:310>(line:454)[GMMediaLibrary.cpp/reset] --- leave 
01-01 00:42:59.980 D/usbdatabase(   67): <tid:310>(line:411)[GMMediaLibrary.cpp/updateDeviceStatus] +++ enter 
01-01 00:42:59.980 D/usbprovider(   61): <tid:163>(line:502)[GMMediaProvider.cpp/update] +++ enter 
01-01 00:42:59.980 D/usbprovider(   61): <tid:163>(line:806)[GMMediaProvider.cpp/getDeviceIndex] GMMediaProvider::getDeviceIndex, uri:[content://media/usbsd/image/db?usb1]
01-01 00:42:59.980 D/usbprovider(   61): <tid:163>(line:507)[GMMediaProvider.cpp/update] uriID = [22] dvsIdx = [0]
01-01 00:42:59.980 D/usbprovider(   61): <tid:163>(line:650)[GMMediaProvider.cpp/update] update>>>MATCH_ID_IMAGE_DB
01-01 00:42:59.980 D/usbprovider(   61): <tid:163>(line:655)[GMMediaProvider.cpp/update] uuid BE0DEE3A_image
01-01 00:42:59.980 D/usbprovider(   61): <tid:163>(line:660)[GMMediaProvider.cpp/update] status 0
01-01 00:42:59.984 D/usbprovider(   61): <tid:163>(line:502)[GMMediaProvider.cpp/update] --- leave 
01-01 00:42:59.984 D/usbservice(   67): <tid:311>(line:376)[GMUsbService.cpp/onNotifyUpdate] +++ enter 
01-01 00:42:59.984 D/usbservice(   67): <tid:311>(line:376)[GMUsbService.cpp/onNotifyUpdate] --- leave 
01-01 00:42:59.984 D/usbdatabase(   67): <tid:310>(line:411)[GMMediaLibrary.cpp/updateDeviceStatus] --- leave 
01-01 00:42:59.984 D/usbdatabase(   67): <tid:310>(line:297)[GMMediaScanner.cpp/clearData] +++ enter 
01-01 00:42:59.984 D/usbdatabase(   67): <tid:310>(line:297)[GMMediaScanner.cpp/clearData] --- leave 
01-01 00:42:59.984 D/usbdatabase(   67): <tid:310>(line:102)[GMMediaScanner.cpp/stopScan] --- leave 
01-01 00:42:59.984 D/usbservice(   67): <tid:310>(line:1248)[GMUsbService.cpp/doUnMountImageMode] --- leave 
01-01 00:42:59.984 D/usbservice(   67): <tid:310>(line:773)[GMUsbService.cpp/stopScanner] +++ enter 
01-01 00:42:59.984 D/usbservice(   67): <tid:310>(line:774)[GMUsbService.cpp/stopScanner] root path = [/mnt/udisk]
01-01 00:42:59.984 D/usbdatabase(   67): <tid:310>(line:102)[GMMediaScanner.cpp/stopScan] +++ enter 
01-01 00:42:59.984 D/usbdatabase(   67): <tid:310>(line:330)[GMMediaLibrary.cpp/cancel] +++ enter 
01-01 00:42:59.984 D/usbdatabase(   67): <tid:310>(line:330)[GMMediaLibrary.cpp/cancel] --- leave 
01-01 00:42:59.984 D/usbdatabase(   67): <tid:310>(line:454)[GMMediaLibrary.cpp/reset] +++ enter 
01-01 00:42:59.984 D/usbdatabase(   67): <tid:310>(line:108)[GMFileSystemCrt.cpp/stop] +++ enter 
01-01 00:42:59.984 D/usbdatabase(   67): <tid:310>(line:139)[GMFileSystemCrt.cpp/finilize] +++ enter 
01-01 00:42:59.984 D/usbdatabase(   67): <tid:310>(line:1248)[GMFileSystemCrt.cpp/clearLocalValue] +++ enter 
01-01 00:42:59.984 D/usbdatabase(   67): <tid:310>(line:1248)[GMFileSystemCrt.cpp/clearLocalValue] --- leave 
01-01 00:42:59.984 D/usbdatabase(   67): <tid:310>(line:139)[GMFileSystemCrt.cpp/finilize] --- leave 
01-01 00:42:59.984 D/usbdatabase(   67): <tid:310>(line:108)[GMFileSystemCrt.cpp/stop] --- leave 
01-01 00:42:59.984 D/usbdatabase(   67): <tid:310>(line:86)[GMFileSystemCrt.cpp/~GMFileSystemCrt] +++ enter 
01-01 00:42:59.984 D/usbdatabase(   67): <tid:310>(line:86)[GMFileSystemCrt.cpp/~GMFileSystemCrt] --- leave 
01-01 00:42:59.984 W/usbdatabase(   67): <tid:310>(line:473)[GMMediaLibrary.cpp/reset] m_pMlCreater not exist
01-01 00:42:59.984 D/usbdatabase(   67): <tid:310>(line:454)[GMMediaLibrary.cpp/reset] --- leave 
01-01 00:42:59.984 D/usbdatabase(   67): <tid:310>(line:411)[GMMediaLibrary.cpp/updateDeviceStatus] +++ enter 
01-01 00:42:59.984 D/usbprovider(   61): <tid:367>(line:502)[GMMediaProvider.cpp/update] +++ enter 
01-01 00:42:59.984 D/usbprovider(   61): <tid:367>(line:806)[GMMediaProvider.cpp/getDeviceIndex] GMMediaProvider::getDeviceIndex, uri:[content://media/usbsd/device?usb1]
01-01 00:42:59.984 D/usbprovider(   61): <tid:367>(line:507)[GMMediaProvider.cpp/update] uriID = [19] dvsIdx = [0]
01-01 00:42:59.984 D/usbprovider(   61): <tid:367>(line:554)[GMMediaProvider.cpp/update] uuid BE0DEE3A
01-01 00:42:59.984 D/usbprovider(   61): <tid:367>(line:559)[GMMediaProvider.cpp/update] status 0
01-01 00:42:59.988 D/usbprovider(   61): <tid:367>(line:502)[GMMediaProvider.cpp/update] --- leave 
01-01 00:42:59.988 D/usbservice(   67): <tid:311>(line:376)[GMUsbService.cpp/onNotifyUpdate] +++ enter 
01-01 00:42:59.988 D/usbservice(   67): <tid:311>(line:376)[GMUsbService.cpp/onNotifyUpdate] --- leave 
01-01 00:42:59.988 D/usbdatabase(   67): <tid:310>(line:411)[GMMediaLibrary.cpp/updateDeviceStatus] --- leave 
01-01 00:42:59.988 D/usbdatabase(   67): <tid:310>(line:297)[GMMediaScanner.cpp/clearData] +++ enter 
01-01 00:42:59.988 D/usbdatabase(   67): <tid:310>(line:297)[GMMediaScanner.cpp/clearData] --- leave 
01-01 00:42:59.988 D/usbdatabase(   67): <tid:310>(line:102)[GMMediaScanner.cpp/stopScan] --- leave 
01-01 00:42:59.988 D/usbservice(   67): <tid:310>(line:773)[GMUsbService.cpp/stopScanner] --- leave 


01-01 00:42:59.988 D/usbservice(   67): <tid:310>(line:612)[GMUsbServiceBase.cpp/destoryDevicePlayer] +++ enter 
01-01 00:42:59.988 D/usbservice(   67): <tid:310>(line:613)[GMUsbServiceBase.cpp/destoryDevicePlayer] rootPath = [/mnt/udisk]
01-01 00:42:59.988 D/usbservice(   67): <tid:310>(line:649)[GMUsbServiceBase.cpp/pathToDeviceId] +++ enter 
01-01 00:42:59.988 D/usbservice(   67): <tid:310>(line:649)[GMUsbServiceBase.cpp/pathToDeviceId] --- leave 
01-01 00:42:59.988 D/usbservice(   67): <tid:310>(line:616)[GMUsbServiceBase.cpp/destoryDevicePlayer] destory device player [0]
01-01 00:42:59.988 D/usbservice(   67): <tid:310>(line:392)[GMUsbDevicePlayer.cpp/finalize] +++ enter 
01-01 00:43:00.008 D/usbservice(   67): <tid:310>(line:392)[GMUsbDevicePlayer.cpp/finalize] --- leave 
01-01 00:43:00.008 D/usbservice(   67): <tid:310>(line:315)[GMUsbDevicePlayer.cpp/~GMUsbDevicePlayer] +++ enter 
01-01 00:43:00.008 D/usbservice(   67): <tid:310>(line:316)[GMUsbDevicePlayer.cpp/~GMUsbDevicePlayer] delete m_pNowPlayingList
01-01 00:43:00.008 D/usbplaylist(   67): <tid:310>(line:79)[GMMediaPlaylist.cpp/~GMMediaPlaylist] GMMediaPlaylist::~GMMediaPlaylist()
01-01 00:43:00.008 D/usbservice(   67): <tid:310>(line:322)[GMUsbDevicePlayer.cpp/~GMUsbDevicePlayer] delete m_pPlaylistCallback
01-01 00:43:00.008 D/usbservice(   67): <tid:310>(line:324)[GMUsbDevicePlayer.cpp/~GMUsbDevicePlayer] delete m_pPlaylistCallback
01-01 00:43:00.008 D/usbservice(   67): <tid:310>(line:315)[GMUsbDevicePlayer.cpp/~GMUsbDevicePlayer] --- leave 
01-01 00:43:00.008 D/usbservice(   67): <tid:310>(line:1723)[GMUsbServiceBase.cpp/~GMUsbDevicePlayerNotify] +++ enter 
01-01 00:43:00.008 D/usbservice(   67): <tid:310>(line:1723)[GMUsbServiceBase.cpp/~GMUsbDevicePlayerNotify] --- leave 
01-01 00:43:00.008 D/usbservice(   67): <tid:310>(line:612)[GMUsbServiceBase.cpp/destoryDevicePlayer] --- leave 


01-01 00:43:00.008 D/usbservice(   67): <tid:310>(line:790)[GMUsbService.cpp/doUpdateSourceState] +++ enter 
01-01 00:43:00.008 D/usbservice(   67): <tid:310>(line:792)[GMUsbService.cpp/doUpdateSourceState] updateSourcePARM.state is [7], updateSourcePARM.isAdd [0], updateSourcePARM.isWait [0]
01-01 00:43:00.008 D/usbservice(   67): <tid:310>(line:813)[GMUsbService.cpp/doUpdateSourceState] current m_sourceState is [0]
01-01 00:43:00.008 D/usbservice(   67): <tid:310>(line:836)[GMUsbService.c[  553.705454] FAT-fs (sda1): Directory bread(block 15608) failed
pp/doUpd[  553.712189] FAT-fs (sda1): Directory bread(block 15609) failed
ateSourc[  553.718664] FAT-fs (sda1): Directory bread(block 15610) failed
eState] [  553.725175] FAT-fs (sda1): Directory bread(block 15611) failed
[player [  553.731756] FAT-fs (sda1): Directory bread(block 15612) failed
crash or[  553.738269] FAT-fs (sda1): Directory bread(block 15613) failed
 device [  553.744865] FAT-fs (sda1): Directory bread(block 15614) failed
unpluged[  553.751416] FAT-fs (sda1): Directory bread(block 15615) failed
] notify source {[invalid]} to UI
01-01 00:43:00.008 D/usbservice(   67): <tid:310>(line:1117)[GMUsbServiceBase.cpp/updateUsbExtInfo] +++ enter 
01-01 00:43:00.008 D/usbservice(   67): <tid:310>(line:1635)[GMUsbServiceBase.cpp/notifyUsbExtInfo] +++ enter 
01-01 00:43:00.008 D/usbservice(   65): <tid:224>(line:607)[GMUsbProxy.cpp/onAsyncResponse] code offset = [44]
01-01 00:43:00.008 D/usbservice(   65): <tid:224>(line:965)[GMUsbProxy.cpp/onAsyncResponse] USBNotify_ReqUsbExtInfo
01-01 00:43:00.008 D/usbservice(   65): <tid:224>(line:966)[GMUsbProxy.cpp/onAsyncResponse] info.infoMask:0x4 
01-01 00:43:00.008 D/usbservice(   65): <tid:224>(line:967)[GMUsbProxy.cpp/onAsyncResponse] [0]info.isHubInserted:0 
01-01 00:43:00.008 D/usbservice(   65): <tid:224>(line:968)[GMUsbProxy.cpp/onAsyncResponse] [0]info.isUsbMounted:1 
01-01 00:43:00.008 D/usbservice(   65): <tid:224>(line:969)[GMUsbProxy.cpp/onAsyncResponse] [4]info.isSourceValid:0 
01-01 00:43:00.008 D/usbservice(   65): <tid:224>(line:970)[GMUsbProxy.cpp/onAsyncResponse] [0]info.islaston:0 
