01-01 01:04:50.616 D/usbplaylist(   67): <tid:387>(line:1449)[GMMediaPlaylist.cpp/initCountInList] debug : m_infoList[1].fileCount = [5] | m_infoList[1].baseCount = [8]
01-01 01:04:50.616 D/usbplaylist(   67): <tid:387>(line:1363)[GMMediaPlaylist.cpp/initCountInList] --- leave 
01-01 01:04:50.616 D/usbplaylist(   67): <tid:387>(line:654)[GMMediaPlaylist.cpp/amendIndexAndCount] amend index filePlayMode = [2], m_repeatMode = [4], m_randomMode = [1]
01-01 01:04:50.616 D/usbplaylist(   67): <tid:387>(line:732)[GMMediaPlaylist.cpp/amendIndexAndCount] m_baseIndex = [0], m_totalCount = [13], m_countInList = [8]
01-01 01:04:50.616 D/usbplaylist(   67): <tid:387>(line:148)[GMMediaPlaylist.cpp/selectPlaylist] start index is -1, wait for song select
01-01 01:04:50.616 D/usbplaylist(   67): <tid:387>(line:90)[GMMediaPlaylist.cpp/selectPlaylist] --- leave 
01-01 01:04:50.616 D/usbbackup(   67): <tid:387>(line:577)[MediaBackup.cpp/getTrickPlayMode] +++ enter 
01-01 01:04:50.616 D/usbbackup(   67): <tid:387>(line:577)[MediaBackup.cpp/getTrickPlayMode] --- leave 
01-01 01:04:50.616 D/usbservice(   67): <tid:387>(line:2434)[GMUsbDevicePlayer.cpp/restoreSetting] +++ enter 
01-01 01:04:50.616 D/usbplaylist(   67): <tid:387>(line:163)[GMMediaPlaylist.cpp/setRepeatMode] setRepeatMode = [4]
01-01 01:04:50.616 D/usbplaylist(   67): <tid:387>(line:654)[GMMediaPlaylist.cpp/amendIndexAndCount] amend index filePlayMode = [2], m_repeatMode = [4], m_randomMode = [1]
01-01 01:04:50.616 D/usbplaylist(   67): <tid:387>(line:732)[GMMediaPlaylist.cpp/amendIndexAndCount] m_baseIndex = [0], m_totalCount = [13], m_countInList = [8]
01-01 01:04:50.616 D/usbplaylist(   67): <tid:387>(line:1126)[GMMediaPlaylist.cpp/updatePlaylistInfo] updatePlaylistInfo : m_randomMode = [1], m_repeatMode = [4]
01-01 01:04:50.616 D/usbplaylist(   67): <tid:387>(line:1127)[GMMediaPlaylist.cpp/updatePlaylistInfo] [debug]updatePlaylistInfo : m_listIndex = [0], currentIndex = [0]
01-01 01:04:50.616 D/usbservice(   67): <tid:387>(line:223)[GMUsbDevicePlayer.cpp/onPlaylistInfoChanged] +++ enter 
01-01 01:04:50.616 D/usbservice(   67): <tid:387>(line:224)[GMUsbDevicePlayer.cpp/onPlaylistInfoChanged] onPlaylistInfoChanged : index = [0], totalCount = [13]
01-01 01:04:50.616 D/usbservice(   67): <tid:387>(line:223)[GMUsbDevicePlayer.cpp/onPlaylistInfoChanged] --- leave 
01-01 01:04:50.616 D/usbplaylist(   67): <tid:387>(line:173)[GMMediaPlaylist.cpp/setRandomMode] setRandomMode = [3]
01-01 01:04:50.616 D/usbplaylist(   67): <tid:387>(line:654)[GMMediaPlaylist.cpp/amendIndexAndCount] amend index filePlayMode = [2], m_repeatMode = [4], m_randomMode = [3]
01-01 01:04:50.616 D/usbplaylist(   67): <tid:387>(line:732)[GMMediaPlaylist.cpp/amendIndexAndCount] m_baseIndex = [0], m_totalCount = [13], m_countInList = [8]
01-01 01:04:50.616 D/usbplaylist(   67): <tid:387>(line:1126)[GMMediaPlaylist.cpp/updatePlaylistInfo] updatePlaylistInfo : m_randomMode = [3], m_repeatMode = [4]
01-01 01:04:50.616 D/usbplaylist(   67): <tid:387>(line:1127)[GMMediaPlaylist.cpp/updatePlaylistInfo] [debug]updatePlaylistInfo : m_listIndex = [0], currentIndex = [0]
01-01 01:04:50.616 D/usbservice(   67): <tid:387>(line:223)[GMUsbDevicePlayer.cpp/onPlaylistInfoChanged] +++ enter 
01-01 01:04:50.616 D/usbservice(   67): <tid:387>(line:224)[GMUsbDevicePlayer.cpp/onPlaylistInfoChanged] onPlaylistInfoChanged : index = [0], totalCount = [13]
01-01 01:04:50.616 D/usbservice(   67): <tid:387>(line:223)[GMUsbDevicePlayer.cpp/onPlaylistInfoChanged] --- leave 
01-01 01:04:50.616 D/usbservice(   67): <tid:387>(line:2127)[GMUsbDevicePlayer.cpp/repeatModeUpdated] +++ enter 
01-01 01:04:50.616 D/usbbackup(   67): <tid:387>(line:301)[MediaBackup.cpp/updateRepeatMode] +++ enter 
01-01 01:04:50.616 D/usbbackup(   67): <tid:387>(line:305)[MediaBackup.cpp/updateRepeatMode] original info, nothing changes, skip update
01-01 01:04:50.616 D/usbbackup(   67): <tid:387>(line:301)[MediaBackup.cpp/updateRepeatMode] --- leave 
01-01 01:04:50.616 D/usbservice(   67): <tid:387>(line:1858)[GMUsbServiceBase.cpp/repeatModeUpdated] repeatMode = [4]
01-01 01:04:50.616 D/usbservice(   67): <tid:387>(line:1562)[GMUsbServiceBase.cpp/notifyRepeatModeUpdated] +++ enter 
01-01 01:04:50.616 D/usbservice(   65): <tid:219>(line:607)[GMUsbProxy.cpp/onAsyncResponse] code offset = [38]
01-01 01:04:50.616 D/usbservice(   67): <tid:387>(line:1562)[GMUsbServiceBase.cpp/notifyRepeatModeUpdated] --- leave 
01-01 01:04:50.616 D/usbservice(   67): <tid:387>(line:2127)[GMUsbDevicePlayer.cpp/repeatModeUpdated] --- leave 
01-01 01:04:50.616 D/usbservice(   67): <tid:387>(line:2143)[GMUsbDevicePlayer.cpp/randomModeUpdated] +++ enter 
01-01 01:04:50.616 D/usbbackup(   67): <tid:387>(line:338)[MediaBackup.cpp/updateRandomMode] +++ enter 
01-01 01:04:50.616 D/usbbackup(   67): <tid:387>(line:342)[MediaBackup.cpp/updateRandomMode] original info, nothing changes, skip update
01-01 01:04:50.616 D/usbbackup(   67): <tid:387>(line:338)[MediaBackup.cpp/updateRandomMode] --- leave 
01-01 01:04:50.616 D/usbservice(   67): <tid:387>(line:1873)[GMUsbServiceBase.cpp/radomModeUpdated] randomMode = [3]
01-01 01:04:50.616 D/usbservice(   67): <tid:387>(line:1575)[GMUsbServiceBase.cpp/notifyRandomModeUpdated] +++ enter 
01-01 01:04:50.616 D/usbservice(   65): <tid:217>(line:607)[GMUsbProxy.cpp/onAsyncResponse] code offset = [39]
01-01 01:04:50.616 D/usbservice(   67): <tid:387>(line:1575)[GMUsbServiceBase.cpp/notifyRandomModeUpdated] --- leave 
01-01 01:04:50.616 D/usbservice(   67): <tid:387>(line:2143)[GMUsbDevicePlayer.cpp/randomModeUpdated] --- leave 
01-01 01:04:50.616 D/usbservice(   67): <tid:387>(line:2434)[GMUsbDevicePlayer.cpp/restoreSetting] --- leave 
01-01 01:04:50.616 D/usbplaylist(   67): <tid:387>(line:347)[GMMediaPlaylist.cpp/selectUid] selectUid : uid = [1]
01-01 01:04:50.616 D/usbplaylist(   67): <tid:387>(line:1481)[GMMediaPlaylist.cpp/setPlayable] +++ enter 
01-01 01:04:50.616 D/usbplaylist(   67): <tid:387>(line:1481)[GMMediaPlaylist.cpp/setPlayable] --- leave 
01-01 01:04:50.616 D/usbplaylist(   67): <tid:387>(line:369)[GMMediaPlaylist.cpp/selectUid] debug : m_listIndex = [0], m_originIndex = [0]
01-01 01:04:50.616 D/usbplaylist(   67): <tid:387>(line:814)[GMMediaPlaylist.cpp/amendListInfoIndex] Current list info is folderId[1], composerId[-1], artistId[-1], genreId[-1], albumId[-1], type[2]
01-01 01:04:50.616 I/usbplaylist(   67): <tid:387>(line:614)[GMMediaPlaylist.cpp/currentPlayItem] currentPlayItem, m_originIndex = [0]
01-01 01:04:50.616 I/usbplaylist(   67): <tid:387>(line:614)[GMMediaPlaylist.cpp/currentPlayItem] currentPlayItem, m_originIndex = [0]
01-01 01:04:50.616 I/usbplaylist(   67): <tid:387>(line:614)[GMMediaPlaylist.cpp/currentPlayItem] currentPlayItem, m_originIndex = [0]
01-01 01:04:50.616 I/usbplaylist(   67): <tid:387>(line:614)[GMMediaPlaylist.cpp/currentPlayItem] currentPlayItem, m_originIndex = [0]
01-01 01:04:50.616 I/usbplaylist(   67): <tid:387>(line:614)[GMMediaPlaylist.cpp/currentPlayItem] currentPlayItem, m_originIndex = [0]
01-01 01:04:50.616 D/usbplaylist(   67): <tid:387>(line:817)[GMMediaPlaylist.cpp/amendListInfoIndex] Current playItem info is folderId[1], composerId[0], artistId[0], genreId[0], albumId[0]
01-01 01:04:50.616 I/usbplaylist(   67): <tid:387>(line:614)[GMMediaPlaylist.cpp/currentPlayItem] currentPlayItem, m_originIndex = [0]
01-01 01:04:50.616 D/usbplaylist(   67): <tid:387>(line:832)[GMMediaPlaylist.cpp/amendListInfoIndex] [debug no need to amend list index]
01-01 01:04:50.616 D/usbplaylist(   67): <tid:387>(line:1126)[GMMediaPlaylist.cpp/updatePlaylistInfo] updatePlaylistInfo : m_randomMode = [3], m_repeatMode = [4]
01-01 01:04:50.616 D/usbplaylist(   67): <tid:387>(line:1127)[GMMediaPlaylist.cpp/updatePlaylistInfo] [debug]updatePlaylistInfo : m_listIndex = [0], currentIndex = [0]
01-01 01:04:50.616 D/usbservice(   67): <tid:387>(line:223)[GMUsbDevicePlayer.cpp/onPlaylistInfoChanged] +++ enter 
01-01 01:04:50.616 D/usbservice(   67): <tid:387>(line:224)[GMUsbDevicePlayer.cpp/onPlaylistInfoChanged] onPlaylistInfoChanged : index = [0], totalCount = [13]
01-01 01:04:50.616 D/usbservice(   67): <tid:387>(line:223)[GMUsbDevicePlayer.cpp/onPlaylistInfoChanged] --- leave 
01-01 01:04:50.616 D/usbservice(   67): <tid:387>(line:130)[GMUsbDevicePlayer.cpp/onPlayItemChanged] +++ enter 
01-01 01:04:50.616 D/usbservice(   67): <tid:387>(line:139)[GMUsbDevicePlayer.cpp/onPlayItemChanged] set item played
01-01 01:04:50.616 D/usbutils(   67): <tid:387>(line:160)[GMTagLibWrap.cpp/readTags] +++ enter 
01-01 01:04:50.616 D/usbutils(   67): <tid:387>(line:200)[GMTagLibWrap.cpp/readTags] start decode [title]
01-01 01:04:50.616 D/usbutils(   67): <tid:387>(line:107)[GMTagLibWrap.cpp/getId3TagInfoStringType] GetId3TagInfoStringType, stp = [1], ret = [1]
01-01 01:04:50.616 D/usbutils(   67): <tid:387>(line:200)[GMTagLibWrap.cpp/readTags] tag info string type = 1
01-01 01:04:50.616 D/usbutils(   67): <tid:387>(line:208)[GMTagLibWrap.cpp/readTags] start decode [album]
01-01 01:04:50.616 D/usbutils(   67): <tid:387>(line:107)[GMTagLibWrap.cpp/getId3TagInfoStringType] GetId3TagInfoStringType, stp = [1], ret = [1]
01-01 01:04:50.616 D/usbutils(   67): <tid:387>(line:208)[GMTagLibWrap.cpp/readTags] tag info string type = 1
01-01 01:04:50.616 D/usbutils(   67): <tid:387>(line:216)[GMTagLibWrap.cpp/readTags] start decode [artist]
01-01 01:04:50.616 D/usbutils(   67): <tid:387>(line:107)[GMTagLibWrap.cpp/getId3TagInfoStringType] GetId3TagInfoStringType, stp = [1], ret = [1]
01-01 01:04:50.616 D/usbutils(   67): <tid:387>(line:216)[GMTagLibWrap.cpp/readTags] tag info string type = 1
01-01 01:04:50.616 D/usbutils(   67): <tid:387>(line:221)[GMTagLibWrap.cpp/readTags] debug : composer is null
01-01 01:04:50.616 D/usbutils(   67): <tid:387>(line:232)[GMTagLibWrap.cpp/readTags] start decode [genre]
01-01 01:04:50.616 D/usbutils(   67): <tid:387>(line:69)[GMMultiLang.cpp/toUTF8] srcCodec = 1
01-01 01:04:50.616 D/usbutils(   67): <tid:387>(line:288)[ICUUCWrap.cpp/convertWithTargetCnv] ucnv_open is ok
01-01 01:04:50.620 D/usbutils(   67): <tid:387>(line:81)[ICUUCWrap.cpp/convertToUTF8] languageType:0 formatHandleOfIOS88591 1,src len:5,targetRearSize:5
01-01 01:04:50.620 D/usbutils(   67): <tid:387>(line:100)[ICUUCWrap.cpp/convertToUTF8] NEW STRING8 BEGIN 
01-01 01:04:50.620 D/usbutils(   67): <tid:387>(line:102)[ICUUCWrap.cpp/convertToUTF8] NEW STRING8 END # dst string = Blues
01-01 01:04:50.620 D/usbutils(   67): <tid:387>(line:86)[GMMultiLang.cpp/toUTF8] convert finished, string[Blues], size[5]
01-01 01:04:50.620 D/usbutils(   67): <tid:387>(line:160)[GMTagLibWrap.cpp/readTags] --- leave 
01-01 01:04:50.620 D/usbbackup(   67): <tid:387>(line:195)[MediaBackup.cpp/updatePlayUid] +++ enter 
01-01 01:04:50.620 D/usbbackup(   67): <tid:387>(line:199)[MediaBackup.cpp/updatePlayUid] original info, nothing changes, skip update
01-01 01:04:50.620 D/usbbackup(   67): <tid:387>(line:195)[MediaBackup.cpp/updatePlayUid] --- leave 
01-01 01:04:50.620 D/usbbackup(   67): <tid:387>(line:233)[MediaBackup.cpp/updatePlayIndex] +++ enter 
01-01 01:04:50.620 D/usbbackup(   67): <tid:387>(line:237)[MediaBackup.cpp/updatePlayIndex] original info, nothing changes, skip update
01-01 01:04:50.620 D/usbbackup(   67): <tid:387>(line:233)[MediaBackup.cpp/updatePlayIndex] --- leave 
01-01 01:04:50.620 D/usbbackup(   67): <tid:387>(line:264)[MediaBackup.cpp/updatePlayTime] +++ enter 
01-01 01:04:50.620 D/usbbackup(   67): <tid:387>(line:609)[MediaBackup.cpp/saveBackupData] +++ enter 
01-01 01:04:50.620 D/usbbackup(   67): <tid:387>(line:610)[MediaBackup.cpp/saveBackupData] key:[b_clear.USB_LASTINFO]
01-01 01:04:50.620 D/usbdatabase(   67): <tid:387>(line:291)[GMUsbDataManager.cpp/save] +++ enter 
01-01 01:04:50.620 D/usbdatabase(   67): <tid:387>(line:310)[GMUsbDataManager.cpp/save] key exist, update
01-01 01:04:50.624 D/usbdatabase(   67): <tid:387>(line:315)[GMUsbDataManager.cpp/save] save key, update key value succeed
01-01 01:04:50.624 D/usbdatabase(   67): <tid:387>(line:291)[GMUsbDataManager.cpp/save] --- leave 
01-01 01:04:50.624 D/usbbackup(   67): <tid:387>(line:609)[MediaBackup.cpp/saveBackupData] --- leave 
01-01 01:04:50.624 D/usbbackup(   67): <tid:387>(line:264)[MediaBackup.cpp/updatePlayTime] --- leave 
01-01 01:04:50.624 D/usbservice(   67): <tid:387>(line:2099)[GMUsbDevicePlayer.cpp/playItemUpdated] +++ enter 
01-01 01:04:50.624 D/usbservice(   67): <tid:387>(line:1833)[GMUsbServiceBase.cpp/playItemUpdated] +++ enter 
01-01 01:04:50.624 D/usbservice(   67): <tid:387>(line:1538)[GMUsbServiceBase.cpp/notifyPlayItemUpdated] +++ enter 
01-01 01:04:50.624 D/usbservice(   65): <tid:219>(line:607)[GMUsbProxy.cpp/onAsyncResponse] code offset = [36]
01-01 01:04:50.624 D/usbservice(   67): <tid:387>(line:1538)[GMUsbServiceBase.cpp/notifyPlayItemUpdated] --- leave 
01-01 01:04:50.624 D/usbservice(   67): <tid:387>(line:1833)[GMUsbServiceBase.cpp/playItemUpdated] --- leave 
01-01 01:04:50.624 D/usbservice(   67): <tid:387>(line:2099)[GMUsbDevicePlayer.cpp/playItemUpdated] --- leave 
01-01 01:04:50.624 D/usbservice(   67): <tid:387>(line:2045)[GMUsbDevicePlayer.cpp/metaDataUpdated] +++ enter 
01-01 01:04:50.624 D/usbservice(   67): <tid:387>(line:1794)[GMUsbServiceBase.cpp/metaDataUpdated] metaDataFlag = [31]
01-01 01:04:50.624 D/usbservice(   67): <tid:387>(line:1613)[GMUsbServiceBase.cpp/notifyMetaDataUpdated] +++ enter 
01-01 01:04:50.624 D/usbservice(   65): <tid:217>(line:607)[GMUsbProxy.cpp/onAsyncResponse] code offset = [42]
01-01 01:04:50.628 D/usbservice(   67): <tid:387>(line:1613)[GMUsbServiceBase.cpp/notifyMetaDataUpdated] --- leave 
01-01 01:04:50.628 D/usbservice(   67): <tid:387>(line:2045)[GMUsbDevicePlayer.cpp/metaDataUpdated] --- leave 
01-01 01:04:50.628 D/usbservice(   67): <tid:387>(line:197)[GMUsbDevicePlayer.cpp/onPlayItemChanged] onPlayItemChanged: start to play
01-01 01:04:50.628 D/usbservice(   67): <tid:387>(line:1323)[GMUsbDevicePlayer.cpp/setPrepare] +++ enter 
01-01 01:04:50.628 D/usbservice(   67): <tid:387>(line:1328)[GMUsbDevicePlayer.cpp/setPrepare] setPrepare >>> url = [file:///mnt/udisk/songs1/绾㈤鏃?mp3], dataSourceKey = [1]
01-01 01:04:50.628 D/usbservice(   67): <tid:387>(line:1339)[GMUsbDevicePlayer.cpp/prepare] +++ enter 
01-01 01:04:50.668 D/usbservice(   67): <tid:387>(line:1339)[GMUsbDevicePlayer.cpp/prepare] --- leave 
01-01 01:04:50.668 D/usbservice(   67): <tid:387>(line:1323)[GMUsbDevicePlayer.cpp/setPrepare] --- leave 
01-01 01:04:50.668 D/usbservice(   67): <tid:387>(line:1357)[GMUsbDevicePlayer.cpp/setPlay] +++ enter 
01-01 01:04:50.668 D/usbservice(   67): <tid:387>(line:1405)[GMUsbDevicePlayer.cpp/setPlay] play current item from position
01-01 01:04:50.668 D/usbservice(   67): <tid:387>(line:1357)[GMUsbDevicePlayer.cpp/setPlay] --- leave 
01-01 01:04:50.668 D/usbservice(   67): <tid:387>(line:130)[GMUsbDevicePlayer.cpp/onPlayItemChanged] --- leave 
01-01 01:04:50.668 D/usbservice(   67): <tid:387>(line:1491)[GMUsbDevicePlayer.cpp/seekTo] +++ enter 
01-01 01:04:50.668 D/usbservice(   67): <tid:387>(line:1498)[GMUsbDevicePlayer.cpp/seekTo] the position need to seekto is 11947
01-01 01:04:50.668 D/usbservice(   67): <tid:387>(line:1499)[GMUsbDevicePlayer.cpp/seekTo] the duration is 267032
01-01 01:04:50.668 D/usbbackup(   67): <tid:387>(line:264)[MediaBackup.cpp/updatePlayTime] +++ enter 
01-01 01:04:50.668 D/usbbackup(   67): <tid:387>(line:609)[MediaBackup.cpp/saveBackupData] +++ enter 
01-01 01:04:50.668 D/usbbackup(   67): <tid:387>(line:610)[MediaBackup.cpp/saveBackupData] key:[b_clear.USB_LASTINFO]
01-01 01:04:50.668 D/usbdatabase(   67): <tid:387>(line:291)[GMUsbDataManager.cpp/save] +++ enter 
01-01 01:04:50.668 D/usbdatabase(   67): <tid:387>(line:310)[GMUsbDataManager.cpp/save] key exist, update
01-01 01:04:50.676 D/usbdatabase(   67): <tid:387>(line:315)[GMUsbDataManager.cpp/save] save key, update key value succeed
01-01 01:04:50.676 D/usbdatabase(   67): <tid:387>(line:291)[GMUsbDataManager.cpp/save] --- leave 
01-01 01:04:50.676 D/usbbackup(   67): <tid:387>(line:609)[MediaBackup.cpp/saveBackupData] --- leave 
01-01 01:04:50.676 D/usbbackup(   67): <tid:387>(line:264)[MediaBackup.cpp/updatePlayTime] --- leave 
01-01 01:04:50.676 D/usbservice(   67): <tid:387>(line:1491)[GMUsbDevicePlayer.cpp/seekTo] --- leave 
01-01 01:04:50.676 D/usbservice(   67): <tid:387>(line:2217)[GMUsbDevicePlayer.cpp/restorePlay] --- leave 
01-01 01:04:50.676 D/usbservice(   67): <tid:387>(line:1164)[GMUsbDevicePlayer.cpp/switchPlayMode] --- leave 
01-01 01:04:50.676 D/usbservice(   67): <tid:387>(line:1581)[GMUsbDevicePlayer.cpp/playStatusChanged] +++ enter 
01-01 01:04:50.676 D/usbservice(   67): <tid:387>(line:1582)[GMUsbDevicePlayer.cpp/playStatusChanged] mask:[3], status:[0]
01-01 01:04:50.676 D/usbservice(   67): <tid:387>(line:1584)[GMUsbDevicePlayer.cpp/playStatusChanged] playStatusChanged, status.dataSourceKey = [14]
01-01 01:04:50.676 D/usbservice(   67): <tid:387>(line:1586)[GMUsbDevicePlayer.cpp/playStatusChanged] datasourcekey not matched, ignor this msg
01-01 01:04:50.676 D/usbservice(   67): <tid:387>(line:1581)[GMUsbDevicePlayer.cpp/playStatusChanged] --- leave 
01-01 01:04:50.676 D/usbservice(   67): <tid:387>(line:1581)[GMUsbDevicePlayer.cpp/playStatusChanged] +++ enter 
01-01 01:04:50.676 D/usbservice(   67): <tid:387>(line:1582)[GMUsbDevicePlayer.cpp/playStatusChanged] mask:[41], status:[0]
01-01 01:04:50.676 D/usbservice(   67): <tid:387>(line:1584)[GMUsbDevicePlayer.cpp/playStatusChanged] playStatusChanged, status.dataSourceKey = [1]
01-01 01:04:50.676 D/usbservice(   67): <tid:387>(line:1581)[GMUsbDevicePlayer.cpp/playStatusChanged] --- leave 
01-01 01:04:50.768 D/usbservice(   67): <tid:387>(line:1803)[GMUsbDevicePlayer.cpp/mediaInfoUpdated] +++ enter 
01-01 01:04:50.768 D/usbservice(   67): <tid:387>(line:1805)[GMUsbDevicePlayer.cpp/mediaInfoUpdated] media info update, datasourcekey is [1]
01-01 01:04:50.768 D/usbservice(   67): <tid:387>(line:1809)[GMUsbDevicePlayer.cpp/mediaInfoUpdated] mediaInfoUpdated, duration is 218462
01-01 01:04:50.768 D/usbservice(   67): <tid:387>(line:2032)[GMUsbDevicePlayer.cpp/durationUpdated] +++ enter 
01-01 01:04:50.768 D/usbservice(   67): <tid:387>(line:1782)[GMUsbServiceBase.cpp/durationUpdated] msec = [218462]
01-01 01:04:50.768 D/usbservice(   67): <tid:387>(line:1486)[GMUsbServiceBase.cpp/notifyDurationUpdated] +++ enter 
01-01 01:04:50.768 D/usbservice(   65): <tid:219>(line:607)[GMUsbProxy.cpp/onAsyncResponse] code offset = [32]
01-01 01:04:50.768 D/usbservice(   67): <tid:387>(line:1486)[GMUsbServiceBase.cpp/notifyDurationUpdated] --- leave 
01-01 01:04:50.768 D/usbservice(   67): <tid:387>(line:2032)[GMUsbDevicePlayer.cpp/durationUpdated] --- leave 
01-01 01:04:50.768 D/usbservice(   67): <tid:387>(line:1803)[GMUsbDevicePlayer.cpp/mediaInfoUpdated] --- leave 
01-01 01:04:50.808 D/usbservice(   67): <tid:387>(line:1581)[GMUsbDevicePlayer.cpp/playStatusChanged] +++ enter 
01-01 01:04:50.808 D/usbservice(   67): <tid:387>(line:1582)[GMUsbDevicePlayer.cpp/playStatusChanged] mask:[201], status:[0]
01-01 01:04:50.808 D/usbservice(   67): <tid:387>(line:1584)[GMUsbDevicePlayer.cpp/playStatusChanged] playStatusChanged, status.dataSourceKey = [1]
01-01 01:04:50.808 D/usbservice(   67): <tid:387>(line:1581)[GMUsbDevicePlayer.cpp/playStatusChanged] --- leave 
01-01 01:04:50.808 D/usbservice(   67): <tid:387>(line:1803)[GMUsbDevicePlayer.cpp/mediaInfoUpdated] +++ enter 
01-01 01:04:50.808 D/usbservice(   67): <tid:387>(line:1805)[GMUsbDevicePlayer.cpp/mediaInfoUpdated] media info update, datasourcekey is [1]
01-01 01:04:50.808 D/usbservice(   67): <tid:387>(line:1803)[GMUsbDevicePlayer.cpp/mediaInfoUpdated] --- leave 
01-01 01:04:50.808 D/usbservice(   67): <tid:387>(line:1581)[GMUsbDevicePlayer.cpp/playStatusChanged] +++ enter 
01-01 01:04:50.808 D/usbservice(   67): <tid:387>(line:1582)[GMUsbDevicePlayer.cpp/playStatusChanged] mask:[41], status:[0]
01-01 01:04:50.808 D/usbservice(   67): <tid:387>(line:1584)[GMUsbDevicePlayer.cpp/playStatusChanged] playStatusChanged, status.dataSourceKey = [1]
01-01 01:04:50.808 D/usbservice(   67): <tid:387>(line:1581)[GMUsbDevicePlayer.cpp/playStatusChanged] --- leave 
01-01 01:04:50.808 D/usbservice(   67): <tid:387>(line:1581)[GMUsbDevicePlayer.cpp/playStatusChanged] +++ enter 
01-01 01:04:50.808 D/usbservice(   67): <tid:387>(line:1582)[GMUsbDevicePlayer.cpp/playStatusChanged] mask:[81], status:[0]
01-01 01:04:50.808 D/usbservice(   67): <tid:387>(line:1584)[GMUsbDevicePlayer.cpp/playStatusChanged] playStatusChanged, status.dataSourceKey = [1]
01-01 01:04:50.808 D/usbservice(   67): <tid:387>(line:1753)[GMUsbDevicePlayer.cpp/playStatusChanged] playStatusChanged isAudioMuted [1104177892]
01-01 01:04:50.808 D/usbservice(   67): <tid:387>(line:1581)[GMUsbDevicePlayer.cpp/playStatusChanged] --- leave 
01-01 01:04:50.808 D/usbservice(   67): <tid:387>(line:1581)[GMUsbDevicePlayer.cpp/playStatusChanged] +++ enter 
01-01 01:04:50.808 D/usbservice(   67): <tid:387>(line:1582)[GMUsbDevicePlayer.cpp/playStatusChanged] mask:[3], status:[1]
01-01 01:04:50.808 D/usbservice(   67): <tid:387>(line:1584)[GMUsbDevicePlayer.cpp/playStatusChanged] playStatusChanged, status.dataSourceKey = [1]
01-01 01:04:50.808 D/usbservice(   67): <tid:387>(line:1949)[GMUsbDevicePlayer.cpp/playStatusUpdated] +++ enter 
01-01 01:04:50.808 D/usbservice(   67): <tid:387>(line:1966)[GMUsbDevicePlayer.cpp/playStatusUpdated] playStatusChanged, state is prepared
01-01 01:04:50.808 D/usbservice(   67): <tid:387>(line:1756)[GMUsbServiceBase.cpp/playStatusUpdated] +++ enter 
01-01 01:04:50.808 D/usbservice(   67): <tid:387>(line:1550)[GMUsbServiceBase.cpp/notifyPlayStatusUpdated] +++ enter 
01-01 01:04:50.808 D/usbservice(   65): <tid:217>(line:607)[GMUsbProxy.cpp/onAsyncResponse] code offset = [37]
01-01 01:04:50.812 D/usbservice(   67): <tid:387>(line:1550)[GMUsbServiceBase.cpp/notifyPlayStatusUpdated] --- leave 
01-01 01:04:50.812 D/usbservice(   67): <tid:387>(line:1756)[GMUsbServiceBase.cpp/playStatusUpdated] --- leave 
01-01 01:04:50.812 D/usbservice(   67): <tid:387>(line:1949)[GMUsbDevicePlayer.cpp/playStatusUpdated] --- leave 
01-01 01:04:50.812 D/usbservice(   67): <tid:387>(line:1581)[GMUsbDevicePlayer.cpp/playStatusChanged] --- leave 
01-01 01:04:50.904 D/usbservice(   67): <tid:387>(line:1581)[GMUsbDevicePlayer.cpp/playStatusChanged] +++ enter 
01-01 01:04:50.904 D/usbservice(   67): <tid:387>(line:1582)[GMUsbDevicePlayer.cpp/playStatusChanged] mask:[21], status:[0]
01-01 01:04:50.904 D/usbservice(   67): <tid:387>(line:1584)[GMUsbDevicePlayer.cpp/playStatusChanged] playStatusChanged, status.dataSourceKey = [1]
01-01 01:04:50.904 D/usbservice(   67): <tid:387>(line:1739)[GMUsbDevicePlayer.cpp/playStatusChanged] playStatusChanged position is 11947
01-01 01:04:50.904 D/usbservice(   67): <tid:387>(line:2016)[GMUsbDevicePlayer.cpp/positionUpdated] +++ enter 
01-01 01:04:50.904 D/usbbackup(   67): <tid:387>(line:264)[MediaBackup.cpp/updatePlayTime] +++ enter 
01-01 01:04:50.904 D/usbbackup(   67): <tid:387>(line:268)[MediaBackup.cpp/updatePlayTime] original info, nothing changes, skip update
01-01 01:04:50.904 D/usbbackup(   67): <tid:387>(line:264)[MediaBackup.cpp/updatePlayTime] --- leave 
01-01 01:04:50.904 D/usbservice(   67): <tid:387>(line:1769)[GMUsbServiceBase.cpp/positionUpdated] msec = [11947]
01-01 01:04:50.904 D/usbservice(   67): <tid:387>(line:1499)[GMUsbServiceBase.cpp/notifyPositionUpdated] +++ enter 
01-01 01:04:50.904 D/usbservice(   67): <tid:387>(line:1499)[GMUsbServiceBase.cpp/notifyPositionUpdated] --- leave 
01-01 01:04:50.904 D/usbservice(   67): <tid:387>(line:2016)[GMUsbDevicePlayer.cpp/positionUpdated] --- leave 
01-01 01:04:50.904 D/usbservice(   67): <tid:387>(line:1581)[GMUsbDevicePlayer.cpp/playStatusChanged] --- leave 
01-01 01:04:50.904 D/usbservice(   65): <tid:219>(line:607)[GMUsbProxy.cpp/onAsyncResponse] code offset = [33]
01-01 01:04:50.904 D/usbservice(   67): <tid:387>(line:1581)[GMUsbDevicePlayer.cpp/playStatusChanged] +++ enter 
01-01 01:04:50.904 D/usbservice(   67): <tid:387>(line:1582)[GMUsbDevicePlayer.cpp/playStatusChanged] mask:[7], status:[3]
01-01 01:04:50.904 D/usbservice(   67): <tid:387>(line:1584)[GMUsbDevicePlayer.cpp/playStatusChanged] playStatusChanged, status.dataSourceKey = [1]
01-01 01:04:50.904 D/usbservice(   67): <tid:387>(line:1949)[GMUsbDevicePlayer.cpp/playStatusUpdated] +++ enter 
01-01 01:04:50.904 D/usbservice(   67): <tid:387>(line:1981)[GMUsbDevicePlayer.cpp/playStatusUpdated] playStatusChanged, state is playing
01-01 01:04:50.904 D/usbservice(   67): <tid:387>(line:1756)[GMUsbServiceBase.cpp/playStatusUpdated] +++ enter 
01-01 01:04:50.904 D/usbservice(   67): <tid:387>(line:1550)[GMUsbServiceBase.cpp/notifyPlayStatusUpdated] +++ enter 
01-01 01:04:50.904 D/usbservice(   65): <tid:217>(line:607)[GMUsbProxy.cpp/onAsyncResponse] code offset = [37]
01-01 01:04:50.904 D/usbservice(   67): <tid:387>(line:1550)[GMUsbServiceBase.cpp/notifyPlayStatusUpdated] --- leave 
01-01 01:04:50.904 D/usbservice(   67): <tid:387>(line:1756)[GMUsbServiceBase.cpp/playStatusUpdated] --- leave 
01-01 01:04:50.904 D/usbservice(   67): <tid:387>(line:1949)[GMUsbDevicePlayer.cpp/playStatusUpdated] --- leave 
01-01 01:04:50.904 D/usbservice(   67): <tid:387>(line:1727)[GMUsbDevicePlayer.cpp/playStatusChanged] playStatusChanged speed is 1000
01-01 01:04:50.904 D/usbservice(   67): <tid:387>(line:1581)[GMUsbDevicePlayer.cpp/playStatusChanged] --- leave 
01-01 01:04:50.904 D/usbservice(   67): <tid:387>(line:1915)[GMUsbDevicePlayer.cpp/ackSeekTo] +++ enter 
01-01 01:04:50.904 D/usbservice(   67): <tid:387>(line:1917)[GMUsbDevicePlayer.cpp/ackSeekTo] ackSeekTo:retCode = 0
01-01 01:04:50.904 D/usbservice(   67): <tid:387>(line:1915)[GMUsbDevicePlayer.cpp/ackSeekTo] --- leave 
01-01 01:04:51.536 D/usbservice(   67): <tid:387>(line:1581)[GMUsbDevicePlayer.cpp/playStatusChanged] +++ enter 
01-01 01:04:51.536 D/usbservice(   67): <tid:387>(line:1582)[GMUsbDevicePlayer.cpp/playStatusChanged] mask:[21], status:[0]
01-01 01:04:51.536 D/usbservice(   67): <tid:387>(line:1584)[GMUsbDevicePlayer.cpp/playStatusChanged] playStatusChanged, status.dataSourceKey = [1]
01-01 01:04:51.536 D/usbservice(   67): <tid:387>(line:1739)[GMUsbDevicePlayer.cpp/playStatusChanged] playStatusChanged position is 12579
01-01 01:04:51.536 D/usbservice(   67): <tid:387>(line:2016)[GMUsbDevicePlayer.cpp/positionUpdated] +++ enter 
01-01 01:04:51.536 D/usbbackup(   67): <tid:387>(line:264)[MediaBackup.cpp/updatePlayTime] +++ enter 
01-01 01:04:51.536 D/usbbackup(   67): <tid:387>(line:609)[MediaBackup.cpp/saveBackupData] +++ enter 
01-01 01:04:51.536 D/usbbackup(   67): <tid:387>(line:610)[MediaBackup.cpp/saveBackupData] key:[b_clear.USB_LASTINFO]
01-01 01:04:51.536 D/usbdatabase(   67): <tid:387>(line:291)[GMUsbDataManager.cpp/save] +++ enter 
01-01 01:04:51.536 D/usbdatabase(   67): <tid:387>(line:310)[GMUsbDataManager.cpp/save] key exist, update
01-01 01:04:51.548 D/usbdatabase(   67): <tid:387>(line:315)[GMUsbDataManager.cpp/save] save key, update key value succeed
01-01 01:04:51.548 D/usbdatabase(   67): <tid:387>(line:291)[GMUsbDataManager.cpp/save] --- leave 
01-01 01:04:51.548 D/usbbackup(   67): <tid:387>(line:609)[MediaBackup.cpp/saveBackupData] --- leave 
01-01 01:04:51.548 D/usbbackup(   67): <tid:387>(line:264)[MediaBackup.cpp/updatePlayTime] --- leave 
01-01 01:04:51.548 D/usbservice(   67): <tid:387>(line:1769)[GMUsbServiceBase.cpp/positionUpdated] msec = [12579]
01-01 01:04:51.548 D/usbservice(   67): <tid:387>(line:1499)[GMUsbServiceBase.cpp/notifyPositionUpdated] +++ enter 
01-01 01:04:51.548 D/usbservice(   65): <tid:219>(line:607)[GMUsbProxy.cpp/onAsyncResponse] code offset = [33]
01-01 01:04:51.548 D/usbservice(   67): <tid:387>(line:1499)[GMUsbServiceBase.cpp/notifyPositionUpdated] --- leave 
01-01 01:04:51.548 D/usbservice(   67): <tid:387>(line:2016)[GMUsbDevicePlayer.cpp/positionUpdated] --- leave 
01-01 01:04:51.548 D/usbservice(   67): <tid:387>(line:1581)[GMUsbDevicePlayer.cpp/playStatusChanged] --- leave 
01-01 01:04:52.540 D/usbservice(   67): <tid:387>(line:1581)[GMUsbDevicePlayer.cpp/playStatusChanged] +++ enter 
01-01 01:04:52.540 D/usbservice(   67): <tid:387>(line:1582)[GMUsbDevicePlayer.cpp/playStatusChanged] mask:[21], status:[0]
01-01 01:04:52.540 D/usbservice(   67): <tid:387>(line:1584)[GMUsbDevicePlayer.cpp/playStatusChanged] playStatusChanged, status.dataSourceKey = [1]
01-01 01:04:52.540 D/usbservice(   67): <tid:387>(line:1739)[GMUsbDevicePlayer.cpp/playStatusChanged] playStatusChanged position is 13580
01-01 01:04:52.540 D/usbservice(   67): <tid:387>(line:2016)[GMUsbDevicePlayer.cpp/positionUpdated] +++ enter 
01-01 01:04:52.540 D/usbbackup(   67): <tid:387>(line:264)[MediaBackup.cpp/updatePlayTime] +++ enter 
01-01 01:04:52.540 D/usbbackup(   67): <tid:387>(line:609)[MediaBackup.cpp/saveBackupData] +++ enter 
01-01 01:04:52.540 D/usbbackup(   67): <tid:387>(line:610)[MediaBackup.cpp/saveBackupData] key:[b_clear.USB_LASTINFO]
01-01 01:04:52.540 D/usbdatabase(   67): <tid:387>(line:291)[GMUsbDataManager.cpp/save] +++ enter 
01-01 01:04:52.540 D/usbdatabase(   67): <tid:387>(line:310)[GMUsbDataManager.cpp/save] key exist, update
01-01 01:04:52.548 D/usbdatabase(   67): <tid:387>(line:315)[GMUsbDataManager.cpp/save] save key, update key value succeed
01-01 01:04:52.548 D/usbdatabase(   67): <tid:387>(line:291)[GMUsbDataManager.cpp/save] --- leave 
01-01 01:04:52.548 D/usbbackup(   67): <tid:387>(line:609)[MediaBackup.cpp/saveBackupData] --- leave 
01-01 01:04:52.548 D/usbbackup(   67): <tid:387>(line:264)[MediaBackup.cpp/updatePlayTime] --- leave 
01-01 01:04:52.548 D/usbservice(   67): <tid:387>(line:1769)[GMUsbServiceBase.cpp/positionUpdated] msec = [13580]
01-01 01:04:52.548 D/usbservice(   67): <tid:387>(line:1499)[GMUsbServiceBase.cpp/notifyPositionUpdated] +++ enter 
01-01 01:04:52.548 D/usbservice(   65): <tid:217>(line:607)[GMUsbProxy.cpp/onAsyncResponse] code offset = [33]
01-01 01:04:52.548 D/usbservice(   67): <tid:387>(line:1499)[GMUsbServiceBase.cpp/notifyPositionUpdated] --- leave 
01-01 01:04:52.548 D/usbservice(   67): <tid:387>(line:2016)[GMUsbDevicePlayer.cpp/positionUpdated] --- leave 
01-01 01:04:52.548 D/usbservice(   67): <tid:387>(line:1581)[GMUsbDevicePlayer.cpp/playStatusChanged] --- leave 
01-01 01:04:53.340 D/usbservice(   67): <tid:387>(line:1581)[GMUsbDevicePlayer.cpp/playStatusChanged] +++ enter 
01-01 01:04:53.340 D/usbservice(   67): <tid:387>(line:1582)[GMUsbDevicePlayer.cpp/playStatusChanged] mask:[21], status:[0]
01-01 01:04:53.340 D/usbservice(   67): <tid:387>(line:1584)[GMUsbDevicePlayer.cpp/playStatusChanged] playStatusChanged, status.dataSourceKey = [1]
01-01 01:04:53.340 D/usbservice(   67): <tid:387>(line:1739)[GMUsbDevicePlayer.cpp/playStatusChanged] playStatusChanged position is 14384
01-01 01:04:53.340 D/usbservice(   67): <tid:387>(line:2016)[GMUsbDevicePlayer.cpp/positionUpdated] +++ enter 
01-01 01:04:53.340 D/usbbackup(   67): <tid:387>(line:264)[MediaBackup.cpp/updatePlayTime] +++ enter 
01-01 01:04:53.344 D/usbbackup(   67): <tid:387>(line:609)[MediaBackup.cpp/saveBackupData] +++ enter 
01-01 01:04:53.344 D/usbbackup(   67): <tid:387>(line:610)[MediaBackup.cpp/saveBackupData] key:[b_clear.USB_LASTINFO]
01-01 01:04:53.344 D/usbdatabase(   67): <tid:387>(line:291)[GMUsbDataManager.cpp/save] +++ enter 
01-01 01:04:53.344 D/usbdatabase(   67): <tid:387>(line:310)[GMUsbDataManager.cpp/save] key exist, update
01-01 01:04:53.348 D/usbdatabase(   67): <tid:387>(line:315)[GMUsbDataManager.cpp/save] save key, update key value succeed
01-01 01:04:53.348 D/usbdatabase(   67): <tid:387>(line:291)[GMUsbDataManager.cpp/save] --- leave 
01-01 01:04:53.348 D/usbbackup(   67): <tid:387>(line:609)[MediaBackup.cpp/saveBackupData] --- leave 
01-01 01:04:53.348 D/usbbackup(   67): <tid:387>(line:264)[MediaBackup.cpp/updatePlayTime] --- leave 
01-01 01:04:53.348 D/usbservice(   67): <tid:387>(line:1769)[GMUsbServiceBase.cpp/positionUpdated] msec = [14384]
01-01 01:04:53.348 D/usbservice(   67): <tid:387>(line:1499)[GMUsbServiceBase.cpp/notifyPositionUpdated] +++ enter 
01-01 01:04:53.348 D/usbservice(   65): <tid:219>(line:607)[GMUsbProxy.cpp/onAsyncResponse] code offset = [33]
01-01 01:04:53.348 D/usbservice(   67): <tid:387>(line:1499)[GMUsbServiceBase.cpp/notifyPositionUpdated] --- leave 
01-01 01:04:53.348 D/usbservice(   67): <tid:387>(line:2016)[GMUsbDevicePlayer.cpp/positionUpdated] --- leave 
01-01 01:04:53.348 D/usbservice(   67): <tid:387>(line:1581)[GMUsbDevicePlayer.cpp/playStatusChanged] --- leave 
01-01 01:04:54.540 D/usbservice(   67): <tid:387>(line:1581)[GMUsbDevicePlayer.cpp/playStatusChanged] +++ enter 
01-01 01:04:54.540 D/usbservice(   67): <tid:387>(line:1582)[GMUsbDevicePlayer.cpp/playStatusChanged] mask:[21], status:[0]
01-01 01:04:54.540 D/usbservice(   67): <tid:387>(line:1584)[GMUsbDevicePlayer.cpp/playStatusChanged] playStatusChanged, status.dataSourceKey = [1]
01-01 01:04:54.540 D/usbservice(   67): <tid:387>(line:1739)[GMUsbDevicePlayer.cpp/playStatusChanged] playStatusChanged position is 15580
01-01 01:04:54.540 D/usbservice(   67): <tid:387>(line:2016)[GMUsbDevicePlayer.cpp/positionUpdated] +++ enter 
01-01 01:04:54.540 D/usbbackup(   67): <tid:387>(line:264)[MediaBackup.cpp/updatePlayTime] +++ enter 
01-01 01:04:54.544 D/usbbackup(   67): <tid:387>(line:609)[MediaBackup.cpp/saveBackupData] +++ enter 
01-01 01:04:54.544 D/usbbackup(   67): <tid:387>(line:610)[MediaBackup.cpp/saveBackupData] key:[b_clear.USB_LASTINFO]
01-01 01:04:54.544 D/usbdatabase(   67): <tid:387>(line:291)[GMUsbDataManager.cpp/save] +++ enter 
01-01 01:04:54.548 D/usbdatabase(   67): <tid:387>(line:310)[GMUsbDataManager.cpp/save] key exist, update
01-01 01:04:54.552 D/usbdatabase(   67): <tid:387>(line:315)[GMUsbDataManager.cpp/save] save key, update key value succeed
01-01 01:04:54.552 D/usbdatabase(   67): <tid:387>(line:291)[GMUsbDataManager.cpp/save] --- leave 
01-01 01:04:54.552 D/usbbackup(   67): <tid:387>(line:609)[MediaBackup.cpp/saveBackupData] --- leave 
01-01 01:04:54.552 D/usbbackup(   67): <tid:387>(line:264)[MediaBackup.cpp/updatePlayTime] --- leave 
01-01 01:04:54.552 D/usbservice(   67): <tid:387>(line:1769)[GMUsbServiceBase.cpp/positionUpdated] msec = [15580]
01-01 01:04:54.552 D/usbservice(   67): <tid:387>(line:1499)[GMUsbServiceBase.cpp/notifyPositionUpdated] +++ enter 
01-01 01:04:54.552 D/usbservice(   65): <tid:217>(line:607)[GMUsbProxy.cpp/onAsyncResponse] code offset = [33]
01-01 01:04:54.552 D/usbservice(   67): <tid:387>(line:1499)[GMUsbServiceBase.cpp/notifyPositionUpdated] --- leave 
01-01 01:04:54.556 D/usbservice(   67): <tid:387>(line:2016)[GMUsbDevicePlayer.cpp/positionUpdated] --- leave 
01-01 01:04:54.556 D/usbservice(   67): <tid:387>(line:1581)[GMUsbDevicePlayer.cpp/playStatusChanged] --- leave 
01-01 01:04:55.200 D/usbservice(   65): <tid:234>(line:213)[GMUsbProxy.cpp/pause] +++ enter 
01-01 01:04:55.200 D/usbservice(   65): <tid:234>(line:213)[GMUsbProxy.cpp/pause] --- leave 
01-01 01:04:55.200 D/usbservice(   67): <tid:215>(line:131)[GMUsbServiceBase.cpp/onAsyncRequest] SenderId = [2], codeOffset = [9]
01-01 01:04:55.200 D/usbservice(   67): <tid:296>(line:1275)[GMUsbServiceBase.cpp/replyPause] +++ enter 
01-01 01:04:55.200 D/usbservice(   67): <tid:296>(line:1275)[GMUsbServiceBase.cpp/replyPause] --- leave 
01-01 01:04:55.200 D/usbservice(   67): <tid:296>(line:625)[GMUsbDevicePlayer.cpp/postPause] +++ enter 
01-01 01:04:55.200 D/usbservice(   67): <tid:296>(line:625)[GMUsbDevicePlayer.cpp/postPause] --- leave 
01-01 01:04:55.200 D/usbservice(   67): <tid:387>(line:1464)[GMUsbDevicePlayer.cpp/pause] +++ enter 
01-01 01:04:55.204 D/usbservice(   65): <tid:219>(line:607)[GMUsbProxy.cpp/onAsyncResponse] code offset = [9]
01-01 01:04:55.212 D/usbservice(   67): <tid:387>(line:1464)[GMUsbDevicePlayer.cpp/pause] --- leave 
01-01 01:04:55.212 D/usbservice(   67): <tid:387>(line:1581)[GMUsbDevicePlayer.cpp/playStatusChanged] +++ enter 
01-01 01:04:55.212 D/usbservice(   67): <tid:387>(line:1582)[GMUsbDevicePlayer.cpp/playStatusChanged] mask:[21], status:[0]
01-01 01:04:55.212 D/usbservice(   67): <tid:387>(line:1584)[GMUsbDevicePlayer.cpp/playStatusChanged] playStatusChanged, status.dataSourceKey = [1]
01-01 01:04:55.212 D/usbservice(   67): <tid:387>(line:1739)[GMUsbDevicePlayer.cpp/playStatusChanged] playStatusChanged position is 16252
01-01 01:04:55.212 D/usbservice(   67): <tid:387>(line:2016)[GMUsbDevicePlayer.cpp/positionUpdated] +++ enter 
01-01 01:04:55.212 D/usbbackup(   67): <tid:387>(line:264)[MediaBackup.cpp/updatePlayTime] +++ enter 
01-01 01:04:55.212 D/usbbackup(   67): <tid:387>(line:609)[MediaBackup.cpp/saveBackupData] +++ enter 
01-01 01:04:55.212 D/usbbackup(   67): <tid:387>(line:610)[MediaBackup.cpp/saveBackupData] key:[b_clear.USB_LASTINFO]
01-01 01:04:55.212 D/usbdatabase(   67): <tid:387>(line:291)[GMUsbDataManager.cpp/save] +++ enter 
01-01 01:04:55.212 D/usbdatabase(   67): <tid:387>(line:310)[GMUsbDataManager.cpp/save] key exist, update
01-01 01:04:55.220 D/usbdatabase(   67): <tid:387>(line:315)[GMUsbDataManager.cpp/save] save key, update key value succeed
01-01 01:04:55.220 D/usbdatabase(   67): <tid:387>(line:291)[GMUsbDataManager.cpp/save] --- leave 
01-01 01:04:55.220 D/usbbackup(   67): <tid:387>(line:609)[MediaBackup.cpp/saveBackupData] --- leave 
01-01 01:04:55.220 D/usbbackup(   67): <tid:387>(line:264)[MediaBackup.cpp/updatePlayTime] --- leave 
01-01 01:04:55.220 D/usbservice(   67): <tid:387>(line:1769)[GMUsbServiceBase.cpp/positionUpdated] msec = [16252]
01-01 01:04:55.220 D/usbservice(   67): <tid:387>(line:1499)[GMUsbServiceBase.cpp/notifyPositionUpdated] +++ enter 
01-01 01:04:55.220 D/usbservice(   65): <tid:217>(line:607)[GMUsbProxy.cpp/onAsyncResponse] code offset = [33]
01-01 01:04:55.220 D/usbservice(   67): <tid:387>(line:1499)[GMUsbServiceBase.cpp/notifyPositionUpdated] --- leave 
01-01 01:04:55.220 D/usbservice(   67): <tid:387>(line:2016)[GMUsbDevicePlayer.cpp/positionUpdated] --- leave 
01-01 01:04:55.220 D/usbservice(   67): <tid:387>(line:1581)[GMUsbDevicePlayer.cpp/playStatusChanged] --- leave 
01-01 01:04:55.264 D/usbservice(   67): <tid:387>(line:1581)[GMUsbDevicePlayer.cpp/playStatusChanged] +++ enter 
01-01 01:04:55.264 D/usbservice(   67): <tid:387>(line:1582)[GMUsbDevicePlayer.cpp/playStatusChanged] mask:[7], status:[2]
01-01 01:04:55.264 D/usbservice(   67): <tid:387>(line:1584)[GMUsbDevicePlayer.cpp/playStatusChanged] playStatusChanged, status.dataSourceKey = [1]
01-01 01:04:55.264 D/usbservice(   67): <tid:387>(line:1949)[GMUsbDevicePlayer.cpp/playStatusUpdated] +++ enter 
01-01 01:04:55.264 D/usbservice(   67): <tid:387>(line:1971)[GMUsbDevicePlayer.cpp/playStatusUpdated] playStatusChanged, state is paused
01-01 01:04:55.264 D/usbservice(   67): <tid:387>(line:1756)[GMUsbServiceBase.cpp/playStatusUpdated] +++ enter 
01-01 01:04:55.264 D/usbservice(   67): <tid:387>(line:1550)[GMUsbServiceBase.cpp/notifyPlayStatusUpdated] +++ enter 
01-01 01:04:55.264 D/usbservice(   65): <tid:219>(line:607)[GMUsbProxy.cpp/onAsyncResponse] code offset = [37]
01-01 01:04:55.264 D/usbservice(   67): <tid:387>(line:1550)[GMUsbServiceBase.cpp/notifyPlayStatusUpdated] --- leave 
01-01 01:04:55.264 D/usbservice(   67): <tid:387>(line:1756)[GMUsbServiceBase.cpp/playStatusUpdated] --- leave 
01-01 01:04:55.264 D/usbservice(   67): <tid:387>(line:1949)[GMUsbDevicePlayer.cpp/playStatusUpdated] --- leave 
01-01 01:04:55.264 D/usbservice(   67): <tid:387>(line:1727)[GMUsbDevicePlayer.cpp/playStatusChanged] playStatusChanged speed is 0
01-01 01:04:55.264 D/usbservice(   67): <tid:387>(line:1581)[GMUsbDevicePlayer.cpp/playStatusChanged] --- leave 
==============================end plu ay forn     rom 10s to 15s tehn   hen  b click button        stop cb  button ====


==============================click list      musicl li     list button=======================
01-01 01:05:53.380 D/usbprovider(   61): <tid:356>(line:110)[GMMediaProvider.cpp/query] +++ enter 
01-01 01:05:53.380 D/usbprovider(   61): <tid:356>(line:971)[GMMediaProvider.cpp/PrintParam] select columns count = [2]
01-01 01:05:53.380 D/usbprovider(   61): <tid:356>(line:973)[GMMediaProvider.cpp/PrintParam] select columns[0] is [id]
01-01 01:05:53.380 D/usbprovider(   61): <tid:356>(line:973)[GMMediaProvider.cpp/PrintParam] select columns[1] is [name]
01-01 01:05:53.380 D/usbprovider(   61): <tid:356>(line:976)[GMMediaProvider.cpp/PrintParam] where = [type & ?]
01-01 01:05:53.380 D/usbprovider(   61): <tid:356>(line:978)[GMMediaProvider.cpp/PrintParam] whereArgs count = [1]
01-01 01:05:53.380 D/usbprovider(   61): <tid:356>(line:980)[GMMediaProvider.cpp/PrintParam] whereArgs columns[0] is [2]
01-01 01:05:53.380 D/usbprovider(   61): <tid:356>(line:983)[GMMediaProvider.cpp/PrintParam] sort = [SORTKEY]
01-01 01:05:53.380 D/usbprovider(   61): <tid:356>(line:806)[GMMediaProvider.cpp/getDeviceIndex] GMMediaProvider::getDeviceIndex, uri:[content://media/usbsd/fs/folders?usb1]
01-01 01:05:53.380 D/usbprovider(   61): <tid:356>(line:116)[GMMediaProvider.cpp/query] uriID = [0] dvsIdx = [0]
01-01 01:05:53.380 D/usbprovider(   61): <tid:356>(line:132)[GMMediaProvider.cpp/query] query>>>MATCH_ID_FS_FOLDERS
01-01 01:05:53.384 D/usbprovider(   61): <tid:356>(line:110)[GMMediaProvider.cpp/query] --- leave 
=========================end who   show fok   sonf gs folser    ser    l olser    de  ls der ==================================







===============================clic    ick songs  1 folder===========================
01-01 01:06:54.996 D/usbprovider(   61): <tid:164>(line:110)[GMMediaProvider.cpp/query] +++ enter 
01-01 01:06:54.996 D/usbprovider(   61): <tid:164>(line:971)[GMMediaProvider.cpp/PrintParam] select columns count = [3]
01-01 01:06:54.996 D/usbprovider(   61): <tid:164>(line:973)[GMMediaProvider.cpp/PrintParam] select columns[0] is [id]
01-01 01:06:54.996 D/usbprovider(   61): <tid:164>(line:973)[GMMediaProvider.cpp/PrintParam] select columns[1] is [name]
01-01 01:06:54.996 D/usbprovider(   61): <tid:164>(line:973)[GMMediaProvider.cpp/PrintParam] select columns[2] is [type]
01-01 01:06:54.996 D/usbprovider(   61): <tid:164>(line:976)[GMMediaProvider.cpp/PrintParam] where = [folder_id = ? and type = ?]
01-01 01:06:54.996 D/usbprovider(   61): <tid:164>(line:978)[GMMediaProvider.cpp/PrintParam] whereArgs count = [2]
01-01 01:06:54.996 D/usbprovider(   61): <tid:164>(line:980)[GMMediaProvider.cpp/PrintParam] whereArgs columns[0] is [1]
01-01 01:06:54.996 D/usbprovider(   61): <tid:164>(line:980)[GMMediaProvider.cpp/PrintParam] whereArgs columns[1] is [2]
01-01 01:06:54.996 D/usbprovider(   61): <tid:164>(line:983)[GMMediaProvider.cpp/PrintParam] sort = [SORTKEY]
01-01 01:06:54.996 D/usbprovider(   61): <tid:164>(line:806)[GMMediaProvider.cpp/getDeviceIndex] GMMediaProvider::getDeviceIndex, uri:[content://media/usbsd/fs/files?usb1]
01-01 01:06:54.996 D/usbprovider(   61): <tid:164>(line:116)[GMMediaProvider.cpp/query] uriID = [2] dvsIdx = [0]
01-01 01:06:54.996 D/usbprovider(   61): <tid:164>(line:148)[GMMediaProvider.cpp/query] query>>>MATCH_ID_FS_FILES
01-01 01:06:54.996 D/usbprovider(   61): <tid:164>(line:110)[GMMediaProvider.cpp/query] --- leave 
===============================endk  show songs=================================





==================================clicik  k      hon ise one sing   oign   ng,hit   then l click ===================

01-01 01:07:40.412 D/usbservice(   65): <tid:234>(line:447)[GMUsbProxy.cpp/selectUID] +++ enter 
01-01 01:07:40.416 D/usbservice(   65): <tid:234>(line:447)[GMUsbProxy.cpp/selectUID] --- leave 
01-01 01:07:40.416 D/usbservice(   67): <tid:213>(line:131)[GMUsbServiceBase.cpp/onAsyncRequest] SenderId = [2], codeOffset = [23]
01-01 01:07:40.416 D/usbservice(   67): <tid:296>(line:1431)[GMUsbServiceBase.cpp/replySelectUID] +++ enter 
01-01 01:07:40.416 D/usbservice(   65): <tid:217>(line:607)[GMUsbProxy.cpp/onAsyncResponse] code offset = [23]
01-01 01:07:40.416 D/usbservice(   67): <tid:296>(line:1431)[GMUsbServiceBase.cpp/replySelectUID] --- leave 
01-01 01:07:40.416 D/usbservice(   67): <tid:296>(line:537)[GMUsbDevicePlayer.cpp/postSelectUID] +++ enter 
01-01 01:07:40.416 D/usbservice(   67): <tid:296>(line:537)[GMUsbDevicePlayer.cpp/postSelectUID] --- leave 
01-01 01:07:40.416 D/usbservice(   67): <tid:387>(line:834)[GMUsbDevicePlayer.cpp/selectUID] +++ enter 
01-01 01:07:40.416 D/usbservice(   67): <tid:387>(line:2313)[GMUsbDevicePlayer.cpp/autoAmentRepeatRandomMode] +++ enter 
01-01 01:07:40.416 D/usbplaylist(   67): <tid:387>(line:173)[GMMediaPlaylist.cpp/setRandomMode] setRandomMode = [1]
01-01 01:07:40.416 D/usbplaylist(   67): <tid:387>(line:654)[GMMediaPlaylist.cpp/amendIndexAndCount] amend index filePlayMode = [2], m_repeatMode = [4], m_randomMode = [1]
01-01 01:07:40.416 D/usbplaylist(   67): <tid:387>(line:732)[GMMediaPlaylist.cpp/amendIndexAndCount] m_baseIndex = [0], m_totalCount = [13], m_countInList = [8]
01-01 01:07:40.416 D/usbplaylist(   67): <tid:387>(line:1126)[GMMediaPlaylist.cpp/updatePlaylistInfo] updatePlaylistInfo : m_randomMode = [1], m_repeatMode = [4]
01-01 01:07:40.416 D/usbplaylist(   67): <tid:387>(line:1127)[GMMediaPlaylist.cpp/updatePlaylistInfo] [debug]updatePlaylistInfo : m_listIndex = [0], currentIndex = [0]
01-01 01:07:40.416 D/usbservice(   67): <tid:387>(line:223)[GMUsbDevicePlayer.cpp/onPlaylistInfoChanged] +++ enter 
01-01 01:07:40.416 D/usbservice(   67): <tid:387>(line:224)[GMUsbDevicePlayer.cpp/onPlaylistInfoChanged] onPlaylistInfoChanged : index = [0], totalCount = [13]
01-01 01:07:40.416 D/usbservice(   67): <tid:387>(line:223)[GMUsbDevicePlayer.cpp/onPlaylistInfoChanged] --- leave 
01-01 01:07:40.416 D/usbservice(   67): <tid:387>(line:2143)[GMUsbDevicePlayer.cpp/randomModeUpdated] +++ enter 
01-01 01:07:40.416 D/usbbackup(   67): <tid:387>(line:338)[MediaBackup.cpp/updateRandomMode] +++ enter 
01-01 01:07:40.420 D/usbbackup(   67): <tid:387>(line:609)[MediaBackup.cpp/saveBackupData] +++ enter 
01-01 01:07:40.420 D/usbbackup(   67): <tid:387>(line:610)[MediaBackup.cpp/saveBackupData] key:[b_clear.USB_LASTINFO]
01-01 01:07:40.420 D/usbdatabase(   67): <tid:387>(line:291)[GMUsbDataManager.cpp/save] +++ enter 
01-01 01:07:40.420 D/usbdatabase(   67): <tid:387>(line:310)[GMUsbDataManager.cpp/save] key exist, update
01-01 01:07:40.424 D/usbdatabase(   67): <tid:387>(line:315)[GMUsbDataManager.cpp/save] save key, update key value succeed
01-01 01:07:40.424 D/usbdatabase(   67): <tid:387>(line:291)[GMUsbDataManager.cpp/save] --- leave 
01-01 01:07:40.424 D/usbbackup(   67): <tid:387>(line:609)[MediaBackup.cpp/saveBackupData] --- leave 
01-01 01:07:40.424 D/usbbackup(   67): <tid:387>(line:338)[MediaBackup.cpp/updateRandomMode] --- leave 
01-01 01:07:40.424 D/usbservice(   67): <tid:387>(line:1873)[GMUsbServiceBase.cpp/radomModeUpdated] randomMode = [1]
01-01 01:07:40.424 D/usbservice(   67): <tid:387>(line:1575)[GMUsbServiceBase.cpp/notifyRandomModeUpdated] +++ enter 
01-01 01:07:40.424 D/usbservice(   65): <tid:219>(line:607)[GMUsbProxy.cpp/onAsyncResponse] code offset = [39]
01-01 01:07:40.424 D/usbservice(   67): <tid:387>(line:1575)[GMUsbServiceBase.cpp/notifyRandomModeUpdated] --- leave 
01-01 01:07:40.424 D/usbservice(   67): <tid:387>(line:2143)[GMUsbDevicePlayer.cpp/randomModeUpdated] --- leave 
01-01 01:07:40.424 D/usbbackup(   67): <tid:387>(line:392)[MediaBackup.cpp/updateTrickPlayMode] +++ enter 
01-01 01:07:40.428 D/usbbackup(   67): <tid:387>(line:609)[MediaBackup.cpp/saveBackupData] +++ enter 
01-01 01:07:40.428 D/usbbackup(   67): <tid:387>(line:610)[MediaBackup.cpp/saveBackupData] key:[b_clear.USB_LASTINFO]
01-01 01:07:40.428 D/usbdatabase(   67): <tid:387>(line:291)[GMUsbDataManager.cpp/save] +++ enter 
01-01 01:07:40.428 D/usbdatabase(   67): <tid:387>(line:310)[GMUsbDataManager.cpp/save] key exist, update
01-01 01:07:40.436 D/usbdatabase(   67): <tid:387>(line:315)[GMUsbDataManager.cpp/save] save key, update key value succeed
01-01 01:07:40.436 D/usbdatabase(   67): <tid:387>(line:291)[GMUsbDataManager.cpp/save] --- leave 
01-01 01:07:40.436 D/usbbackup(   67): <tid:387>(line:609)[MediaBackup.cpp/saveBackupData] --- leave 
01-01 01:07:40.436 D/usbbackup(   67): <tid:387>(line:392)[MediaBackup.cpp/updateTrickPlayMode] --- leave 
01-01 01:07:40.436 D/usbservice(   67): <tid:387>(line:2313)[GMUsbDevicePlayer.cpp/autoAmentRepeatRandomMode] --- leave 
01-01 01:07:40.436 D/usbservice(   67): <tid:387>(line:1475)[GMUsbDevicePlayer.cpp/stop] +++ enter 
01-01 01:07:40.564 D/usbservice(   67): <tid:387>(line:1475)[GMUsbDevicePlayer.cpp/stop] --- leave 
01-01 01:07:40.564 D/usbplaylist(   67): <tid:387>(line:347)[GMMediaPlaylist.cpp/selectUid] selectUid : uid = [5]
01-01 01:07:40.564 D/usbplaylist(   67): <tid:387>(line:1481)[GMMediaPlaylist.cpp/setPlayable] +++ enter 
01-01 01:07:40.564 D/usbplaylist(   67): <tid:387>(line:1481)[GMMediaPlaylist.cpp/setPlayable] --- leave 
01-01 01:07:40.564 D/usbplaylist(   67): <tid:387>(line:369)[GMMediaPlaylist.cpp/selectUid] debug : m_listIndex = [0], m_originIndex = [4]
01-01 01:07:40.564 D/usbplaylist(   67): <tid:387>(line:814)[GMMediaPlaylist.cpp/amendListInfoIndex] Current list info is folderId[1], composerId[-1], artistId[-1], genreId[-1], albumId[-1], type[2]
01-01 01:07:40.564 I/usbplaylist(   67): <tid:387>(line:614)[GMMediaPlaylist.cpp/currentPlayItem] currentPlayItem, m_originIndex = [4]
01-01 01:07:40.564 I/usbplaylist(   67): <tid:387>(line:614)[GMMediaPlaylist.cpp/currentPlayItem] currentPlayItem, m_originIndex = [4]
01-01 01:07:40.564 I/usbplaylist(   67): <tid:387>(line:614)[GMMediaPlaylist.cpp/currentPlayItem] currentPlayItem, m_originIndex = [4]
