01-01 00:53:51.204 D/usbbackup(   67): <tid:296>(line:423)[MediaBackup.cpp/getSerialNo] --- leave 
01-01 00:53:51.204 D/usbbackup(   67): <tid:296>(line:123)[MediaBackup.cpp/checkRestorable] database version and usb device is not changed, restore play
01-01 00:53:51.204 D/usbbackup(   67): <tid:296>(line:93)[MediaBackup.cpp/checkRestorable] --- leave 
01-01 00:53:51.204 D/usbbackup(   67): <tid:296>(line:447)[MediaBackup.cpp/getLastAvMode] +++ enter 
01-01 00:53:51.216 D/usbprovider(   61): <tid:161>(line:110)[GMMediaProvider.cpp/query] --- leave 
01-01 00:53:51.216 D/usbplaylist(   67): <tid:296>(line:2495)[GMMediaPlaylist.cpp/load] can not load playlist info
01-01 00:53:51.216 W/usbservice(   67): <tid:296>(line:2264)[GMUsbDevicePlayer.cpp/restorePlay] load audio last info failed
01-01 00:53:51.216 D/usbservice(   67): <tid:296>(line:2217)[GMUsbDevicePlayer.cpp/restorePlay] --- leave 
01-01 00:53:51.216 D/usbplaylist(   67): <tid:296>(line:2825)[GMMediaPlaylist.cpp/deviceDbInfo] +++ enter 
01-01 00:53:51.216 D/usbprovider(   61): <tid:356>(line:110)[GMMediaProvider.cpp/query] +++ enter 
01-01 00:53:51.216 D/usbprovider(   61): <tid:356>(line:971)[GMMediaProvider.cpp/PrintParam] select columns count = [1]
01-01 00:53:51.216 D/usbprovider(   61): <tid:356>(line:973)[GMMediaProvider.cpp/PrintParam] select columns[0] is [CONTENT_MASK]
01-01 00:53:51.216 D/usbprovider(   61): <tid:356>(line:976)[GMMediaProvider.cpp/PrintParam] where = [ID=?]
01-01 00:53:51.216 D/usbprovider(   61): <tid:356>(line:978)[GMMediaProvider.cpp/PrintParam] whereArgs count = [1]
01-01 00:53:51.216 D/usbprovider(   61): <tid:356>(line:980)[GMMediaProvider.cpp/PrintParam] whereArgs columns[0] is [1]
01-01 00:53:51.216 D/usbprovider(   61): <tid:356>(line:983)[GMMediaProvider.cpp/PrintParam] sort = []
01-01 00:53:51.216 D/usbprovider(   61): <tid:356>(line:806)[GMMediaProvider.cpp/getDeviceIndex] GMMediaProvider::getDeviceIndex, uri:[content://media/usbsd/device?usb1]
01-01 00:53:51.216 D/usbprovider(   61): <tid:356>(line:116)[GMMediaProvider.cpp/query] uriID = [19] dvsIdx = [0]
01-01 00:53:51.216 D/usbprovider(   61): <tid:356>(line:282)[GMMediaProvider.cpp/query] putString BE0DEE3A putInt64 2
01-01 00:53:51.216 D/usbprovider(   61): <tid:356>(line:110)[GMMediaProvider.cpp/query] --- leave 
01-01 00:53:51.216 D/usbplaylist(   67): <tid:296>(line:2865)[GMMediaPlaylist.cpp/deviceDbInfo] query device database info succeed, info[2] = [6]
01-01 00:53:51.216 D/usbplaylist(   67): <tid:296>(line:2825)[GMMediaPlaylist.cpp/deviceDbInfo] --- leave 
01-01 00:53:51.216 D/usbservice(   67): <tid:296>(line:787)[GMUsbDevicePlayer.cpp/autoPlay] contentMask is [6]
01-01 00:53:51.216 D/usbservice(   67): <tid:296>(line:868)[GMUsbDevicePlayer.cpp/playFirstFolder] +++ enter 
01-01 00:53:51.216 D/usbservice(   67): <tid:296>(line:2494)[GMUsbDevicePlayer.cpp/getFirstFolderId] +++ enter 
01-01 00:53:51.216 D/usbprovider(   61): <tid:164>(line:110)[GMMediaProvider.cpp/query] +++ enter 
01-01 00:53:51.216 D/usbprovider(   61): <tid:164>(line:971)[GMMediaProvider.cpp/PrintParam] select columns count = [1]
01-01 00:53:51.216 D/usbprovider(   61): <tid:164>(line:973)[GMMediaProvider.cpp/PrintParam] select columns[0] is [ID]
01-01 00:53:51.216 D/usbprovider(   61): <tid:164>(line:976)[GMMediaProvider.cpp/PrintParam] where = [TYPE&?]
01-01 00:53:51.216 D/usbprovider(   61): <tid:164>(line:978)[GMMediaProvider.cpp/PrintParam] whereArgs count = [1]
01-01 00:53:51.216 D/usbprovider(   61): <tid:164>(line:980)[GMMediaProvider.cpp/PrintParam] whereArgs columns[0] is [2]
01-01 00:53:51.216 D/usbprovider(   61): <tid:164>(line:983)[GMMediaProvider.cpp/PrintParam] sort = [SORTKEY LIMIT 1]
01-01 00:53:51.216 D/usbprovider(   61): <tid:164>(line:806)[GMMediaProvider.cpp/getDeviceIndex] GMMediaProvider::getDeviceIndex, uri:[content://media/usbsd/fs/folders?usb1]
01-01 00:53:51.216 D/usbprovider(   61): <tid:164>(line:116)[GMMediaProvider.cpp/query] uriID = [0] dvsIdx = [0]
01-01 00:53:51.216 D/usbprovider(   61): <tid:164>(line:132)[GMMediaProvider.cpp/query] query>>>MATCH_ID_FS_FOLDERS
01-01 00:53:51.220 D/usbprovider(   61): <tid:164>(line:110)[GMMediaProvider.cpp/query] --- leave 
01-01 00:53:51.220 D/usbservice(   67): <tid:296>(line:2517)[GMUsbDevicePlayer.cpp/getFirstFolderId] get first id succeed, id = [1]
01-01 00:53:51.228 D/usbplaylist(   67): <tid:296>(line:2896)[GMMediaPlaylist.cpp/loadInfoList] +++ enter 
01-01 00:53:51.228 D/usbplaylist(   67): <tid:296>(line:2899)[GMMediaPlaylist.cpp/loadInfoList] m_playlistinfo : albumId[-1], artistId[-1], cmpId[-1], genreId[-1], folderId[1], filePlayMode[2]
01-01 00:53:51.228 D/usbplaylist(   67): <tid:296>(line:2896)[GMMediaPlaylist.cpp/loadInfoList] --- leave 
01-01 00:53:51.228 D/usbplaylist(   67): <tid:296>(line:90)[GMMediaPlaylist.cpp/selectPlaylist] +++ enter 
01-01 00:53:51.228 D/usbplaylist(   67): <tid:296>(line:1363)[GMMediaPlaylist.cpp/initCountInList] +++ enter 
01-01 00:53:51.228 D/usbplaylist(   67): <tid:296>(line:1449)[GMMediaPlaylist.cpp/initCountInList] debug : m_infoList[0].fileCount = [8] | m_infoList[0].baseCount = [0]
01-01 00:53:51.228 D/usbplaylist(   67): <tid:296>(line:1449)[GMMediaPlaylist.cpp/initCountInList] debug : m_infoList[1].fileCount = [5] | m_infoList[1].baseCount = [8]
01-01 00:53:51.228 D/usbplaylist(   67): <tid:296>(line:1363)[GMMediaPlaylist.cpp/initCountInList] --- leave 
01-01 00:53:51.228 D/usbplaylist(   67): <tid:296>(line:654)[GMMediaPlaylist.cpp/amendIndexAndCount] amend index filePlayMode = [2], m_repeatMode = [4], m_randomMode = [1]
01-01 00:53:51.228 D/usbplaylist(   67): <tid:296>(line:732)[GMMediaPlaylist.cpp/amendIndexAndCount] m_baseIndex = [0], m_totalCount = [13], m_countInList = [8]
01-01 00:53:51.228 D/usbplaylist(   67): <tid:296>(line:1126)[GMMediaPlaylist.cpp/updatePlaylistInfo] updatePlaylistInfo : m_randomMode = [1], m_repeatMode = [4]
01-01 00:53:51.228 D/usbplaylist(   67): <tid:296>(line:1127)[GMMediaPlaylist.cpp/updatePlaylistInfo] [debug]updatePlaylistInfo : m_listIndex = [0], currentIndex = [0]
01-01 00:53:51.228 D/usbservice(   67): <tid:296>(line:223)[GMUsbDevicePlayer.cpp/onPlaylistInfoChanged] +++ enter 
01-01 00:53:51.228 D/usbservice(   67): <tid:296>(line:224)[GMUsbDevicePlayer.cpp/onPlaylistInfoChanged] onPlaylistInfoChanged : index = [0], totalCount = [13]
01-01 00:53:51.228 D/usbservice(   67): <tid:296>(line:223)[GMUsbDevicePlayer.cpp/onPlaylistInfoChanged] --- leave 
01-01 00:53:51.228 D/usbservice(   67): <tid:296>(line:130)[GMUsbDevicePlayer.cpp/onPlayItemChanged] +++ enter 
01-01 00:53:51.228 D/usbservice(   67): <tid:296>(line:139)[GMUsbDevicePlayer.cpp/onPlayItemChanged] set item played
01-01 00:53:51.228 D/usbutils(   67): <tid:296>(line:160)[GMTagLibWrap.cpp/readTags] +++ enter 
01-01 00:53:51.244 D/usbutils(   67): <tid:296>(line:200)[GMTagLibWrap.cpp/readTags] start decode [title]
01-01 00:53:51.244 D/usbutils(   67): <tid:296>(line:107)[GMTagLibWrap.cpp/getId3TagInfoStringType] GetId3TagInfoStringType, stp = [1], ret = [1]
01-01 00:53:51.244 D/usbutils(   67): <tid:296>(line:200)[GMTagLibWrap.cpp/readTags] tag info string type = 1
01-01 00:53:51.244 D/usbutils(   67): <tid:296>(line:208)[GMTagLibWrap.cpp/readTags] start decode [album]
01-01 00:53:51.244 D/usbutils(   67): <tid:296>(line:107)[GMTagLibWrap.cpp/getId3TagInfoStringType] GetId3TagInfoStringType, stp = [1], ret = [1]
01-01 00:53:51.244 D/usbutils(   67): <tid:296>(line:208)[GMTagLibWrap.cpp/readTags] tag info string type = 1
01-01 00:53:51.244 D/usbutils(   67): <tid:296>(line:216)[GMTagLibWrap.cpp/readTags] start decode [artist]
01-01 00:53:51.244 D/usbutils(   67): <tid:296>(line:107)[GMTagLibWrap.cpp/getId3TagInfoStringType] GetId3TagInfoStringType, stp = [1], ret = [1]
01-01 00:53:51.244 D/usbutils(   67): <tid:296>(line:216)[GMTagLibWrap.cpp/readTags] tag info string type = 1
01-01 00:53:51.244 D/usbutils(   67): <tid:296>(line:221)[GMTagLibWrap.cpp/readTags] debug : composer is null
01-01 00:53:51.244 D/usbutils(   67): <tid:296>(line:232)[GMTagLibWrap.cpp/readTags] start decode [genre]
01-01 00:53:51.244 D/usbutils(   67): <tid:296>(line:69)[GMMultiLang.cpp/toUTF8] srcCodec = 1
01-01 00:53:51.264 D/usbservice(   67): <tid:296>(line:1339)[GMUsbDevicePlayer.cpp/prepare] --- leave 
01-01 00:53:51.264 D/usbservice(   67): <tid:296>(line:1323)[GMUsbDevicePlayer.cpp/setPrepare] --- leave 
01-01 00:53:51.264 D/usbservice(   67): <tid:296>(line:1357)[GMUsbDevicePlayer.cpp/setPlay] +++ enter 
01-01 00:53:51.264 D/usbservice(   67): <tid:296>(line:1392)[GMUsbDevicePlayer.cpp/setPlay] play current item from 0
01-01 00:53:51.268 D/usbservice(   67): <tid:296>(line:1357)[GMUsbDevicePlayer.cpp/setPlay] --- leave 
01-01 00:53:51.268 D/usbservice(   67): <tid:296>(line:130)[GMUsbDevicePlayer.cpp/onPlayItemChanged] --- leave 
01-01 00:53:51.268 D/usbplaylist(   67): <tid:296>(line:90)[GMMediaPlaylist.cpp/selectPlaylist] --- leave 
01-01 00:53:51.268 D/usbplaylist(   67): <tid:296>(line:1663)[GMMediaPlaylist.cpp/playFolder] --- leave 
01-01 00:53:51.268 D/usbservice(   67): <tid:296>(line:2434)[GMUsbDevicePlayer.cpp/restoreSetting] +++ enter 
01-01 00:53:51.268 D/usbplaylist(   67): <tid:296>(line:163)[GMMediaPlaylist.cpp/setRepeatMode] setRepeatMode = [4]
01-01 00:53:51.268 D/usbplaylist(   67): <tid:296>(line:654)[GMMediaPlaylist.cpp/amendIndexAndCount] amend index filePlayMode = [2], m_repeatMode = [4], m_randomMode = [1]
01-01 00:53:51.268 D/usbplaylist(   67): <tid:296>(line:732)[GMMediaPlaylist.cpp/amendIndexAndCount] m_baseIndex = [0], m_totalCount = [13], m_countInList = [8]
01-01 00:53:51.268 D/usbplaylist(   67): <tid:296>(line:1126)[GMMediaPlaylist.cpp/updatePlaylistInfo] updatePlaylistInfo : m_randomMode = [1], m_repeatMode = [4]
01-01 00:53:51.268 D/usbplaylist(   67): <tid:296>(line:1127)[GMMediaPlaylist.cpp/updatePlaylistInfo] [debug]updatePlaylistInfo : m_listIndex = [0], currentIndex = [0]
01-01 00:53:51.268 D/usbservice(   67): <tid:296>(line:223)[GMUsbDevicePlayer.cpp/onPlaylistInfoChanged] +++ enter 
01-01 00:53:51.268 D/usbservice(   67): <tid:296>(line:224)[GMUsbDevicePlayer.cpp/onPlaylistInfoChanged] onPlaylistInfoChanged : index = [0], totalCount = [13]
01-01 00:53:51.268 D/usbservice(   67): <tid:296>(line:223)[GMUsbDevicePlayer.cpp/onPlaylistInfoChanged] --- leave 
01-01 00:53:51.268 D/usbplaylist(   67): <tid:296>(line:173)[GMMediaPlaylist.cpp/setRandomMode] setRandomMode = [1]
01-01 00:53:51.268 D/usbplaylist(   67): <tid:296>(line:654)[GMMediaPlaylist.cpp/amendIndexAndCount] amend index filePlayMode = [2], m_repeatMode = [4], m_randomMode = [1]
01-01 00:53:51.268 D/usbplaylist(   67): <tid:296>(line:732)[GMMediaPlaylist.cpp/amendIndexAndCount] m_baseIndex = [0], m_totalCount = [13], m_countInList = [8]
01-01 00:53:51.268 D/usbplaylist(   67): <tid:296>(line:1126)[GMMediaPlaylist.cpp/updatePlaylistInfo] updatePlaylistInfo : m_randomMode = [1], m_repeatMode = [4]
01-01 00:53:51.268 D/usbplaylist(   67): <tid:296>(line:1127)[GMMediaPlaylist.cpp/updatePlaylistInfo] [debug]updatePlaylistInfo : m_listIndex = [0], currentIndex = [0]
01-01 00:53:51.268 D/usbservice(   67): <tid:296>(line:223)[GMUsbDevicePlayer.cpp/onPlaylistInfoChanged] +++ enter 
01-01 00:53:51.268 D/usbservice(   67): <tid:296>(line:224)[GMUsbDevicePlayer.cpp/onPlaylistInfoChanged] onPlaylistInfoChanged : index = [0], totalCount = [13]
01-01 00:53:51.268 D/usbservice(   67): <tid:296>(line:223)[GMUsbDevicePlayer.cpp/onPlaylistInfoChanged] --- leave 
01-01 00:53:51.268 D/usbservice(   67): <tid:296>(line:2127)[GMUsbDevicePlayer.cpp/repeatModeUpdated] +++ enter 
01-01 00:53:51.268 D/usbbackup(   67): <tid:296>(line:301)[MediaBackup.cpp/updateRepeatMode] +++ enter 
01-01 00:53:51.276 D/usbbackup(   67): <tid:296>(line:609)[MediaBackup.cpp/saveBackupData] +++ enter 
01-01 00:53:51.276 D/usbbackup(   67): <tid:296>(line:610)[MediaBackup.cpp/saveBackupData] key:[b_clear.USB_LASTINFO]
01-01 00:53:51.276 D/usbdatabase(   67): <tid:296>(line:291)[GMUsbDataManager.cpp/save] +++ enter 
01-01 00:53:51.280 D/usbdatabase(   67): <tid:296>(line:310)[GMUsbDataManager.cpp/save] key exist, update
01-01 00:53:51.308 D/usbdatabase(   67): <tid:296>(line:315)[GMUsbDataManager.cpp/save] save key, update key value succeed
01-01 00:53:51.308 D/usbdatabase(   67): <tid:296>(line:291)[GMUsbDataManager.cpp/save] --- leave 
01-01 00:53:51.308 D/usbbackup(   67): <tid:296>(line:609)[MediaBackup.cpp/saveBackupData] --- leave 
01-01 00:53:51.308 D/usbbackup(   67): <tid:296>(line:301)[MediaBackup.cpp/updateRepeatMode] --- leave 
01-01 00:53:51.308 D/usbservice(   67): <tid:296>(line:1858)[GMUsbServiceBase.cpp/repeatModeUpdated] repeatMode = [4]
01-01 00:53:51.308 D/usbservice(   67): <tid:296>(line:1562)[GMUsbServiceBase.cpp/notifyRepeatModeUpdated] +++ enter 
01-01 00:53:51.344 D/usbservice(   65): <tid:219>(line:607)[GMUsbProxy.cpp/onAsyncResponse] code offset = [38]
01-01 00:53:51.344 D/usbservice(   67): <tid:296>(line:1562)[GMUsbServiceBase.cpp/notifyRepeatModeUpdated] --- leave 
01-01 00:53:51.348 D/usbservice(   67): <tid:296>(line:2127)[GMUsbDevicePlayer.cpp/repeatModeUpdated] --- leave 
01-01 00:53:51.348 D/usbservice(   67): <tid:296>(line:2143)[GMUsbDevicePlayer.cpp/randomModeUpdated] +++ enter 
01-01 00:53:51.348 D/usbbackup(   67): <tid:296>(line:338)[MediaBackup.cpp/updateRandomMode] +++ enter 
01-01 00:53:51.348 D/usbbackup(   67): <tid:296>(line:609)[MediaBackup.cpp/saveBackupData] +++ enter 
01-01 00:53:51.348 D/usbbackup(   67): <tid:296>(line:610)[MediaBackup.cpp/saveBackupData] key:[b_clear.USB_LASTINFO]
01-01 00:53:51.348 D/usbdatabase(   67): <tid:296>(line:291)[GMUsbDataManager.cpp/save] +++ enter 
01-01 00:53:51.360 D/usbdatabase(   67): <tid:296>(line:310)[GMUsbDataManager.cpp/save] key exist, update
01-01 00:53:51.372 D/usbdatabase(   67): <tid:296>(line:315)[GMUsbDataManager.cpp/save] save key, update key value succeed
01-01 00:53:51.372 D/usbdatabase(   67): <tid:296>(line:291)[GMUsbDataManager.cpp/save] --- leave 
01-01 00:53:51.372 D/usbbackup(   67): <tid:296>(line:609)[MediaBackup.cpp/saveBackupData] --- leave 
01-01 00:53:51.372 D/usbbackup(   67): <tid:296>(line:338)[MediaBackup.cpp/updateRandomMode] --- leave 
01-01 00:53:51.372 D/usbservice(   67): <tid:296>(line:1873)[GMUsbServiceBase.cpp/radomModeUpdated] randomMode = [1]
01-01 00:53:51.372 D/usbservice(   67): <tid:296>(line:1575)[GMUsbServiceBase.cpp/notifyRandomModeUpdated] +++ enter 
01-01 00:53:51.372 D/usbservice(   65): <tid:217>(line:607)[GMUsbProxy.cpp/onAsyncResponse] code offset = [39]
01-01 00:53:51.372 D/usbservice(   67): <tid:296>(line:1575)[GMUsbServiceBase.cpp/notifyRandomModeUpdated] --- leave 
01-01 00:53:51.372 D/usbservice(   67): <tid:296>(line:2143)[GMUsbDevicePlayer.cpp/randomModeUpdated] --- leave 
01-01 00:53:51.376 D/usbservice(   67): <tid:296>(line:2434)[GMUsbDevicePlayer.cpp/restoreSetting] --- leave 
01-01 00:53:51.376 D/usbplaylist(   67): <tid:296>(line:2712)[GMMediaPlaylist.cpp/save] +++ enter 
01-01 00:53:51.384 D/usbprovider(   61): <tid:164>(line:332)[GMMediaProvider.cpp/insert] +++ enter 
01-01 00:53:51.384 D/usbprovider(   61): <tid:164>(line:806)[GMMediaProvider.cpp/getDeviceIndex] GMMediaProvider::getDeviceIndex, uri:[content://media/usbsd/audio/playlists?usb1]
01-01 00:53:51.384 D/usbprovider(   61): <tid:164>(line:337)[GMMediaProvider.cpp/insert] uriID = [15] dvsIdx = [0]
01-01 00:53:51.384 D/usbprovider(   61): <tid:164>(line:358)[GMMediaProvider.cpp/insert] insert>>>MATCH_ID_AUDIO_PLAYLISTS
01-01 00:53:51.384 D/usbprovider(   61): <tid:164>(line:366)[GMMediaProvider.cpp/insert] remove playlist ret = [0]
01-01 00:53:51.384 D/usbprovider(   61): <tid:164>(line:369)[GMMediaProvider.cpp/insert] remove listItems ret = [0]
01-01 00:53:51.384 D/usbprovider(   61): <tid:164>(line:380)[GMMediaProvider.cpp/insert] file play mode = [folder]
01-01 00:53:51.392 D/usbprovider(   61): <tid:164>(line:445)[GMMediaProvider.cpp/insert] query list items, type = [2]
01-01 00:53:51.392 D/usbprovider(   61): <tid:164>(line:455)[GMMediaProvider.cpp/insert] list items count = [13]
01-01 00:53:51.408 D/usbprovider(   61): <tid:164>(line:472)[GMMediaProvider.cpp/insert] fastBatchInsertOrUpdate result = [13]
01-01 00:53:51.408 D/usbprovider(   61): <tid:164>(line:332)[GMMediaProvider.cpp/insert] --- leave 
01-01 00:53:51.408 D/usbplaylist(   67): <tid:296>(line:2712)[GMMediaPlaylist.cpp/save] --- leave 
01-01 00:53:51.408 D/usbservice(   67): <tid:296>(line:885)[GMUsbDevicePlayer.cpp/playFolder] --- leave 
01-01 00:53:51.408 D/usbservice(   67): <tid:296>(line:868)[GMUsbDevicePlayer.cpp/playFirstFolder] --- leave 
01-01 00:53:51.408 D/usbservice(   67): <tid:296>(line:727)[GMUsbDevicePlayer.cpp/autoPlay] --- leave 
01-01 00:53:51.408 D/usbservice(   67): <tid:296>(line:1256)[GMUsbService.cpp/startImageScaner] +++ enter 
01-01 00:53:51.408 D/usbbackup(   67): <tid:296>(line:423)[MediaBackup.cpp/getSerialNo] +++ enter 
01-01 00:53:51.408 D/usbbackup(   67): <tid:296>(line:423)[MediaBackup.cpp/getSerialNo] --- leave 
01-01 00:53:51.408 D/usbdatabase(   67): <tid:296>(line:90)[GMMediaScanner.cpp/startScan] +++ enter 
01-01 00:53:51.408 D/usbdatabase(   67): <tid:296>(line:297)[GMMediaScanner.cpp/clearData] +++ enter 
01-01 00:53:51.408 D/usbdatabase(   67): <tid:296>(line:297)[GMMediaScanner.cpp/clearData] --- leave 
01-01 00:53:51.408 D/usbdatabase(   67): <tid:296>(line:250)[GMMediaLibrary.cpp/prepare] +++ enter 
01-01 00:53:51.408 D/usbdatabase(   67): <tid:296>(line:330)[GMMediaLibrary.cpp/cancel] +++ enter 
01-01 00:53:51.408 D/usbdatabase(   67): <tid:296>(line:330)[GMMediaLibrary.cpp/cancel] --- leave 
01-01 00:53:51.408 D/usbdatabase(   67): <tid:296>(line:454)[GMMediaLibrary.cpp/reset] +++ enter 
01-01 00:53:51.408 W/usbdatabase(   67): <tid:296>(line:462)[GMMediaLibrary.cpp/reset] m_pFsCreater not exist
01-01 00:53:51.408 W/usbdatabase(   67): <tid:296>(line:473)[GMMediaLibrary.cpp/reset] m_pMlCreater not exist
01-01 00:53:51.412 D/usbdatabase(   67): <tid:296>(line:454)[GMMediaLibrary.cpp/reset] --- leave 
01-01 00:53:51.412 D/usbdatabase(   67): <tid:296>(line:250)[GMMediaLibrary.cpp/prepare] --- leave 
01-01 00:53:51.412 D/usbdatabase(   67): <tid:296>(line:90)[GMMediaScanner.cpp/startScan] --- leave 
01-01 00:53:51.412 D/usbservice(   67): <tid:296>(line:1256)[GMUsbService.cpp/startImageScaner] --- leave 
01-01 00:53:51.412 D/usbservice(   67): <tid:296>(line:790)[GMUsbService.cpp/doUpdateSourceState] --- leave 
01-01 00:53:51.412 D/usbservice(   67): <tid:296>(line:862)[GMUsbService.cpp/trySourceOn] --- leave 
01-01 00:53:51.412 D/usbdatabase(   67): <tid:392>(line:117)[GMMediaScanner.cpp/run] +++ enter 
01-01 00:53:51.412 D/usbdatabase(   67): <tid:392>(line:135)[GMMediaScanner.cpp/scanFiles] +++ enter 
01-01 00:53:51.412 D/usbdatabase(   67): <tid:392>(line:136)[GMMediaScanner.cpp/scanFiles] depth = [0]
01-01 00:53:51.412 D/usbdatabase(   67): <tid:392>(line:154)[GMMediaScanner.cpp/scanFiles] scan path [/mnt/udisk]
01-01 00:53:51.412 D/usbdatabase(   67): <tid:392>(line:154)[GMMediaScanner.cpp/scanFiles] scan path [/mnt/udisk/dragon60205/]
01-01 00:53:51.412 D/usbdatabase(   67): <tid:391>(line:260)[GMMediaLibrary.cpp/doPrepare] +++ enter 
01-01 00:53:51.412 D/usbdatabase(   67): <tid:391>(line:264)[GMMediaLibrary.cpp/doPrepare] prepare, mountPath is [/mnt/udisk]
01-01 00:53:51.412 D/usbdatabase(   67): <tid:391>(line:542)[GMMediaLibrary.cpp/confirmDBVersion] +++ enter 
01-01 00:53:51.412 D/usbdatabase(   67): <tid:391>(line:546)[GMMediaLibrary.cpp/confirmDBVersion] umask = [0]
01-01 00:53:51.412 D/usbdatabase(   67): <tid:391>(line:548)[GMMediaLibrary.cpp/confirmDBVersion] mkdir /var/user/ result = [-1]
01-01 00:53:51.412 D/usbdatabase(   67): <tid:391>(line:550)[GMMediaLibrary.cpp/confirmDBVersion] mkdir /var/user/media/ result = [-1]
01-01 00:53:51.412 D/usbdatabase(   67): <tid:391>(line:552)[GMMediaLibrary.cpp/confirmDBVersion] mkdir /var/user/media/usb/ result = [-1]
01-01 00:53:51.412 D/usbdatabase(   67): <tid:391>(line:554)[GMMediaLibrary.cpp/confirmDBVersion] chdir /var/user/media/usb/ result = [0]
01-01 00:53:51.412 D/usbdatabase(   67): <tid:392>(line:154)[GMMediaScanner.cpp/scanFiles] scan path [/mnt/udisk/System Volume Information/]
01-01 00:53:51.416 D/usbdatabase(   67): <tid:392>(line:154)[GMMediaScanner.cpp/scanFiles] scan path [/mnt/udisk/songs1/]
01-01 00:53:51.416 D/usbdatabase(   67): <tid:392>(line:154)[GMMediaScanner.cpp/scanFiles] scan path [/mnt/udisk/songs2/]
01-01 00:53:51.416 D/usbdatabase(   67): <tid:392>(line:154)[GMMediaScanner.cpp/scanFiles] scan path [/mnt/udisk/movie1/]
01-01 00:53:51.416 D/usbdatabase(   67): <tid:392>(line:154)[GMMediaScanner.cpp/scanFiles] scan path [/mnt/udisk/movie2/]
01-01 00:53:51.416 D/usbdatabase(   67): <tid:392>(line:135)[GMMediaScanner.cpp/scanFiles] --- leave 
01-01 00:53:51.416 D/usbdatabase(   67): <tid:392>(line:121)[GMMediaScanner.cpp/run] m_bQuit = [0], m_cacheCount = [0]
01-01 00:53:51.416 D/usbdatabase(   67): <tid:392>(line:316)[GMMediaLibrary.cpp/postCreate] +++ enter 
01-01 00:53:51.416 D/usbdatabase(   67): <tid:392>(line:316)[GMMediaLibrary.cpp/postCreate] --- leave 
01-01 00:53:51.416 D/usbdatabase(   67): <tid:392>(line:117)[GMMediaScanner.cpp/run] --- leave 
01-01 00:53:51.424 D/usbdatabase(   67): <tid:391>(line:596)[GMMediaLibrary.cpp/confirmDBVersion] set database version:[1], result:[1]
01-01 00:53:51.424 D/usbdatabase(   67): <tid:391>(line:542)[GMMediaLibrary.cpp/confirmDBVersion] --- leave 
01-01 00:53:51.424 D/usbdatabase(   67): <tid:391>(line:481)[GMMediaLibrary.cpp/createDataBase] +++ enter 
01-01 00:53:51.492 D/usbservice(   67): <tid:387>(line:1581)[GMUsbDevicePlayer.cpp/playStatusChanged] +++ enter 
01-01 00:53:51.492 D/usbservice(   67): <tid:387>(line:1582)[GMUsbDevicePlayer.cpp/playStatusChanged] mask:[41], status:[0]
01-01 00:53:51.492 D/usbservice(   67): <tid:387>(line:1584)[GMUsbDevicePlayer.cpp/playStatusChanged] playStatusChanged, status.dataSourceKey = [1]
01-01 00:53:51.492 D/usbservice(   67): <tid:387>(line:1581)[GMUsbDevicePlayer.cpp/playStatusChanged] --- leave 
01-01 00:53:51.528 D/usbdatabase(   67): <tid:391>(line:491)[GMMediaLibrary.cpp/createDataBase] debug1 : execSQL ret = [0]
01-01 00:53:51.576 D/usbservice(   67): <tid:387>(line:1803)[GMUsbDevicePlayer.cpp/mediaInfoUpdated] +++ enter 
01-01 00:53:51.576 D/usbservice(   67): <tid:387>(line:1805)[GMUsbDevicePlayer.cpp/mediaInfoUpdated] media info update, datasourcekey is [1]
01-01 00:53:51.576 D/usbservice(   67): <tid:387>(line:1809)[GMUsbDevicePlayer.cpp/mediaInfoUpdated] mediaInfoUpdated, duration is 218462
01-01 00:53:51.576 D/usbservice(   67): <tid:387>(line:2032)[GMUsbDevicePlayer.cpp/durationUpdated] +++ enter 
01-01 00:53:51.576 D/usbservice(   67): <tid:387>(line:1782)[GMUsbServiceBase.cpp/durationUpdated] msec = [218462]
01-01 00:53:51.576 D/usbservice(   67): <tid:387>(line:1486)[GMUsbServiceBase.cpp/notifyDurationUpdated] +++ enter 
01-01 00:53:51.576 D/usbservice(   65): <tid:219>(line:607)[GMUsbProxy.cpp/onAsyncResponse] code offset = [32]
01-01 00:53:51.576 D/usbservice(   67): <tid:387>(line:1486)[GMUsbServiceBase.cpp/notifyDurationUpdated] --- leave 
01-01 00:53:51.576 D/usbservice(   67): <tid:387>(line:2032)[GMUsbDevicePlayer.cpp/durationUpdated] --- leave 
01-01 00:53:51.576 D/usbservice(   67): <tid:387>(line:1803)[GMUsbDevicePlayer.cpp/mediaInfoUpdated] --- leave 
01-01 00:53:51.652 D/usbservice(   67): <tid:387>(line:1581)[GMUsbDevicePlayer.cpp/playStatusChanged] +++ enter 
01-01 00:53:51.652 D/usbservice(   67): <tid:387>(line:1582)[GMUsbDevicePlayer.cpp/playStatusChanged] mask:[201], status:[0]
01-01 00:53:51.652 D/usbservice(   67): <tid:387>(line:1584)[GMUsbDevicePlayer.cpp/playStatusChanged] playStatusChanged, status.dataSourceKey = [1]
01-01 00:53:51.652 D/usbservice(   67): <tid:387>(line:1581)[GMUsbDevicePlayer.cpp/playStatusChanged] --- leave 
01-01 00:53:51.652 D/usbservice(   67): <tid:387>(line:1803)[GMUsbDevicePlayer.cpp/mediaInfoUpdated] +++ enter 
01-01 00:53:51.652 D/usbservice(   67): <tid:387>(line:1805)[GMUsbDevicePlayer.cpp/mediaInfoUpdated] media info update, datasourcekey is [1]
01-01 00:53:51.652 D/usbservice(   67): <tid:387>(line:1803)[GMUsbDevicePlayer.cpp/mediaInfoUpdated] --- leave 
01-01 00:53:51.652 D/usbservice(   67): <tid:387>(line:1581)[GMUsbDevicePlayer.cpp/playStatusChanged] +++ enter 
01-01 00:53:51.652 D/usbservice(   67): <tid:387>(line:1582)[GMUsbDevicePlayer.cpp/playStatusChanged] mask:[41], status:[0]
01-01 00:53:51.652 D/usbservice(   67): <tid:387>(line:1584)[GMUsbDevicePlayer.cpp/playStatusChanged] playStatusChanged, status.dataSourceKey = [1]
01-01 00:53:51.652 D/usbservice(   67): <tid:387>(line:1581)[GMUsbDevicePlayer.cpp/playStatusChanged] --- leave 
01-01 00:53:51.652 D/usbservice(   67): <tid:387>(line:1581)[GMUsbDevicePlayer.cpp/playStatusChanged] +++ enter 
01-01 00:53:51.652 D/usbservice(   67): <tid:387>(line:1582)[GMUsbDevicePlayer.cpp/playStatusChanged] mask:[81], status:[0]
01-01 00:53:51.652 D/usbservice(   67): <tid:387>(line:1584)[GMUsbDevicePlayer.cpp/playStatusChanged] playStatusChanged, status.dataSourceKey = [1]
01-01 00:53:51.652 D/usbservice(   67): <tid:387>(line:1753)[GMUsbDevicePlayer.cpp/playStatusChanged] playStatusChanged isAudioMuted [1093088908]
01-01 00:53:51.652 D/usbservice(   67): <tid:387>(line:1581)[GMUsbDevicePlayer.cpp/playStatusChanged] --- leave 
01-01 00:53:51.652 D/usbservice(   67): <tid:387>(line:1581)[GMUsbDevicePlayer.cpp/playStatusChanged] +++ enter 
01-01 00:53:51.652 D/usbservice(   67): <tid:387>(line:1582)[GMUsbDevicePlayer.cpp/playStatusChanged] mask:[3], status:[1]
01-01 00:53:51.652 D/usbservice(   67): <tid:387>(line:1584)[GMUsbDevicePlayer.cpp/playStatusChanged] playStatusChanged, status.dataSourceKey = [1]
01-01 00:53:51.652 D/usbservice(   67): <tid:387>(line:1949)[GMUsbDevicePlayer.cpp/playStatusUpdated] +++ enter 
01-01 00:53:51.652 D/usbservice(   67): <tid:387>(line:1966)[GMUsbDevicePlayer.cpp/playStatusUpdated] playStatusChanged, state is prepared
01-01 00:53:51.652 D/usbservice(   67): <tid:387>(line:1756)[GMUsbServiceBase.cpp/playStatusUpdated] +++ enter 
01-01 00:53:51.652 D/usbservice(   67): <tid:387>(line:1550)[GMUsbServiceBase.cpp/notifyPlayStatusUpdated] +++ enter 
01-01 00:53:51.652 D/usbservice(   65): <tid:217>(line:607)[GMUsbProxy.cpp/onAsyncResponse] code offset = [37]
01-01 00:53:51.652 D/usbservice(   67): <tid:387>(line:1550)[GMUsbServiceBase.cpp/notifyPlayStatusUpdated] --- leave 
01-01 00:53:51.652 D/usbservice(   67): <tid:387>(line:1756)[GMUsbServiceBase.cpp/playStatusUpdated] --- leave 
01-01 00:53:51.652 D/usbservice(   67): <tid:387>(line:1949)[GMUsbDevicePlayer.cpp/playStatusUpdated] --- leave 
01-01 00:53:51.652 D/usbservice(   67): <tid:387>(line:1581)[GMUsbDevicePlayer.cpp/playStatusChanged] --- leave 
01-01 00:53:51.652 D/usbservice(   67): <tid:387>(line:1581)[GMUsbDevicePlayer.cpp/playStatusChanged] +++ enter 
01-01 00:53:51.652 D/usbservice(   67): <tid:387>(line:1582)[GMUsbDevicePlayer.cpp/playStatusChanged] mask:[21], status:[0]
01-01 00:53:51.652 D/usbservice(   67): <tid:387>(line:1584)[GMUsbDevicePlayer.cpp/playStatusChanged] playStatusChanged, status.dataSourceKey = [1]
01-01 00:53:51.652 D/usbservice(   67): <tid:387>(line:1739)[GMUsbDevicePlayer.cpp/playStatusChanged] playStatusChanged position is 0
01-01 00:53:51.652 D/usbservice(   67): <tid:387>(line:2016)[GMUsbDevicePlayer.cpp/positionUpdated] +++ enter 
01-01 00:53:51.652 D/usbbackup(   67): <tid:387>(line:264)[MediaBackup.cpp/updatePlayTime] +++ enter 
01-01 00:53:51.652 D/usbbackup(   67): <tid:387>(line:268)[MediaBackup.cpp/updatePlayTime] original info, nothing changes, skip update
01-01 00:53:51.652 D/usbbackup(   67): <tid:387>(line:264)[MediaBackup.cpp/updatePlayTime] --- leave 
01-01 00:53:51.652 D/usbservice(   67): <tid:387>(line:1769)[GMUsbServiceBase.cpp/positionUpdated] msec = [0]
01-01 00:53:51.652 D/usbservice(   67): <tid:387>(line:1499)[GMUsbServiceBase.cpp/notifyPositionUpdated] +++ enter 
01-01 00:53:51.652 D/usbservice(   65): <tid:219>(line:607)[GMUsbProxy.cpp/onAsyncResponse] code offset = [33]
01-01 00:53:51.652 D/usbservice(   67): <tid:387>(line:1499)[GMUsbServiceBase.cpp/notifyPositionUpdated] --- leave 
01-01 00:53:51.652 D/usbservice(   67): <tid:387>(line:2016)[GMUsbDevicePlayer.cpp/positionUpdated] --- leave 
01-01 00:53:51.652 D/usbservice(   67): <tid:387>(line:1581)[GMUsbDevicePlayer.cpp/playStatusChanged] --- leave 
01-01 00:53:51.652 D/usbservice(   67): <tid:387>(line:1581)[GMUsbDevicePlayer.cpp/playStatusChanged] +++ enter 
01-01 00:53:51.652 D/usbservice(   67): <tid:387>(line:1582)[GMUsbDevicePlayer.cpp/playStatusChanged] mask:[7], status:[3]
01-01 00:53:51.652 D/usbservice(   67): <tid:387>(line:1584)[GMUsbDevicePlayer.cpp/playStatusChanged] playStatusChanged, status.dataSourceKey = [1]
01-01 00:53:51.652 D/usbservice(   67): <tid:387>(line:1949)[GMUsbDevicePlayer.cpp/playStatusUpdated] +++ enter 
01-01 00:53:51.652 D/usbservice(   67): <tid:387>(line:1981)[GMUsbDevicePlayer.cpp/playStatusUpdated] playStatusChanged, state is playing
01-01 00:53:51.652 D/usbservice(   67): <tid:387>(line:1756)[GMUsbServiceBase.cpp/playStatusUpdated] +++ enter 
01-01 00:53:51.652 D/usbservice(   67): <tid:387>(line:1550)[GMUsbServiceBase.cpp/notifyPlayStatusUpdated] +++ enter 
01-01 00:53:51.652 D/usbservice(   65): <tid:217>(line:607)[GMUsbProxy.cpp/onAsyncResponse] code offset = [37]
01-01 00:53:51.652 D/usbservice(   67): <tid:387>(line:1550)[GMUsbServiceBase.cpp/notifyPlayStatusUpdated] --- leave 
01-01 00:53:51.652 D/usbservice(   67): <tid:387>(line:1756)[GMUsbServiceBase.cpp/playStatusUpdated] --- leave 
01-01 00:53:51.652 D/usbservice(   67): <tid:387>(line:1949)[GMUsbDevicePlayer.cpp/playStatusUpdated] --- leave 
01-01 00:53:51.652 D/usbservice(   67): <tid:387>(line:1727)[GMUsbDevicePlayer.cpp/playStatusChanged] playStatusChanged speed is 1000
01-01 00:53:51.652 D/usbservice(   67): <tid:387>(line:1581)[GMUsbDevicePlayer.cpp/playStatusChanged] --- leave 
01-01 00:53:51.652 D/usbservice(   67): <tid:387>(line:1915)[GMUsbDevicePlayer.cpp/ackSeekTo] +++ enter 
01-01 00:53:51.652 D/usbservice(   67): <tid:387>(line:1917)[GMUsbDevicePlayer.cpp/ackSeekTo] ackSeekTo:retCode = 0
01-01 00:53:51.652 D/usbservice(   67): <tid:387>(line:1915)[GMUsbDevicePlayer.cpp/ackSeekTo] --- leave 
01-01 00:53:51.708 D/usbdatabase(   67): <tid:391>(line:493)[GMMediaLibrary.cpp/createDataBase] debug2 : execSQL ret = [0]
01-01 00:53:51.776 D/usbdatabase(   67): <tid:391>(line:495)[GMMediaLibrary.cpp/createDataBase] debug3 : execSQL ret = [0]
01-01 00:53:51.776 D/usbdatabase(   67): <tid:391>(line:481)[GMMediaLibrary.cpp/createDataBase] --- leave 
01-01 00:53:51.776 D/usbdatabase(   67): <tid:391>(line:74)[GMMediaLibrary.cpp/onFsStart] +++ enter 
01-01 00:53:51.776 D/usbdatabase(   67): <tid:391>(line:411)[GMMediaLibrary.cpp/updateDeviceStatus] +++ enter 
01-01 00:53:51.776 D/usbprovider(   61): <tid:161>(line:502)[GMMediaProvider.cpp/update] +++ enter 
01-01 00:53:51.776 D/usbprovider(   61): <tid:161>(line:806)[GMMediaProvider.cpp/getDeviceIndex] GMMediaProvider::getDeviceIndex, uri:[content://media/usbsd/image/db?usb1]
01-01 00:53:51.776 D/usbprovider(   61): <tid:161>(line:507)[GMMediaProvider.cpp/update] uriID = [22] dvsIdx = [0]
01-01 00:53:51.776 D/usbprovider(   61): <tid:161>(line:650)[GMMediaProvider.cpp/update] update>>>MATCH_ID_IMAGE_DB
01-01 00:53:51.776 D/usbprovider(   61): <tid:161>(line:655)[GMMediaProvider.cpp/update] uuid BE0DEE3A_image
01-01 00:53:51.776 D/usbprovider(   61): <tid:161>(line:660)[GMMediaProvider.cpp/update] status 1
01-01 00:53:51.776 D/usbprovider(   61): <tid:161>(line:502)[GMMediaProvider.cpp/update] --- leave 
01-01 00:53:51.776 D/usbservice(   67): <tid:297>(line:376)[GMUsbService.cpp/onNotifyUpdate] +++ enter 
01-01 00:53:51.776 D/usbservice(   67): <tid:297>(line:376)[GMUsbService.cpp/onNotifyUpdate] --- leave 
01-01 00:53:51.776 D/usbservice(   67): <tid:296>(line:383)[GMUsbService.cpp/doOnNotifyUpdate] +++ enter 
01-01 00:53:51.776 D/usbservice(   67): <tid:296>(line:384)[GMUsbService.cpp/doOnNotifyUpdate] uri is [content://media/usbsd/image/db?usb1]
01-01 00:53:51.776 D/usbservice(   67): <tid:296>(line:409)[GMUsbService.cpp/doOnNotifyUpdate] debug : uri = [content://media/usbsd/image/db?usb1], status = [1]
01-01 00:53:51.776 D/usbservice(   67): <tid:296>(line:1224)[GMUsbService.cpp/doUpdateImageModeState] +++ enter 
01-01 00:53:51.776 D/usbservice(   67): <tid:296>(line:1224)[GMUsbService.cpp/doUpdateImageModeState] --- leave 
01-01 00:53:51.776 D/usbservice(   67): <tid:296>(line:383)[GMUsbService.cpp/doOnNotifyUpdate] --- leave 
01-01 00:53:51.780 D/usbdatabase(   67): <tid:391>(line:411)[GMMediaLibrary.cpp/updateDeviceStatus] --- leave 
01-01 00:53:51.780 D/usbdatabase(   67): <tid:391>(line:74)[GMMediaLibrary.cpp/onFsStart] --- leave 
01-01 00:53:51.780 D/usbdatabase(   67): <tid:391>(line:260)[GMMediaLibrary.cpp/doPrepare] --- leave 
01-01 00:53:51.780 D/usbdatabase(   67): <tid:391>(line:323)[GMMediaLibrary.cpp/doCreate] +++ enter 
01-01 00:53:51.780 D/usbdatabase(   67): <tid:391>(line:506)[GMMediaLibrary.cpp/startCreateFileSystem] +++ enter 
01-01 00:53:51.780 D/usbdatabase(   67): <tid:391>(line:73)[GMFileSystemCrt.cpp/GMFileSystemCrt] +++ enter 
01-01 00:53:51.780 D/usbdatabase(   67): <tid:391>(line:74)[GMFileSystemCrt.cpp/GMFileSystemCrt] fileurilist 0
01-01 00:53:51.780 D/usbdatabase(   67): <tid:391>(line:1248)[GMFileSystemCrt.cpp/clearLocalValue] +++ enter 
01-01 00:53:51.780 D/usbdatabase(   67): <tid:391>(line:1248)[GMFileSystemCrt.cpp/clearLocalValue] --- leave 
01-01 00:53:51.780 D/usbdatabase(   67): <tid:391>(line:73)[GMFileSystemCrt.cpp/GMFileSystemCrt] --- leave 
01-01 00:53:51.780 D/usbdatabase(   67): <tid:391>(line:94)[GMFileSystemCrt.cpp/setListener] +++ enter 
01-01 00:53:51.780 D/usbdatabase(   67): <tid:391>(line:94)[GMFileSystemCrt.cpp/setListener] --- leave 
01-01 00:53:51.780 D/usbdatabase(   67): <tid:391>(line:100)[GMFileSystemCrt.cpp/start] +++ enter 
01-01 00:53:51.780 D/usbdatabase(   67): <tid:391>(line:118)[GMFileSystemCrt.cpp/initialize] +++ enter 
01-01 00:53:51.780 D/usbdatabase(   67): <tid:391>(line:119)[GMFileSystemCrt.cpp/initialize] GMFileSystemCrt::initialize
01-01 00:53:51.780 D/usbdatabase(   67): <tid:391>(line:122)[GMFileSystemCrt.cpp/initialize] create SQLitehelper
01-01 00:53:51.780 D/usbdatabase(   67): <tid:391>(line:118)[GMFileSystemCrt.cpp/initialize] --- leave 
01-01 00:53:51.780 D/usbdatabase(   67): <tid:391>(line:100)[GMFileSystemCrt.cpp/start] --- leave 
01-01 00:53:51.780 D/usbdatabase(   67): <tid:391>(line:506)[GMMediaLibrary.cpp/startCreateFileSystem] --- leave 
01-01 00:53:51.780 D/usbdatabase(   67): <tid:391>(line:323)[GMMediaLibrary.cpp/doCreate] --- leave 
01-01 00:53:51.780 D/usbdatabase(   67): <tid:395>(line:1262)[GMFileSystemCrt.cpp/getDeviceInfo] +++ enter 
01-01 00:53:51.784 W/usbdatabase(   67): <tid:395>(line:1273)[GMFileSystemCrt.cpp/getDeviceInfo] query device info failed, attention
01-01 00:53:51.784 D/usbdatabase(   67): <tid:395>(line:1262)[GMFileSystemCrt.cpp/getDeviceInfo] --- leave 
01-01 00:53:53.028 D/usbservice(   67): <tid:387>(line:1581)[GMUsbDevicePlayer.cpp/playStatusChanged] +++ enter 
01-01 00:53:53.028 D/usbservice(   67): <tid:387>(line:1582)[GMUsbDevicePlayer.cpp/playStatusChanged] mask:[21], status:[0]
01-01 00:53:53.028 D/usbservice(   67): <tid:387>(line:1584)[GMUsbDevicePlayer.cpp/playStatusChanged] playStatusChanged, status.dataSourceKey = [1]
01-01 00:53:53.028 D/usbservice(   67): <tid:387>(line:1739)[GMUsbDevicePlayer.cpp/playStatusChanged] playStatusChanged position is 1299
01-01 00:53:53.028 D/usbservice(   67): <tid:387>(line:2016)[GMUsbDevicePlayer.cpp/positionUpdated] +++ enter 
01-01 00:53:53.028 D/usbbackup(   67): <tid:387>(line:264)[MediaBackup.cpp/updatePlayTime] +++ enter 
01-01 00:53:53.028 D/usbbackup(   67): <tid:387>(line:609)[MediaBackup.cpp/saveBackupData] +++ enter 
01-01 00:53:53.028 D/usbbackup(   67): <tid:387>(line:610)[MediaBackup.cpp/saveBackupData] key:[b_clear.USB_LASTINFO]
01-01 00:53:53.028 D/usbdatabase(   67): <tid:387>(line:291)[GMUsbDataManager.cpp/save] +++ enter 
01-01 00:53:53.028 D/usbdatabase(   67): <tid:387>(line:310)[GMUsbDataManager.cpp/save] key exist, update
01-01 00:53:53.032 D/usbdatabase(   67): <tid:387>(line:315)[GMUsbDataManager.cpp/save] save key, update key value succeed
01-01 00:53:53.032 D/usbdatabase(   67): <tid:387>(line:291)[GMUsbDataManager.cpp/save] --- leave 
01-01 00:53:53.032 D/usbbackup(   67): <tid:387>(line:609)[MediaBackup.cpp/saveBackupData] --- leave 
01-01 00:53:53.032 D/usbbackup(   67): <tid:387>(line:264)[MediaBackup.cpp/updatePlayTime] --- leave 
01-01 00:53:53.032 D/usbservice(   67): <tid:387>(line:1769)[GMUsbServiceBase.cpp/positionUpdated] msec = [1299]
01-01 00:53:53.032 D/usbservice(   67): <tid:387>(line:1499)[GMUsbServiceBase.cpp/notifyPositionUpdated] +++ enter 
01-01 00:53:53.032 D/usbservice(   65): <tid:219>(line:607)[GMUsbProxy.cpp/onAsyncResponse] code offset = [33]
01-01 00:53:53.036 D/usbservice(   67): <tid:387>(line:1499)[GMUsbServiceBase.cpp/notifyPositionUpdated] --- leave 
01-01 00:53:53.036 D/usbservice(   67): <tid:387>(line:2016)[GMUsbDevicePlayer.cpp/positionUpdated] --- leave 
01-01 00:53:53.036 D/usbservice(   67): <tid:387>(line:1581)[GMUsbDevicePlayer.cpp/playStatusChanged] --- leave 
01-01 00:53:54.232 D/usbservice(   67): <tid:387>(line:1581)[GMUsbDevicePlayer.cpp/playStatusChanged] +++ enter 
01-01 00:53:54.232 D/usbservice(   67): <tid:387>(line:1582)[GMUsbDevicePlayer.cpp/playStatusChanged] mask:[21], status:[0]
01-01 00:53:54.232 D/usbservice(   67): <tid:387>(line:1584)[GMUsbDevicePlayer.cpp/playStatusChanged] playStatusChanged, status.dataSourceKey = [1]
01-01 00:53:54.232 D/usbservice(   67): <tid:387>(line:1739)[GMUsbDevicePlayer.cpp/playStatusChanged] playStatusChanged position is 2499
01-01 00:53:54.232 D/usbservice(   67): <tid:387>(line:2016)[GMUsbDevicePlayer.cpp/positionUpdated] +++ enter 
01-01 00:53:54.232 D/usbbackup(   67): <tid:387>(line:264)[MediaBackup.cpp/updatePlayTime] +++ enter 
01-01 00:53:54.232 D/usbbackup(   67): <tid:387>(line:609)[MediaBackup.cpp/saveBackupData] +++ enter 
01-01 00:53:54.232 D/usbbackup(   67): <tid:387>(line:610)[MediaBackup.cpp/saveBackupData] key:[b_clear.USB_LASTINFO]
01-01 00:53:54.232 D/usbdatabase(   67): <tid:387>(line:291)[GMUsbDataManager.cpp/save] +++ enter 
01-01 00:53:54.232 D/usbdatabase(   67): <tid:387>(line:310)[GMUsbDataManager.cpp/save] key exist, update
01-01 00:53:54.236 D/usbdatabase(   67): <tid:387>(line:315)[GMUsbDataManager.cpp/save] save key, update key value succeed
01-01 00:53:54.236 D/usbdatabase(   67): <tid:387>(line:291)[GMUsbDataManager.cpp/save] --- leave 
01-01 00:53:54.236 D/usbbackup(   67): <tid:387>(line:609)[MediaBackup.cpp/saveBackupData] --- leave 
01-01 00:53:54.236 D/usbbackup(   67): <tid:387>(line:264)[MediaBackup.cpp/updatePlayTime] --- leave 
01-01 00:53:54.236 D/usbservice(   67): <tid:387>(line:1769)[GMUsbServiceBase.cpp/positionUpdated] msec = [2499]
01-01 00:53:54.236 D/usbservice(   67): <tid:387>(line:1499)[GMUsbServiceBase.cpp/notifyPositionUpdated] +++ enter 
01-01 00:53:54.240 D/usbservice(   65): <tid:217>(line:607)[GMUsbProxy.cpp/onAsyncResponse] code offset = [33]
01-01 00:53:54.240 D/usbservice(   67): <tid:387>(line:1499)[GMUsbServiceBase.cpp/notifyPositionUpdated] --- leave 
01-01 00:53:54.240 D/usbservice(   67): <tid:387>(line:2016)[GMUsbDevicePlayer.cpp/positionUpdated] --- leave 
01-01 00:53:54.240 D/usbservice(   67): <tid:387>(line:1581)[GMUsbDevicePlayer.cpp/playStatusChanged] --- leave 
01-01 00:53:55.232 D/usbservice(   67): <tid:387>(line:1581)[GMUsbDevicePlayer.cpp/playStatusChanged] +++ enter 
01-01 00:53:55.232 D/usbservice(   67): <tid:387>(line:1582)[GMUsbDevicePlayer.cpp/playStatusChanged] mask:[21], status:[0]
01-01 00:53:55.232 D/usbservice(   67): <tid:387>(line:1584)[GMUsbDevicePlayer.cpp/playStatusChanged] playStatusChanged, status.dataSourceKey = [1]
01-01 00:53:55.232 D/usbservice(   67): <tid:387>(line:1739)[GMUsbDevicePlayer.cpp/playStatusChanged] playStatusChanged position is 3498
01-01 00:53:55.232 D/usbservice(   67): <tid:387>(line:2016)[GMUsbDevicePlayer.cpp/positionUpdated] +++ enter 
01-01 00:53:55.232 D/usbbackup(   67): <tid:387>(line:264)[MediaBackup.cpp/updatePlayTime] +++ enter 
01-01 00:53:55.236 D/usbbackup(   67): <tid:387>(line:609)[MediaBackup.cpp/saveBackupData] +++ enter 
01-01 00:53:55.236 D/usbbackup(   67): <tid:387>(line:610)[MediaBackup.cpp/saveBackupData] key:[b_clear.USB_LASTINFO]
01-01 00:53:55.236 D/usbdatabase(   67): <tid:387>(line:291)[GMUsbDataManager.cpp/save] +++ enter 
01-01 00:53:55.236 D/usbdatabase(   67): <tid:387>(line:310)[GMUsbDataManager.cpp/save] key exist, update
01-01 00:53:55.248 D/usbdatabase(   67): <tid:387>(line:315)[GMUsbDataManager.cpp/save] save key, update key value succeed
01-01 00:53:55.248 D/usbdatabase(   67): <tid:387>(line:291)[GMUsbDataManager.cpp/save] --- leave 
01-01 00:53:55.248 D/usbbackup(   67): <tid:387>(line:609)[MediaBackup.cpp/saveBackupData] --- leave 
01-01 00:53:55.248 D/usbbackup(   67): <tid:387>(line:264)[MediaBackup.cpp/updatePlayTime] --- leave 
01-01 00:53:55.248 D/usbservice(   67): <tid:387>(line:1769)[GMUsbServiceBase.cpp/positionUpdated] msec = [3498]
01-01 00:53:55.248 D/usbservice(   67): <tid:387>(line:1499)[GMUsbServiceBase.cpp/notifyPositionUpdated] +++ enter 
01-01 00:53:55.248 D/usbservice(   65): <tid:219>(line:607)[GMUsbProxy.cpp/onAsyncResponse] code offset = [33]
01-01 00:53:55.248 D/usbservice(   67): <tid:387>(line:1499)[GMUsbServiceBase.cpp/notifyPositionUpdated] --- leave 
01-01 00:53:55.248 D/usbservice(   67): <tid:387>(line:2016)[GMUsbDevicePlayer.cpp/positionUpdated] --- leave 
01-01 00:53:55.248 D/usbservice(   67): <tid:387>(line:1581)[GMUsbDevicePlayer.cpp/playStatusChanged] --- leave 
01-01 00:53:56.232 D/usbservice(   67): <tid:387>(line:1581)[GMUsbDevicePlayer.cpp/playStatusChanged] +++ enter 
01-01 00:53:56.232 D/usbservice(   67): <tid:387>(line:1582)[GMUsbDevicePlayer.cpp/playStatusChanged] mask:[21], status:[0]
01-01 00:53:56.232 D/usbservice(   67): <tid:387>(line:1584)[GMUsbDevicePlayer.cpp/playStatusChanged] playStatusChanged, status.dataSourceKey = [1]
01-01 00:53:56.232 D/usbservice(   67): <tid:387>(line:1739)[GMUsbDevicePlayer.cpp/playStatusChanged] playStatusChanged position is 4499
01-01 00:53:56.232 D/usbservice(   67): <tid:387>(line:2016)[GMUsbDevicePlayer.cpp/positionUpdated] +++ enter 
01-01 00:53:56.232 D/usbbackup(   67): <tid:387>(line:264)[MediaBackup.cpp/updatePlayTime] +++ enter 
01-01 00:53:56.236 D/usbbackup(   67): <tid:387>(line:609)[MediaBackup.cpp/saveBackupData] +++ enter 
01-01 00:53:56.236 D/usbbackup(   67): <tid:387>(line:610)[MediaBackup.cpp/saveBackupData] key:[b_clear.USB_LASTINFO]
01-01 00:53:56.236 D/usbdatabase(   67): <tid:387>(line:291)[GMUsbDataManager.cpp/save] +++ enter 
01-01 00:53:56.236 D/usbdatabase(   67): <tid:387>(line:310)[GMUsbDataManager.cpp/save] key exist, update
01-01 00:53:56.240 D/usbdatabase(   67): <tid:387>(line:315)[GMUsbDataManager.cpp/save] save key, update key value succeed
01-01 00:53:56.240 D/usbdatabase(   67): <tid:387>(line:291)[GMUsbDataManager.cpp/save] --- leave 
01-01 00:53:56.240 D/usbbackup(   67): <tid:387>(line:609)[MediaBackup.cpp/saveBackupData] --- leave 
01-01 00:53:56.240 D/usbbackup(   67): <tid:387>(line:264)[MediaBackup.cpp/updatePlayTime] --- leave 
01-01 00:53:56.240 D/usbservice(   67): <tid:387>(line:1769)[GMUsbServiceBase.cpp/positionUpdated] msec = [4499]
01-01 00:53:56.240 D/usbservice(   67): <tid:387>(line:1499)[GMUsbServiceBase.cpp/notifyPositionUpdated] +++ enter 
01-01 00:53:56.240 D/usbservice(   65): <tid:217>(line:607)[GMUsbProxy.cpp/onAsyncResponse] code offset = [33]
01-01 00:53:56.244 D/usbservice(   67): <tid:387>(line:1499)[GMUsbServiceBase.cpp/notifyPositionUpdated] --- leave 
01-01 00:53:56.244 D/usbservice(   67): <tid:387>(line:2016)[GMUsbDevicePlayer.cpp/positionUpdated] --- leave 
01-01 00:53:56.244 D/usbservice(   67): <tid:387>(line:1581)[GMUsbDevicePlayer.cpp/playStatusChanged] --- leave 
01-01 00:53:57.228 D/usbservice(   67): <tid:387>(line:1581)[GMUsbDevicePlayer.cpp/playStatusChanged] +++ enter 
01-01 00:53:57.228 D/usbservice(   67): <tid:387>(line:1582)[GMUsbDevicePlayer.cpp/playStatusChanged] mask:[21], status:[0]
01-01 00:53:57.228 D/usbservice(   67): <tid:387>(line:1584)[GMUsbDevicePlayer.cpp/playStatusChanged] playStatusChanged, status.dataSourceKey = [1]
01-01 00:53:57.228 D/usbservice(   67): <tid:387>(line:1739)[GMUsbDevicePlayer.cpp/playStatusChanged] playStatusChanged position is 5498
01-01 00:53:57.228 D/usbservice(   67): <tid:387>(line:2016)[GMUsbDevicePlayer.cpp/positionUpdated] +++ enter 
01-01 00:53:57.228 D/usbbackup(   67): <tid:387>(line:264)[MediaBackup.cpp/updatePlayTime] +++ enter 
01-01 00:53:57.236 D/usbbackup(   67): <tid:387>(line:609)[MediaBackup.cpp/saveBackupData] +++ enter 
01-01 00:53:57.236 D/usbbackup(   67): <tid:387>(line:610)[MediaBackup.cpp/saveBackupData] key:[b_clear.USB_LASTINFO]
01-01 00:53:57.236 D/usbdatabase(   67): <tid:387>(line:291)[GMUsbDataManager.cpp/save] +++ enter 
01-01 00:53:57.236 D/usbdatabase(   67): <tid:387>(line:310)[GMUsbDataManager.cpp/save] key exist, update
01-01 00:53:57.240 D/usbdatabase(   67): <tid:387>(line:315)[GMUsbDataManager.cpp/save] save key, update key value succeed
01-01 00:53:57.240 D/usbdatabase(   67): <tid:387>(line:291)[GMUsbDataManager.cpp/save] --- leave 
01-01 00:53:57.240 D/usbbackup(   67): <tid:387>(line:609)[MediaBackup.cpp/saveBackupData] --- leave 
01-01 00:53:57.240 D/usbbackup(   67): <tid:387>(line:264)[MediaBackup.cpp/updatePlayTime] --- leave 
01-01 00:53:57.240 D/usbservice(   67): <tid:387>(line:1769)[GMUsbServiceBase.cpp/positionUpdated] msec = [5498]
01-01 00:53:57.240 D/usbservice(   67): <tid:387>(line:1499)[GMUsbServiceBase.cpp/notifyPositionUpdated] +++ enter 
01-01 00:53:57.240 D/usbservice(   65): <tid:219>(line:607)[GMUsbProxy.cpp/onAsyncResponse] code offset = [33]
01-01 00:53:57.240 D/usbservice(   67): <tid:387>(line:1499)[GMUsbServiceBase.cpp/notifyPositionUpdated] --- leave 
01-01 00:53:57.240 D/usbservice(   67): <tid:387>(line:2016)[GMUsbDevicePlayer.cpp/positionUpdated] --- leave 
01-01 00:53:57.240 D/usbservice(   67): <tid:387>(line:1581)[GMUsbDevicePlayer.cpp/playStatusChanged] --- leave 
01-01 00:53:57.600 D/usbservice(   65): <tid:234>(line:213)[GMUsbProxy.cpp/pause] +++ enter 
01-01 00:53:57.600 D/usbservice(   65): <tid:234>(line:213)[GMUsbProxy.cpp/pause] --- leave 
01-01 00:53:57.600 D/usbservice(   67): <tid:215>(line:131)[GMUsbServiceBase.cpp/onAsyncRequest] SenderId = [2], codeOffset = [9]
01-01 00:53:57.604 D/usbservice(   67): <tid:296>(line:1275)[GMUsbServiceBase.cpp/replyPause] +++ enter 
01-01 00:53:57.604 D/usbservice(   67): <tid:296>(line:1275)[GMUsbServiceBase.cpp/replyPause] --- leave 
01-01 00:53:57.604 D/usbservice(   67): <tid:296>(line:625)[GMUsbDevicePlayer.cpp/postPause] +++ enter 
01-01 00:53:57.604 D/usbservice(   67): <tid:296>(line:625)[GMUsbDevicePlayer.cpp/postPause] --- leave 
01-01 00:53:57.604 D/usbservice(   67): <tid:387>(line:1464)[GMUsbDevicePlayer.cpp/pause] +++ enter 
01-01 00:53:57.604 D/usbservice(   65): <tid:217>(line:607)[GMUsbProxy.cpp/onAsyncResponse] code offset = [9]
01-01 00:53:57.612 D/usbservice(   67): <tid:387>(line:1464)[GMUsbDevicePlayer.cpp/pause] --- leave 
01-01 00:53:57.612 D/usbservice(   67): <tid:387>(line:1581)[GMUsbDevicePlayer.cpp/playStatusChanged] +++ enter 
01-01 00:53:57.612 D/usbservice(   67): <tid:387>(line:1582)[GMUsbDevicePlayer.cpp/playStatusChanged] mask:[21], status:[0]
01-01 00:53:57.612 D/usbservice(   67): <tid:387>(line:1584)[GMUsbDevicePlayer.cpp/playStatusChanged] playStatusChanged, status.dataSourceKey = [1]
01-01 00:53:57.612 D/usbservice(   67): <tid:387>(line:1739)[GMUsbDevicePlayer.cpp/playStatusChanged] playStatusChanged position is 5880
01-01 00:53:57.612 D/usbservice(   67): <tid:387>(line:2016)[GMUsbDevicePlayer.cpp/positionUpdated] +++ enter 
01-01 00:53:57.612 D/usbbackup(   67): <tid:387>(line:264)[MediaBackup.cpp/updatePlayTime] +++ enter 
01-01 00:53:57.612 D/usbbackup(   67): <tid:387>(line:609)[MediaBackup.cpp/saveBackupData] +++ enter 
01-01 00:53:57.612 D/usbbackup(   67): <tid:387>(line:610)[MediaBackup.cpp/saveBackupData] key:[b_clear.USB_LASTINFO]
01-01 00:53:57.612 D/usbdatabase(   67): <tid:387>(line:291)[GMUsbDataManager.cpp/save] +++ enter 
01-01 00:53:57.612 D/usbdatabase(   67): <tid:387>(line:310)[GMUsbDataManager.cpp/save] key exist, update
01-01 00:53:57.616 D/usbdatabase(   67): <tid:387>(line:315)[GMUsbDataManager.cpp/save] save key, update key value succeed
01-01 00:53:57.616 D/usbdatabase(   67): <tid:387>(line:291)[GMUsbDataManager.cpp/save] --- leave 
01-01 00:53:57.616 D/usbbackup(   67): <tid:387>(line:609)[MediaBackup.cpp/saveBackupData] --- leave 
01-01 00:53:57.616 D/usbbackup(   67): <tid:387>(line:264)[MediaBackup.cpp/updatePlayTime] --- leave 
01-01 00:53:57.616 D/usbservice(   67): <tid:387>(line:1769)[GMUsbServiceBase.cpp/positionUpdated] msec = [5880]
01-01 00:53:57.616 D/usbservice(   67): <tid:387>(line:1499)[GMUsbServiceBase.cpp/notifyPositionUpdated] +++ enter 
01-01 00:53:57.620 D/usbservice(   65): <tid:219>(line:607)[GMUsbProxy.cpp/onAsyncResponse] code offset = [33]
01-01 00:53:57.620 D/usbservice(   67): <tid:387>(line:1499)[GMUsbServiceBase.cpp/notifyPositionUpdated] --- leave 
01-01 00:53:57.620 D/usbservice(   67): <tid:387>(line:2016)[GMUsbDevicePlayer.cpp/positionUpdated] --- leave 
01-01 00:53:57.620 D/usbservice(   67): <tid:387>(line:1581)[GMUsbDevicePlayer.cpp/playStatusChanged] --- leave 
01-01 00:53:57.664 D/usbservice(   67): <tid:387>(line:1581)[GMUsbDevicePlayer.cpp/playStatusChanged] +++ enter 
