01-01 01:07:40.564 I/usbplaylist(   67): <tid:387>(line:614)[GMMediaPlaylist.cpp/currentPlayItem] currentPlayItem, m_originIndex = [4]
01-01 01:07:40.564 I/usbplaylist(   67): <tid:387>(line:614)[GMMediaPlaylist.cpp/currentPlayItem] currentPlayItem, m_originIndex = [4]
01-01 01:07:40.564 D/usbplaylist(   67): <tid:387>(line:817)[GMMediaPlaylist.cpp/amendListInfoIndex] Current playItem info is folderId[1], composerId[0], artistId[0], genreId[0], albumId[0]
01-01 01:07:40.564 I/usbplaylist(   67): <tid:387>(line:614)[GMMediaPlaylist.cpp/currentPlayItem] currentPlayItem, m_originIndex = [4]
01-01 01:07:40.564 D/usbplaylist(   67): <tid:387>(line:832)[GMMediaPlaylist.cpp/amendListInfoIndex] [debug no need to amend list index]
01-01 01:07:40.564 D/usbplaylist(   67): <tid:387>(line:1126)[GMMediaPlaylist.cpp/updatePlaylistInfo] updatePlaylistInfo : m_randomMode = [1], m_repeatMode = [4]
01-01 01:07:40.564 D/usbplaylist(   67): <tid:387>(line:1127)[GMMediaPlaylist.cpp/updatePlaylistInfo] [debug]updatePlaylistInfo : m_listIndex = [0], currentIndex = [4]
01-01 01:07:40.564 D/usbservice(   67): <tid:387>(line:223)[GMUsbDevicePlayer.cpp/onPlaylistInfoChanged] +++ enter 
01-01 01:07:40.564 D/usbservice(   67): <tid:387>(line:224)[GMUsbDevicePlayer.cpp/onPlaylistInfoChanged] onPlaylistInfoChanged : index = [4], totalCount = [13]
01-01 01:07:40.564 D/usbservice(   67): <tid:387>(line:223)[GMUsbDevicePlayer.cpp/onPlaylistInfoChanged] --- leave 
01-01 01:07:40.564 D/usbservice(   67): <tid:387>(line:130)[GMUsbDevicePlayer.cpp/onPlayItemChanged] +++ enter 
01-01 01:07:40.564 D/usbservice(   67): <tid:387>(line:139)[GMUsbDevicePlayer.cpp/onPlayItemChanged] set item played
01-01 01:07:40.564 D/usbutils(   67): <tid:387>(line:160)[GMTagLibWrap.cpp/readTags] +++ enter 
01-01 01:07:40.568 D/usbutils(   67): <tid:387>(line:200)[GMTagLibWrap.cpp/readTags] start decode [title]
01-01 01:07:40.568 D/usbutils(   67): <tid:387>(line:107)[GMTagLibWrap.cpp/getId3TagInfoStringType] GetId3TagInfoStringType, stp = [0], ret = [1]
01-01 01:07:40.568 D/usbutils(   67): <tid:387>(line:200)[GMTagLibWrap.cpp/readTags] tag info string type = 0
01-01 01:07:40.568 D/usbutils(   67): <tid:387>(line:69)[GMMultiLang.cpp/toUTF8] srcCodec = 1
01-01 01:07:40.568 D/usbutils(   67): <tid:387>(line:288)[ICUUCWrap.cpp/convertWithTargetCnv] ucnv_open is ok
01-01 01:07:40.568 D/usbutils(   67): <tid:387>(line:81)[ICUUCWrap.cpp/convertToUTF8] languageType:0 formatHandleOfIOS88591 1,src len:4,targetRearSize:8
01-01 01:07:40.568 D/usbutils(   67): <tid:387>(line:100)[ICUUCWrap.cpp/convertToUTF8] NEW STRING8 BEGIN 
01-01 01:07:40.568 D/usbutils(   67): <tid:387>(line:102)[ICUUCWrap.cpp/convertToUTF8] NEW STRING8 END # dst string = 露脧碌茫
01-01 01:07:40.568 D/usbutils(   67): <tid:387>(line:86)[GMMultiLang.cpp/toUTF8] convert finished, string[露脧碌茫], size[4]
01-01 01:07:40.568 D/usbutils(   67): <tid:387>(line:208)[GMTagLibWrap.cpp/readTags] start decode [album]
01-01 01:07:40.568 D/usbutils(   67): <tid:387>(line:107)[GMTagLibWrap.cpp/getId3TagInfoStringType] GetId3TagInfoStringType, stp = [0], ret = [1]
01-01 01:07:40.568 D/usbutils(   67): <tid:387>(line:208)[GMTagLibWrap.cpp/readTags] tag info string type = 0
01-01 01:07:40.568 D/usbutils(   67): <tid:387>(line:69)[GMMultiLang.cpp/toUTF8] srcCodec = 1
01-01 01:07:40.568 D/usbutils(   67): <tid:387>(line:288)[ICUUCWrap.cpp/convertWithTargetCnv] ucnv_open is ok
01-01 01:07:40.568 D/usbutils(   67): <tid:387>(line:81)[ICUUCWrap.cpp/convertToUTF8] languageType:0 formatHandleOfIOS88591 1,src len:11,targetRearSize:11
01-01 01:07:40.568 D/usbutils(   67): <tid:387>(line:100)[ICUUCWrap.cpp/convertToUTF8] NEW STRING8 BEGIN 
01-01 01:07:40.568 D/usbutils(   67): <tid:387>(line:102)[ICUUCWrap.cpp/convertToUTF8] NEW STRING8 END # dst string = HINS My Way
01-01 01:07:40.568 D/usbutils(   67): <tid:387>(line:86)[GMMultiLang.cpp/toUTF8] convert finished, string[HINS My Way], size[11]
01-01 01:07:40.568 D/usbutils(   67): <tid:387>(line:216)[GMTagLibWrap.cpp/readTags] start decode [artist]
01-01 01:07:40.568 D/usbutils(   67): <tid:387>(line:107)[GMTagLibWrap.cpp/getId3TagInfoStringType] GetId3TagInfoStringType, stp = [0], ret = [1]
01-01 01:07:40.568 D/usbutils(   67): <tid:387>(line:216)[GMTagLibWrap.cpp/readTags] tag info string type = 0
01-01 01:07:40.568 D/usbutils(   67): <tid:387>(line:69)[GMMultiLang.cpp/toUTF8] srcCodec = 1
01-01 01:07:40.568 D/usbutils(   67): <tid:387>(line:288)[ICUUCWrap.cpp/convertWithTargetCnv] ucnv_open is ok
01-01 01:07:40.568 D/usbutils(   67): <tid:387>(line:81)[ICUUCWrap.cpp/convertToUTF8] languageType:0 formatHandleOfIOS88591 1,src len:6,targetRearSize:12
01-01 01:07:40.568 D/usbutils(   67): <tid:387>(line:100)[ICUUCWrap.cpp/convertToUTF8] NEW STRING8 BEGIN 
01-01 01:07:40.568 D/usbutils(   67): <tid:387>(line:102)[ICUUCWrap.cpp/convertToUTF8] NEW STRING8 END # dst string = 脮脜戮麓脨霉
01-01 01:07:40.568 D/usbutils(   67): <tid:387>(line:86)[GMMultiLang.cpp/toUTF8] convert finished, string[脮脜戮麓脨霉], size[6]
01-01 01:07:40.568 D/usbutils(   67): <tid:387>(line:221)[GMTagLibWrap.cpp/readTags] debug : composer is null
01-01 01:07:40.568 D/usbutils(   67): <tid:387>(line:232)[GMTagLibWrap.cpp/readTags] start decode [genre]
01-01 01:07:40.568 D/usbutils(   67): <tid:387>(line:107)[GMTagLibWrap.cpp/getId3TagInfoStringType] GetId3TagInfoStringType, stp = [0], ret = [1]
01-01 01:07:40.568 D/usbutils(   67): <tid:387>(line:232)[GMTagLibWrap.cpp/readTags] tag info string type = 0
01-01 01:07:40.568 D/usbutils(   67): <tid:387>(line:69)[GMMultiLang.cpp/toUTF8] srcCodec = 1
01-01 01:07:40.568 D/usbutils(   67): <tid:387>(line:288)[ICUUCWrap.cpp/convertWithTargetCnv] ucnv_open is ok
01-01 01:07:40.568 D/usbutils(   67): <tid:387>(line:81)[ICUUCWrap.cpp/convertToUTF8] languageType:0 formatHandleOfIOS88591 1,src len:5,targetRearSize:5
01-01 01:07:40.568 D/usbutils(   67): <tid:387>(line:100)[ICUUCWrap.cpp/convertToUTF8] NEW STRING8 BEGIN 
01-01 01:07:40.568 D/usbutils(   67): <tid:387>(line:102)[ICUUCWrap.cpp/convertToUTF8] NEW STRING8 END # dst string = Other
01-01 01:07:40.568 D/usbutils(   67): <tid:387>(line:86)[GMMultiLang.cpp/toUTF8] convert finished, string[Other], size[5]
01-01 01:07:40.568 D/usbutils(   67): <tid:387>(line:160)[GMTagLibWrap.cpp/readTags] --- leave 
01-01 01:07:40.568 D/usbbackup(   67): <tid:387>(line:195)[MediaBackup.cpp/updatePlayUid] +++ enter 
01-01 01:07:40.572 D/usbbackup(   67): <tid:387>(line:609)[MediaBackup.cpp/saveBackupData] +++ enter 
01-01 01:07:40.572 D/usbbackup(   67): <tid:387>(line:610)[MediaBackup.cpp/saveBackupData] key:[b_clear.USB_LASTINFO]
01-01 01:07:40.572 D/usbdatabase(   67): <tid:387>(line:291)[GMUsbDataManager.cpp/save] +++ enter 
01-01 01:07:40.572 D/usbdatabase(   67): <tid:387>(line:310)[GMUsbDataManager.cpp/save] key exist, update
01-01 01:07:40.576 D/usbdatabase(   67): <tid:387>(line:315)[GMUsbDataManager.cpp/save] save key, update key value succeed
01-01 01:07:40.576 D/usbdatabase(   67): <tid:387>(line:291)[GMUsbDataManager.cpp/save] --- leave 
01-01 01:07:40.576 D/usbbackup(   67): <tid:387>(line:609)[MediaBackup.cpp/saveBackupData] --- leave 
01-01 01:07:40.576 D/usbbackup(   67): <tid:387>(line:195)[MediaBackup.cpp/updatePlayUid] --- leave 
01-01 01:07:40.576 D/usbbackup(   67): <tid:387>(line:233)[MediaBackup.cpp/updatePlayIndex] +++ enter 
01-01 01:07:40.576 D/usbbackup(   67): <tid:387>(line:609)[MediaBackup.cpp/saveBackupData] +++ enter 
01-01 01:07:40.576 D/usbbackup(   67): <tid:387>(line:610)[MediaBackup.cpp/saveBackupData] key:[b_clear.USB_LASTINFO]
01-01 01:07:40.576 D/usbdatabase(   67): <tid:387>(line:291)[GMUsbDataManager.cpp/save] +++ enter 
01-01 01:07:40.576 D/usbdatabase(   67): <tid:387>(line:310)[GMUsbDataManager.cpp/save] key exist, update
01-01 01:07:40.580 D/usbdatabase(   67): <tid:387>(line:315)[GMUsbDataManager.cpp/save] save key, update key value succeed
01-01 01:07:40.580 D/usbdatabase(   67): <tid:387>(line:291)[GMUsbDataManager.cpp/save] --- leave 
01-01 01:07:40.580 D/usbbackup(   67): <tid:387>(line:609)[MediaBackup.cpp/saveBackupData] --- leave 
01-01 01:07:40.580 D/usbbackup(   67): <tid:387>(line:233)[MediaBackup.cpp/updatePlayIndex] --- leave 
01-01 01:07:40.580 D/usbbackup(   67): <tid:387>(line:264)[MediaBackup.cpp/updatePlayTime] +++ enter 
01-01 01:07:40.580 D/usbbackup(   67): <tid:387>(line:609)[MediaBackup.cpp/saveBackupData] +++ enter 
01-01 01:07:40.580 D/usbbackup(   67): <tid:387>(line:610)[MediaBackup.cpp/saveBackupData] key:[b_clear.USB_LASTINFO]
01-01 01:07:40.580 D/usbdatabase(   67): <tid:387>(line:291)[GMUsbDataManager.cpp/save] +++ enter 
01-01 01:07:40.584 D/usbdatabase(   67): <tid:387>(line:310)[GMUsbDataManager.cpp/save] key exist, update
01-01 01:07:40.588 D/usbdatabase(   67): <tid:387>(line:315)[GMUsbDataManager.cpp/save] save key, update key value succeed
01-01 01:07:40.588 D/usbdatabase(   67): <tid:387>(line:291)[GMUsbDataManager.cpp/save] --- leave 
01-01 01:07:40.588 D/usbbackup(   67): <tid:387>(line:609)[MediaBackup.cpp/saveBackupData] --- leave 
01-01 01:07:40.588 D/usbbackup(   67): <tid:387>(line:264)[MediaBackup.cpp/updatePlayTime] --- leave 
01-01 01:07:40.588 D/usbservice(   67): <tid:387>(line:2099)[GMUsbDevicePlayer.cpp/playItemUpdated] +++ enter 
01-01 01:07:40.588 D/usbservice(   67): <tid:387>(line:1833)[GMUsbServiceBase.cpp/playItemUpdated] +++ enter 
01-01 01:07:40.588 D/usbservice(   67): <tid:387>(line:1538)[GMUsbServiceBase.cpp/notifyPlayItemUpdated] +++ enter 
01-01 01:07:40.588 D/usbservice(   65): <tid:217>(line:607)[GMUsbProxy.cpp/onAsyncResponse] code offset = [36]
01-01 01:07:40.588 D/usbservice(   67): <tid:387>(line:1538)[GMUsbServiceBase.cpp/notifyPlayItemUpdated] --- leave 
01-01 01:07:40.588 D/usbservice(   67): <tid:387>(line:1833)[GMUsbServiceBase.cpp/playItemUpdated] --- leave 
01-01 01:07:40.588 D/usbservice(   67): <tid:387>(line:2099)[GMUsbDevicePlayer.cpp/playItemUpdated] --- leave 
01-01 01:07:40.588 D/usbservice(   67): <tid:387>(line:2045)[GMUsbDevicePlayer.cpp/metaDataUpdated] +++ enter 
01-01 01:07:40.588 D/usbservice(   67): <tid:387>(line:1794)[GMUsbServiceBase.cpp/metaDataUpdated] metaDataFlag = [31]
01-01 01:07:40.588 D/usbservice(   67): <tid:387>(line:1613)[GMUsbServiceBase.cpp/notifyMetaDataUpdated] +++ enter 
01-01 01:07:40.588 D/usbservice(   65): <tid:219>(line:607)[GMUsbProxy.cpp/onAsyncResponse] code offset = [42]
01-01 01:07:40.588 D/usbservice(   67): <tid:387>(line:1613)[GMUsbServiceBase.cpp/notifyMetaDataUpdated] --- leave 
01-01 01:07:40.588 D/usbservice(   67): <tid:387>(line:2045)[GMUsbDevicePlayer.cpp/metaDataUpdated] --- leave 
01-01 01:07:40.588 D/usbservice(   67): <tid:387>(line:197)[GMUsbDevicePlayer.cpp/onPlayItemChanged] onPlayItemChanged: start to play
01-01 01:07:40.588 D/usbservice(   67): <tid:387>(line:1323)[GMUsbDevicePlayer.cpp/setPrepare] +++ enter 
01-01 01:07:40.588 D/usbservice(   67): <tid:387>(line:1328)[GMUsbDevicePlayer.cpp/setPrepare] setPrepare >>> url = [file:///mnt/udisk/songs1/鏂偣.mp3], dataSourceKey = [5]
01-01 01:07:40.588 D/usbservice(   67): <tid:387>(line:1339)[GMUsbDevicePlayer.cpp/prepare] +++ enter 
01-01 01:07:40.596 D/usbservice(   67): <tid:387>(line:1339)[GMUsbDevicePlayer.cpp/prepare] --- leave 
01-01 01:07:40.596 D/usbservice(   67): <tid:387>(line:1323)[GMUsbDevicePlayer.cpp/setPrepare] --- leave 
01-01 01:07:40.604 D/usbservice(   67): <tid:387>(line:1357)[GMUsbDevicePlayer.cpp/setPlay] +++ enter 
01-01 01:07:40.604 D/usbservice(   67): <tid:387>(line:1392)[GMUsbDevicePlayer.cpp/setPlay] play current item from 0
01-01 01:07:40.604 D/usbservice(   67): <tid:387>(line:1357)[GMUsbDevicePlayer.cpp/setPlay] --- leave 
01-01 01:07:40.604 D/usbservice(   67): <tid:387>(line:130)[GMUsbDevicePlayer.cpp/onPlayItemChanged] --- leave 
01-01 01:07:40.604 D/usbservice(   67): <tid:387>(line:834)[GMUsbDevicePlayer.cpp/selectUID] --- leave 
01-01 01:07:40.604 D/usbservice(   67): <tid:387>(line:1581)[GMUsbDevicePlayer.cpp/playStatusChanged] +++ enter 
01-01 01:07:40.604 D/usbservice(   67): <tid:387>(line:1582)[GMUsbDevicePlayer.cpp/playStatusChanged] mask:[3], status:[0]
01-01 01:07:40.604 D/usbservice(   67): <tid:387>(line:1584)[GMUsbDevicePlayer.cpp/playStatusChanged] playStatusChanged, status.dataSourceKey = [1]
01-01 01:07:40.604 D/usbservice(   67): <tid:387>(line:1586)[GMUsbDevicePlayer.cpp/playStatusChanged] datasourcekey not matched, ignor this msg
01-01 01:07:40.604 D/usbservice(   67): <tid:387>(line:1581)[GMUsbDevicePlayer.cpp/playStatusChanged] --- leave 
01-01 01:07:40.668 D/usbservice(   67): <tid:387>(line:1581)[GMUsbDevicePlayer.cpp/playStatusChanged] +++ enter 
01-01 01:07:40.668 D/usbservice(   67): <tid:387>(line:1582)[GMUsbDevicePlayer.cpp/playStatusChanged] mask:[41], status:[0]
01-01 01:07:40.668 D/usbservice(   67): <tid:387>(line:1584)[GMUsbDevicePlayer.cpp/playStatusChanged] playStatusChanged, status.dataSourceKey = [5]
01-01 01:07:40.668 D/usbservice(   67): <tid:387>(line:1581)[GMUsbDevicePlayer.cpp/playStatusChanged] --- leave 
01-01 01:07:40.728 D/usbservice(   67): <tid:387>(line:1581)[GMUsbDevicePlayer.cpp/playStatusChanged] +++ enter 
01-01 01:07:40.728 D/usbservice(   67): <tid:387>(line:1582)[GMUsbDevicePlayer.cpp/playStatusChanged] mask:[201], status:[0]
01-01 01:07:40.728 D/usbservice(   67): <tid:387>(line:1584)[GMUsbDevicePlayer.cpp/playStatusChanged] playStatusChanged, status.dataSourceKey = [5]
01-01 01:07:40.728 D/usbservice(   67): <tid:387>(line:1581)[GMUsbDevicePlayer.cpp/playStatusChanged] --- leave 
01-01 01:07:40.728 D/usbservice(   67): <tid:387>(line:1803)[GMUsbDevicePlayer.cpp/mediaInfoUpdated] +++ enter 
01-01 01:07:40.728 D/usbservice(   67): <tid:387>(line:1805)[GMUsbDevicePlayer.cpp/mediaInfoUpdated] media info update, datasourcekey is [5]
01-01 01:07:40.728 D/usbservice(   67): <tid:387>(line:1803)[GMUsbDevicePlayer.cpp/mediaInfoUpdated] --- leave 
01-01 01:07:40.784 D/usbservice(   67): <tid:387>(line:1803)[GMUsbDevicePlayer.cpp/mediaInfoUpdated] +++ enter 
01-01 01:07:40.784 D/usbservice(   67): <tid:387>(line:1805)[GMUsbDevicePlayer.cpp/mediaInfoUpdated] media info update, datasourcekey is [5]
01-01 01:07:40.784 D/usbservice(   67): <tid:387>(line:1809)[GMUsbDevicePlayer.cpp/mediaInfoUpdated] mediaInfoUpdated, duration is 269113
01-01 01:07:40.784 D/usbservice(   67): <tid:387>(line:2032)[GMUsbDevicePlayer.cpp/durationUpdated] +++ enter 
01-01 01:07:40.784 D/usbservice(   67): <tid:387>(line:1782)[GMUsbServiceBase.cpp/durationUpdated] msec = [269113]
01-01 01:07:40.784 D/usbservice(   67): <tid:387>(line:1486)[GMUsbServiceBase.cpp/notifyDurationUpdated] +++ enter 
01-01 01:07:40.784 D/usbservice(   67): <tid:387>(line:1486)[GMUsbServiceBase.cpp/notifyDurationUpdated] --- leave 
01-01 01:07:40.784 D/usbservice(   67): <tid:387>(line:2032)[GMUsbDevicePlayer.cpp/durationUpdated] --- leave 
01-01 01:07:40.784 D/usbservice(   67): <tid:387>(line:1803)[GMUsbDevicePlayer.cpp/mediaInfoUpdated] --- leave 
01-01 01:07:40.784 D/usbservice(   65): <tid:217>(line:607)[GMUsbProxy.cpp/onAsyncResponse] code offset = [32]
01-01 01:07:40.808 D/usbservice(   67): <tid:387>(line:1581)[GMUsbDevicePlayer.cpp/playStatusChanged] +++ enter 
01-01 01:07:40.808 D/usbservice(   67): <tid:387>(line:1582)[GMUsbDevicePlayer.cpp/playStatusChanged] mask:[41], status:[0]
01-01 01:07:40.808 D/usbservice(   67): <tid:387>(line:1584)[GMUsbDevicePlayer.cpp/playStatusChanged] playStatusChanged, status.dataSourceKey = [5]
01-01 01:07:40.808 D/usbservice(   67): <tid:387>(line:1581)[GMUsbDevicePlayer.cpp/playStatusChanged] --- leave 
01-01 01:07:40.808 D/usbservice(   67): <tid:387>(line:1581)[GMUsbDevicePlayer.cpp/playStatusChanged] +++ enter 
01-01 01:07:40.808 D/usbservice(   67): <tid:387>(line:1582)[GMUsbDevicePlayer.cpp/playStatusChanged] mask:[81], status:[0]
01-01 01:07:40.808 D/usbservice(   67): <tid:387>(line:1584)[GMUsbDevicePlayer.cpp/playStatusChanged] playStatusChanged, status.dataSourceKey = [5]
01-01 01:07:40.808 D/usbservice(   67): <tid:387>(line:1753)[GMUsbDevicePlayer.cpp/playStatusChanged] playStatusChanged isAudioMuted [1104187508]
01-01 01:07:40.808 D/usbservice(   67): <tid:387>(line:1581)[GMUsbDevicePlayer.cpp/playStatusChanged] --- leave 
01-01 01:07:40.808 D/usbservice(   67): <tid:387>(line:1581)[GMUsbDevicePlayer.cpp/playStatusChanged] +++ enter 
01-01 01:07:40.808 D/usbservice(   67): <tid:387>(line:1582)[GMUsbDevicePlayer.cpp/playStatusChanged] mask:[3], status:[1]
01-01 01:07:40.808 D/usbservice(   67): <tid:387>(line:1584)[GMUsbDevicePlayer.cpp/playStatusChanged] playStatusChanged, status.dataSourceKey = [5]
01-01 01:07:40.808 D/usbservice(   67): <tid:387>(line:1949)[GMUsbDevicePlayer.cpp/playStatusUpdated] +++ enter 
01-01 01:07:40.808 D/usbservice(   67): <tid:387>(line:1966)[GMUsbDevicePlayer.cpp/playStatusUpdated] playStatusChanged, state is prepared
01-01 01:07:40.808 D/usbservice(   67): <tid:387>(line:1756)[GMUsbServiceBase.cpp/playStatusUpdated] +++ enter 
01-01 01:07:40.808 D/usbservice(   67): <tid:387>(line:1550)[GMUsbServiceBase.cpp/notifyPlayStatusUpdated] +++ enter 
01-01 01:07:40.808 D/usbservice(   65): <tid:219>(line:607)[GMUsbProxy.cpp/onAsyncResponse] code offset = [37]
01-01 01:07:40.808 D/usbservice(   67): <tid:387>(line:1550)[GMUsbServiceBase.cpp/notifyPlayStatusUpdated] --- leave 
01-01 01:07:40.808 D/usbservice(   67): <tid:387>(line:1756)[GMUsbServiceBase.cpp/playStatusUpdated] --- leave 
01-01 01:07:40.808 D/usbservice(   67): <tid:387>(line:1949)[GMUsbDevicePlayer.cpp/playStatusUpdated] --- leave 
01-01 01:07:40.808 D/usbservice(   67): <tid:387>(line:1581)[GMUsbDevicePlayer.cpp/playStatusChanged] --- leave 
01-01 01:07:40.808 D/usbservice(   67): <tid:387>(line:1581)[GMUsbDevicePlayer.cpp/playStatusChanged] +++ enter 
01-01 01:07:40.808 D/usbservice(   67): <tid:387>(line:1582)[GMUsbDevicePlayer.cpp/playStatusChanged] mask:[21], status:[0]
01-01 01:07:40.808 D/usbservice(   67): <tid:387>(line:1584)[GMUsbDevicePlayer.cpp/playStatusChanged] playStatusChanged, status.dataSourceKey = [5]
01-01 01:07:40.808 D/usbservice(   67): <tid:387>(line:1739)[GMUsbDevicePlayer.cpp/playStatusChanged] playStatusChanged position is 0
01-01 01:07:40.808 D/usbservice(   67): <tid:387>(line:2016)[GMUsbDevicePlayer.cpp/positionUpdated] +++ enter 
01-01 01:07:40.808 D/usbbackup(   67): <tid:387>(line:264)[MediaBackup.cpp/updatePlayTime] +++ enter 
01-01 01:07:40.808 D/usbbackup(   67): <tid:387>(line:268)[MediaBackup.cpp/updatePlayTime] original info, nothing changes, skip update
01-01 01:07:40.808 D/usbbackup(   67): <tid:387>(line:264)[MediaBackup.cpp/updatePlayTime] --- leave 
01-01 01:07:40.808 D/usbservice(   67): <tid:387>(line:1769)[GMUsbServiceBase.cpp/positionUpdated] msec = [0]
01-01 01:07:40.808 D/usbservice(   67): <tid:387>(line:1499)[GMUsbServiceBase.cpp/notifyPositionUpdated] +++ enter 
01-01 01:07:40.808 D/usbservice(   65): <tid:217>(line:607)[GMUsbProxy.cpp/onAsyncResponse] code offset = [33]
01-01 01:07:40.808 D/usbservice(   67): <tid:387>(line:1499)[GMUsbServiceBase.cpp/notifyPositionUpdated] --- leave 
01-01 01:07:40.808 D/usbservice(   67): <tid:387>(line:2016)[GMUsbDevicePlayer.cpp/positionUpdated] --- leave 
01-01 01:07:40.808 D/usbservice(   67): <tid:387>(line:1581)[GMUsbDevicePlayer.cpp/playStatusChanged] --- leave 
01-01 01:07:40.812 D/usbservice(   67): <tid:387>(line:1581)[GMUsbDevicePlayer.cpp/playStatusChanged] +++ enter 
01-01 01:07:40.812 D/usbservice(   67): <tid:387>(line:1582)[GMUsbDevicePlayer.cpp/playStatusChanged] mask:[7], status:[3]
01-01 01:07:40.812 D/usbservice(   67): <tid:387>(line:1584)[GMUsbDevicePlayer.cpp/playStatusChanged] playStatusChanged, status.dataSourceKey = [5]
01-01 01:07:40.812 D/usbservice(   67): <tid:387>(line:1949)[GMUsbDevicePlayer.cpp/playStatusUpdated] +++ enter 
01-01 01:07:40.812 D/usbservice(   67): <tid:387>(line:1981)[GMUsbDevicePlayer.cpp/playStatusUpdated] playStatusChanged, state is playing
01-01 01:07:40.812 D/usbservice(   67): <tid:387>(line:1756)[GMUsbServiceBase.cpp/playStatusUpdated] +++ enter 
01-01 01:07:40.812 D/usbservice(   67): <tid:387>(line:1550)[GMUsbServiceBase.cpp/notifyPlayStatusUpdated] +++ enter 
01-01 01:07:40.812 D/usbservice(   65): <tid:219>(line:607)[GMUsbProxy.cpp/onAsyncResponse] code offset = [37]
01-01 01:07:40.812 D/usbservice(   67): <tid:387>(line:1550)[GMUsbServiceBase.cpp/notifyPlayStatusUpdated] --- leave 
01-01 01:07:40.812 D/usbservice(   67): <tid:387>(line:1756)[GMUsbServiceBase.cpp/playStatusUpdated] --- leave 
01-01 01:07:40.812 D/usbservice(   67): <tid:387>(line:1949)[GMUsbDevicePlayer.cpp/playStatusUpdated] --- leave 
01-01 01:07:40.812 D/usbservice(   67): <tid:387>(line:1727)[GMUsbDevicePlayer.cpp/playStatusChanged] playStatusChanged speed is 1000
01-01 01:07:40.812 D/usbservice(   67): <tid:387>(line:1581)[GMUsbDevicePlayer.cpp/playStatusChanged] --- leave 
01-01 01:07:40.812 D/usbservice(   67): <tid:387>(line:1915)[GMUsbDevicePlayer.cpp/ackSeekTo] +++ enter 
01-01 01:07:40.812 D/usbservice(   67): <tid:387>(line:1917)[GMUsbDevicePlayer.cpp/ackSeekTo] ackSeekTo:retCode = 0
01-01 01:07:40.812 D/usbservice(   67): <tid:387>(line:1915)[GMUsbDevicePlayer.cpp/ackSeekTo] --- leave 
01-01 01:07:42.184 D/usbservice(   67): <tid:387>(line:1581)[GMUsbDevicePlayer.cpp/playStatusChanged] +++ enter 
01-01 01:07:42.184 D/usbservice(   67): <tid:387>(line:1582)[GMUsbDevicePlayer.cpp/playStatusChanged] mask:[21], status:[0]
01-01 01:07:42.184 D/usbservice(   67): <tid:387>(line:1584)[GMUsbDevicePlayer.cpp/playStatusChanged] playStatusChanged, status.dataSourceKey = [5]
01-01 01:07:42.184 D/usbservice(   67): <tid:387>(line:1739)[GMUsbDevicePlayer.cpp/playStatusChanged] playStatusChanged position is 1297
01-01 01:07:42.184 D/usbservice(   67): <tid:387>(line:2016)[GMUsbDevicePlayer.cpp/positionUpdated] +++ enter 
01-01 01:07:42.184 D/usbbackup(   67): <tid:387>(line:264)[MediaBackup.cpp/updatePlayTime] +++ enter 
01-01 01:07:42.184 D/usbbackup(   67): <tid:387>(line:609)[MediaBackup.cpp/saveBackupData] +++ enter 
01-01 01:07:42.184 D/usbbackup(   67): <tid:387>(line:610)[MediaBackup.cpp/saveBackupData] key:[b_clear.USB_LASTINFO]
01-01 01:07:42.184 D/usbdatabase(   67): <tid:387>(line:291)[GMUsbDataManager.cpp/save] +++ enter 
01-01 01:07:42.184 D/usbdatabase(   67): <tid:387>(line:310)[GMUsbDataManager.cpp/save] key exist, update
01-01 01:07:42.192 D/usbdatabase(   67): <tid:387>(line:315)[GMUsbDataManager.cpp/save] save key, update key value succeed
01-01 01:07:42.192 D/usbdatabase(   67): <tid:387>(line:291)[GMUsbDataManager.cpp/save] --- leave 
01-01 01:07:42.192 D/usbbackup(   67): <tid:387>(line:609)[MediaBackup.cpp/saveBackupData] --- leave 
01-01 01:07:42.192 D/usbbackup(   67): <tid:387>(line:264)[MediaBackup.cpp/updatePlayTime] --- leave 
01-01 01:07:42.192 D/usbservice(   67): <tid:387>(line:1769)[GMUsbServiceBase.cpp/positionUpdated] msec = [1297]
01-01 01:07:42.192 D/usbservice(   67): <tid:387>(line:1499)[GMUsbServiceBase.cpp/notifyPositionUpdated] +++ enter 
01-01 01:07:42.192 D/usbservice(   65): <tid:217>(line:607)[GMUsbProxy.cpp/onAsyncResponse] code offset = [33]
01-01 01:07:42.192 D/usbservice(   67): <tid:387>(line:1499)[GMUsbServiceBase.cpp/notifyPositionUpdated] --- leave 
01-01 01:07:42.192 D/usbservice(   67): <tid:387>(line:2016)[GMUsbDevicePlayer.cpp/positionUpdated] --- leave 
01-01 01:07:42.192 D/usbservice(   67): <tid:387>(line:1581)[GMUsbDevicePlayer.cpp/playStatusChanged] --- leave 
01-01 01:07:43.388 D/usbservice(   67): <tid:387>(line:1581)[GMUsbDevicePlayer.cpp/playStatusChanged] +++ enter 
01-01 01:07:43.388 D/usbservice(   67): <tid:387>(line:1582)[GMUsbDevicePlayer.cpp/playStatusChanged] mask:[21], status:[0]
01-01 01:07:43.388 D/usbservice(   67): <tid:387>(line:1584)[GMUsbDevicePlayer.cpp/playStatusChanged] playStatusChanged, status.dataSourceKey = [5]
01-01 01:07:43.388 D/usbservice(   67): <tid:387>(line:1739)[GMUsbDevicePlayer.cpp/playStatusChanged] playStatusChanged position is 2497
01-01 01:07:43.388 D/usbservice(   67): <tid:387>(line:2016)[GMUsbDevicePlayer.cpp/positionUpdated] +++ enter 
01-01 01:07:43.388 D/usbbackup(   67): <tid:387>(line:264)[MediaBackup.cpp/updatePlayTime] +++ enter 
01-01 01:07:43.388 D/usbbackup(   67): <tid:387>(line:609)[MediaBackup.cpp/saveBackupData] +++ enter 
01-01 01:07:43.388 D/usbbackup(   67): <tid:387>(line:610)[MediaBackup.cpp/saveBackupData] key:[b_clear.USB_LASTINFO]
01-01 01:07:43.388 D/usbdatabase(   67): <tid:387>(line:291)[GMUsbDataManager.cpp/save] +++ enter 
01-01 01:07:43.392 D/usbdatabase(   67): <tid:387>(line:310)[GMUsbDataManager.cpp/save] key exist, update
01-01 01:07:43.396 D/usbdatabase(   67): <tid:387>(line:315)[GMUsbDataManager.cpp/save] save key, update key value succeed
01-01 01:07:43.396 D/usbdatabase(   67): <tid:387>(line:291)[GMUsbDataManager.cpp/save] --- leave 
01-01 01:07:43.396 D/usbbackup(   67): <tid:387>(line:609)[MediaBackup.cpp/saveBackupData] --- leave 
01-01 01:07:43.396 D/usbbackup(   67): <tid:387>(line:264)[MediaBackup.cpp/updatePlayTime] --- leave 
01-01 01:07:43.396 D/usbservice(   67): <tid:387>(line:1769)[GMUsbServiceBase.cpp/positionUpdated] msec = [2497]
01-01 01:07:43.396 D/usbservice(   67): <tid:387>(line:1499)[GMUsbServiceBase.cpp/notifyPositionUpdated] +++ enter 
01-01 01:07:43.396 D/usbservice(   65): <tid:219>(line:607)[GMUsbProxy.cpp/onAsyncResponse] code offset = [33]
01-01 01:07:43.396 D/usbservice(   67): <tid:387>(line:1499)[GMUsbServiceBase.cpp/notifyPositionUpdated] --- leave 
01-01 01:07:43.396 D/usbservice(   67): <tid:387>(line:2016)[GMUsbDevicePlayer.cpp/positionUpdated] --- leave 
01-01 01:07:43.396 D/usbservice(   67): <tid:387>(line:1581)[GMUsbDevicePlayer.cpp/playStatusChanged] --- leave 
01-01 01:07:44.388 D/usbservice(   67): <tid:387>(line:1581)[GMUsbDevicePlayer.cpp/playStatusChanged] +++ enter 
01-01 01:07:44.388 D/usbservice(   67): <tid:387>(line:1582)[GMUsbDevicePlayer.cpp/playStatusChanged] mask:[21], status:[0]
01-01 01:07:44.388 D/usbservice(   67): <tid:387>(line:1584)[GMUsbDevicePlayer.cpp/playStatusChanged] playStatusChanged, status.dataSourceKey = [5]
01-01 01:07:44.388 D/usbservice(   67): <tid:387>(line:1739)[GMUsbDevicePlayer.cpp/playStatusChanged] playStatusChanged position is 3494
01-01 01:07:44.388 D/usbservice(   67): <tid:387>(line:2016)[GMUsbDevicePlayer.cpp/positionUpdated] +++ enter 
01-01 01:07:44.388 D/usbbackup(   67): <tid:387>(line:264)[MediaBackup.cpp/updatePlayTime] +++ enter 
01-01 01:07:44.388 D/usbbackup(   67): <tid:387>(line:609)[MediaBackup.cpp/saveBackupData] +++ enter 
01-01 01:07:44.388 D/usbbackup(   67): <tid:387>(line:610)[MediaBackup.cpp/saveBackupData] key:[b_clear.USB_LASTINFO]
01-01 01:07:44.388 D/usbdatabase(   67): <tid:387>(line:291)[GMUsbDataManager.cpp/save] +++ enter 
01-01 01:07:44.388 D/usbdatabase(   67): <tid:387>(line:310)[GMUsbDataManager.cpp/save] key exist, update
01-01 01:07:44.396 D/usbdatabase(   67): <tid:387>(line:315)[GMUsbDataManager.cpp/save] save key, update key value succeed
01-01 01:07:44.396 D/usbdatabase(   67): <tid:387>(line:291)[GMUsbDataManager.cpp/save] --- leave 
01-01 01:07:44.396 D/usbbackup(   67): <tid:387>(line:609)[MediaBackup.cpp/saveBackupData] --- leave 
01-01 01:07:44.396 D/usbbackup(   67): <tid:387>(line:264)[MediaBackup.cpp/updatePlayTime] --- leave 
01-01 01:07:44.396 D/usbservice(   67): <tid:387>(line:1769)[GMUsbServiceBase.cpp/positionUpdated] msec = [3494]
01-01 01:07:44.396 D/usbservice(   67): <tid:387>(line:1499)[GMUsbServiceBase.cpp/notifyPositionUpdated] +++ enter 
01-01 01:07:44.396 D/usbservice(   65): <tid:217>(line:607)[GMUsbProxy.cpp/onAsyncResponse] code offset = [33]
01-01 01:07:44.396 D/usbservice(   67): <tid:387>(line:1499)[GMUsbServiceBase.cpp/notifyPositionUpdated] --- leave 
01-01 01:07:44.396 D/usbservice(   67): <tid:387>(line:2016)[GMUsbDevicePlayer.cpp/positionUpdated] --- leave 
01-01 01:07:44.396 D/usbservice(   67): <tid:387>(line:1581)[GMUsbDevicePlayer.cpp/playStatusChanged] --- leave 
01-01 01:07:45.384 D/usbservice(   67): <tid:387>(line:1581)[GMUsbDevicePlayer.cpp/playStatusChanged] +++ enter 
01-01 01:07:45.384 D/usbservice(   67): <tid:387>(line:1582)[GMUsbDevicePlayer.cpp/playStatusChanged] mask:[21], status:[0]
01-01 01:07:45.384 D/usbservice(   67): <tid:387>(line:1584)[GMUsbDevicePlayer.cpp/playStatusChanged] playStatusChanged, status.dataSourceKey = [5]
01-01 01:07:45.384 D/usbservice(   67): <tid:387>(line:1739)[GMUsbDevicePlayer.cpp/playStatusChanged] playStatusChanged position is 4495
01-01 01:07:45.384 D/usbservice(   67): <tid:387>(line:2016)[GMUsbDevicePlayer.cpp/positionUpdated] +++ enter 
01-01 01:07:45.384 D/usbbackup(   67): <tid:387>(line:264)[MediaBackup.cpp/updatePlayTime] +++ enter 
01-01 01:07:45.388 D/usbbackup(   67): <tid:387>(line:609)[MediaBackup.cpp/saveBackupData] +++ enter 
01-01 01:07:45.388 D/usbbackup(   67): <tid:387>(line:610)[MediaBackup.cpp/saveBackupData] key:[b_clear.USB_LASTINFO]
01-01 01:07:45.388 D/usbdatabase(   67): <tid:387>(line:291)[GMUsbDataManager.cpp/save] +++ enter 
01-01 01:07:45.388 D/usbdatabase(   67): <tid:387>(line:310)[GMUsbDataManager.cpp/save] key exist, update
01-01 01:07:45.392 D/usbdatabase(   67): <tid:387>(line:315)[GMUsbDataManager.cpp/save] save key, update key value succeed
01-01 01:07:45.392 D/usbdatabase(   67): <tid:387>(line:291)[GMUsbDataManager.cpp/save] --- leave 
01-01 01:07:45.392 D/usbbackup(   67): <tid:387>(line:609)[MediaBackup.cpp/saveBackupData] --- leave 
01-01 01:07:45.392 D/usbbackup(   67): <tid:387>(line:264)[MediaBackup.cpp/updatePlayTime] --- leave 
01-01 01:07:45.392 D/usbservice(   67): <tid:387>(line:1769)[GMUsbServiceBase.cpp/positionUpdated] msec = [4495]
01-01 01:07:45.392 D/usbservice(   67): <tid:387>(line:1499)[GMUsbServiceBase.cpp/notifyPositionUpdated] +++ enter 
01-01 01:07:45.392 D/usbservice(   65): <tid:219>(line:607)[GMUsbProxy.cpp/onAsyncResponse] code offset = [33]
01-01 01:07:45.392 D/usbservice(   67): <tid:387>(line:1499)[GMUsbServiceBase.cpp/notifyPositionUpdated] --- leave 
01-01 01:07:45.392 D/usbservice(   67): <tid:387>(line:2016)[GMUsbDevicePlayer.cpp/positionUpdated] --- leave 
01-01 01:07:45.392 D/usbservice(   67): <tid:387>(line:1581)[GMUsbDevicePlayer.cpp/playStatusChanged] --- leave 
01-01 01:07:46.384 D/usbservice(   67): <tid:387>(line:1581)[GMUsbDevicePlayer.cpp/playStatusChanged] +++ enter 
01-01 01:07:46.384 D/usbservice(   67): <tid:387>(line:1582)[GMUsbDevicePlayer.cpp/playStatusChanged] mask:[21], status:[0]
01-01 01:07:46.384 D/usbservice(   67): <tid:387>(line:1584)[GMUsbDevicePlayer.cpp/playStatusChanged] playStatusChanged, status.dataSourceKey = [5]
01-01 01:07:46.384 D/usbservice(   67): <tid:387>(line:1739)[GMUsbDevicePlayer.cpp/playStatusChanged] playStatusChanged position is 5496
01-01 01:07:46.384 D/usbservice(   67): <tid:387>(line:2016)[GMUsbDevicePlayer.cpp/positionUpdated] +++ enter 
01-01 01:07:46.384 D/usbbackup(   67): <tid:387>(line:264)[MediaBackup.cpp/updatePlayTime] +++ enter 
01-01 01:07:46.388 D/usbbackup(   67): <tid:387>(line:609)[MediaBackup.cpp/saveBackupData] +++ enter 
01-01 01:07:46.388 D/usbbackup(   67): <tid:387>(line:610)[MediaBackup.cpp/saveBackupData] key:[b_clear.USB_LASTINFO]
01-01 01:07:46.388 D/usbdatabase(   67): <tid:387>(line:291)[GMUsbDataManager.cpp/save] +++ enter 
01-01 01:07:46.388 D/usbdatabase(   67): <tid:387>(line:310)[GMUsbDataManager.cpp/save] key exist, update
01-01 01:07:46.392 D/usbdatabase(   67): <tid:387>(line:315)[GMUsbDataManager.cpp/save] save key, update key value succeed
01-01 01:07:46.392 D/usbdatabase(   67): <tid:387>(line:291)[GMUsbDataManager.cpp/save] --- leave 
01-01 01:07:46.392 D/usbbackup(   67): <tid:387>(line:609)[MediaBackup.cpp/saveBackupData] --- leave 
01-01 01:07:46.392 D/usbbackup(   67): <tid:387>(line:264)[MediaBackup.cpp/updatePlayTime] --- leave 
01-01 01:07:46.392 D/usbservice(   67): <tid:387>(line:1769)[GMUsbServiceBase.cpp/positionUpdated] msec = [5496]
01-01 01:07:46.392 D/usbservice(   67): <tid:387>(line:1499)[GMUsbServiceBase.cpp/notifyPositionUpdated] +++ enter 
01-01 01:07:46.392 D/usbservice(   65): <tid:217>(line:607)[GMUsbProxy.cpp/onAsyncResponse] code offset = [33]
01-01 01:07:46.396 D/usbservice(   67): <tid:387>(line:1499)[GMUsbServiceBase.cpp/notifyPositionUpdated] --- leave 
01-01 01:07:46.396 D/usbservice(   67): <tid:387>(line:2016)[GMUsbDevicePlayer.cpp/positionUpdated] --- leave 
01-01 01:07:46.396 D/usbservice(   67): <tid:387>(line:1581)[GMUsbDevicePlayer.cpp/playStatusChanged] --- leave 
01-01 01:07:46.868 D/usbservice(   65): <tid:234>(line:213)[GMUsbProxy.cpp/pause] +++ enter 
01-01 01:07:46.868 D/usbservice(   65): <tid:234>(line:213)[GMUsbProxy.cpp/pause] --- leave 
01-01 01:07:46.868 D/usbservice(   67): <tid:215>(line:131)[GMUsbServiceBase.cpp/onAsyncRequest] SenderId = [2], codeOffset = [9]
01-01 01:07:46.868 D/usbservice(   67): <tid:296>(line:1275)[GMUsbServiceBase.cpp/replyPause] +++ enter 
01-01 01:07:46.868 D/usbservice(   65): <tid:219>(line:607)[GMUsbProxy.cpp/onAsyncResponse] code offset = [9]
01-01 01:07:46.868 D/usbservice(   67): <tid:296>(line:1275)[GMUsbServiceBase.cpp/replyPause] --- leave 
01-01 01:07:46.868 D/usbservice(   67): <tid:296>(line:625)[GMUsbDevicePlayer.cpp/postPause] +++ enter 
01-01 01:07:46.868 D/usbservice(   67): <tid:296>(line:625)[GMUsbDevicePlayer.cpp/postPause] --- leave 
01-01 01:07:46.872 D/usbservice(   67): <tid:387>(line:1464)[GMUsbDevicePlayer.cpp/pause] +++ enter 
01-01 01:07:46.880 D/usbservice(   67): <tid:387>(line:1464)[GMUsbDevicePlayer.cpp/pause] --- leave 
01-01 01:07:46.880 D/usbservice(   67): <tid:387>(line:1581)[GMUsbDevicePlayer.cpp/playStatusChanged] +++ enter 
01-01 01:07:46.880 D/usbservice(   67): <tid:387>(line:1582)[GMUsbDevicePlayer.cpp/playStatusChanged] mask:[21], status:[0]
01-01 01:07:46.880 D/usbservice(   67): <tid:387>(line:1584)[GMUsbDevicePlayer.cpp/playStatusChanged] playStatusChanged, status.dataSourceKey = [5]
01-01 01:07:46.880 D/usbservice(   67): <tid:387>(line:1739)[GMUsbDevicePlayer.cpp/playStatusChanged] playStatusChanged position is 5992
01-01 01:07:46.880 D/usbservice(   67): <tid:387>(line:2016)[GMUsbDevicePlayer.cpp/positionUpdated] +++ enter 
01-01 01:07:46.880 D/usbbackup(   67): <tid:387>(line:264)[MediaBackup.cpp/updatePlayTime] +++ enter 
01-01 01:07:46.884 D/usbbackup(   67): <tid:387>(line:609)[MediaBackup.cpp/saveBackupData] +++ enter 
01-01 01:07:46.884 D/usbbackup(   67): <tid:387>(line:610)[MediaBackup.cpp/saveBackupData] key:[b_clear.USB_LASTINFO]
01-01 01:07:46.884 D/usbdatabase(   67): <tid:387>(line:291)[GMUsbDataManager.cpp/save] +++ enter 
01-01 01:07:46.884 D/usbdatabase(   67): <tid:387>(line:310)[GMUsbDataManager.cpp/save] key exist, update
01-01 01:07:46.888 D/usbdatabase(   67): <tid:387>(line:315)[GMUsbDataManager.cpp/save] save key, update key value succeed
01-01 01:07:46.888 D/usbdatabase(   67): <tid:387>(line:291)[GMUsbDataManager.cpp/save] --- leave 
01-01 01:07:46.888 D/usbbackup(   67): <tid:387>(line:609)[MediaBackup.cpp/saveBackupData] --- leave 
01-01 01:07:46.888 D/usbbackup(   67): <tid:387>(line:264)[MediaBackup.cpp/updatePlayTime] --- leave 
01-01 01:07:46.888 D/usbservice(   67): <tid:387>(line:1769)[GMUsbServiceBase.cpp/positionUpdated] msec = [5992]
01-01 01:07:46.888 D/usbservice(   67): <tid:387>(line:1499)[GMUsbServiceBase.cpp/notifyPositionUpdated] +++ enter 
01-01 01:07:46.888 D/usbservice(   65): <tid:217>(line:607)[GMUsbProxy.cpp/onAsyncResponse] code offset = [33]
01-01 01:07:46.888 D/usbservice(   67): <tid:387>(line:1499)[GMUsbServiceBase.cpp/notifyPositionUpdated] --- leave 
01-01 01:07:46.888 D/usbservice(   67): <tid:387>(line:2016)[GMUsbDevicePlayer.cpp/positionUpdated] --- leave 
01-01 01:07:46.888 D/usbservice(   67): <tid:387>(line:1581)[GMUsbDevicePlayer.cpp/playStatusChanged] --- leave 
01-01 01:07:46.932 D/usbservice(   67): <tid:387>(line:1581)[GMUsbDevicePlayer.cpp/playStatusChanged] +++ enter 
01-01 01:07:46.932 D/usbservice(   67): <tid:387>(line:1582)[GMUsbDevicePlayer.cpp/playStatusChanged] mask:[7], status:[2]
01-01 01:07:46.932 D/usbservice(   67): <tid:387>(line:1584)[GMUsbDevicePlayer.cpp/playStatusChanged] playStatusChanged, status.dataSourceKey = [5]
01-01 01:07:46.932 D/usbservice(   67): <tid:387>(line:1949)[GMUsbDevicePlayer.cpp/playStatusUpdated] +++ enter 
01-01 01:07:46.932 D/usbservice(   67): <tid:387>(line:1971)[GMUsbDevicePlayer.cpp/playStatusUpdated] playStatusChanged, state is paused
01-01 01:07:46.932 D/usbservice(   67): <tid:387>(line:1756)[GMUsbServiceBase.cpp/playStatusUpdated] +++ enter 
01-01 01:07:46.932 D/usbservice(   67): <tid:387>(line:1550)[GMUsbServiceBase.cpp/notifyPlayStatusUpdated] +++ enter 
01-01 01:07:46.932 D/usbservice(   65): <tid:219>(line:607)[GMUsbProxy.cpp/onAsyncResponse] code offset = [37]
01-01 01:07:46.936 D/usbservice(   67): <tid:387>(line:1550)[GMUsbServiceBase.cpp/notifyPlayStatusUpdated] --- leave 
01-01 01:07:46.936 D/usbservice(   67): <tid:387>(line:1756)[GMUsbServiceBase.cpp/playStatusUpdated] --- leave 
01-01 01:07:46.936 D/usbservice(   67): <tid:387>(line:1949)[GMUsbDevicePlayer.cpp/playStatusUpdated] --- leave 
01-01 01:07:46.936 D/usbservice(   67): <tid:387>(line:1727)[GMUsbDevicePlayer.cpp/playStatusChanged] playStatusChanged speed is 0
01-01 01:07:46.936 D/usbservice(   67): <tid:387>(line:1581)[GMUsbDevicePlayer.cpp/playStatusChanged] --- leave 
===========================end playu    hten      tehn     hen sogn    ng form 1 0 to 5s,then click stop btuuon     utton==============================




[  977.982509] hrtimer: interrupt took 281000 ns
===============================cl  pull ont    ut usb sd  device ====================[ 1001.590160] usb 1-1: USB disconnect, device number 2
01-01 01:08:46.872 D/usbservice(   67): <tid:213>(line:91)[GMUsbService.cpp/notify_usbBadRemoval] +++ enter 
01-01 01:08:46.872 D/usbservice(   67): <tid:213>(line:91)[GMUsbService.cpp/notify_usbBadRemoval] --- leave 
01-01 01:08:46.872 D/usbservice(   67): <tid:296>(line:226)[GMUsbService.cpp/doOnUnmount] +++ enter 
01-01 01:08:46.872 D/usbservice(   67): <tid:296>(line:238)[GMUsbService.cpp/doOnUnmount] usb mount path is [/mnt/udisk]
01-01 01:08:46.872 D/usbservice(   67): <tid:296>(line:243)[GMUsbService.cpp/doOnUnmount] is unsupportDevice ? [0]
01-01 01:08:46.872 D/usbservice(   67): <tid:296>(line:244)[GMUsbService.cpp/doOnUnmount] device port is [0]
01-01 01:08:46.872 D/usbservice(   67): <tid:296>(line:245)[GMUsbService.cpp/doOnUnmount] device id is [0]
01-01 01:08:46.872 D/usbservice(   67): <tid:296>(line:246)[GMUsbService.cpp/doOnUnmount] product id is [6387]
01-01 01:08:46.872 D/usbservice(   67): <tid:296>(line:247)[GMUsbService.cpp/doOnUnmount] vendor id is [058f]
01-01 01:08:46.872 D/usbservice(   67): <tid:296>(line:248)[GMUsbService.cpp/doOnUnmount] serial number is [BE0DEE3A]
01-01 01:08:46.872 D/usbservice(   67): <tid:296>(line:265)[GMUsbService.cpp/doOnUnmount] create uuid = [BE0DEE3A], dbpath = [/var/user/media/usb/BE0DEE3A.db                                 ]
01-01 01:08:46.872 D/usbservice(   67): <tid:296>(line:270)[GMUsbService.cpp/doOnUnmount] create uuid = [BE0DEE3A], dbpath = [/var/user/media/usb/BE0DEE3A_image.db                           ]
01-01 01:08:46.872 D/usbservice(   67): <tid:296>(line:1248)[GMUsbService.cpp/doUnMountImageMode] +++ enter 
01-01 01:08:46.872 D/usbdatabase(   67): <tid:296>(line:102)[GMMediaScanner.cpp/stopScan] +++ enter 
01-01 01:08:46.872 D/usbdatabase(   67): <tid:296>(line:330)[GMMediaLibrary.cpp/cancel] +++ enter 
01-01 01:08:46.876 D/usbdatabase(   67): <tid:296>(line:330)[GMMediaLibrary.cpp/cancel] --- leave 
01-01 01:08:46.876 D/usbdatabase(   67): <tid:296>(line:454)[GMMediaLibrary.cpp/reset] +++ enter 
01-01 01:08:46.876 D/usbdatabase(   67): <tid:296>(line:108)[GMFileSystemCrt.cpp/stop] +++ enter 
01-01 01:08:46.876 D/usbdatabase(   67): <tid:296>(line:139)[GMFileSystemCrt.cpp/finilize] +++ enter 
01-01 01:08:46.876 D/usbdatabase(   67): <tid:296>(line:1248)[GMFileSystemCrt.cpp/clearLocalValue] +++ enter 
01-01 01:08:46.876 D/usbdatabase(   67): <tid:296>(line:1248)[GMFileSystemCrt.cpp/clearLocalValue] --- leave 
01-01 01:08:46.876 D/usbdatabase(   67): <tid:296>(line:139)[GMFileSystemCrt.cpp/finilize] --- leave 
01-01 01:08:46.876 D/usbdatabase(   67): <tid:296>(line:108)[GMFileSystemCrt.cpp/stop] --- leave 
01-01 01:08:46.876 D/usbdatabase(   67): <tid:296>(line:86)[GMFileSystemCrt.cpp/~GMFileSystemCrt] +++ enter 
01-01 01:08:46.876 D/usbdatabase(   67): <tid:296>(line:86)[GMFileSystemCrt.cpp/~GMFileSystemCrt] --- leave 
01-01 01:08:46.876 W/usbdatabase(   67): <tid:296>(line:473)[GMMediaLibrary.cpp/reset] m_pMlCreater not exist
01-01 01:08:46.876 D/usbdatabase(   67): <tid:296>(line:454)[GMMediaLibrary.cpp/reset] --- leave 
01-01 01:08:46.876 D/usbdatabase(   67): <tid:296>(line:411)[GMMediaLibrary.cpp/updateDeviceStatus] +++ enter 
01-01 01:08:46.880 D/usbprovider(   61): <tid:161>(line:502)[GMMediaProvider.cpp/update] +++ enter 
01-01 01:08:46.880 D/usbprovider(   61): <tid:161>(line:806)[GMMediaProvider.cpp/getDeviceIndex] GMMediaProvider::getDeviceIndex, uri:[content://media/usbsd/image/db?usb1]
01-01 01:08:46.880 D/usbprovider(   61): <tid:161>(line:507)[GMMediaProvider.cpp/update] uriID = [22] dvsIdx = [0]
01-01 01:08:46.880 D/usbprovider(   61): <tid:161>(line:650)[GMMediaProvider.cpp/update] update>>>MATCH_ID_IMAGE_DB
01-01 01:08:46.880 D/usbprovider(   61): <tid:161>(line:655)[GMMediaProvider.cpp/update] uuid BE0DEE3A_image
01-01 01:08:46.880 D/usbprovider(   61): <tid:161>(line:660)[GMMediaProvider.cpp/update] status 0
01-01 01:08:46.880 D/usbprovider(   61): <tid:161>(line:502)[GMMediaProvider.cpp/update] --- leave 
01-01 01:08:46.880 D/usbservice(   67): <tid:297>(line:376)[GMUsbService.cpp/onNotifyUpdate] +++ enter 
01-01 01:08:46.880 D/usbservice(   67): <tid:297>(line:376)[GMUsbService.cpp/onNotifyUpdate] --- leave 
01-01 01:08:46.880 D/usbdatabase(   67): <tid:296>(line:411)[GMMediaLibrary.cpp/updateDeviceStatus] --- leave 
01-01 01:08:46.880 D/usbdatabase(   67): <tid:296>(line:297)[GMMediaScanner.cpp/clearData] +++ enter 
01-01 01:08:46.880 D/usbdatabase(   67): <tid:296>(line:297)[GMMediaScanner.cpp/clearData] --- leave 
01-01 01:08:46.880 D/usbdatabase(   67): <tid:296>(line:102)[GMMediaScanner.cpp/stopScan] --- leave 
01-01 01:08:46.880 D/usbservice(   67): <tid:296>(line:1248)[GMUsbService.cpp/doUnMountImageMode] --- leave 
01-01 01:08:46.880 D/usbservice(   67): <tid:296>(line:773)[GMUsbService.cpp/stopScanner] +++ enter 
01-01 01:08:46.880 D/usbservice(   67): <tid:296>(line:774)[GMUsbService.cpp/stopScanner] root path = [/mnt/udisk]
01-01 01:08:46.880 D/usbdatabase(   67): <tid:296>(line:102)[GMMediaScanner.cpp/stopScan] +++ enter 
01-01 01:08:46.880 D/usbdatabase(   67): <tid:296>(line:330)[GMMediaLibrary.cpp/cancel] +++ enter 
01-01 01:08:46.880 D/usbdatabase(   67): <tid:296>(line:330)[GMMediaLibrary.cpp/cancel] --- leave 
01-01 01:08:46.880 D/usbdatabase(   67): <tid:296>(line:454)[GMMediaLibrary.cpp/reset] +++ enter 
01-01 01:08:46.880 D/usbdatabase(   67): <tid:296>(line:108)[GMFileSystemCrt.cpp/stop] +++ enter 
01-01 01:08:46.880 D/usbdatabase(   67): <tid:296>(line:139)[GMFileSystemCrt.cpp/finilize] +++ enter 
01-01 01:08:46.884 D/usbdatabase(   67): <tid:296>(line:1248)[GMFileSystemCrt.cpp/clearLocalValue] +++ enter 
01-01 01:08:46.884 D/usbdatabase(   67): <tid:296>(line:1248)[GMFileSystemCrt.cpp/clearLocalValue] --- leave 
01-01 01:08:46.884 D/usbdatabase(   67): <tid:296>(line:139)[GMFileSystemCrt.cpp/finilize] --- leave 
01-01 01:08:46.884 D/usbdatabase(   67): <tid:296>(line:108)[GMFileSystemCrt.cpp/stop] --- leave 
01-01 01:08:46.884 D/usbdatabase(   67): <tid:296>(line:86)[GMFileSystemCrt.cpp/~GMFileSystemCrt] +++ enter 
01-01 01:08:46.884 D/usbdatabase(   67): <tid:296>(line:86)[GMFileSystemCrt.cpp/~GMFileSystemCrt] --- leave 
01-01 01:08:46.884 W/usbdatabase(   67): <tid:296>(line:473)[GMMediaLibrary.cpp/reset] m_pMlCreater not exist
01-01 01:08:46.884 D/usbdatabase(   67): <tid:296>(line:454)[GMMediaLibrary.cpp/reset] --- leave 
01-01 01:08:46.884 D/usbdatabase(   67): <tid:296>(line:411)[GMMediaLibrary.cpp/updateDeviceStatus] +++ enter 
01-01 01:08:46.884 D/usbprovider(   61): <tid:356>(line:502)[GMMediaProvider.cpp/update] +++ enter 
01-01 01:08:46.884 D/usbprovider(   61): <tid:356>(line:806)[GMMediaProvider.cpp/getDeviceIndex] GMMediaProvider::getDeviceIndex, uri:[content://media/usbsd/device?usb1]
01-01 01:08:46.884 D/usbprovider(   61): <tid:356>(line:507)[GMMediaProvider.cpp/update] uriID = [19] dvsIdx = [0]
01-01 01:08:46.884 D/usbprovider(   61): <tid:356>(line:554)[GMMediaProvider.cpp/update] uuid BE0DEE3A
01-01 01:08:46.884 D/usbprovider(   61): <tid:356>(line:559)[GMMediaProvider.cpp/update] status 0
01-01 01:08:46.884 D/usbprovider(   61): <tid:356>(line:502)[GMMediaProvider.cpp/update] --- leave 
01-01 01:08:46.888 D/usbservice(   67): <tid:297>(line:376)[GMUsbService.cpp/onNotifyUpdate] +++ enter 
01-01 01:08:46.888 D/usbservice(   67): <tid:297>(line:376)[GMUsbService.cpp/onNotifyUpdate] --- leave 
01-01 01:08:46.888 D/usbdatabase(   67): <tid:296>(line:411)[GMMediaLibrary.cpp/updateDeviceStatus] --- leave 
01-01 01:08:46.888 D/usbdatabase(   67): <tid:296>(line:297)[GMMediaScanner.cpp/clearData] +++ enter 
01-01 01:08:46.888 D/usbdatabase(   67): <tid:296>(line:297)[GMMediaScanner.cpp/clearData] --- leave 
01-01 01:08:46.888 D/usbdatabase(   67): <tid:296>(line:102)[GMMediaScanner.cpp/stopScan] --- leave 
01-01 01:08:46.888 D/usbservice(   67): <tid:296>(line:773)[GMUsbService.cpp/stopScanner] --- leave 
01-01 01:08:46.888 D/usbservice(   67): <tid:296>(line:612)[GMUsbServiceBase.cpp/destoryDevicePlayer] +++ enter 
01-01 01:08:46.888 D/usbservice(   67): <tid:296>(line:613)[GMUsbServiceBase.cpp/destoryDevicePlayer] rootPath = [/mnt/udisk]
01-01 01:08:46.888 D/usbservice(   67): <tid:296>(line:649)[GMUsbServiceBase.cpp/pathToDeviceId] +++ enter 
01-01 01:08:46.888 D/usbservice(   67): <tid:296>(line:649)[GMUsbServiceBase.cpp/pathToDeviceId] --- leave 
01-01 01:08:46.888 D/usbservice(   67): <tid:296>(line:616)[GMUsbServiceBase.cpp/destoryDevicePlayer] destory device player [0]
01-01 01:08:46.888 D/usbservice(   67): <tid:296>(line:392)[GMUsbDevicePlayer.cpp/finalize] +++ enter 
01-01 01:08:47.020 D/usbservice(   67): <tid:296>(line:392)[GMUsbDevicePlayer.cpp/finalize] --- leave 
01-01 01:08:47.020 D/usbservice(   67): <tid:296>(line:315)[GMUsbDevicePlayer.cpp/~GMUsbDevicePlayer] +++ enter 
01-01 01:08:47.020 D/usbservice(   67): <tid:296>(line:316)[GMUsbDevicePlayer.cpp/~GMUsbDevicePlayer] delete m_pNowPlayingList
01-01 01:08:47.020 D/usbplaylist(   67): <tid:296>(line:79)[GMMediaPlaylist.cpp/~GMMediaPlaylist] GMMediaPlaylist::~GMMediaPlaylist()
01-01 01:08:47.020 D/usbservice(   67): <tid:296>(line:322)[GMUsbDevicePlayer.cpp/~GMUsbDevicePlayer] delete m_pPlaylistCallback
01-01 01:08:47.020 D/usbservice(   67): <tid:296>(line:324)[GMUsbDevicePlayer.cpp/~GMUsbDevicePlayer] delete m_pPlaylistCallback
01-01 01:08:47.020 D/usbservice(   67): <tid:296>(line:315)[GMUsbDevicePlayer.cpp/~GMUsbDevicePlayer] --- leave 
01-01 01:08:47.020 D/usbservice(   67): <tid:296>(line:1723)[GMUsbServiceBase.cpp/~GMUsbDevicePlayerNotify] +++ enter 
01-01 01:08:47.020 D/usbservice(   67): <tid:296>(line:1723)[GMUsbServiceBase.cpp/~GMUsbDevicePlayerNotify] --- leave 
01-01 01:08:47.020 D/usbservice(   67): <tid:296>(line:612)[GMUsbServiceBase.cpp/destoryDevicePlayer] --- leave 
01-01 01:08:47.020 D/usbservice(   67): <tid:296>(line:790)[GMUsbService.cpp/doUpdateSourceState] +++ enter 
01-01 01:08:47.020 D/usbservice(   67): <tid:296>(line:792)[GMUsbService.cpp/doUpdateSourceState] updateSourcePARM.state is [7], updateSourcePARM.isAdd [0], updateSourcePARM.isWait [0]
01-01 01:08:47.020 D/usbservice(   67): <tid:296>(line:813)[GMUsbService.cpp/doUpdateSourceState] current m_sourceState is [0]
01-01 01:08:47.020 D/usbservice(   67): <tid:296>(line:836)[GMUsbS[ 1002.602663] FAT-fs (sda1): Directory bread(block 15608) failed
ervice.c[ 1002.609231] FAT-fs (sda1): Directory bread(block 15609) failed
pp/doUpd[ 1002.615792] FAT-fs (sda1): Directory bread(block 15610) failed
ateSourc[ 1002.622283] FAT-fs (sda1): Directory bread(block 15611) failed
eState] [ 1002.628813] FAT-fs (sda1): Directory bread(block 15612) failed
[player [ 1002.635375] FAT-fs (sda1): Directory bread(block 15613) failed
crash or[ 1002.641924] FAT-fs (sda1): Directory bread(block 15614) failed
 device [ 1002.648466] FAT-fs (sda1): Directory bread(block 15615) failed
unpluged] notify source {[invalid]} to UI
01-01 01:08:47.020 D/usbservice(   67): <tid:296>(line:1117)[GMUsbServiceBase.cpp/updateUsbExtInfo] +++ enter 
01-01 01:08:47.020 D/usbservice(   67): <tid:296>(line:1635)[GMUsbServiceBase.cpp/notifyUsbExtInfo] +++ enter 
01-01 01:08:47.020 D/usbservice(   65): <tid:217>(line:607)[GMUsbProxy.cpp/onAsyncResponse] code offset = [44]
01-01 01:08:47.020 D/usbservice(   65): <tid:217>(line:965)[GMUsbProxy.cpp/onAsyncResponse] USBNotify_ReqUsbExtInfo
01-01 01:08:47.020 D/usbservice(   65): <tid:217>(line:966)[GMUsbProxy.cpp/onAsyncResponse] info.infoMask:0x4 
01-01 01:08:47.020 D/usbservice(   65): <tid:217>(line:967)[GMUsbProxy.cpp/onAsyncResponse] [0]info.isHubInserted:0 
01-01 01:08:47.020 D/usbservice(   65): <tid:217>(line:968)[GMUsbProxy.cpp/onAsyncResponse] [0]info.isUsbMounted:1 
01-01 01:08:47.020 D/usbservice(   65): <tid:217>(line:969)[GMUsbProxy.cpp/onAsyncResponse] [4]info.isSourceValid:0 
01-01 01:08:47.020 D/usbservice(   65): <tid:217>(line:970)[GMUsbProxy.cpp/onAsyncResponse] [0]info.islaston:0 
01-01 01:08:47.020 D/usbservice(   65): <tid:217>(line:971)[GMUsbProxy.cpp/onAsyncResponse] [0]info.isSameUSB:0 
01-01 01:08:47.020 D/usbservice(   65): <tid:217>(line:972)[GMUsbProxy.cpp/onAsyncResponse] [0]info.usbStatus:2 
