01-01 00:53:57.664 D/usbservice(   67): <tid:387>(line:1582)[GMUsbDevicePlayer.cpp/playStatusChanged] mask:[7], status:[2]
01-01 00:53:57.664 D/usbservice(   67): <tid:387>(line:1584)[GMUsbDevicePlayer.cpp/playStatusChanged] playStatusChanged, status.dataSourceKey = [1]
01-01 00:53:57.664 D/usbservice(   67): <tid:387>(line:1949)[GMUsbDevicePlayer.cpp/playStatusUpdated] +++ enter 
01-01 00:53:57.664 D/usbservice(   67): <tid:387>(line:1971)[GMUsbDevicePlayer.cpp/playStatusUpdated] playStatusChanged, state is paused
01-01 00:53:57.664 D/usbservice(   67): <tid:387>(line:1756)[GMUsbServiceBase.cpp/playStatusUpdated] +++ enter 
01-01 00:53:57.664 D/usbservice(   67): <tid:387>(line:1550)[GMUsbServiceBase.cpp/notifyPlayStatusUpdated] +++ enter 
01-01 00:53:57.664 D/usbservice(   65): <tid:217>(line:607)[GMUsbProxy.cpp/onAsyncResponse] code offset = [37]
01-01 00:53:57.668 D/usbservice(   67): <tid:387>(line:1550)[GMUsbServiceBase.cpp/notifyPlayStatusUpdated] --- leave 
01-01 00:53:57.668 D/usbservice(   67): <tid:387>(line:1756)[GMUsbServiceBase.cpp/playStatusUpdated] --- leave 
01-01 00:53:57.668 D/usbservice(   67): <tid:387>(line:1949)[GMUsbDevicePlayer.cpp/playStatusUpdated] --- leave 
01-01 00:53:57.668 D/usbservice(   67): <tid:387>(line:1727)[GMUsbDevicePlayer.cpp/playStatusChanged] playStatusChanged speed is 0
01-01 00:53:57.668 D/usbservice(   67): <tid:387>(line:1581)[GMUsbDevicePlayer.cpp/playStatusChanged] --- leave 
=========================play music 5m   s ,thien   en click stop button ======================




=====================================click       changed repeat mode form alll    to                                 click repeat button ()^[[D     all)============
01-01 00:55:41.916 D/usbservice(   65): <tid:234>(line:342)[GMUsbProxy.cpp/setRepeatMode] +++ enter 
01-01 00:55:41.916 D/usbservice(   65): <tid:234>(line:342)[GMUsbProxy.cpp/setRepeatMode] --- leave 
01-01 00:55:41.916 D/usbservice(   67): <tid:213>(line:131)[GMUsbServiceBase.cpp/onAsyncRequest] SenderId = [2], codeOffset = [17]
01-01 00:55:41.916 D/usbservice(   67): <tid:296>(line:1355)[GMUsbServiceBase.cpp/replySetRepeatMode] +++ enter 
01-01 00:55:41.916 D/usbservice(   67): <tid:296>(line:1355)[GMUsbServiceBase.cpp/replySetRepeatMode] --- leave 
01-01 00:55:41.916 D/usbservice(   67): <tid:296>(line:570)[GMUsbDevicePlayer.cpp/postSetRepeatMode] +++ enter 
01-01 00:55:41.916 D/usbservice(   67): <tid:296>(line:570)[GMUsbDevicePlayer.cpp/postSetRepeatMode] --- leave 
01-01 00:55:41.916 D/usbservice(   67): <tid:387>(line:1097)[GMUsbDevicePlayer.cpp/setRepeatMode] +++ enter 
01-01 00:55:41.916 D/usbservice(   67): <tid:387>(line:1098)[GMUsbDevicePlayer.cpp/setRepeatMode] setRepeatMode: modeIn is 3
01-01 00:55:41.916 D/usbservice(   67): <tid:387>(line:2313)[GMUsbDevicePlayer.cpp/autoAmentRepeatRandomMode] +++ enter 
01-01 00:55:41.916 D/usbplaylist(   67): <tid:387>(line:163)[GMMediaPlaylist.cpp/setRepeatMode] setRepeatMode = [3]
01-01 00:55:41.916 D/usbplaylist(   67): <tid:387>(line:654)[GMMediaPlaylist.cpp/amendIndexAndCount] amend index filePlayMode = [2], m_repeatMode = [3], m_randomMode = [1]
01-01 00:55:41.916 D/usbplaylist(   67): <tid:387>(line:732)[GMMediaPlaylist.cpp/amendIndexAndCount] m_baseIndex = [0], m_totalCount = [13], m_countInList = [8]
01-01 00:55:41.916 D/usbplaylist(   67): <tid:387>(line:1126)[GMMediaPlaylist.cpp/updatePlaylistInfo] updatePlaylistInfo : m_randomMode = [1], m_repeatMode = [3]
01-01 00:55:41.916 D/usbplaylist(   67): <tid:387>(line:1127)[GMMediaPlaylist.cpp/updatePlaylistInfo] [debug]updatePlaylistInfo : m_listIndex = [0], currentIndex = [0]
01-01 00:55:41.916 D/usbservice(   67): <tid:387>(line:223)[GMUsbDevicePlayer.cpp/onPlaylistInfoChanged] +++ enter 
01-01 00:55:41.916 D/usbservice(   67): <tid:387>(line:224)[GMUsbDevicePlayer.cpp/onPlaylistInfoChanged] onPlaylistInfoChanged : index = [0], totalCount = [8]
01-01 00:55:41.916 D/usbservice(   67): <tid:387>(line:223)[GMUsbDevicePlayer.cpp/onPlaylistInfoChanged] --- leave 
01-01 00:55:41.916 D/usbservice(   67): <tid:387>(line:2127)[GMUsbDevicePlayer.cpp/repeatModeUpdated] +++ enter 
01-01 00:55:41.916 D/usbbackup(   67): <tid:387>(line:301)[MediaBackup.cpp/updateRepeatMode] +++ enter 
01-01 00:55:41.916 D/usbservice(   65): <tid:219>(line:607)[GMUsbProxy.cpp/onAsyncResponse] code offset = [17]
01-01 00:55:41.920 D/usbbackup(   67): <tid:387>(line:609)[MediaBackup.cpp/saveBackupData] +++ enter 
01-01 00:55:41.920 D/usbbackup(   67): <tid:387>(line:610)[MediaBackup.cpp/saveBackupData] key:[b_clear.USB_LASTINFO]
01-01 00:55:41.920 D/usbdatabase(   67): <tid:387>(line:291)[GMUsbDataManager.cpp/save] +++ enter 
01-01 00:55:41.920 D/usbdatabase(   67): <tid:387>(line:310)[GMUsbDataManager.cpp/save] key exist, update
01-01 00:55:41.924 D/usbdatabase(   67): <tid:387>(line:315)[GMUsbDataManager.cpp/save] save key, update key value succeed
01-01 00:55:41.924 D/usbdatabase(   67): <tid:387>(line:291)[GMUsbDataManager.cpp/save] --- leave 
01-01 00:55:41.924 D/usbbackup(   67): <tid:387>(line:609)[MediaBackup.cpp/saveBackupData] --- leave 
01-01 00:55:41.924 D/usbbackup(   67): <tid:387>(line:301)[MediaBackup.cpp/updateRepeatMode] --- leave 
01-01 00:55:41.924 D/usbservice(   67): <tid:387>(line:1858)[GMUsbServiceBase.cpp/repeatModeUpdated] repeatMode = [3]
01-01 00:55:41.924 D/usbservice(   67): <tid:387>(line:1562)[GMUsbServiceBase.cpp/notifyRepeatModeUpdated] +++ enter 
01-01 00:55:41.924 D/usbservice(   65): <tid:217>(line:607)[GMUsbProxy.cpp/onAsyncResponse] code offset = [38]
01-01 00:55:41.924 D/usbservice(   67): <tid:387>(line:1562)[GMUsbServiceBase.cpp/notifyRepeatModeUpdated] --- leave 
01-01 00:55:41.924 D/usbservice(   67): <tid:387>(line:2127)[GMUsbDevicePlayer.cpp/repeatModeUpdated] --- leave 
01-01 00:55:41.928 D/usbbackup(   67): <tid:387>(line:392)[MediaBackup.cpp/updateTrickPlayMode] +++ enter 
01-01 00:55:41.928 D/usbbackup(   67): <tid:387>(line:609)[MediaBackup.cpp/saveBackupData] +++ enter 
01-01 00:55:41.928 D/usbbackup(   67): <tid:387>(line:610)[MediaBackup.cpp/saveBackupData] key:[b_clear.USB_LASTINFO]
01-01 00:55:41.928 D/usbdatabase(   67): <tid:387>(line:291)[GMUsbDataManager.cpp/save] +++ enter 
01-01 00:55:41.928 D/usbdatabase(   67): <tid:387>(line:310)[GMUsbDataManager.cpp/save] key exist, update
01-01 00:55:41.932 D/usbdatabase(   67): <tid:387>(line:315)[GMUsbDataManager.cpp/save] save key, update key value succeed
01-01 00:55:41.932 D/usbdatabase(   67): <tid:387>(line:291)[GMUsbDataManager.cpp/save] --- leave 
01-01 00:55:41.932 D/usbbackup(   67): <tid:387>(line:609)[MediaBackup.cpp/saveBackupData] --- leave 
01-01 00:55:41.932 D/usbbackup(   67): <tid:387>(line:392)[MediaBackup.cpp/updateTrickPlayMode] --- leave 
01-01 00:55:41.932 D/usbservice(   67): <tid:387>(line:2313)[GMUsbDevicePlayer.cpp/autoAmentRepeatRandomMode] --- leave 
01-01 00:55:41.932 D/usbservice(   67): <tid:387>(line:1097)[GMUsbDevicePlayer.cpp/setRepeatMode] --- leave 
=========================che an    end changed form all  to fold3er   er =================



===================click repeat button () r folder)
01-01 00:56:25.136 D/usbservice(   65): <tid:234>(line:342)[GMUsbProxy.cpp/setRepeatMode] +++ enter 
01-01 00:56:25.136 D/usbservice(   65): <tid:234>(line:342)[GMUsbProxy.cpp/setRepeatMode] --- leave 
01-01 00:56:25.140 D/usbservice(   67): <tid:215>(line:131)[GMUsbServiceBase.cpp/onAsyncRequest] SenderId = [2], codeOffset = [17]
01-01 00:56:25.140 D/usbservice(   67): <tid:296>(line:1355)[GMUsbServiceBase.cpp/replySetRepeatMode] +++ enter 
01-01 00:56:25.140 D/usbservice(   67): <tid:296>(line:1355)[GMUsbServiceBase.cpp/replySetRepeatMode] --- leave 
01-01 00:56:25.140 D/usbservice(   67): <tid:296>(line:570)[GMUsbDevicePlayer.cpp/postSetRepeatMode] +++ enter 
01-01 00:56:25.140 D/usbservice(   67): <tid:296>(line:570)[GMUsbDevicePlayer.cpp/postSetRepeatMode] --- leave 
01-01 00:56:25.140 D/usbservice(   67): <tid:387>(line:1097)[GMUsbDevicePlayer.cpp/setRepeatMode] +++ enter 
01-01 00:56:25.140 D/usbservice(   67): <tid:387>(line:1098)[GMUsbDevicePlayer.cpp/setRepeatMode] setRepeatMode: modeIn is 2
01-01 00:56:25.140 D/usbservice(   67): <tid:387>(line:2313)[GMUsbDevicePlayer.cpp/autoAmentRepeatRandomMode] +++ enter 
01-01 00:56:25.140 D/usbplaylist(   67): <tid:387>(line:163)[GMMediaPlaylist.cpp/setRepeatMode] setRepeatMode = [2]
01-01 00:56:25.140 D/usbplaylist(   67): <tid:387>(line:654)[GMMediaPlaylist.cpp/amendIndexAndCount] amend index filePlayMode = [2], m_repeatMode = [2], m_randomMode = [1]
01-01 00:56:25.140 D/usbplaylist(   67): <tid:387>(line:732)[GMMediaPlaylist.cpp/amendIndexAndCount] m_baseIndex = [0], m_totalCount = [13], m_countInList = [8]
01-01 00:56:25.140 D/usbplaylist(   67): <tid:387>(line:1126)[GMMediaPlaylist.cpp/updatePlaylistInfo] updatePlaylistInfo : m_randomMode = [1], m_repeatMode = [2]
01-01 00:56:25.140 D/usbplaylist(   67): <tid:387>(line:1127)[GMMediaPlaylist.cpp/updatePlaylistInfo] [debug]updatePlaylistInfo : m_listIndex = [0], currentIndex = [0]
01-01 00:56:25.140 D/usbservice(   67): <tid:387>(line:223)[GMUsbDevicePlayer.cpp/onPlaylistInfoChanged] +++ enter 
01-01 00:56:25.140 D/usbservice(   67): <tid:387>(line:224)[GMUsbDevicePlayer.cpp/onPlaylistInfoChanged] onPlaylistInfoChanged : index = [0], totalCount = [13]
01-01 00:56:25.140 D/usbservice(   67): <tid:387>(line:223)[GMUsbDevicePlayer.cpp/onPlaylistInfoChanged] --- leave 
01-01 00:56:25.140 D/usbservice(   67): <tid:387>(line:2127)[GMUsbDevicePlayer.cpp/repeatModeUpdated] +++ enter 
01-01 00:56:25.140 D/usbbackup(   67): <tid:387>(line:301)[MediaBackup.cpp/updateRepeatMode] +++ enter 
01-01 00:56:25.140 D/usbservice(   65): <tid:219>(line:607)[GMUsbProxy.cpp/onAsyncResponse] code offset = [17]
01-01 00:56:25.140 D/usbbackup(   67): <tid:387>(line:609)[MediaBackup.cpp/saveBackupData] +++ enter 
01-01 00:56:25.140 D/usbbackup(   67): <tid:387>(line:610)[MediaBackup.cpp/saveBackupData] key:[b_clear.USB_LASTINFO]
01-01 00:56:25.140 D/usbdatabase(   67): <tid:387>(line:291)[GMUsbDataManager.cpp/save] +++ enter 
01-01 00:56:25.140 D/usbdatabase(   67): <tid:387>(line:310)[GMUsbDataManager.cpp/save] key exist, update
01-01 00:56:25.148 D/usbdatabase(   67): <tid:387>(line:315)[GMUsbDataManager.cpp/save] save key, update key value succeed
01-01 00:56:25.148 D/usbdatabase(   67): <tid:387>(line:291)[GMUsbDataManager.cpp/save] --- leave 
01-01 00:56:25.148 D/usbbackup(   67): <tid:387>(line:609)[MediaBackup.cpp/saveBackupData] --- leave 
01-01 00:56:25.148 D/usbbackup(   67): <tid:387>(line:301)[MediaBackup.cpp/updateRepeatMode] --- leave 
01-01 00:56:25.148 D/usbservice(   67): <tid:387>(line:1858)[GMUsbServiceBase.cpp/repeatModeUpdated] repeatMode = [2]
01-01 00:56:25.148 D/usbservice(   67): <tid:387>(line:1562)[GMUsbServiceBase.cpp/notifyRepeatModeUpdated] +++ enter 
01-01 00:56:25.148 D/usbservice(   65): <tid:217>(line:607)[GMUsbProxy.cpp/onAsyncResponse] code offset = [38]
01-01 00:56:25.148 D/usbservice(   67): <tid:387>(line:1562)[GMUsbServiceBase.cpp/notifyRepeatModeUpdated] --- leave 
01-01 00:56:25.148 D/usbservice(   67): <tid:387>(line:2127)[GMUsbDevicePlayer.cpp/repeatModeUpdated] --- leave 
01-01 00:56:25.148 D/usbbackup(   67): <tid:387>(line:392)[MediaBackup.cpp/updateTrickPlayMode] +++ enter 
01-01 00:56:25.148 D/usbbackup(   67): <tid:387>(line:609)[MediaBackup.cpp/saveBackupData] +++ enter 
01-01 00:56:25.148 D/usbbackup(   67): <tid:387>(line:610)[MediaBackup.cpp/saveBackupData] key:[b_clear.USB_LASTINFO]
01-01 00:56:25.148 D/usbdatabase(   67): <tid:387>(line:291)[GMUsbDataManager.cpp/save] +++ enter 
01-01 00:56:25.148 D/usbdatabase(   67): <tid:387>(line:310)[GMUsbDataManager.cpp/save] key exist, update
01-01 00:56:25.156 D/usbdatabase(   67): <tid:387>(line:315)[GMUsbDataManager.cpp/save] save key, update key value succeed
01-01 00:56:25.156 D/usbdatabase(   67): <tid:387>(line:291)[GMUsbDataManager.cpp/save] --- leave 
01-01 00:56:25.156 D/usbbackup(   67): <tid:387>(line:609)[MediaBackup.cpp/saveBackupData] --- leave 
01-01 00:56:25.156 D/usbbackup(   67): <tid:387>(line:392)[MediaBackup.cpp/updateTrickPlayMode] --- leave 
01-01 00:56:25.156 D/usbservice(   67): <tid:387>(line:2313)[GMUsbDevicePlayer.cpp/autoAmentRepeatRandomMode] --- leave 
01-01 00:56:25.156 D/usbservice(   67): <tid:387>(line:1097)[GMUsbDevicePlayer.cpp/setRepeatMode] --- leave 
========================end ================                 form      cah  handg e  ged form d folder to one===================\





=============================click rebu  peat on  button (one  )

01-01 00:57:18.736 D/usbservice(   65): <tid:234>(line:342)[GMUsbProxy.cpp/setRepeatMode] +++ enter 
01-01 00:57:18.736 D/usbservice(   65): <tid:234>(line:342)[GMUsbProxy.cpp/setRepeatMode] --- leave 
01-01 00:57:18.736 D/usbservice(   67): <tid:213>(line:131)[GMUsbServiceBase.cpp/onAsyncRequest] SenderId = [2], codeOffset = [17]
01-01 00:57:18.736 D/usbservice(   67): <tid:296>(line:1355)[GMUsbServiceBase.cpp/replySetRepeatMode] +++ enter 
01-01 00:57:18.736 D/usbservice(   65): <tid:217>(line:607)[GMUsbProxy.cpp/onAsyncResponse] code offset = [17]
01-01 00:57:18.736 D/usbservice(   67): <tid:296>(line:1355)[GMUsbServiceBase.cpp/replySetRepeatMode] --- leave 
01-01 00:57:18.736 D/usbservice(   67): <tid:296>(line:570)[GMUsbDevicePlayer.cpp/postSetRepeatMode] +++ enter 
01-01 00:57:18.736 D/usbservice(   67): <tid:296>(line:570)[GMUsbDevicePlayer.cpp/postSetRepeatMode] --- leave 
01-01 00:57:18.736 D/usbservice(   67): <tid:387>(line:1097)[GMUsbDevicePlayer.cpp/setRepeatMode] +++ enter 
01-01 00:57:18.736 D/usbservice(   67): <tid:387>(line:1098)[GMUsbDevicePlayer.cpp/setRepeatMode] setRepeatMode: modeIn is 4
01-01 00:57:18.736 D/usbservice(   67): <tid:387>(line:2313)[GMUsbDevicePlayer.cpp/autoAmentRepeatRandomMode] +++ enter 
01-01 00:57:18.736 D/usbplaylist(   67): <tid:387>(line:163)[GMMediaPlaylist.cpp/setRepeatMode] setRepeatMode = [4]
01-01 00:57:18.736 D/usbplaylist(   67): <tid:387>(line:654)[GMMediaPlaylist.cpp/amendIndexAndCount] amend index filePlayMode = [2], m_repeatMode = [4], m_randomMode = [1]
01-01 00:57:18.736 D/usbplaylist(   67): <tid:387>(line:732)[GMMediaPlaylist.cpp/amendIndexAndCount] m_baseIndex = [0], m_totalCount = [13], m_countInList = [8]
01-01 00:57:18.736 D/usbplaylist(   67): <tid:387>(line:1126)[GMMediaPlaylist.cpp/updatePlaylistInfo] updatePlaylistInfo : m_randomMode = [1], m_repeatMode = [4]
01-01 00:57:18.736 D/usbplaylist(   67): <tid:387>(line:1127)[GMMediaPlaylist.cpp/updatePlaylistInfo] [debug]updatePlaylistInfo : m_listIndex = [0], currentIndex = [0]
01-01 00:57:18.736 D/usbservice(   67): <tid:387>(line:223)[GMUsbDevicePlayer.cpp/onPlaylistInfoChanged] +++ enter 
01-01 00:57:18.736 D/usbservice(   67): <tid:387>(line:224)[GMUsbDevicePlayer.cpp/onPlaylistInfoChanged] onPlaylistInfoChanged : index = [0], totalCount = [13]
01-01 00:57:18.736 D/usbservice(   67): <tid:387>(line:223)[GMUsbDevicePlayer.cpp/onPlaylistInfoChanged] --- leave 
01-01 00:57:18.736 D/usbservice(   67): <tid:387>(line:2127)[GMUsbDevicePlayer.cpp/repeatModeUpdated] +++ enter 
01-01 00:57:18.736 D/usbbackup(   67): <tid:387>(line:301)[MediaBackup.cpp/updateRepeatMode] +++ enter 
01-01 00:57:18.740 D/usbbackup(   67): <tid:387>(line:609)[MediaBackup.cpp/saveBackupData] +++ enter 
01-01 00:57:18.740 D/usbbackup(   67): <tid:387>(line:610)[MediaBackup.cpp/saveBackupData] key:[b_clear.USB_LASTINFO]
01-01 00:57:18.740 D/usbdatabase(   67): <tid:387>(line:291)[GMUsbDataManager.cpp/save] +++ enter 
01-01 00:57:18.740 D/usbdatabase(   67): <tid:387>(line:310)[GMUsbDataManager.cpp/save] key exist, update
01-01 00:57:18.744 D/usbdatabase(   67): <tid:387>(line:315)[GMUsbDataManager.cpp/save] save key, update key value succeed
01-01 00:57:18.744 D/usbdatabase(   67): <tid:387>(line:291)[GMUsbDataManager.cpp/save] --- leave 
01-01 00:57:18.744 D/usbbackup(   67): <tid:387>(line:609)[MediaBackup.cpp/saveBackupData] --- leave 
01-01 00:57:18.744 D/usbbackup(   67): <tid:387>(line:301)[MediaBackup.cpp/updateRepeatMode] --- leave 
01-01 00:57:18.744 D/usbservice(   67): <tid:387>(line:1858)[GMUsbServiceBase.cpp/repeatModeUpdated] repeatMode = [4]
01-01 00:57:18.748 D/usbservice(   67): <tid:387>(line:1562)[GMUsbServiceBase.cpp/notifyRepeatModeUpdated] +++ enter 
01-01 00:57:18.748 D/usbservice(   65): <tid:219>(line:607)[GMUsbProxy.cpp/onAsyncResponse] code offset = [38]
01-01 00:57:18.748 D/usbservice(   67): <tid:387>(line:1562)[GMUsbServiceBase.cpp/notifyRepeatModeUpdated] --- leave 
01-01 00:57:18.748 D/usbservice(   67): <tid:387>(line:2127)[GMUsbDevicePlayer.cpp/repeatModeUpdated] --- leave 
01-01 00:57:18.748 D/usbbackup(   67): <tid:387>(line:392)[MediaBackup.cpp/updateTrickPlayMode] +++ enter 
01-01 00:57:18.748 D/usbbackup(   67): <tid:387>(line:609)[MediaBackup.cpp/saveBackupData] +++ enter 
01-01 00:57:18.748 D/usbbackup(   67): <tid:387>(line:610)[MediaBackup.cpp/saveBackupData] key:[b_clear.USB_LASTINFO]
01-01 00:57:18.748 D/usbdatabase(   67): <tid:387>(line:291)[GMUsbDataManager.cpp/save] +++ enter 
01-01 00:57:18.748 D/usbdatabase(   67): <tid:387>(line:310)[GMUsbDataManager.cpp/save] key exist, update
01-01 00:57:18.752 D/usbdatabase(   67): <tid:387>(line:315)[GMUsbDataManager.cpp/save] save key, update key value succeed
01-01 00:57:18.752 D/usbdatabase(   67): <tid:387>(line:291)[GMUsbDataManager.cpp/save] --- leave 
01-01 00:57:18.752 D/usbbackup(   67): <tid:387>(line:609)[MediaBackup.cpp/saveBackupData] --- leave 
01-01 00:57:18.752 D/usbbackup(   67): <tid:387>(line:392)[MediaBackup.cpp/updateTrickPlayMode] --- leave 
01-01 00:57:18.752 D/usbservice(   67): <tid:387>(line:2313)[GMUsbDevicePlayer.cpp/autoAmentRepeatRandomMode] --- leave 
01-01 00:57:18.752 D/usbservice(   67): <tid:387>(line:1097)[GMUsbDevicePlayer.cpp/setRepeatMode] --- leave 
========================end changed form one to all============================



====================click re  random button (off)===================
01-01 00:58:06.240 D/usbservice(   65): <tid:234>(line:359)[GMUsbProxy.cpp/setRandomMode] +++ enter 
01-01 00:58:06.240 D/usbservice(   65): <tid:234>(line:359)[GMUsbProxy.cpp/setRandomMode] --- leave 
01-01 00:58:06.240 D/usbservice(   67): <tid:215>(line:131)[GMUsbServiceBase.cpp/onAsyncRequest] SenderId = [2], codeOffset = [18]
01-01 00:58:06.240 D/usbservice(   67): <tid:296>(line:1367)[GMUsbServiceBase.cpp/replySetRandomMode] +++ enter 
01-01 00:58:06.240 D/usbservice(   67): <tid:296>(line:1367)[GMUsbServiceBase.cpp/replySetRandomMode] --- leave 
01-01 00:58:06.240 D/usbservice(   67): <tid:296>(line:581)[GMUsbDevicePlayer.cpp/postSetRandomMode] +++ enter 
01-01 00:58:06.240 D/usbservice(   67): <tid:296>(line:581)[GMUsbDevicePlayer.cpp/postSetRandomMode] --- leave 
01-01 00:58:06.240 D/usbservice(   67): <tid:387>(line:1111)[GMUsbDevicePlayer.cpp/setRandomMode] +++ enter 
01-01 00:58:06.240 D/usbservice(   67): <tid:387>(line:1112)[GMUsbDevicePlayer.cpp/setRandomMode] setRandomMode: modeIn is 3
01-01 00:58:06.240 D/usbservice(   67): <tid:387>(line:2313)[GMUsbDevicePlayer.cpp/autoAmentRepeatRandomMode] +++ enter 
01-01 00:58:06.240 D/usbplaylist(   67): <tid:387>(line:173)[GMMediaPlaylist.cpp/setRandomMode] setRandomMode = [3]
01-01 00:58:06.240 D/usbplaylist(   67): <tid:387>(line:654)[GMMediaPlaylist.cpp/amendIndexAndCount] amend index filePlayMode = [2], m_repeatMode = [4], m_randomMode = [3]
01-01 00:58:06.240 D/usbplaylist(   67): <tid:387>(line:732)[GMMediaPlaylist.cpp/amendIndexAndCount] m_baseIndex = [0], m_totalCount = [13], m_countInList = [8]
01-01 00:58:06.240 D/usbplaylist(   67): <tid:387>(line:1126)[GMMediaPlaylist.cpp/updatePlaylistInfo] updatePlaylistInfo : m_randomMode = [3], m_repeatMode = [4]
01-01 00:58:06.240 D/usbplaylist(   67): <tid:387>(line:1127)[GMMediaPlaylist.cpp/updatePlaylistInfo] [debug]updatePlaylistInfo : m_listIndex = [0], currentIndex = [0]
01-01 00:58:06.240 D/usbservice(   67): <tid:387>(line:223)[GMUsbDevicePlayer.cpp/onPlaylistInfoChanged] +++ enter 
01-01 00:58:06.240 D/usbservice(   67): <tid:387>(line:224)[GMUsbDevicePlayer.cpp/onPlaylistInfoChanged] onPlaylistInfoChanged : index = [0], totalCount = [13]
01-01 00:58:06.240 D/usbservice(   67): <tid:387>(line:223)[GMUsbDevicePlayer.cpp/onPlaylistInfoChanged] --- leave 
01-01 00:58:06.240 D/usbservice(   67): <tid:387>(line:2143)[GMUsbDevicePlayer.cpp/randomModeUpdated] +++ enter 
01-01 00:58:06.240 D/usbbackup(   67): <tid:387>(line:338)[MediaBackup.cpp/updateRandomMode] +++ enter 
01-01 00:58:06.240 D/usbservice(   65): <tid:217>(line:607)[GMUsbProxy.cpp/onAsyncResponse] code offset = [18]
01-01 00:58:06.244 D/usbbackup(   67): <tid:387>(line:609)[MediaBackup.cpp/saveBackupData] +++ enter 
01-01 00:58:06.244 D/usbbackup(   67): <tid:387>(line:610)[MediaBackup.cpp/saveBackupData] key:[b_clear.USB_LASTINFO]
01-01 00:58:06.244 D/usbdatabase(   67): <tid:387>(line:291)[GMUsbDataManager.cpp/save] +++ enter 
01-01 00:58:06.244 D/usbdatabase(   67): <tid:387>(line:310)[GMUsbDataManager.cpp/save] key exist, update
01-01 00:58:06.248 D/usbdatabase(   67): <tid:387>(line:315)[GMUsbDataManager.cpp/save] save key, update key value succeed
01-01 00:58:06.248 D/usbdatabase(   67): <tid:387>(line:291)[GMUsbDataManager.cpp/save] --- leave 
01-01 00:58:06.248 D/usbbackup(   67): <tid:387>(line:609)[MediaBackup.cpp/saveBackupData] --- leave 
01-01 00:58:06.248 D/usbbackup(   67): <tid:387>(line:338)[MediaBackup.cpp/updateRandomMode] --- leave 
01-01 00:58:06.248 D/usbservice(   67): <tid:387>(line:1873)[GMUsbServiceBase.cpp/radomModeUpdated] randomMode = [3]
01-01 00:58:06.248 D/usbservice(   67): <tid:387>(line:1575)[GMUsbServiceBase.cpp/notifyRandomModeUpdated] +++ enter 
01-01 00:58:06.252 D/usbservice(   65): <tid:219>(line:607)[GMUsbProxy.cpp/onAsyncResponse] code offset = [39]
01-01 00:58:06.252 D/usbservice(   67): <tid:387>(line:1575)[GMUsbServiceBase.cpp/notifyRandomModeUpdated] --- leave 
01-01 00:58:06.252 D/usbservice(   67): <tid:387>(line:2143)[GMUsbDevicePlayer.cpp/randomModeUpdated] --- leave 
01-01 00:58:06.252 D/usbbackup(   67): <tid:387>(line:392)[MediaBackup.cpp/updateTrickPlayMode] +++ enter 
01-01 00:58:06.252 D/usbbackup(   67): <tid:387>(line:609)[MediaBackup.cpp/saveBackupData] +++ enter 
01-01 00:58:06.252 D/usbbackup(   67): <tid:387>(line:610)[MediaBackup.cpp/saveBackupData] key:[b_clear.USB_LASTINFO]
01-01 00:58:06.252 D/usbdatabase(   67): <tid:387>(line:291)[GMUsbDataManager.cpp/save] +++ enter 
01-01 00:58:06.252 D/usbdatabase(   67): <tid:387>(line:310)[GMUsbDataManager.cpp/save] key exist, update
01-01 00:58:06.256 D/usbdatabase(   67): <tid:387>(line:315)[GMUsbDataManager.cpp/save] save key, update key value succeed
01-01 00:58:06.256 D/usbdatabase(   67): <tid:387>(line:291)[GMUsbDataManager.cpp/save] --- leave 
01-01 00:58:06.256 D/usbbackup(   67): <tid:387>(line:609)[MediaBackup.cpp/saveBackupData] --- leave 
01-01 00:58:06.256 D/usbbackup(   67): <tid:387>(line:392)[MediaBackup.cpp/updateTrickPlayMode] --- leave 
01-01 00:58:06.256 D/usbservice(   67): <tid:387>(line:2313)[GMUsbDevicePlayer.cpp/autoAmentRepeatRandomMode] --- leave 
01-01 00:58:06.256 D/usbservice(   67): <tid:387>(line:1111)[GMUsbDevicePlayer.cpp/setRandomMode] --- leave 
===============================end form      random mode form off to on===========




=====================click palyt    btuuto     utton  =============01-01 00:58:53.616 D/usbservice(   65): <tid:234>(line:198)[GMUsbProxy.cpp/play] +++ enter 
01-01 00:58:53.616 D/usbservice(   65): <tid:234>(line:198)[GMUsbProxy.cpp/play] --- leave 
01-01 00:58:53.616 D/usbservice(   67): <tid:213>(line:131)[GMUsbServiceBase.cpp/onAsyncRequest] SenderId = [2], codeOffset = [8]
01-01 00:58:53.620 D/usbservice(   67): <tid:296>(line:1265)[GMUsbServiceBase.cpp/replyPlay] +++ enter 
01-01 00:58:53.620 D/usbservice(   67): <tid:296>(line:1269)[GMUsbServiceBase.cpp/replyPlay] sendAsyncResponse replyPlay ret = [0]
01-01 00:58:53.620 D/usbservice(   67): <tid:296>(line:1265)[GMUsbServiceBase.cpp/replyPlay] --- leave 
01-01 00:58:53.620 D/usbservice(   67): <tid:296>(line:614)[GMUsbDevicePlayer.cpp/postPlay] +++ enter 
01-01 00:58:53.620 D/usbservice(   67): <tid:296>(line:614)[GMUsbDevicePlayer.cpp/postPlay] --- leave 
01-01 00:58:53.620 D/usbservice(   67): <tid:387>(line:1413)[GMUsbDevicePlayer.cpp/play] +++ enter 
01-01 00:58:53.620 D/usbservice(   65): <tid:217>(line:607)[GMUsbProxy.cpp/onAsyncResponse] code offset = [8]
01-01 00:58:53.640 D/usbservice(   67): <tid:387>(line:1413)[GMUsbDevicePlayer.cpp/play] --- leave 
01-01 00:58:53.640 D/usbservice(   67): <tid:387>(line:1581)[GMUsbDevicePlayer.cpp/playStatusChanged] +++ enter 
01-01 00:58:53.640 D/usbservice(   67): <tid:387>(line:1582)[GMUsbDevicePlayer.cpp/playStatusChanged] mask:[81], status:[0]
01-01 00:58:53.640 D/usbservice(   67): <tid:387>(line:1584)[GMUsbDevicePlayer.cpp/playStatusChanged] playStatusChanged, status.dataSourceKey = [1]
01-01 00:58:53.640 D/usbservice(   67): <tid:387>(line:1753)[GMUsbDevicePlayer.cpp/playStatusChanged] playStatusChanged isAudioMuted [1104187668]
01-01 00:58:53.640 D/usbservice(   67): <tid:387>(line:1581)[GMUsbDevicePlayer.cpp/playStatusChanged] --- leave 
01-01 00:58:53.640 D/usbservice(   67): <tid:387>(line:1581)[GMUsbDevicePlayer.cpp/playStatusChanged] +++ enter 
01-01 00:58:53.640 D/usbservice(   67): <tid:387>(line:1582)[GMUsbDevicePlayer.cpp/playStatusChanged] mask:[7], status:[3]
01-01 00:58:53.640 D/usbservice(   67): <tid:387>(line:1584)[GMUsbDevicePlayer.cpp/playStatusChanged] playStatusChanged, status.dataSourceKey = [1]
01-01 00:58:53.640 D/usbservice(   67): <tid:387>(line:1949)[GMUsbDevicePlayer.cpp/playStatusUpdated] +++ enter 
01-01 00:58:53.640 D/usbservice(   67): <tid:387>(line:1981)[GMUsbDevicePlayer.cpp/playStatusUpdated] playStatusChanged, state is playing
01-01 00:58:53.640 D/usbservice(   67): <tid:387>(line:1756)[GMUsbServiceBase.cpp/playStatusUpdated] +++ enter 
01-01 00:58:53.640 D/usbservice(   67): <tid:387>(line:1550)[GMUsbServiceBase.cpp/notifyPlayStatusUpdated] +++ enter 
01-01 00:58:53.640 D/usbservice(   65): <tid:219>(line:607)[GMUsbProxy.cpp/onAsyncResponse] code offset = [37]
01-01 00:58:53.640 D/usbservice(   67): <tid:387>(line:1550)[GMUsbServiceBase.cpp/notifyPlayStatusUpdated] --- leave 
01-01 00:58:53.640 D/usbservice(   67): <tid:387>(line:1756)[GMUsbServiceBase.cpp/playStatusUpdated] --- leave 
01-01 00:58:53.640 D/usbservice(   67): <tid:387>(line:1949)[GMUsbDevicePlayer.cpp/playStatusUpdated] --- leave 
01-01 00:58:53.640 D/usbservice(   67): <tid:387>(line:1727)[GMUsbDevicePlayer.cpp/playStatusChanged] playStatusChanged speed is 1000
01-01 00:58:53.644 D/usbservice(   67): <tid:387>(line:1581)[GMUsbDevicePlayer.cpp/playStatusChanged] --- leave 
01-01 00:58:54.280 D/usbservice(   67): <tid:387>(line:1581)[GMUsbDevicePlayer.cpp/playStatusChanged] +++ enter 
01-01 00:58:54.280 D/usbservice(   67): <tid:387>(line:1582)[GMUsbDevicePlayer.cpp/playStatusChanged] mask:[21], status:[0]
01-01 00:58:54.280 D/usbservice(   67): <tid:387>(line:1584)[GMUsbDevicePlayer.cpp/playStatusChanged] playStatusChanged, status.dataSourceKey = [1]
01-01 00:58:54.280 D/usbservice(   67): <tid:387>(line:1739)[GMUsbDevicePlayer.cpp/playStatusChanged] playStatusChanged position is 6540
01-01 00:58:54.280 D/usbservice(   67): <tid:387>(line:2016)[GMUsbDevicePlayer.cpp/positionUpdated] +++ enter 
01-01 00:58:54.280 D/usbbackup(   67): <tid:387>(line:264)[MediaBackup.cpp/updatePlayTime] +++ enter 
01-01 00:58:54.280 D/usbbackup(   67): <tid:387>(line:609)[MediaBackup.cpp/saveBackupData] +++ enter 
01-01 00:58:54.280 D/usbbackup(   67): <tid:387>(line:610)[MediaBackup.cpp/saveBackupData] key:[b_clear.USB_LASTINFO]
01-01 00:58:54.280 D/usbdatabase(   67): <tid:387>(line:291)[GMUsbDataManager.cpp/save] +++ enter 
01-01 00:58:54.280 D/usbdatabase(   67): <tid:387>(line:310)[GMUsbDataManager.cpp/save] key exist, update
01-01 00:58:54.284 D/usbdatabase(   67): <tid:387>(line:315)[GMUsbDataManager.cpp/save] save key, update key value succeed
01-01 00:58:54.284 D/usbdatabase(   67): <tid:387>(line:291)[GMUsbDataManager.cpp/save] --- leave 
01-01 00:58:54.284 D/usbbackup(   67): <tid:387>(line:609)[MediaBackup.cpp/saveBackupData] --- leave 
01-01 00:58:54.284 D/usbbackup(   67): <tid:387>(line:264)[MediaBackup.cpp/updatePlayTime] --- leave 
01-01 00:58:54.284 D/usbservice(   67): <tid:387>(line:1769)[GMUsbServiceBase.cpp/positionUpdated] msec = [6540]
01-01 00:58:54.284 D/usbservice(   67): <tid:387>(line:1499)[GMUsbServiceBase.cpp/notifyPositionUpdated] +++ enter 
01-01 00:58:54.284 D/usbservice(   65): <tid:217>(line:607)[GMUsbProxy.cpp/onAsyncResponse] code offset = [33]
01-01 00:58:54.288 D/usbservice(   67): <tid:387>(line:1499)[GMUsbServiceBase.cpp/notifyPositionUpdated] --- leave 
01-01 00:58:54.288 D/usbservice(   67): <tid:387>(line:2016)[GMUsbDevicePlayer.cpp/positionUpdated] --- leave 
01-01 00:58:54.288 D/usbservice(   67): <tid:387>(line:1581)[GMUsbDevicePlayer.cpp/playStatusChanged] --- leave 
01-01 00:58:55.080 D/usbservice(   67): <tid:387>(line:1581)[GMUsbDevicePlayer.cpp/playStatusChanged] +++ enter 
01-01 00:58:55.080 D/usbservice(   67): <tid:387>(line:1582)[GMUsbDevicePlayer.cpp/playStatusChanged] mask:[21], status:[0]
01-01 00:58:55.080 D/usbservice(   67): <tid:387>(line:1584)[GMUsbDevicePlayer.cpp/playStatusChanged] playStatusChanged, status.dataSourceKey = [1]
01-01 00:58:55.080 D/usbservice(   67): <tid:387>(line:1739)[GMUsbDevicePlayer.cpp/playStatusChanged] playStatusChanged position is 7399
01-01 00:58:55.080 D/usbservice(   67): <tid:387>(line:2016)[GMUsbDevicePlayer.cpp/positionUpdated] +++ enter 
01-01 00:58:55.080 D/usbbackup(   67): <tid:387>(line:264)[MediaBackup.cpp/updatePlayTime] +++ enter 
01-01 00:58:55.080 D/usbbackup(   67): <tid:387>(line:609)[MediaBackup.cpp/saveBackupData] +++ enter 
01-01 00:58:55.080 D/usbbackup(   67): <tid:387>(line:610)[MediaBackup.cpp/saveBackupData] key:[b_clear.USB_LASTINFO]
01-01 00:58:55.080 D/usbdatabase(   67): <tid:387>(line:291)[GMUsbDataManager.cpp/save] +++ enter 
01-01 00:58:55.080 D/usbdatabase(   67): <tid:387>(line:310)[GMUsbDataManager.cpp/save] key exist, update
01-01 00:58:55.084 D/usbdatabase(   67): <tid:387>(line:315)[GMUsbDataManager.cpp/save] save key, update key value succeed
01-01 00:58:55.084 D/usbdatabase(   67): <tid:387>(line:291)[GMUsbDataManager.cpp/save] --- leave 
01-01 00:58:55.084 D/usbbackup(   67): <tid:387>(line:609)[MediaBackup.cpp/saveBackupData] --- leave 
01-01 00:58:55.084 D/usbbackup(   67): <tid:387>(line:264)[MediaBackup.cpp/updatePlayTime] --- leave 
01-01 00:58:55.084 D/usbservice(   67): <tid:387>(line:1769)[GMUsbServiceBase.cpp/positionUpdated] msec = [7399]
01-01 00:58:55.084 D/usbservice(   67): <tid:387>(line:1499)[GMUsbServiceBase.cpp/notifyPositionUpdated] +++ enter 
01-01 00:58:55.084 D/usbservice(   65): <tid:219>(line:607)[GMUsbProxy.cpp/onAsyncResponse] code offset = [33]
01-01 00:58:55.088 D/usbservice(   67): <tid:387>(line:1499)[GMUsbServiceBase.cpp/notifyPositionUpdated] --- leave 
01-01 00:58:55.088 D/usbservice(   67): <tid:387>(line:2016)[GMUsbDevicePlayer.cpp/positionUpdated] --- leave 
01-01 00:58:55.088 D/usbservice(   67): <tid:387>(line:1581)[GMUsbDevicePlayer.cpp/playStatusChanged] --- leave 
01-01 00:58:56.076 D/usbservice(   67): <tid:387>(line:1581)[GMUsbDevicePlayer.cpp/playStatusChanged] +++ enter 
01-01 00:58:56.076 D/usbservice(   67): <tid:387>(line:1582)[GMUsbDevicePlayer.cpp/playStatusChanged] mask:[21], status:[0]
01-01 00:58:56.076 D/usbservice(   67): <tid:387>(line:1584)[GMUsbDevicePlayer.cpp/playStatusChanged] playStatusChanged, status.dataSourceKey = [1]
01-01 00:58:56.076 D/usbservice(   67): <tid:387>(line:1739)[GMUsbDevicePlayer.cpp/playStatusChanged] playStatusChanged position is 8408
01-01 00:58:56.076 D/usbservice(   67): <tid:387>(line:2016)[GMUsbDevicePlayer.cpp/positionUpdated] +++ enter 
01-01 00:58:56.076 D/usbbackup(   67): <tid:387>(line:264)[MediaBackup.cpp/updatePlayTime] +++ enter 
01-01 00:58:56.080 D/usbbackup(   67): <tid:387>(line:609)[MediaBackup.cpp/saveBackupData] +++ enter 
01-01 00:58:56.080 D/usbbackup(   67): <tid:387>(line:610)[MediaBackup.cpp/saveBackupData] key:[b_clear.USB_LASTINFO]
01-01 00:58:56.080 D/usbdatabase(   67): <tid:387>(line:291)[GMUsbDataManager.cpp/save] +++ enter 
01-01 00:58:56.080 D/usbdatabase(   67): <tid:387>(line:310)[GMUsbDataManager.cpp/save] key exist, update
01-01 00:58:56.084 D/usbdatabase(   67): <tid:387>(line:315)[GMUsbDataManager.cpp/save] save key, update key value succeed
01-01 00:58:56.084 D/usbdatabase(   67): <tid:387>(line:291)[GMUsbDataManager.cpp/save] --- leave 
01-01 00:58:56.084 D/usbbackup(   67): <tid:387>(line:609)[MediaBackup.cpp/saveBackupData] --- leave 
01-01 00:58:56.084 D/usbbackup(   67): <tid:387>(line:264)[MediaBackup.cpp/updatePlayTime] --- leave 
01-01 00:58:56.084 D/usbservice(   67): <tid:387>(line:1769)[GMUsbServiceBase.cpp/positionUpdated] msec = [8408]
01-01 00:58:56.084 D/usbservice(   67): <tid:387>(line:1499)[GMUsbServiceBase.cpp/notifyPositionUpdated] +++ enter 
01-01 00:58:56.084 D/usbservice(   65): <tid:217>(line:607)[GMUsbProxy.cpp/onAsyncResponse] code offset = [33]
01-01 00:58:56.088 D/usbservice(   67): <tid:387>(line:1499)[GMUsbServiceBase.cpp/notifyPositionUpdated] --- leave 
01-01 00:58:56.088 D/usbservice(   67): <tid:387>(line:2016)[GMUsbDevicePlayer.cpp/positionUpdated] --- leave 
01-01 00:58:56.088 D/usbservice(   67): <tid:387>(line:1581)[GMUsbDevicePlayer.cpp/playStatusChanged] --- leave 
01-01 00:58:57.080 D/usbservice(   67): <tid:387>(line:1581)[GMUsbDevicePlayer.cpp/playStatusChanged] +++ enter 
01-01 00:58:57.080 D/usbservice(   67): <tid:387>(line:1582)[GMUsbDevicePlayer.cpp/playStatusChanged] mask:[21], status:[0]
01-01 00:58:57.080 D/usbservice(   67): <tid:387>(line:1584)[GMUsbDevicePlayer.cpp/playStatusChanged] playStatusChanged, status.dataSourceKey = [1]
01-01 00:58:57.080 D/usbservice(   67): <tid:387>(line:1739)[GMUsbDevicePlayer.cpp/playStatusChanged] playStatusChanged position is 9401
01-01 00:58:57.080 D/usbservice(   67): <tid:387>(line:2016)[GMUsbDevicePlayer.cpp/positionUpdated] +++ enter 
01-01 00:58:57.080 D/usbbackup(   67): <tid:387>(line:264)[MediaBackup.cpp/updatePlayTime] +++ enter 
01-01 00:58:57.084 D/usbbackup(   67): <tid:387>(line:609)[MediaBackup.cpp/saveBackupData] +++ enter 
01-01 00:58:57.084 D/usbbackup(   67): <tid:387>(line:610)[MediaBackup.cpp/saveBackupData] key:[b_clear.USB_LASTINFO]
01-01 00:58:57.084 D/usbdatabase(   67): <tid:387>(line:291)[GMUsbDataManager.cpp/save] +++ enter 
01-01 00:58:57.084 D/usbdatabase(   67): <tid:387>(line:310)[GMUsbDataManager.cpp/save] key exist, update
01-01 00:58:57.088 D/usbdatabase(   67): <tid:387>(line:315)[GMUsbDataManager.cpp/save] save key, update key value succeed
01-01 00:58:57.088 D/usbdatabase(   67): <tid:387>(line:291)[GMUsbDataManager.cpp/save] --- leave 
01-01 00:58:57.088 D/usbbackup(   67): <tid:387>(line:609)[MediaBackup.cpp/saveBackupData] --- leave 
01-01 00:58:57.088 D/usbbackup(   67): <tid:387>(line:264)[MediaBackup.cpp/updatePlayTime] --- leave 
01-01 00:58:57.088 D/usbservice(   67): <tid:387>(line:1769)[GMUsbServiceBase.cpp/positionUpdated] msec = [9401]
01-01 00:58:57.088 D/usbservice(   67): <tid:387>(line:1499)[GMUsbServiceBase.cpp/notifyPositionUpdated] +++ enter 
01-01 00:58:57.088 D/usbservice(   65): <tid:217>(line:607)[GMUsbProxy.cpp/onAsyncResponse] code offset = [33]
01-01 00:58:57.092 D/usbservice(   67): <tid:387>(line:1499)[GMUsbServiceBase.cpp/notifyPositionUpdated] --- leave 
01-01 00:58:57.092 D/usbservice(   67): <tid:387>(line:2016)[GMUsbDevicePlayer.cpp/positionUpdated] --- leave 
01-01 00:58:57.092 D/usbservice(   67): <tid:387>(line:1581)[GMUsbDevicePlayer.cpp/playStatusChanged] --- leave 
01-01 00:58:58.080 D/usbservice(   67): <tid:387>(line:1581)[GMUsbDevicePlayer.cpp/playStatusChanged] +++ enter 
01-01 00:58:58.080 D/usbservice(   67): <tid:387>(line:1582)[GMUsbDevicePlayer.cpp/playStatusChanged] mask:[21], status:[0]
01-01 00:58:58.080 D/usbservice(   67): <tid:387>(line:1584)[GMUsbDevicePlayer.cpp/playStatusChanged] playStatusChanged, status.dataSourceKey = [1]
01-01 00:58:58.080 D/usbservice(   67): <tid:387>(line:1739)[GMUsbDevicePlayer.cpp/playStatusChanged] playStatusChanged position is 10408
01-01 00:58:58.080 D/usbservice(   67): <tid:387>(line:2016)[GMUsbDevicePlayer.cpp/positionUpdated] +++ enter 
01-01 00:58:58.080 D/usbbackup(   67): <tid:387>(line:264)[MediaBackup.cpp/updatePlayTime] +++ enter 
01-01 00:58:58.080 D/usbbackup(   67): <tid:387>(line:609)[MediaBackup.cpp/saveBackupData] +++ enter 
01-01 00:58:58.080 D/usbbackup(   67): <tid:387>(line:610)[MediaBackup.cpp/saveBackupData] key:[b_clear.USB_LASTINFO]
01-01 00:58:58.080 D/usbdatabase(   67): <tid:387>(line:291)[GMUsbDataManager.cpp/save] +++ enter 
01-01 00:58:58.084 D/usbdatabase(   67): <tid:387>(line:310)[GMUsbDataManager.cpp/save] key exist, update
01-01 00:58:58.096 D/usbdatabase(   67): <tid:387>(line:315)[GMUsbDataManager.cpp/save] save key, update key value succeed
01-01 00:58:58.096 D/usbdatabase(   67): <tid:387>(line:291)[GMUsbDataManager.cpp/save] --- leave 
01-01 00:58:58.096 D/usbbackup(   67): <tid:387>(line:609)[MediaBackup.cpp/saveBackupData] --- leave 
01-01 00:58:58.096 D/usbbackup(   67): <tid:387>(line:264)[MediaBackup.cpp/updatePlayTime] --- leave 
01-01 00:58:58.096 D/usbservice(   67): <tid:387>(line:1769)[GMUsbServiceBase.cpp/positionUpdated] msec = [10408]
01-01 00:58:58.096 D/usbservice(   67): <tid:387>(line:1499)[GMUsbServiceBase.cpp/notifyPositionUpdated] +++ enter 
01-01 00:58:58.096 D/usbservice(   65): <tid:219>(line:607)[GMUsbProxy.cpp/onAsyncResponse] code offset = [33]
01-01 00:58:58.096 D/usbservice(   67): <tid:387>(line:1499)[GMUsbServiceBase.cpp/notifyPositionUpdated] --- leave 
01-01 00:58:58.096 D/usbservice(   67): <tid:387>(line:2016)[GMUsbDevicePlayer.cpp/positionUpdated] --- leave 
01-01 00:58:58.096 D/usbservice(   67): <tid:387>(line:1581)[GMUsbDevicePlayer.cpp/playStatusChanged] --- leave 
01-01 00:58:59.084 D/usbservice(   67): <tid:387>(line:1581)[GMUsbDevicePlayer.cpp/playStatusChanged] +++ enter 
01-01 00:58:59.084 D/usbservice(   67): <tid:387>(line:1582)[GMUsbDevicePlayer.cpp/playStatusChanged] mask:[21], status:[0]
01-01 00:58:59.084 D/usbservice(   67): <tid:387>(line:1584)[GMUsbDevicePlayer.cpp/playStatusChanged] playStatusChanged, status.dataSourceKey = [1]
01-01 00:58:59.084 D/usbservice(   67): <tid:387>(line:1739)[GMUsbDevicePlayer.cpp/playStatusChanged] playStatusChanged position is 11393
01-01 00:58:59.084 D/usbservice(   67): <tid:387>(line:2016)[GMUsbDevicePlayer.cpp/positionUpdated] +++ enter 
01-01 00:58:59.084 D/usbbackup(   67): <tid:387>(line:264)[MediaBackup.cpp/updatePlayTime] +++ enter 
01-01 00:58:59.084 D/usbbackup(   67): <tid:387>(line:609)[MediaBackup.cpp/saveBackupData] +++ enter 
01-01 00:58:59.084 D/usbbackup(   67): <tid:387>(line:610)[MediaBackup.cpp/saveBackupData] key:[b_clear.USB_LASTINFO]
01-01 00:58:59.084 D/usbdatabase(   67): <tid:387>(line:291)[GMUsbDataManager.cpp/save] +++ enter 
01-01 00:58:59.084 D/usbdatabase(   67): <tid:387>(line:310)[GMUsbDataManager.cpp/save] key exist, update
01-01 00:58:59.092 D/usbdatabase(   67): <tid:387>(line:315)[GMUsbDataManager.cpp/save] save key, update key value succeed
01-01 00:58:59.092 D/usbdatabase(   67): <tid:387>(line:291)[GMUsbDataManager.cpp/save] --- leave 
01-01 00:58:59.092 D/usbbackup(   67): <tid:387>(line:609)[MediaBackup.cpp/saveBackupData] --- leave 
01-01 00:58:59.092 D/usbbackup(   67): <tid:387>(line:264)[MediaBackup.cpp/updatePlayTime] --- leave 
01-01 00:58:59.092 D/usbservice(   67): <tid:387>(line:1769)[GMUsbServiceBase.cpp/positionUpdated] msec = [11393]
01-01 00:58:59.092 D/usbservice(   67): <tid:387>(line:1499)[GMUsbServiceBase.cpp/notifyPositionUpdated] +++ enter 
01-01 00:58:59.092 D/usbservice(   65): <tid:217>(line:607)[GMUsbProxy.cpp/onAsyncResponse] code offset = [33]
01-01 00:58:59.092 D/usbservice(   67): <tid:387>(line:1499)[GMUsbServiceBase.cpp/notifyPositionUpdated] --- leave 
01-01 00:58:59.092 D/usbservice(   67): <tid:387>(line:2016)[GMUsbDevicePlayer.cpp/positionUpdated] --- leave 
01-01 00:58:59.092 D/usbservice(   67): <tid:387>(line:1581)[GMUsbDevicePlayer.cpp/playStatusChanged] --- leave 
01-01 00:58:59.628 D/usbservice(   65): <tid:234>(line:213)[GMUsbProxy.cpp/pause] +++ enter 
01-01 00:58:59.628 D/usbservice(   67): <tid:213>(line:131)[GMUsbServiceBase.cpp/onAsyncRequest] SenderId = [2], codeOffset = [9]
01-01 00:58:59.628 D/usbservice(   67): <tid:296>(line:1275)[GMUsbServiceBase.cpp/replyPause] +++ enter 
01-01 00:58:59.628 D/usbservice(   65): <tid:219>(line:607)[GMUsbProxy.cpp/onAsyncResponse] code offset = [9]
01-01 00:58:59.632 D/usbservice(   67): <tid:296>(line:1275)[GMUsbServiceBase.cpp/replyPause] --- leave 
01-01 00:58:59.632 D/usbservice(   67): <tid:296>(line:625)[GMUsbDevicePlayer.cpp/postPause] +++ enter 
01-01 00:58:59.632 D/usbservice(   67): <tid:296>(line:625)[GMUsbDevicePlayer.cpp/postPause] --- leave 
01-01 00:58:59.632 D/usbservice(   67): <tid:387>(line:1464)[GMUsbDevicePlayer.cpp/pause] +++ enter 
01-01 00:58:59.632 D/usbservice(   65): <tid:234>(line:213)[GMUsbProxy.cpp/pause] --- leave 
01-01 00:58:59.640 D/usbservice(   67): <tid:387>(line:1464)[GMUsbDevicePlayer.cpp/pause] --- leave 
01-01 00:58:59.640 D/usbservice(   67): <tid:387>(line:1581)[GMUsbDevicePlayer.cpp/playStatusChanged] +++ enter 
01-01 00:58:59.640 D/usbservice(   67): <tid:387>(line:1582)[GMUsbDevicePlayer.cpp/playStatusChanged] mask:[21], status:[0]
01-01 00:58:59.640 D/usbservice(   67): <tid:387>(line:1584)[GMUsbDevicePlayer.cpp/playStatusChanged] playStatusChanged, status.dataSourceKey = [1]
01-01 00:58:59.640 D/usbservice(   67): <tid:387>(line:1739)[GMUsbDevicePlayer.cpp/playStatusChanged] playStatusChanged position is 11947
01-01 00:58:59.640 D/usbservice(   67): <tid:387>(line:2016)[GMUsbDevicePlayer.cpp/positionUpdated] +++ enter 
01-01 00:58:59.640 D/usbbackup(   67): <tid:387>(line:264)[MediaBackup.cpp/updatePlayTime] +++ enter 
01-01 00:58:59.640 D/usbbackup(   67): <tid:387>(line:609)[MediaBackup.cpp/saveBackupData] +++ enter 
01-01 00:58:59.640 D/usbbackup(   67): <tid:387>(line:610)[MediaBackup.cpp/saveBackupData] key:[b_clear.USB_LASTINFO]
01-01 00:58:59.640 D/usbdatabase(   67): <tid:387>(line:291)[GMUsbDataManager.cpp/save] +++ enter 
01-01 00:58:59.644 D/usbdatabase(   67): <tid:387>(line:310)[GMUsbDataManager.cpp/save] key exist, update
01-01 00:58:59.648 D/usbdatabase(   67): <tid:387>(line:315)[GMUsbDataManager.cpp/save] save key, update key value succeed
01-01 00:58:59.648 D/usbdatabase(   67): <tid:387>(line:291)[GMUsbDataManager.cpp/save] --- leave 
01-01 00:58:59.648 D/usbbackup(   67): <tid:387>(line:609)[MediaBackup.cpp/saveBackupData] --- leave 
01-01 00:58:59.648 D/usbbackup(   67): <tid:387>(line:264)[MediaBackup.cpp/updatePlayTime] --- leave 
01-01 00:58:59.648 D/usbservice(   67): <tid:387>(line:1769)[GMUsbServiceBase.cpp/positionUpdated] msec = [11947]
01-01 00:58:59.648 D/usbservice(   67): <tid:387>(line:1499)[GMUsbServiceBase.cpp/notifyPositionUpdated] +++ enter 
01-01 00:58:59.648 D/usbservice(   65): <tid:217>(line:607)[GMUsbProxy.cpp/onAsyncResponse] code offset = [33]
01-01 00:58:59.648 D/usbservice(   67): <tid:387>(line:1499)[GMUsbServiceBase.cpp/notifyPositionUpdated] --- leave 
01-01 00:58:59.648 D/usbservice(   67): <tid:387>(line:2016)[GMUsbDevicePlayer.cpp/positionUpdated] --- leave 
01-01 00:58:59.648 D/usbservice(   67): <tid:387>(line:1581)[GMUsbDevicePlayer.cpp/playStatusChanged] --- leave 
01-01 00:58:59.680 D/usbservice(   67): <tid:387>(line:1581)[GMUsbDevicePlayer.cpp/playStatusChanged] +++ enter 
01-01 00:58:59.680 D/usbservice(   67): <tid:387>(line:1582)[GMUsbDevicePlayer.cpp/playStatusChanged] mask:[7], status:[2]
01-01 00:58:59.680 D/usbservice(   67): <tid:387>(line:1584)[GMUsbDevicePlayer.cpp/playStatusChanged] playStatusChanged, status.dataSourceKey = [1]
01-01 00:58:59.680 D/usbservice(   67): <tid:387>(line:1949)[GMUsbDevicePlayer.cpp/playStatusUpdated] +++ enter 
01-01 00:58:59.680 D/usbservice(   67): <tid:387>(line:1971)[GMUsbDevicePlayer.cpp/playStatusUpdated] playStatusChanged, state is paused
01-01 00:58:59.680 D/usbservice(   67): <tid:387>(line:1756)[GMUsbServiceBase.cpp/playStatusUpdated] +++ enter 
01-01 00:58:59.680 D/usbservice(   67): <tid:387>(line:1550)[GMUsbServiceBase.cpp/notifyPlayStatusUpdated] +++ enter 
01-01 00:58:59.684 D/usbservice(   65): <tid:219>(line:607)[GMUsbProxy.cpp/onAsyncResponse] code offset = [37]
01-01 00:58:59.684 D/usbservice(   67): <tid:387>(line:1550)[GMUsbServiceBase.cpp/notifyPlayStatusUpdated] --- leave 
01-01 00:58:59.684 D/usbservice(   67): <tid:387>(line:1756)[GMUsbServiceBase.cpp/playStatusUpdated] --- leave 
01-01 00:58:59.684 D/usbservice(   67): <tid:387>(line:1949)[GMUsbDevicePlayer.cpp/playStatusUpdated] --- leave 
01-01 00:58:59.684 D/usbservice(   67): <tid:387>(line:1727)[GMUsbDevicePlayer.cpp/playStatusChanged] playStatusChanged speed is 0
01-01 00:58:59.684 D/usbservice(   67): <tid:387>(line:1581)[GMUsbDevicePlayer.cpp/playStatusChanged] --- leave 
========================c paly   layde  ed form   m 5s to 10s ==================================
=======================then click stp op bt utton ===============================


===========================click ont  ter  her source ============================
==========================fend    end no response in useb  b source==================





==============================qi  click usb source button=====================
=============================no reso pn ion   onse in useb  b sourc ,but recover be  original po icthre   ure=============





=============================click mv button==================================
01-01 01:03:07.596 D/usbservice(   65): <tid:234>(line:94)[GMUsbProxy.cpp/switchPlayMode] +++ enter 
01-01 01:03:07.596 D/usbservice(   67): <tid:215>(line:131)[GMUsbServiceBase.cpp/onAsyncRequest] SenderId = [2], codeOffset = [3]
01-01 01:03:07.596 D/usbservice(   67): <tid:296>(line:1198)[GMUsbServiceBase.cpp/replySwitchPlayMode] +++ enter 
01-01 01:03:07.596 D/usbservice(   65): <tid:219>(line:607)[GMUsbProxy.cpp/onAsyncResponse] code offset = [3]
01-01 01:03:07.600 D/usbservice(   67): <tid:296>(line:1198)[GMUsbServiceBase.cpp/replySwitchPlayMode] --- leave 
01-01 01:03:07.600 D/usbservice(   67): <tid:296>(line:708)[GMUsbServiceBase.cpp/switchPlayMode] switchPlayMode, 1
01-01 01:03:07.600 D/usbservice(   67): <tid:296>(line:603)[GMUsbDevicePlayer.cpp/postSwitchPlayMode] +++ enter 
01-01 01:03:07.600 D/usbservice(   67): <tid:296>(line:603)[GMUsbDevicePlayer.cpp/postSwitchPlayMode] --- leave 
01-01 01:03:07.600 D/usbservice(   67): <tid:387>(line:1164)[GMUsbDevicePlayer.cpp/switchPlayMode] +++ enter 
01-01 01:03:07.600 D/usbservice(   67): <tid:387>(line:1165)[GMUsbDevicePlayer.cpp/switchPlayMode] mode = [1]
01-01 01:03:07.600 D/usbservice(   67): <tid:387>(line:2217)[GMUsbDevicePlayer.cpp/restorePlay] +++ enter 
01-01 01:03:07.600 D/usbbackup(   67): <tid:387>(line:628)[MediaBackup.cpp/printBackupData] +++ enter 
01-01 01:03:07.600 D/usbbackup(   67): <tid:387>(line:631)[MediaBackup.cpp/printBackupData] BACKUP DATA | check byte  | 0
01-01 01:03:07.600 D/usbbackup(   67): <tid:387>(line:633)[MediaBackup.cpp/printBackupData] BACKUP DATA | pId         | 12341234BE0DEE3A
01-01 01:03:07.600 D/usbbackup(   67): <tid:387>(line:636)[MediaBackup.cpp/printBackupData] BACKUP DATA | vId         | 1234BE0DEE3A
01-01 01:03:07.600 D/usbbackup(   67): <tid:387>(line:639)[MediaBackup.cpp/printBackupData] BACKUP DATA | serial No.  | BE0DEE3A
01-01 01:03:07.600 D/usbbackup(   67): <tid:387>(line:642)[MediaBackup.cpp/printBackupData] BACKUP DATA | DB version  | 257
01-01 01:03:07.600 D/usbbackup(   67): <tid:387>(line:645)[MediaBackup.cpp/printBackupData] BACKUP DATA | av mode     | 0
01-01 01:03:07.600 D/usbbackup(   67): <tid:387>(line:648)[MediaBackup.cpp/printBackupData] BACKUP DATA | keep flag   | 0
01-01 01:03:07.600 D/usbbackup(   67): <tid:387>(line:651)[MediaBackup.cpp/printBackupData] BACKUP DATA | audio fid   | 1
01-01 01:03:07.600 D/usbbackup(   67): <tid:387>(line:654)[MediaBackup.cpp/printBackupData] BACKUP DATA | audio index | 1
01-01 01:03:07.600 D/usbbackup(   67): <tid:387>(line:657)[MediaBackup.cpp/printBackupData] BACKUP DATA | audio time  | 11947
01-01 01:03:07.600 D/usbbackup(   67): <tid:387>(line:660)[MediaBackup.cpp/printBackupData] BACKUP DATA | audio rptMd | 4
01-01 01:03:07.600 D/usbbackup(   67): <tid:387>(line:663)[MediaBackup.cpp/printBackupData] BACKUP DATA | audio rndMd | 3
01-01 01:03:07.600 D/usbbackup(   67): <tid:387>(line:666)[MediaBackup.cpp/printBackupData] BACKUP DATA | audio tpmMd | 3
01-01 01:03:07.600 D/usbbackup(   67): <tid:387>(line:669)[MediaBackup.cpp/printBackupData] BACKUP DATA | video fid   | 0
01-01 01:03:07.600 D/usbbackup(   67): <tid:387>(line:672)[MediaBackup.cpp/printBackupData] BACKUP DATA | video index | 0
01-01 01:03:07.600 D/usbbackup(   67): <tid:387>(line:675)[MediaBackup.cpp/printBackupData] BACKUP DATA | video time  | 0
01-01 01:03:07.600 D/usbbackup(   67): <tid:387>(line:678)[MediaBackup.cpp/printBackupData] BACKUP DATA | video rptMd | 0
01-01 01:03:07.600 D/usbbackup(   67): <tid:387>(line:681)[MediaBackup.cpp/printBackupData] BACKUP DATA | video rntMd | 0
01-01 01:03:07.600 D/usbbackup(   67): <tid:387>(line:684)[MediaBackup.cpp/printBackupData] BACKUP DATA | video tpmMd | 0
